15:40:45 **** Clean-only build of configuration Debug for project blinky ****
make clean 
rm -rf  ./startup/cr_startup_lpc11.o  ./src/blinky_main.o  ./driver/adc.o ./driver/can.o ./driver/clkconfig.o ./driver/crp.o ./driver/debug_printf.o ./driver/gpio.o ./driver/i2c.o ./driver/i2cslave.o ./driver/lpc_swu.o ./driver/rs485.o ./driver/small_gpio.o ./driver/ssp.o ./driver/timer16.o ./driver/timer32.o ./driver/uart.o ./driver/wdt.o  ./cmsis/core_cm0.o ./cmsis/system_LPC11xx.o  ./startup/cr_startup_lpc11.d  ./src/blinky_main.d  ./driver/adc.d ./driver/can.d ./driver/clkconfig.d ./driver/crp.d ./driver/debug_printf.d ./driver/gpio.d ./driver/i2c.d ./driver/i2cslave.d ./driver/lpc_swu.d ./driver/rs485.d ./driver/small_gpio.d ./driver/ssp.d ./driver/timer16.d ./driver/timer32.d ./driver/uart.d ./driver/wdt.d  ./cmsis/core_cm0.d ./cmsis/system_LPC11xx.d  blinky.axf
 
15:42:37 **** Build of configuration Debug for project blinky ****
make all 
Building file: ../startup/cr_startup_lpc11.c
Invoking: MCU C Compiler
arm-none-eabi-gcc -D__REDLIB__ -D__USE_CMSIS -DDEBUG -D__CODE_RED -I../cmsis -I../config -I../driver -O0 -g3 -Wall -c -fmessage-length=0 -fno-builtin -ffunction-sections -fdata-sections -mcpu=cortex-m0 -mthumb -MMD -MP -MF"startup/cr_startup_lpc11.d" -MT"startup/cr_startup_lpc11.d" -o "startup/cr_startup_lpc11.o" "../startup/cr_startup_lpc11.c"
Finished building: ../startup/cr_startup_lpc11.c
 
Building file: ../src/blinky_main.c
Invoking: MCU C Compiler
arm-none-eabi-gcc -D__REDLIB__ -D__USE_CMSIS -DDEBUG -D__CODE_RED -I../cmsis -I../config -I../driver -O0 -g3 -Wall -c -fmessage-length=0 -fno-builtin -ffunction-sections -fdata-sections -mcpu=cortex-m0 -mthumb -MMD -MP -MF"src/blinky_main.d" -MT"src/blinky_main.d" -o "src/blinky_main.o" "../src/blinky_main.c"
Finished building: ../src/blinky_main.c
 
Building file: ../driver/adc.c
Invoking: MCU C Compiler
arm-none-eabi-gcc -D__REDLIB__ -D__USE_CMSIS -DDEBUG -D__CODE_RED -I../cmsis -I../config -I../driver -O0 -g3 -Wall -c -fmessage-length=0 -fno-builtin -ffunction-sections -fdata-sections -mcpu=cortex-m0 -mthumb -MMD -MP -MF"driver/adc.d" -MT"driver/adc.d" -o "driver/adc.o" "../driver/adc.c"
Finished building: ../driver/adc.c
 
Building file: ../driver/can.c
Invoking: MCU C Compiler
arm-none-eabi-gcc -D__REDLIB__ -D__USE_CMSIS -DDEBUG -D__CODE_RED -I../cmsis -I../config -I../driver -O0 -g3 -Wall -c -fmessage-length=0 -fno-builtin -ffunction-sections -fdata-sections -mcpu=cortex-m0 -mthumb -MMD -MP -MF"driver/can.d" -MT"driver/can.d" -o "driver/can.o" "../driver/can.c"
Finished building: ../driver/can.c
 
Building file: ../driver/clkconfig.c
Invoking: MCU C Compiler
arm-none-eabi-gcc -D__REDLIB__ -D__USE_CMSIS -DDEBUG -D__CODE_RED -I../cmsis -I../config -I../driver -O0 -g3 -Wall -c -fmessage-length=0 -fno-builtin -ffunction-sections -fdata-sections -mcpu=cortex-m0 -mthumb -MMD -MP -MF"driver/clkconfig.d" -MT"driver/clkconfig.d" -o "driver/clkconfig.o" "../driver/clkconfig.c"
Finished building: ../driver/clkconfig.c
 
Building file: ../driver/crp.c
Invoking: MCU C Compiler
arm-none-eabi-gcc -D__REDLIB__ -D__USE_CMSIS -DDEBUG -D__CODE_RED -I../cmsis -I../config -I../driver -O0 -g3 -Wall -c -fmessage-length=0 -fno-builtin -ffunction-sections -fdata-sections -mcpu=cortex-m0 -mthumb -MMD -MP -MF"driver/crp.d" -MT"driver/crp.d" -o "driver/crp.o" "../driver/crp.c"
Finished building: ../driver/crp.c
 
Building file: ../driver/debug_printf.c
Invoking: MCU C Compiler
arm-none-eabi-gcc -D__REDLIB__ -D__USE_CMSIS -DDEBUG -D__CODE_RED -I../cmsis -I../config -I../driver -O0 -g3 -Wall -c -fmessage-length=0 -fno-builtin -ffunction-sections -fdata-sections -mcpu=cortex-m0 -mthumb -MMD -MP -MF"driver/debug_printf.d" -MT"driver/debug_printf.d" -o "driver/debug_printf.o" "../driver/debug_printf.c"
Finished building: ../driver/debug_printf.c
 
Building file: ../driver/gpio.c
Invoking: MCU C Compiler
arm-none-eabi-gcc -D__REDLIB__ -D__USE_CMSIS -DDEBUG -D__CODE_RED -I../cmsis -I../config -I../driver -O0 -g3 -Wall -c -fmessage-length=0 -fno-builtin -ffunction-sections -fdata-sections -mcpu=cortex-m0 -mthumb -MMD -MP -MF"driver/gpio.d" -MT"driver/gpio.d" -o "driver/gpio.o" "../driver/gpio.c"
Finished building: ../driver/gpio.c
 
Building file: ../driver/i2c.c
Invoking: MCU C Compiler
arm-none-eabi-gcc -D__REDLIB__ -D__USE_CMSIS -DDEBUG -D__CODE_RED -I../cmsis -I../config -I../driver -O0 -g3 -Wall -c -fmessage-length=0 -fno-builtin -ffunction-sections -fdata-sections -mcpu=cortex-m0 -mthumb -MMD -MP -MF"driver/i2c.d" -MT"driver/i2c.d" -o "driver/i2c.o" "../driver/i2c.c"
Finished building: ../driver/i2c.c
 
Building file: ../driver/i2cslave.c
Invoking: MCU C Compiler
arm-none-eabi-gcc -D__REDLIB__ -D__USE_CMSIS -DDEBUG -D__CODE_RED -I../cmsis -I../config -I../driver -O0 -g3 -Wall -c -fmessage-length=0 -fno-builtin -ffunction-sections -fdata-sections -mcpu=cortex-m0 -mthumb -MMD -MP -MF"driver/i2cslave.d" -MT"driver/i2cslave.d" -o "driver/i2cslave.o" "../driver/i2cslave.c"
Finished building: ../driver/i2cslave.c
 
Building file: ../driver/lpc_swu.c
Invoking: MCU C Compiler
arm-none-eabi-gcc -D__REDLIB__ -D__USE_CMSIS -DDEBUG -D__CODE_RED -I../cmsis -I../config -I../driver -O0 -g3 -Wall -c -fmessage-length=0 -fno-builtin -ffunction-sections -fdata-sections -mcpu=cortex-m0 -mthumb -MMD -MP -MF"driver/lpc_swu.d" -MT"driver/lpc_swu.d" -o "driver/lpc_swu.o" "../driver/lpc_swu.c"
Finished building: ../driver/lpc_swu.c
 
Building file: ../driver/rs485.c
Invoking: MCU C Compiler
arm-none-eabi-gcc -D__REDLIB__ -D__USE_CMSIS -DDEBUG -D__CODE_RED -I../cmsis -I../config -I../driver -O0 -g3 -Wall -c -fmessage-length=0 -fno-builtin -ffunction-sections -fdata-sections -mcpu=cortex-m0 -mthumb -MMD -MP -MF"driver/rs485.d" -MT"driver/rs485.d" -o "driver/rs485.o" "../driver/rs485.c"
Finished building: ../driver/rs485.c
 
Building file: ../driver/small_gpio.c
Invoking: MCU C Compiler
arm-none-eabi-gcc -D__REDLIB__ -D__USE_CMSIS -DDEBUG -D__CODE_RED -I../cmsis -I../config -I../driver -O0 -g3 -Wall -c -fmessage-length=0 -fno-builtin -ffunction-sections -fdata-sections -mcpu=cortex-m0 -mthumb -MMD -MP -MF"driver/small_gpio.d" -MT"driver/small_gpio.d" -o "driver/small_gpio.o" "../driver/small_gpio.c"
Finished building: ../driver/small_gpio.c
 
Building file: ../driver/ssp.c
Invoking: MCU C Compiler
arm-none-eabi-gcc -D__REDLIB__ -D__USE_CMSIS -DDEBUG -D__CODE_RED -I../cmsis -I../config -I../driver -O0 -g3 -Wall -c -fmessage-length=0 -fno-builtin -ffunction-sections -fdata-sections -mcpu=cortex-m0 -mthumb -MMD -MP -MF"driver/ssp.d" -MT"driver/ssp.d" -o "driver/ssp.o" "../driver/ssp.c"
Finished building: ../driver/ssp.c
 
Building file: ../driver/timer16.c
Invoking: MCU C Compiler
arm-none-eabi-gcc -D__REDLIB__ -D__USE_CMSIS -DDEBUG -D__CODE_RED -I../cmsis -I../config -I../driver -O0 -g3 -Wall -c -fmessage-length=0 -fno-builtin -ffunction-sections -fdata-sections -mcpu=cortex-m0 -mthumb -MMD -MP -MF"driver/timer16.d" -MT"driver/timer16.d" -o "driver/timer16.o" "../driver/timer16.c"
Finished building: ../driver/timer16.c
 
Building file: ../driver/timer32.c
Invoking: MCU C Compiler
arm-none-eabi-gcc -D__REDLIB__ -D__USE_CMSIS -DDEBUG -D__CODE_RED -I../cmsis -I../config -I../driver -O0 -g3 -Wall -c -fmessage-length=0 -fno-builtin -ffunction-sections -fdata-sections -mcpu=cortex-m0 -mthumb -MMD -MP -MF"driver/timer32.d" -MT"driver/timer32.d" -o "driver/timer32.o" "../driver/timer32.c"
Finished building: ../driver/timer32.c
 
Building file: ../driver/uart.c
Invoking: MCU C Compiler
arm-none-eabi-gcc -D__REDLIB__ -D__USE_CMSIS -DDEBUG -D__CODE_RED -I../cmsis -I../config -I../driver -O0 -g3 -Wall -c -fmessage-length=0 -fno-builtin -ffunction-sections -fdata-sections -mcpu=cortex-m0 -mthumb -MMD -MP -MF"driver/uart.d" -MT"driver/uart.d" -o "driver/uart.o" "../driver/uart.c"
Finished building: ../driver/uart.c
 
Building file: ../driver/wdt.c
Invoking: MCU C Compiler
arm-none-eabi-gcc -D__REDLIB__ -D__USE_CMSIS -DDEBUG -D__CODE_RED -I../cmsis -I../config -I../driver -O0 -g3 -Wall -c -fmessage-length=0 -fno-builtin -ffunction-sections -fdata-sections -mcpu=cortex-m0 -mthumb -MMD -MP -MF"driver/wdt.d" -MT"driver/wdt.d" -o "driver/wdt.o" "../driver/wdt.c"
Finished building: ../driver/wdt.c
 
Building file: ../cmsis/core_cm0.c
Invoking: MCU C Compiler
arm-none-eabi-gcc -D__REDLIB__ -D__USE_CMSIS -DDEBUG -D__CODE_RED -I../cmsis -I../config -I../driver -O0 -Os -g3 -Wall -c -fmessage-length=0 -fno-builtin -ffunction-sections -fdata-sections -mcpu=cortex-m0 -mthumb -MMD -MP -MF"cmsis/core_cm0.d" -MT"cmsis/core_cm0.d" -o "cmsis/core_cm0.o" "../cmsis/core_cm0.c"
Finished building: ../cmsis/core_cm0.c
 
Building file: ../cmsis/system_LPC11xx.c
Invoking: MCU C Compiler
arm-none-eabi-gcc -D__REDLIB__ -D__USE_CMSIS -DDEBUG -D__CODE_RED -I../cmsis -I../config -I../driver -O0 -Os -g3 -Wall -c -fmessage-length=0 -fno-builtin -ffunction-sections -fdata-sections -mcpu=cortex-m0 -mthumb -MMD -MP -MF"cmsis/system_LPC11xx.d" -MT"cmsis/system_LPC11xx.d" -o "cmsis/system_LPC11xx.o" "../cmsis/system_LPC11xx.c"
Finished building: ../cmsis/system_LPC11xx.c
 
Building target: blinky.axf
Invoking: MCU Linker
arm-none-eabi-gcc -nostdlib -Xlinker -Map=blinky.map -Xlinker --gc-sections -mcpu=cortex-m0 -mthumb -T "../linker/lpc1114_flash_crp.ld" -o "blinky.axf"  ./startup/cr_startup_lpc11.o  ./src/blinky_main.o  ./driver/adc.o ./driver/can.o ./driver/clkconfig.o ./driver/crp.o ./driver/debug_printf.o ./driver/gpio.o ./driver/i2c.o ./driver/i2cslave.o ./driver/lpc_swu.o ./driver/rs485.o ./driver/small_gpio.o ./driver/ssp.o ./driver/timer16.o ./driver/timer32.o ./driver/uart.o ./driver/wdt.o  ./cmsis/core_cm0.o ./cmsis/system_LPC11xx.o   
Finished building target: blinky.axf
 
make --no-print-directory post-build
Performing post-build steps
arm-none-eabi-size blinky.axf; arm-none-eabi-objcopy -O binary blinky.axf blinky.bin ; checksum -p LPC1114_302 -d blinky.bin;
   text	   data	    bss	    dec	    hex	filename
   2372	      4	      8	   2384	    950	blinky.axf
Created checksum 0xefffd62d at offset 0x1c in file blinky.bin 
15:43:59 **** Clean-only build of configuration Debug for project blinky ****
make clean 
rm -rf  ./startup/cr_startup_lpc11.o  ./src/blinky_main.o  ./driver/adc.o ./driver/can.o ./driver/clkconfig.o ./driver/crp.o ./driver/debug_printf.o ./driver/gpio.o ./driver/i2c.o ./driver/i2cslave.o ./driver/lpc_swu.o ./driver/rs485.o ./driver/small_gpio.o ./driver/ssp.o ./driver/timer16.o ./driver/timer32.o ./driver/uart.o ./driver/wdt.o  ./cmsis/core_cm0.o ./cmsis/system_LPC11xx.o  ./startup/cr_startup_lpc11.d  ./src/blinky_main.d  ./driver/adc.d ./driver/can.d ./driver/clkconfig.d ./driver/crp.d ./driver/debug_printf.d ./driver/gpio.d ./driver/i2c.d ./driver/i2cslave.d ./driver/lpc_swu.d ./driver/rs485.d ./driver/small_gpio.d ./driver/ssp.d ./driver/timer16.d ./driver/timer32.d ./driver/uart.d ./driver/wdt.d  ./cmsis/core_cm0.d ./cmsis/system_LPC11xx.d  blinky.axf
 
15:44:00 **** Incremental Build of configuration Debug for project blinky ****
make all 
Building file: ../startup/cr_startup_lpc11.c
Invoking: MCU C Compiler
arm-none-eabi-gcc -D__REDLIB__ -D__USE_CMSIS -DDEBUG -D__CODE_RED -I../cmsis -I../config -I../driver -O0 -g3 -Wall -c -fmessage-length=0 -fno-builtin -ffunction-sections -fdata-sections -mcpu=cortex-m0 -mthumb -MMD -MP -MF"startup/cr_startup_lpc11.d" -MT"startup/cr_startup_lpc11.d" -o "startup/cr_startup_lpc11.o" "../startup/cr_startup_lpc11.c"
Finished building: ../startup/cr_startup_lpc11.c
 
Building file: ../src/blinky_main.c
Invoking: MCU C Compiler
arm-none-eabi-gcc -D__REDLIB__ -D__USE_CMSIS -DDEBUG -D__CODE_RED -I../cmsis -I../config -I../driver -O0 -g3 -Wall -c -fmessage-length=0 -fno-builtin -ffunction-sections -fdata-sections -mcpu=cortex-m0 -mthumb -MMD -MP -MF"src/blinky_main.d" -MT"src/blinky_main.d" -o "src/blinky_main.o" "../src/blinky_main.c"
Finished building: ../src/blinky_main.c
 
Building file: ../driver/adc.c
Invoking: MCU C Compiler
arm-none-eabi-gcc -D__REDLIB__ -D__USE_CMSIS -DDEBUG -D__CODE_RED -I../cmsis -I../config -I../driver -O0 -g3 -Wall -c -fmessage-length=0 -fno-builtin -ffunction-sections -fdata-sections -mcpu=cortex-m0 -mthumb -MMD -MP -MF"driver/adc.d" -MT"driver/adc.d" -o "driver/adc.o" "../driver/adc.c"
Finished building: ../driver/adc.c
 
Building file: ../driver/can.c
Invoking: MCU C Compiler
arm-none-eabi-gcc -D__REDLIB__ -D__USE_CMSIS -DDEBUG -D__CODE_RED -I../cmsis -I../config -I../driver -O0 -g3 -Wall -c -fmessage-length=0 -fno-builtin -ffunction-sections -fdata-sections -mcpu=cortex-m0 -mthumb -MMD -MP -MF"driver/can.d" -MT"driver/can.d" -o "driver/can.o" "../driver/can.c"
Finished building: ../driver/can.c
 
Building file: ../driver/clkconfig.c
Invoking: MCU C Compiler
arm-none-eabi-gcc -D__REDLIB__ -D__USE_CMSIS -DDEBUG -D__CODE_RED -I../cmsis -I../config -I../driver -O0 -g3 -Wall -c -fmessage-length=0 -fno-builtin -ffunction-sections -fdata-sections -mcpu=cortex-m0 -mthumb -MMD -MP -MF"driver/clkconfig.d" -MT"driver/clkconfig.d" -o "driver/clkconfig.o" "../driver/clkconfig.c"
Finished building: ../driver/clkconfig.c
 
Building file: ../driver/crp.c
Invoking: MCU C Compiler
arm-none-eabi-gcc -D__REDLIB__ -D__USE_CMSIS -DDEBUG -D__CODE_RED -I../cmsis -I../config -I../driver -O0 -g3 -Wall -c -fmessage-length=0 -fno-builtin -ffunction-sections -fdata-sections -mcpu=cortex-m0 -mthumb -MMD -MP -MF"driver/crp.d" -MT"driver/crp.d" -o "driver/crp.o" "../driver/crp.c"
Finished building: ../driver/crp.c
 
Building file: ../driver/debug_printf.c
Invoking: MCU C Compiler
arm-none-eabi-gcc -D__REDLIB__ -D__USE_CMSIS -DDEBUG -D__CODE_RED -I../cmsis -I../config -I../driver -O0 -g3 -Wall -c -fmessage-length=0 -fno-builtin -ffunction-sections -fdata-sections -mcpu=cortex-m0 -mthumb -MMD -MP -MF"driver/debug_printf.d" -MT"driver/debug_printf.d" -o "driver/debug_printf.o" "../driver/debug_printf.c"
Finished building: ../driver/debug_printf.c
 
Building file: ../driver/gpio.c
Invoking: MCU C Compiler
arm-none-eabi-gcc -D__REDLIB__ -D__USE_CMSIS -DDEBUG -D__CODE_RED -I../cmsis -I../config -I../driver -O0 -g3 -Wall -c -fmessage-length=0 -fno-builtin -ffunction-sections -fdata-sections -mcpu=cortex-m0 -mthumb -MMD -MP -MF"driver/gpio.d" -MT"driver/gpio.d" -o "driver/gpio.o" "../driver/gpio.c"
Finished building: ../driver/gpio.c
 
Building file: ../driver/i2c.c
Invoking: MCU C Compiler
arm-none-eabi-gcc -D__REDLIB__ -D__USE_CMSIS -DDEBUG -D__CODE_RED -I../cmsis -I../config -I../driver -O0 -g3 -Wall -c -fmessage-length=0 -fno-builtin -ffunction-sections -fdata-sections -mcpu=cortex-m0 -mthumb -MMD -MP -MF"driver/i2c.d" -MT"driver/i2c.d" -o "driver/i2c.o" "../driver/i2c.c"
Finished building: ../driver/i2c.c
 
Building file: ../driver/i2cslave.c
Invoking: MCU C Compiler
arm-none-eabi-gcc -D__REDLIB__ -D__USE_CMSIS -DDEBUG -D__CODE_RED -I../cmsis -I../config -I../driver -O0 -g3 -Wall -c -fmessage-length=0 -fno-builtin -ffunction-sections -fdata-sections -mcpu=cortex-m0 -mthumb -MMD -MP -MF"driver/i2cslave.d" -MT"driver/i2cslave.d" -o "driver/i2cslave.o" "../driver/i2cslave.c"
Finished building: ../driver/i2cslave.c
 
Building file: ../driver/lpc_swu.c
Invoking: MCU C Compiler
arm-none-eabi-gcc -D__REDLIB__ -D__USE_CMSIS -DDEBUG -D__CODE_RED -I../cmsis -I../config -I../driver -O0 -g3 -Wall -c -fmessage-length=0 -fno-builtin -ffunction-sections -fdata-sections -mcpu=cortex-m0 -mthumb -MMD -MP -MF"driver/lpc_swu.d" -MT"driver/lpc_swu.d" -o "driver/lpc_swu.o" "../driver/lpc_swu.c"
Finished building: ../driver/lpc_swu.c
 
Building file: ../driver/rs485.c
Invoking: MCU C Compiler
arm-none-eabi-gcc -D__REDLIB__ -D__USE_CMSIS -DDEBUG -D__CODE_RED -I../cmsis -I../config -I../driver -O0 -g3 -Wall -c -fmessage-length=0 -fno-builtin -ffunction-sections -fdata-sections -mcpu=cortex-m0 -mthumb -MMD -MP -MF"driver/rs485.d" -MT"driver/rs485.d" -o "driver/rs485.o" "../driver/rs485.c"
Finished building: ../driver/rs485.c
 
Building file: ../driver/small_gpio.c
Invoking: MCU C Compiler
arm-none-eabi-gcc -D__REDLIB__ -D__USE_CMSIS -DDEBUG -D__CODE_RED -I../cmsis -I../config -I../driver -O0 -g3 -Wall -c -fmessage-length=0 -fno-builtin -ffunction-sections -fdata-sections -mcpu=cortex-m0 -mthumb -MMD -MP -MF"driver/small_gpio.d" -MT"driver/small_gpio.d" -o "driver/small_gpio.o" "../driver/small_gpio.c"
Finished building: ../driver/small_gpio.c
 
Building file: ../driver/ssp.c
Invoking: MCU C Compiler
arm-none-eabi-gcc -D__REDLIB__ -D__USE_CMSIS -DDEBUG -D__CODE_RED -I../cmsis -I../config -I../driver -O0 -g3 -Wall -c -fmessage-length=0 -fno-builtin -ffunction-sections -fdata-sections -mcpu=cortex-m0 -mthumb -MMD -MP -MF"driver/ssp.d" -MT"driver/ssp.d" -o "driver/ssp.o" "../driver/ssp.c"
Finished building: ../driver/ssp.c
 
Building file: ../driver/timer16.c
Invoking: MCU C Compiler
arm-none-eabi-gcc -D__REDLIB__ -D__USE_CMSIS -DDEBUG -D__CODE_RED -I../cmsis -I../config -I../driver -O0 -g3 -Wall -c -fmessage-length=0 -fno-builtin -ffunction-sections -fdata-sections -mcpu=cortex-m0 -mthumb -MMD -MP -MF"driver/timer16.d" -MT"driver/timer16.d" -o "driver/timer16.o" "../driver/timer16.c"
Finished building: ../driver/timer16.c
 
Building file: ../driver/timer32.c
Invoking: MCU C Compiler
arm-none-eabi-gcc -D__REDLIB__ -D__USE_CMSIS -DDEBUG -D__CODE_RED -I../cmsis -I../config -I../driver -O0 -g3 -Wall -c -fmessage-length=0 -fno-builtin -ffunction-sections -fdata-sections -mcpu=cortex-m0 -mthumb -MMD -MP -MF"driver/timer32.d" -MT"driver/timer32.d" -o "driver/timer32.o" "../driver/timer32.c"
Finished building: ../driver/timer32.c
 
Building file: ../driver/uart.c
Invoking: MCU C Compiler
arm-none-eabi-gcc -D__REDLIB__ -D__USE_CMSIS -DDEBUG -D__CODE_RED -I../cmsis -I../config -I../driver -O0 -g3 -Wall -c -fmessage-length=0 -fno-builtin -ffunction-sections -fdata-sections -mcpu=cortex-m0 -mthumb -MMD -MP -MF"driver/uart.d" -MT"driver/uart.d" -o "driver/uart.o" "../driver/uart.c"
Finished building: ../driver/uart.c
 
Building file: ../driver/wdt.c
Invoking: MCU C Compiler
arm-none-eabi-gcc -D__REDLIB__ -D__USE_CMSIS -DDEBUG -D__CODE_RED -I../cmsis -I../config -I../driver -O0 -g3 -Wall -c -fmessage-length=0 -fno-builtin -ffunction-sections -fdata-sections -mcpu=cortex-m0 -mthumb -MMD -MP -MF"driver/wdt.d" -MT"driver/wdt.d" -o "driver/wdt.o" "../driver/wdt.c"
Finished building: ../driver/wdt.c
 
Building file: ../cmsis/core_cm0.c
Invoking: MCU C Compiler
arm-none-eabi-gcc -D__REDLIB__ -D__USE_CMSIS -DDEBUG -D__CODE_RED -I../cmsis -I../config -I../driver -O0 -Os -g3 -Wall -c -fmessage-length=0 -fno-builtin -ffunction-sections -fdata-sections -mcpu=cortex-m0 -mthumb -MMD -MP -MF"cmsis/core_cm0.d" -MT"cmsis/core_cm0.d" -o "cmsis/core_cm0.o" "../cmsis/core_cm0.c"
Finished building: ../cmsis/core_cm0.c
 
Building file: ../cmsis/system_LPC11xx.c
Invoking: MCU C Compiler
arm-none-eabi-gcc -D__REDLIB__ -D__USE_CMSIS -DDEBUG -D__CODE_RED -I../cmsis -I../config -I../driver -O0 -Os -g3 -Wall -c -fmessage-length=0 -fno-builtin -ffunction-sections -fdata-sections -mcpu=cortex-m0 -mthumb -MMD -MP -MF"cmsis/system_LPC11xx.d" -MT"cmsis/system_LPC11xx.d" -o "cmsis/system_LPC11xx.o" "../cmsis/system_LPC11xx.c"
Finished building: ../cmsis/system_LPC11xx.c
 
Building target: blinky.axf
Invoking: MCU Linker
arm-none-eabi-gcc -nostdlib -Xlinker -Map=blinky.map -Xlinker --gc-sections -mcpu=cortex-m0 -mthumb -T "../linker/lpc1114_flash_crp.ld" -o "blinky.axf"  ./startup/cr_startup_lpc11.o  ./src/blinky_main.o  ./driver/adc.o ./driver/can.o ./driver/clkconfig.o ./driver/crp.o ./driver/debug_printf.o ./driver/gpio.o ./driver/i2c.o ./driver/i2cslave.o ./driver/lpc_swu.o ./driver/rs485.o ./driver/small_gpio.o ./driver/ssp.o ./driver/timer16.o ./driver/timer32.o ./driver/uart.o ./driver/wdt.o  ./cmsis/core_cm0.o ./cmsis/system_LPC11xx.o   
Finished building target: blinky.axf
 
make --no-print-directory post-build
Performing post-build steps
arm-none-eabi-size blinky.axf; arm-none-eabi-objcopy -O binary blinky.axf blinky.bin ; checksum -p LPC1115_303 -d blinky.bin;
   text	   data	    bss	    dec	    hex	filename
   2372	      4	      8	   2384	    950	blinky.axf
Created checksum 0xefffd62d at offset 0x1c in file blinky.bin 
15:55:11 **** Build of configuration Debug for project blinky ****
make all 
Building file: ../src/blinky_main.c
Invoking: MCU C Compiler
arm-none-eabi-gcc -D__REDLIB__ -D__USE_CMSIS -DDEBUG -D__CODE_RED -I../cmsis -I../config -I../driver -O0 -g3 -Wall -c -fmessage-length=0 -fno-builtin -ffunction-sections -fdata-sections -mcpu=cortex-m0 -mthumb -MMD -MP -MF"src/blinky_main.d" -MT"src/blinky_main.d" -o "src/blinky_main.o" "../src/blinky_main.c"
../src/blinky_main.c: In function 'main':
../src/blinky_main.c:99:15: error: 'PIO2_4' undeclared (first use in this function)
../src/blinky_main.c:99:15: note: each undeclared identifier is reported only once for each function it appears in
make: *** [src/blinky_main.o] Error 1
15:55:33 **** Incremental Build of configuration Debug for project blinky ****
make all 
Building file: ../src/blinky_main.c
Invoking: MCU C Compiler
arm-none-eabi-gcc -D__REDLIB__ -D__USE_CMSIS -DDEBUG -D__CODE_RED -I../cmsis -I../config -I../driver -O0 -g3 -Wall -c -fmessage-length=0 -fno-builtin -ffunction-sections -fdata-sections -mcpu=cortex-m0 -mthumb -MMD -MP -MF"src/blinky_main.d" -MT"src/blinky_main.d" -o "src/blinky_main.o" "../src/blinky_main.c"
../src/blinky_main.c: In function 'main':
../src/blinky_main.c:100:15: error: 'PIO2_4' undeclared (first use in this function)
../src/blinky_main.c:100:15: note: each undeclared identifier is reported only once for each function it appears in
make: *** [src/blinky_main.o] Error 1
15:55:51 **** Incremental Build of configuration Debug for project blinky ****
make all 
Building file: ../src/blinky_main.c
Invoking: MCU C Compiler
arm-none-eabi-gcc -D__REDLIB__ -D__USE_CMSIS -DDEBUG -D__CODE_RED -I../cmsis -I../config -I../driver -O0 -g3 -Wall -c -fmessage-length=0 -fno-builtin -ffunction-sections -fdata-sections -mcpu=cortex-m0 -mthumb -MMD -MP -MF"src/blinky_main.d" -MT"src/blinky_main.d" -o "src/blinky_main.o" "../src/blinky_main.c"
../src/blinky_main.c:29:27: fatal error: cmsis/LPC11xx.h: No such file or directory
compilation terminated.
make: *** [src/blinky_main.o] Error 1
15:56:05 **** Incremental Build of configuration Debug for project blinky ****
make all 
Building file: ../src/blinky_main.c
Invoking: MCU C Compiler
arm-none-eabi-gcc -D__REDLIB__ -D__USE_CMSIS -DDEBUG -D__CODE_RED -I../cmsis -I../config -I../driver -O0 -g3 -Wall -c -fmessage-length=0 -fno-builtin -ffunction-sections -fdata-sections -mcpu=cortex-m0 -mthumb -MMD -MP -MF"src/blinky_main.d" -MT"src/blinky_main.d" -o "src/blinky_main.o" "../src/blinky_main.c"
../src/blinky_main.c: In function 'main':
../src/blinky_main.c:100:15: error: 'PIO2_4' undeclared (first use in this function)
../src/blinky_main.c:100:15: note: each undeclared identifier is reported only once for each function it appears in
make: *** [src/blinky_main.o] Error 1
15:58:21 **** Incremental Build of configuration Debug for project blinky ****
make all 
Building file: ../src/blinky_main.c
Invoking: MCU C Compiler
arm-none-eabi-gcc -D__REDLIB__ -D__USE_CMSIS -DDEBUG -D__CODE_RED -I../cmsis -I../config -I../driver -O0 -g3 -Wall -c -fmessage-length=0 -fno-builtin -ffunction-sections -fdata-sections -mcpu=cortex-m0 -mthumb -MMD -MP -MF"src/blinky_main.d" -MT"src/blinky_main.d" -o "src/blinky_main.o" "../src/blinky_main.c"
Finished building: ../src/blinky_main.c
 
Building target: blinky.axf
Invoking: MCU Linker
arm-none-eabi-gcc -nostdlib -Xlinker -Map=blinky.map -Xlinker --gc-sections -mcpu=cortex-m0 -mthumb -T "../linker/lpc1114_flash_crp.ld" -o "blinky.axf"  ./startup/cr_startup_lpc11.o  ./src/blinky_main.o  ./driver/adc.o ./driver/can.o ./driver/clkconfig.o ./driver/crp.o ./driver/debug_printf.o ./driver/gpio.o ./driver/i2c.o ./driver/i2cslave.o ./driver/lpc_swu.o ./driver/rs485.o ./driver/small_gpio.o ./driver/ssp.o ./driver/timer16.o ./driver/timer32.o ./driver/uart.o ./driver/wdt.o  ./cmsis/core_cm0.o ./cmsis/system_LPC11xx.o   
Finished building target: blinky.axf
 
make --no-print-directory post-build
Performing post-build steps
arm-none-eabi-size blinky.axf; arm-none-eabi-objcopy -O binary blinky.axf blinky.bin ; checksum -p LPC1115_303 -d blinky.bin;
   text	   data	    bss	    dec	    hex	filename
   2388	      4	      8	   2400	    960	blinky.axf
Created checksum 0xefffd62d at offset 0x1c in file blinky.bin 
15:58:27 **** Incremental Build of configuration Debug for project blinky ****
make all 
make: Nothing to be done for `all'.
15:58:57 **** Incremental Build of configuration Debug for project blinky ****
make all 
make: Nothing to be done for `all'.
16:00:14 **** Incremental Build of configuration Debug for project blinky ****
make all 
make: Nothing to be done for `all'.
16:00:29 **** Incremental Build of configuration Debug for project blinky ****
make all 
make: Nothing to be done for `all'.
16:03:09 **** Incremental Build of configuration Debug for project blinky ****
make all 
Building file: ../src/blinky_main.c
Invoking: MCU C Compiler
arm-none-eabi-gcc -D__REDLIB__ -D__USE_CMSIS -DDEBUG -D__CODE_RED -I../cmsis -I../config -I../driver -O0 -g3 -Wall -c -fmessage-length=0 -fno-builtin -ffunction-sections -fdata-sections -mcpu=cortex-m0 -mthumb -MMD -MP -MF"src/blinky_main.d" -MT"src/blinky_main.d" -o "src/blinky_main.o" "../src/blinky_main.c"
Finished building: ../src/blinky_main.c
 
Building target: blinky.axf
Invoking: MCU Linker
arm-none-eabi-gcc -nostdlib -Xlinker -Map=blinky.map -Xlinker --gc-sections -mcpu=cortex-m0 -mthumb -T "../linker/lpc1114_flash_crp.ld" -o "blinky.axf"  ./startup/cr_startup_lpc11.o  ./src/blinky_main.o  ./driver/adc.o ./driver/can.o ./driver/clkconfig.o ./driver/crp.o ./driver/debug_printf.o ./driver/gpio.o ./driver/i2c.o ./driver/i2cslave.o ./driver/lpc_swu.o ./driver/rs485.o ./driver/small_gpio.o ./driver/ssp.o ./driver/timer16.o ./driver/timer32.o ./driver/uart.o ./driver/wdt.o  ./cmsis/core_cm0.o ./cmsis/system_LPC11xx.o   
Finished building target: blinky.axf
 
make --no-print-directory post-build
Performing post-build steps
arm-none-eabi-size blinky.axf; arm-none-eabi-objcopy -O binary blinky.axf blinky.bin ; checksum -p LPC1115_303 -d blinky.bin;
   text	   data	    bss	    dec	    hex	filename
   2388	      4	      8	   2400	    960	blinky.axf
Created checksum 0xefffd62d at offset 0x1c in file blinky.bin 
16:03:31 **** Incremental Build of configuration Debug for project blinky ****
make all 
make: Nothing to be done for `all'.
16:07:53 **** Incremental Build of configuration Debug for project blinky ****
make all 
Building file: ../src/blinky_main.c
Invoking: MCU C Compiler
arm-none-eabi-gcc -D__REDLIB__ -D__USE_CMSIS -DDEBUG -D__CODE_RED -I../cmsis -I../config -I../driver -O0 -g3 -Wall -c -fmessage-length=0 -fno-builtin -ffunction-sections -fdata-sections -mcpu=cortex-m0 -mthumb -MMD -MP -MF"src/blinky_main.d" -MT"src/blinky_main.d" -o "src/blinky_main.o" "../src/blinky_main.c"
Finished building: ../src/blinky_main.c
 
Building target: blinky.axf
Invoking: MCU Linker
arm-none-eabi-gcc -nostdlib -Xlinker -Map=blinky.map -Xlinker --gc-sections -mcpu=cortex-m0 -mthumb -T "../linker/lpc1114_flash_crp.ld" -o "blinky.axf"  ./startup/cr_startup_lpc11.o  ./src/blinky_main.o  ./driver/adc.o ./driver/can.o ./driver/clkconfig.o ./driver/crp.o ./driver/debug_printf.o ./driver/gpio.o ./driver/i2c.o ./driver/i2cslave.o ./driver/lpc_swu.o ./driver/rs485.o ./driver/small_gpio.o ./driver/ssp.o ./driver/timer16.o ./driver/timer32.o ./driver/uart.o ./driver/wdt.o  ./cmsis/core_cm0.o ./cmsis/system_LPC11xx.o   
Finished building target: blinky.axf
 
make --no-print-directory post-build
Performing post-build steps
arm-none-eabi-size blinky.axf; arm-none-eabi-objcopy -O binary blinky.axf blinky.bin ; checksum -p LPC1115_303 -d blinky.bin;
   text	   data	    bss	    dec	    hex	filename
   2372	      4	      8	   2384	    950	blinky.axf
Created checksum 0xefffd62d at offset 0x1c in file blinky.bin 
16:08:00 **** Incremental Build of configuration Debug for project blinky ****
make all 
make: Nothing to be done for `all'.
16:12:13 **** Incremental Build of configuration Debug for project blinky ****
make all 
Building file: ../src/blinky_main.c
Invoking: MCU C Compiler
arm-none-eabi-gcc -D__REDLIB__ -D__USE_CMSIS -DDEBUG -D__CODE_RED -I../cmsis -I../config -I../driver -O0 -g3 -Wall -c -fmessage-length=0 -fno-builtin -ffunction-sections -fdata-sections -mcpu=cortex-m0 -mthumb -MMD -MP -MF"src/blinky_main.d" -MT"src/blinky_main.d" -o "src/blinky_main.o" "../src/blinky_main.c"
../src/blinky_main.c: In function 'main':
../src/blinky_main.c:83:13: warning: unused variable 'on' [-Wunused-variable]
../src/blinky_main.c:83:6: warning: unused variable 'i' [-Wunused-variable]
Finished building: ../src/blinky_main.c
 
Building target: blinky.axf
Invoking: MCU Linker
arm-none-eabi-gcc -nostdlib -Xlinker -Map=blinky.map -Xlinker --gc-sections -mcpu=cortex-m0 -mthumb -T "../linker/lpc1114_flash_crp.ld" -o "blinky.axf"  ./startup/cr_startup_lpc11.o  ./src/blinky_main.o  ./driver/adc.o ./driver/can.o ./driver/clkconfig.o ./driver/crp.o ./driver/debug_printf.o ./driver/gpio.o ./driver/i2c.o ./driver/i2cslave.o ./driver/lpc_swu.o ./driver/rs485.o ./driver/small_gpio.o ./driver/ssp.o ./driver/timer16.o ./driver/timer32.o ./driver/uart.o ./driver/wdt.o  ./cmsis/core_cm0.o ./cmsis/system_LPC11xx.o   
Finished building target: blinky.axf
 
make --no-print-directory post-build
Performing post-build steps
arm-none-eabi-size blinky.axf; arm-none-eabi-objcopy -O binary blinky.axf blinky.bin ; checksum -p LPC1115_303 -d blinky.bin;
   text	   data	    bss	    dec	    hex	filename
   2300	      4	      8	   2312	    908	blinky.axf
Created checksum 0xefffd62d at offset 0x1c in file blinky.bin 
16:12:18 **** Incremental Build of configuration Debug for project blinky ****
make all 
make: Nothing to be done for `all'.
16:12:45 **** Incremental Build of configuration Debug for project blinky ****
make all 
make: Nothing to be done for `all'.
16:18:42 **** Incremental Build of configuration Debug for project blinky ****
make all 
Building file: ../src/blinky_main.c
Invoking: MCU C Compiler
arm-none-eabi-gcc -D__REDLIB__ -D__USE_CMSIS -DDEBUG -D__CODE_RED -I../cmsis -I../config -I../driver -O0 -g3 -Wall -c -fmessage-length=0 -fno-builtin -ffunction-sections -fdata-sections -mcpu=cortex-m0 -mthumb -MMD -MP -MF"src/blinky_main.d" -MT"src/blinky_main.d" -o "src/blinky_main.o" "../src/blinky_main.c"
../src/blinky_main.c: In function 'main':
../src/blinky_main.c:83:13: warning: unused variable 'on' [-Wunused-variable]
../src/blinky_main.c:83:6: warning: unused variable 'i' [-Wunused-variable]
Finished building: ../src/blinky_main.c
 
Building target: blinky.axf
Invoking: MCU Linker
arm-none-eabi-gcc -nostdlib -Xlinker -Map=blinky.map -Xlinker --gc-sections -mcpu=cortex-m0 -mthumb -T "../linker/lpc1114_flash_crp.ld" -o "blinky.axf"  ./startup/cr_startup_lpc11.o  ./src/blinky_main.o  ./driver/adc.o ./driver/can.o ./driver/clkconfig.o ./driver/crp.o ./driver/debug_printf.o ./driver/gpio.o ./driver/i2c.o ./driver/i2cslave.o ./driver/lpc_swu.o ./driver/rs485.o ./driver/small_gpio.o ./driver/ssp.o ./driver/timer16.o ./driver/timer32.o ./driver/uart.o ./driver/wdt.o  ./cmsis/core_cm0.o ./cmsis/system_LPC11xx.o   
Finished building target: blinky.axf
 
make --no-print-directory post-build
Performing post-build steps
arm-none-eabi-size blinky.axf; arm-none-eabi-objcopy -O binary blinky.axf blinky.bin ; checksum -p LPC1115_303 -d blinky.bin;
   text	   data	    bss	    dec	    hex	filename
   2300	      4	      8	   2312	    908	blinky.axf
Created checksum 0xefffd62d at offset 0x1c in file blinky.bin 
16:18:45 **** Incremental Build of configuration Debug for project blinky ****
make all 
make: Nothing to be done for `all'.
16:20:01 **** Incremental Build of configuration Debug for project blinky ****
make all 
make: Nothing to be done for `all'.
16:20:03 **** Incremental Build of configuration Debug for project blinky ****
make all 
make: Nothing to be done for `all'.
16:24:07 **** Incremental Build of configuration Debug for project blinky ****
make all 
make: Nothing to be done for `all'.
16:24:10 **** Incremental Build of configuration Debug for project blinky ****
make all 
make: Nothing to be done for `all'.
16:24:53 **** Incremental Build of configuration Debug for project blinky ****
make all 
make: Nothing to be done for `all'.
16:28:37 **** Incremental Build of configuration Debug for project blinky ****
make all 
make: Nothing to be done for `all'.
16:28:48 **** Incremental Build of configuration Debug for project blinky ****
make all 
make: Nothing to be done for `all'.
16:32:47 **** Incremental Build of configuration Debug for project blinky ****
make all 
Building file: ../src/blinky_main.c
Invoking: MCU C Compiler
arm-none-eabi-gcc -D__REDLIB__ -D__USE_CMSIS -DDEBUG -D__CODE_RED -I../cmsis -I../config -I../driver -O0 -g3 -Wall -c -fmessage-length=0 -fno-builtin -ffunction-sections -fdata-sections -mcpu=cortex-m0 -mthumb -MMD -MP -MF"src/blinky_main.d" -MT"src/blinky_main.d" -o "src/blinky_main.o" "../src/blinky_main.c"
../src/blinky_main.c: In function 'main':
../src/blinky_main.c:83:13: warning: unused variable 'on' [-Wunused-variable]
../src/blinky_main.c:83:6: warning: unused variable 'i' [-Wunused-variable]
Finished building: ../src/blinky_main.c
 
Building target: blinky.axf
Invoking: MCU Linker
arm-none-eabi-gcc -nostdlib -Xlinker -Map=blinky.map -Xlinker --gc-sections -mcpu=cortex-m0 -mthumb -T "../linker/lpc1114_flash_crp.ld" -o "blinky.axf"  ./startup/cr_startup_lpc11.o  ./src/blinky_main.o  ./driver/adc.o ./driver/can.o ./driver/clkconfig.o ./driver/crp.o ./driver/debug_printf.o ./driver/gpio.o ./driver/i2c.o ./driver/i2cslave.o ./driver/lpc_swu.o ./driver/rs485.o ./driver/small_gpio.o ./driver/ssp.o ./driver/timer16.o ./driver/timer32.o ./driver/uart.o ./driver/wdt.o  ./cmsis/core_cm0.o ./cmsis/system_LPC11xx.o   
Finished building target: blinky.axf
 
make --no-print-directory post-build
Performing post-build steps
arm-none-eabi-size blinky.axf; arm-none-eabi-objcopy -O binary blinky.axf blinky.bin ; checksum -p LPC1115_303 -d blinky.bin;
   text	   data	    bss	    dec	    hex	filename
   2320	      4	      8	   2332	    91c	blinky.axf
Created checksum 0xefffd62d at offset 0x1c in file blinky.bin 
16:33:10 **** Incremental Build of configuration Debug for project blinky ****
make all 
make: Nothing to be done for `all'.
16:33:15 **** Incremental Build of configuration Debug for project blinky ****
make all 
make: Nothing to be done for `all'.
16:33:27 **** Incremental Build of configuration Debug for project blinky ****
make all 
make: Nothing to be done for `all'.
16:33:32 **** Incremental Build of configuration Debug for project blinky ****
make all 
make: Nothing to be done for `all'.
16:34:51 **** Incremental Build of configuration Debug for project blinky ****
make all 
Building file: ../src/blinky_main.c
Invoking: MCU C Compiler
arm-none-eabi-gcc -D__REDLIB__ -D__USE_CMSIS -DDEBUG -D__CODE_RED -I../cmsis -I../config -I../driver -O0 -g3 -Wall -c -fmessage-length=0 -fno-builtin -ffunction-sections -fdata-sections -mcpu=cortex-m0 -mthumb -MMD -MP -MF"src/blinky_main.d" -MT"src/blinky_main.d" -o "src/blinky_main.o" "../src/blinky_main.c"
../src/blinky_main.c: In function 'main':
../src/blinky_main.c:83:13: warning: unused variable 'on' [-Wunused-variable]
../src/blinky_main.c:83:6: warning: unused variable 'i' [-Wunused-variable]
Finished building: ../src/blinky_main.c
 
Building target: blinky.axf
Invoking: MCU Linker
arm-none-eabi-gcc -nostdlib -Xlinker -Map=blinky.map -Xlinker --gc-sections -mcpu=cortex-m0 -mthumb -T "../linker/lpc1114_flash_crp.ld" -o "blinky.axf"  ./startup/cr_startup_lpc11.o  ./src/blinky_main.o  ./driver/adc.o ./driver/can.o ./driver/clkconfig.o ./driver/crp.o ./driver/debug_printf.o ./driver/gpio.o ./driver/i2c.o ./driver/i2cslave.o ./driver/lpc_swu.o ./driver/rs485.o ./driver/small_gpio.o ./driver/ssp.o ./driver/timer16.o ./driver/timer32.o ./driver/uart.o ./driver/wdt.o  ./cmsis/core_cm0.o ./cmsis/system_LPC11xx.o   
Finished building target: blinky.axf
 
make --no-print-directory post-build
Performing post-build steps
arm-none-eabi-size blinky.axf; arm-none-eabi-objcopy -O binary blinky.axf blinky.bin ; checksum -p LPC1115_303 -d blinky.bin;
   text	   data	    bss	    dec	    hex	filename
   2320	      4	      8	   2332	    91c	blinky.axf
Created checksum 0xefffd62d at offset 0x1c in file blinky.bin 
16:34:55 **** Incremental Build of configuration Debug for project blinky ****
make all 
make: Nothing to be done for `all'.
16:35:45 **** Incremental Build of configuration Debug for project blinky ****
make all 
Building file: ../src/blinky_main.c
Invoking: MCU C Compiler
arm-none-eabi-gcc -D__REDLIB__ -D__USE_CMSIS -DDEBUG -D__CODE_RED -I../cmsis -I../config -I../driver -O0 -g3 -Wall -c -fmessage-length=0 -fno-builtin -ffunction-sections -fdata-sections -mcpu=cortex-m0 -mthumb -MMD -MP -MF"src/blinky_main.d" -MT"src/blinky_main.d" -o "src/blinky_main.o" "../src/blinky_main.c"
../src/blinky_main.c: In function 'main':
../src/blinky_main.c:83:13: warning: unused variable 'on' [-Wunused-variable]
../src/blinky_main.c:83:6: warning: unused variable 'i' [-Wunused-variable]
Finished building: ../src/blinky_main.c
 
Building target: blinky.axf
Invoking: MCU Linker
arm-none-eabi-gcc -nostdlib -Xlinker -Map=blinky.map -Xlinker --gc-sections -mcpu=cortex-m0 -mthumb -T "../linker/lpc1114_flash_crp.ld" -o "blinky.axf"  ./startup/cr_startup_lpc11.o  ./src/blinky_main.o  ./driver/adc.o ./driver/can.o ./driver/clkconfig.o ./driver/crp.o ./driver/debug_printf.o ./driver/gpio.o ./driver/i2c.o ./driver/i2cslave.o ./driver/lpc_swu.o ./driver/rs485.o ./driver/small_gpio.o ./driver/ssp.o ./driver/timer16.o ./driver/timer32.o ./driver/uart.o ./driver/wdt.o  ./cmsis/core_cm0.o ./cmsis/system_LPC11xx.o   
Finished building target: blinky.axf
 
make --no-print-directory post-build
Performing post-build steps
arm-none-eabi-size blinky.axf; arm-none-eabi-objcopy -O binary blinky.axf blinky.bin ; checksum -p LPC1115_303 -d blinky.bin;
   text	   data	    bss	    dec	    hex	filename
   2332	      4	      8	   2344	    928	blinky.axf
Created checksum 0xefffd62d at offset 0x1c in file blinky.bin 
16:35:55 **** Incremental Build of configuration Debug for project blinky ****
make all 
make: Nothing to be done for `all'.
16:37:20 **** Incremental Build of configuration Debug for project blinky ****
make all 
make: Nothing to be done for `all'.
16:42:15 **** Incremental Build of configuration Debug for project blinky ****
make all 
make: Nothing to be done for `all'.
16:42:18 **** Incremental Build of configuration Debug for project blinky ****
make all 
make: Nothing to be done for `all'.
17:09:59 **** Incremental Build of configuration Debug for project blinky ****
make all 
make: Nothing to be done for `all'.
17:10:01 **** Clean-only build of configuration Debug for project extint ****
make clean 
rm -rf  ./startup/cr_startup_lpc11.o  ./src/extint_main.o  ./driver/can.o ./driver/crp.o ./driver/gpio.o  ./cmsis/core_cm0.o ./cmsis/system_LPC11xx.o  ./startup/cr_startup_lpc11.d  ./src/extint_main.d  ./driver/can.d ./driver/crp.d ./driver/gpio.d  ./cmsis/core_cm0.d ./cmsis/system_LPC11xx.d  extint.axf
 
17:10:01 **** Build of configuration Debug for project extint ****
make all 
Building file: ../startup/cr_startup_lpc11.c
Invoking: MCU C Compiler
arm-none-eabi-gcc -D__REDLIB__ -D__USE_CMSIS -DDEBUG -D__CODE_RED -I../cmsis -I../config -I../driver -O0 -g3 -Wall -c -fmessage-length=0 -fno-builtin -ffunction-sections -fdata-sections -mcpu=cortex-m0 -mthumb -MMD -MP -MF"startup/cr_startup_lpc11.d" -MT"startup/cr_startup_lpc11.d" -o "startup/cr_startup_lpc11.o" "../startup/cr_startup_lpc11.c"
Finished building: ../startup/cr_startup_lpc11.c
 
Building file: ../src/extint_main.c
Invoking: MCU C Compiler
arm-none-eabi-gcc -D__REDLIB__ -D__USE_CMSIS -DDEBUG -D__CODE_RED -I../cmsis -I../config -I../driver -O0 -g3 -Wall -c -fmessage-length=0 -fno-builtin -ffunction-sections -fdata-sections -mcpu=cortex-m0 -mthumb -MMD -MP -MF"src/extint_main.d" -MT"src/extint_main.d" -o "src/extint_main.o" "../src/extint_main.c"
Finished building: ../src/extint_main.c
 
Building file: ../driver/can.c
Invoking: MCU C Compiler
arm-none-eabi-gcc -D__REDLIB__ -D__USE_CMSIS -DDEBUG -D__CODE_RED -I../cmsis -I../config -I../driver -O0 -g3 -Wall -c -fmessage-length=0 -fno-builtin -ffunction-sections -fdata-sections -mcpu=cortex-m0 -mthumb -MMD -MP -MF"driver/can.d" -MT"driver/can.d" -o "driver/can.o" "../driver/can.c"
Finished building: ../driver/can.c
 
Building file: ../driver/crp.c
Invoking: MCU C Compiler
arm-none-eabi-gcc -D__REDLIB__ -D__USE_CMSIS -DDEBUG -D__CODE_RED -I../cmsis -I../config -I../driver -O0 -g3 -Wall -c -fmessage-length=0 -fno-builtin -ffunction-sections -fdata-sections -mcpu=cortex-m0 -mthumb -MMD -MP -MF"driver/crp.d" -MT"driver/crp.d" -o "driver/crp.o" "../driver/crp.c"
Finished building: ../driver/crp.c
 
Building file: ../driver/gpio.c
Invoking: MCU C Compiler
arm-none-eabi-gcc -D__REDLIB__ -D__USE_CMSIS -DDEBUG -D__CODE_RED -I../cmsis -I../config -I../driver -O0 -g3 -Wall -c -fmessage-length=0 -fno-builtin -ffunction-sections -fdata-sections -mcpu=cortex-m0 -mthumb -MMD -MP -MF"driver/gpio.d" -MT"driver/gpio.d" -o "driver/gpio.o" "../driver/gpio.c"
Finished building: ../driver/gpio.c
 
Building file: ../cmsis/core_cm0.c
Invoking: MCU C Compiler
arm-none-eabi-gcc -D__REDLIB__ -D__USE_CMSIS -DDEBUG -D__CODE_RED -I../cmsis -I../config -I../driver -O0 -Os -g3 -Wall -c -fmessage-length=0 -fno-builtin -ffunction-sections -fdata-sections -mcpu=cortex-m0 -mthumb -MMD -MP -MF"cmsis/core_cm0.d" -MT"cmsis/core_cm0.d" -o "cmsis/core_cm0.o" "../cmsis/core_cm0.c"
Finished building: ../cmsis/core_cm0.c
 
Building file: ../cmsis/system_LPC11xx.c
Invoking: MCU C Compiler
arm-none-eabi-gcc -D__REDLIB__ -D__USE_CMSIS -DDEBUG -D__CODE_RED -I../cmsis -I../config -I../driver -O0 -Os -g3 -Wall -c -fmessage-length=0 -fno-builtin -ffunction-sections -fdata-sections -mcpu=cortex-m0 -mthumb -MMD -MP -MF"cmsis/system_LPC11xx.d" -MT"cmsis/system_LPC11xx.d" -o "cmsis/system_LPC11xx.o" "../cmsis/system_LPC11xx.c"
Finished building: ../cmsis/system_LPC11xx.c
 
Building target: extint.axf
Invoking: MCU Linker
arm-none-eabi-gcc -nostdlib -Xlinker -Map=extint.map -Xlinker --gc-sections -mcpu=cortex-m0 -mthumb -T "../linker/lpc1114_flash_crp.ld" -o "extint.axf"  ./startup/cr_startup_lpc11.o  ./src/extint_main.o  ./driver/can.o ./driver/crp.o ./driver/gpio.o  ./cmsis/core_cm0.o ./cmsis/system_LPC11xx.o   
Finished building target: extint.axf
 
make --no-print-directory post-build
Performing post-build steps
arm-none-eabi-size extint.axf; arm-none-eabi-objcopy -O binary extint.axf extint.bin ; checksum -p LPC1114_302 -d extint.bin;
   text	   data	    bss	    dec	    hex	filename
   2960	      4	      8	   2972	    b9c	extint.axf
Created checksum 0xefffd62d at offset 0x1c in file extint.bin 
17:10:04 **** Clean-only build of configuration Debug for project intpriority ****
make clean 
rm -rf  ./src/intpriority_main.o  ./driver/crp.o ./driver/debug_printf.o  ./config/intpriority_cr_startup_lpc11.o  ./cmsis/core_cm0.o ./cmsis/system_LPC11xx.o  ./src/intpriority_main.d  ./driver/crp.d ./driver/debug_printf.d  ./config/intpriority_cr_startup_lpc11.d  ./cmsis/core_cm0.d ./cmsis/system_LPC11xx.d  intpriority.axf
 
17:10:04 **** Build of configuration Debug for project intpriority ****
make all 
Building file: ../src/intpriority_main.c
Invoking: MCU C Compiler
arm-none-eabi-gcc -D__REDLIB__ -D__USE_CMSIS -DDEBUG -D__CODE_RED -I../cmsis -I../config -I../driver -O0 -g3 -Wall -c -fmessage-length=0 -fno-builtin -ffunction-sections -fdata-sections -mcpu=cortex-m0 -mthumb -MMD -MP -MF"src/intpriority_main.d" -MT"src/intpriority_main.d" -o "src/intpriority_main.o" "../src/intpriority_main.c"
In file included from ../src/intpriority_main.c:15:0:
../driver/debug_printf.h:28:26: fatal error: small_printf.h: No such file or directory
compilation terminated.
make: *** [src/intpriority_main.o] Error 1
17:10:05 **** Clean-only build of configuration Debug for project timedwakeup ****
make clean 
rm -rf  ./startup/cr_startup_lpc11.o  ./src/main.o  ./driver/crp.o ./driver/gpio.o ./driver/timer16.o  ./cmsis/core_cm0.o ./cmsis/system_LPC11xx.o  ./startup/cr_startup_lpc11.d  ./src/main.d  ./driver/crp.d ./driver/gpio.d ./driver/timer16.d  ./cmsis/core_cm0.d ./cmsis/system_LPC11xx.d  timedwakeup.axf
 
17:10:05 **** Build of configuration Debug for project timedwakeup ****
make all 
Building file: ../startup/cr_startup_lpc11.c
Invoking: MCU C Compiler
arm-none-eabi-gcc -D__REDLIB__ -DDEBUG -D__CODE_RED -I../cmsis -I../config -I../driver -O0 -g3 -Wall -c -fmessage-length=0 -fno-builtin -ffunction-sections -fdata-sections -mcpu=cortex-m0 -mthumb -MMD -MP -MF"startup/cr_startup_lpc11.d" -MT"startup/cr_startup_lpc11.d" -o "startup/cr_startup_lpc11.o" "../startup/cr_startup_lpc11.c"
Finished building: ../startup/cr_startup_lpc11.c
 
Building file: ../src/main.c
Invoking: MCU C Compiler
arm-none-eabi-gcc -D__REDLIB__ -DDEBUG -D__CODE_RED -I../cmsis -I../config -I../driver -O0 -g3 -Wall -c -fmessage-length=0 -fno-builtin -ffunction-sections -fdata-sections -mcpu=cortex-m0 -mthumb -MMD -MP -MF"src/main.d" -MT"src/main.d" -o "src/main.o" "../src/main.c"
Finished building: ../src/main.c
 
Building file: ../driver/crp.c
Invoking: MCU C Compiler
arm-none-eabi-gcc -D__REDLIB__ -DDEBUG -D__CODE_RED -I../cmsis -I../config -I../driver -O0 -g3 -Wall -c -fmessage-length=0 -fno-builtin -ffunction-sections -fdata-sections -mcpu=cortex-m0 -mthumb -MMD -MP -MF"driver/crp.d" -MT"driver/crp.d" -o "driver/crp.o" "../driver/crp.c"
Finished building: ../driver/crp.c
 
Building file: ../driver/gpio.c
Invoking: MCU C Compiler
arm-none-eabi-gcc -D__REDLIB__ -DDEBUG -D__CODE_RED -I../cmsis -I../config -I../driver -O0 -g3 -Wall -c -fmessage-length=0 -fno-builtin -ffunction-sections -fdata-sections -mcpu=cortex-m0 -mthumb -MMD -MP -MF"driver/gpio.d" -MT"driver/gpio.d" -o "driver/gpio.o" "../driver/gpio.c"
Finished building: ../driver/gpio.c
 
Building file: ../driver/timer16.c
Invoking: MCU C Compiler
arm-none-eabi-gcc -D__REDLIB__ -DDEBUG -D__CODE_RED -I../cmsis -I../config -I../driver -O0 -g3 -Wall -c -fmessage-length=0 -fno-builtin -ffunction-sections -fdata-sections -mcpu=cortex-m0 -mthumb -MMD -MP -MF"driver/timer16.d" -MT"driver/timer16.d" -o "driver/timer16.o" "../driver/timer16.c"
Finished building: ../driver/timer16.c
 
Building file: ../cmsis/core_cm0.c
Invoking: MCU C Compiler
arm-none-eabi-gcc -D__REDLIB__ -DDEBUG -D__CODE_RED -I../cmsis -I../config -I../driver -O0 -g3 -Wall -c -fmessage-length=0 -fno-builtin -ffunction-sections -fdata-sections -mcpu=cortex-m0 -mthumb -MMD -MP -MF"cmsis/core_cm0.d" -MT"cmsis/core_cm0.d" -o "cmsis/core_cm0.o" "../cmsis/core_cm0.c"
Finished building: ../cmsis/core_cm0.c
 
Building file: ../cmsis/system_LPC11xx.c
Invoking: MCU C Compiler
arm-none-eabi-gcc -D__REDLIB__ -DDEBUG -D__CODE_RED -I../cmsis -I../config -I../driver -O0 -Os -g3 -Wall -c -fmessage-length=0 -fno-builtin -ffunction-sections -fdata-sections -mcpu=cortex-m0 -mthumb -MMD -MP -MF"cmsis/system_LPC11xx.d" -MT"cmsis/system_LPC11xx.d" -o "cmsis/system_LPC11xx.o" "../cmsis/system_LPC11xx.c"
Finished building: ../cmsis/system_LPC11xx.c
 
Building target: timedwakeup.axf
Invoking: MCU Linker
arm-none-eabi-gcc -nostdlib -Xlinker -Map=timedwakeup.map -Xlinker --gc-sections -mcpu=cortex-m0 -mthumb -T "../linker/lpc1114_flash_crp.ld" -o "timedwakeup.axf"  ./startup/cr_startup_lpc11.o  ./src/main.o  ./driver/crp.o ./driver/gpio.o ./driver/timer16.o  ./cmsis/core_cm0.o ./cmsis/system_LPC11xx.o   
Finished building target: timedwakeup.axf
 
make --no-print-directory post-build
Performing post-build steps
arm-none-eabi-size timedwakeup.axf; arm-none-eabi-objcopy -O binary timedwakeup.axf timedwakeup.bin ; checksum -p LPC1114_302 -d timedwakeup.bin;
   text	   data	    bss	    dec	    hex	filename
   1956	      0	     16	   1972	    7b4	timedwakeup.axf
Created checksum 0xefffd635 at offset 0x1c in file timedwakeup.bin 
17:10:14 **** Incremental Build of configuration Debug for project intpriority ****
make all 
Building file: ../src/intpriority_main.c
Invoking: MCU C Compiler
arm-none-eabi-gcc -D__REDLIB__ -D__USE_CMSIS -DDEBUG -D__CODE_RED -I../cmsis -I../config -I../driver -O0 -g3 -Wall -c -fmessage-length=0 -fno-builtin -ffunction-sections -fdata-sections -mcpu=cortex-m0 -mthumb -MMD -MP -MF"src/intpriority_main.d" -MT"src/intpriority_main.d" -o "src/intpriority_main.o" "../src/intpriority_main.c"
In file included from ../src/intpriority_main.c:15:0:
../driver/debug_printf.h:28:26: fatal error: small_printf.h: No such file or directory
compilation terminated.
make: *** [src/intpriority_main.o] Error 1
17:11:24 **** Incremental Build of configuration Debug for project extint ****
make all 
make: Nothing to be done for `all'.
17:11:29 **** Incremental Build of configuration Debug for project extint ****
make all 
make: Nothing to be done for `all'.
17:11:53 **** Incremental Build of configuration Debug for project extint ****
make all 
make: Nothing to be done for `all'.
17:12:39 **** Clean-only build of configuration Debug for project extint ****
make clean 
rm -rf  ./startup/cr_startup_lpc11.o  ./src/extint_main.o  ./driver/can.o ./driver/crp.o ./driver/gpio.o  ./cmsis/core_cm0.o ./cmsis/system_LPC11xx.o  ./startup/cr_startup_lpc11.d  ./src/extint_main.d  ./driver/can.d ./driver/crp.d ./driver/gpio.d  ./cmsis/core_cm0.d ./cmsis/system_LPC11xx.d  extint.axf
 
17:12:40 **** Incremental Build of configuration Debug for project extint ****
make all 
Building file: ../startup/cr_startup_lpc11.c
Invoking: MCU C Compiler
arm-none-eabi-gcc -D__REDLIB__ -D__USE_CMSIS -DDEBUG -D__CODE_RED -I../cmsis -I../config -I../driver -O0 -g3 -Wall -c -fmessage-length=0 -fno-builtin -ffunction-sections -fdata-sections -mcpu=cortex-m0 -mthumb -MMD -MP -MF"startup/cr_startup_lpc11.d" -MT"startup/cr_startup_lpc11.d" -o "startup/cr_startup_lpc11.o" "../startup/cr_startup_lpc11.c"
Finished building: ../startup/cr_startup_lpc11.c
 
Building file: ../src/extint_main.c
Invoking: MCU C Compiler
arm-none-eabi-gcc -D__REDLIB__ -D__USE_CMSIS -DDEBUG -D__CODE_RED -I../cmsis -I../config -I../driver -O0 -g3 -Wall -c -fmessage-length=0 -fno-builtin -ffunction-sections -fdata-sections -mcpu=cortex-m0 -mthumb -MMD -MP -MF"src/extint_main.d" -MT"src/extint_main.d" -o "src/extint_main.o" "../src/extint_main.c"
Finished building: ../src/extint_main.c
 
Building file: ../driver/can.c
Invoking: MCU C Compiler
arm-none-eabi-gcc -D__REDLIB__ -D__USE_CMSIS -DDEBUG -D__CODE_RED -I../cmsis -I../config -I../driver -O0 -g3 -Wall -c -fmessage-length=0 -fno-builtin -ffunction-sections -fdata-sections -mcpu=cortex-m0 -mthumb -MMD -MP -MF"driver/can.d" -MT"driver/can.d" -o "driver/can.o" "../driver/can.c"
Finished building: ../driver/can.c
 
Building file: ../driver/crp.c
Invoking: MCU C Compiler
arm-none-eabi-gcc -D__REDLIB__ -D__USE_CMSIS -DDEBUG -D__CODE_RED -I../cmsis -I../config -I../driver -O0 -g3 -Wall -c -fmessage-length=0 -fno-builtin -ffunction-sections -fdata-sections -mcpu=cortex-m0 -mthumb -MMD -MP -MF"driver/crp.d" -MT"driver/crp.d" -o "driver/crp.o" "../driver/crp.c"
Finished building: ../driver/crp.c
 
Building file: ../driver/gpio.c
Invoking: MCU C Compiler
arm-none-eabi-gcc -D__REDLIB__ -D__USE_CMSIS -DDEBUG -D__CODE_RED -I../cmsis -I../config -I../driver -O0 -g3 -Wall -c -fmessage-length=0 -fno-builtin -ffunction-sections -fdata-sections -mcpu=cortex-m0 -mthumb -MMD -MP -MF"driver/gpio.d" -MT"driver/gpio.d" -o "driver/gpio.o" "../driver/gpio.c"
Finished building: ../driver/gpio.c
 
Building file: ../cmsis/core_cm0.c
Invoking: MCU C Compiler
arm-none-eabi-gcc -D__REDLIB__ -D__USE_CMSIS -DDEBUG -D__CODE_RED -I../cmsis -I../config -I../driver -O0 -Os -g3 -Wall -c -fmessage-length=0 -fno-builtin -ffunction-sections -fdata-sections -mcpu=cortex-m0 -mthumb -MMD -MP -MF"cmsis/core_cm0.d" -MT"cmsis/core_cm0.d" -o "cmsis/core_cm0.o" "../cmsis/core_cm0.c"
Finished building: ../cmsis/core_cm0.c
 
Building file: ../cmsis/system_LPC11xx.c
Invoking: MCU C Compiler
arm-none-eabi-gcc -D__REDLIB__ -D__USE_CMSIS -DDEBUG -D__CODE_RED -I../cmsis -I../config -I../driver -O0 -Os -g3 -Wall -c -fmessage-length=0 -fno-builtin -ffunction-sections -fdata-sections -mcpu=cortex-m0 -mthumb -MMD -MP -MF"cmsis/system_LPC11xx.d" -MT"cmsis/system_LPC11xx.d" -o "cmsis/system_LPC11xx.o" "../cmsis/system_LPC11xx.c"
Finished building: ../cmsis/system_LPC11xx.c
 
Building target: extint.axf
Invoking: MCU Linker
arm-none-eabi-gcc -nostdlib -Xlinker -Map=extint.map -Xlinker --gc-sections -mcpu=cortex-m0 -mthumb -T "../linker/lpc1114_flash_crp.ld" -o "extint.axf"  ./startup/cr_startup_lpc11.o  ./src/extint_main.o  ./driver/can.o ./driver/crp.o ./driver/gpio.o  ./cmsis/core_cm0.o ./cmsis/system_LPC11xx.o   
Finished building target: extint.axf
 
make --no-print-directory post-build
Performing post-build steps
arm-none-eabi-size extint.axf; arm-none-eabi-objcopy -O binary extint.axf extint.bin ; checksum -p LPC1115_303 -d extint.bin;
   text	   data	    bss	    dec	    hex	filename
   2960	      4	      8	   2972	    b9c	extint.axf
Created checksum 0xefffd62d at offset 0x1c in file extint.bin 
17:13:13 **** Incremental Build of configuration Debug for project extint ****
make all 
make: Nothing to be done for `all'.
17:16:33 **** Incremental Build of configuration Debug for project extint ****
make all 
Building file: ../src/extint_main.c
Invoking: MCU C Compiler
arm-none-eabi-gcc -D__REDLIB__ -D__USE_CMSIS -DDEBUG -D__CODE_RED -I../cmsis -I../config -I../driver -O0 -g3 -Wall -c -fmessage-length=0 -fno-builtin -ffunction-sections -fdata-sections -mcpu=cortex-m0 -mthumb -MMD -MP -MF"src/extint_main.d" -MT"src/extint_main.d" -o "src/extint_main.o" "../src/extint_main.c"
Finished building: ../src/extint_main.c
 
Building target: extint.axf
Invoking: MCU Linker
arm-none-eabi-gcc -nostdlib -Xlinker -Map=extint.map -Xlinker --gc-sections -mcpu=cortex-m0 -mthumb -T "../linker/lpc1114_flash_crp.ld" -o "extint.axf"  ./startup/cr_startup_lpc11.o  ./src/extint_main.o  ./driver/can.o ./driver/crp.o ./driver/gpio.o  ./cmsis/core_cm0.o ./cmsis/system_LPC11xx.o   
Finished building target: extint.axf
 
make --no-print-directory post-build
Performing post-build steps
arm-none-eabi-size extint.axf; arm-none-eabi-objcopy -O binary extint.axf extint.bin ; checksum -p LPC1115_303 -d extint.bin;
   text	   data	    bss	    dec	    hex	filename
   2960	      4	      8	   2972	    b9c	extint.axf
Created checksum 0xefffd62d at offset 0x1c in file extint.bin 
17:16:43 **** Incremental Build of configuration Debug for project extint ****
make all 
make: Nothing to be done for `all'.
17:18:08 **** Incremental Build of configuration Debug for project extint ****
make all 
Building file: ../src/extint_main.c
Invoking: MCU C Compiler
arm-none-eabi-gcc -D__REDLIB__ -D__USE_CMSIS -DDEBUG -D__CODE_RED -I../cmsis -I../config -I../driver -O0 -g3 -Wall -c -fmessage-length=0 -fno-builtin -ffunction-sections -fdata-sections -mcpu=cortex-m0 -mthumb -MMD -MP -MF"src/extint_main.d" -MT"src/extint_main.d" -o "src/extint_main.o" "../src/extint_main.c"
Finished building: ../src/extint_main.c
 
Building target: extint.axf
Invoking: MCU Linker
arm-none-eabi-gcc -nostdlib -Xlinker -Map=extint.map -Xlinker --gc-sections -mcpu=cortex-m0 -mthumb -T "../linker/lpc1114_flash_crp.ld" -o "extint.axf"  ./startup/cr_startup_lpc11.o  ./src/extint_main.o  ./driver/can.o ./driver/crp.o ./driver/gpio.o  ./cmsis/core_cm0.o ./cmsis/system_LPC11xx.o   
Finished building target: extint.axf
 
make --no-print-directory post-build
Performing post-build steps
arm-none-eabi-size extint.axf; arm-none-eabi-objcopy -O binary extint.axf extint.bin ; checksum -p LPC1115_303 -d extint.bin;
   text	   data	    bss	    dec	    hex	filename
   2960	      4	      8	   2972	    b9c	extint.axf
Created checksum 0xefffd62d at offset 0x1c in file extint.bin 
17:18:13 **** Incremental Build of configuration Debug for project extint ****
make all 
make: Nothing to be done for `all'.
17:18:52 **** Incremental Build of configuration Debug for project extint ****
make all 
Building file: ../src/extint_main.c
Invoking: MCU C Compiler
arm-none-eabi-gcc -D__REDLIB__ -D__USE_CMSIS -DDEBUG -D__CODE_RED -I../cmsis -I../config -I../driver -O0 -g3 -Wall -c -fmessage-length=0 -fno-builtin -ffunction-sections -fdata-sections -mcpu=cortex-m0 -mthumb -MMD -MP -MF"src/extint_main.d" -MT"src/extint_main.d" -o "src/extint_main.o" "../src/extint_main.c"
Finished building: ../src/extint_main.c
 
Building target: extint.axf
Invoking: MCU Linker
arm-none-eabi-gcc -nostdlib -Xlinker -Map=extint.map -Xlinker --gc-sections -mcpu=cortex-m0 -mthumb -T "../linker/lpc1114_flash_crp.ld" -o "extint.axf"  ./startup/cr_startup_lpc11.o  ./src/extint_main.o  ./driver/can.o ./driver/crp.o ./driver/gpio.o  ./cmsis/core_cm0.o ./cmsis/system_LPC11xx.o   
Finished building target: extint.axf
 
make --no-print-directory post-build
Performing post-build steps
arm-none-eabi-size extint.axf; arm-none-eabi-objcopy -O binary extint.axf extint.bin ; checksum -p LPC1115_303 -d extint.bin;
   text	   data	    bss	    dec	    hex	filename
   2960	      4	      8	   2972	    b9c	extint.axf
Created checksum 0xefffd62d at offset 0x1c in file extint.bin 
17:18:56 **** Incremental Build of configuration Debug for project extint ****
make all 
make: Nothing to be done for `all'.
17:19:43 **** Incremental Build of configuration Debug for project extint ****
make all 
Building file: ../src/extint_main.c
Invoking: MCU C Compiler
arm-none-eabi-gcc -D__REDLIB__ -D__USE_CMSIS -DDEBUG -D__CODE_RED -I../cmsis -I../config -I../driver -O0 -g3 -Wall -c -fmessage-length=0 -fno-builtin -ffunction-sections -fdata-sections -mcpu=cortex-m0 -mthumb -MMD -MP -MF"src/extint_main.d" -MT"src/extint_main.d" -o "src/extint_main.o" "../src/extint_main.c"
Finished building: ../src/extint_main.c
 
Building target: extint.axf
Invoking: MCU Linker
arm-none-eabi-gcc -nostdlib -Xlinker -Map=extint.map -Xlinker --gc-sections -mcpu=cortex-m0 -mthumb -T "../linker/lpc1114_flash_crp.ld" -o "extint.axf"  ./startup/cr_startup_lpc11.o  ./src/extint_main.o  ./driver/can.o ./driver/crp.o ./driver/gpio.o  ./cmsis/core_cm0.o ./cmsis/system_LPC11xx.o   
Finished building target: extint.axf
 
make --no-print-directory post-build
Performing post-build steps
arm-none-eabi-size extint.axf; arm-none-eabi-objcopy -O binary extint.axf extint.bin ; checksum -p LPC1115_303 -d extint.bin;
   text	   data	    bss	    dec	    hex	filename
   2960	      4	      8	   2972	    b9c	extint.axf
Created checksum 0xefffd62d at offset 0x1c in file extint.bin 
17:19:47 **** Incremental Build of configuration Debug for project extint ****
make all 
make: Nothing to be done for `all'.
17:20:15 **** Incremental Build of configuration Debug for project extint ****
make all 
make: Nothing to be done for `all'.
17:20:35 **** Incremental Build of configuration Debug for project extint ****
make all 
make: Nothing to be done for `all'.
