17:10:05 **** Build of configuration Debug for project timedwakeup ****
make all 
Building file: ../startup/cr_startup_lpc11.c
Invoking: MCU C Compiler
arm-none-eabi-gcc -D__REDLIB__ -DDEBUG -D__CODE_RED -I../cmsis -I../config -I../driver -O0 -g3 -Wall -c -fmessage-length=0 -fno-builtin -ffunction-sections -fdata-sections -mcpu=cortex-m0 -mthumb -MMD -MP -MF"startup/cr_startup_lpc11.d" -MT"startup/cr_startup_lpc11.d" -o "startup/cr_startup_lpc11.o" "../startup/cr_startup_lpc11.c"
Finished building: ../startup/cr_startup_lpc11.c
 
Building file: ../src/main.c
Invoking: MCU C Compiler
arm-none-eabi-gcc -D__REDLIB__ -DDEBUG -D__CODE_RED -I../cmsis -I../config -I../driver -O0 -g3 -Wall -c -fmessage-length=0 -fno-builtin -ffunction-sections -fdata-sections -mcpu=cortex-m0 -mthumb -MMD -MP -MF"src/main.d" -MT"src/main.d" -o "src/main.o" "../src/main.c"
Finished building: ../src/main.c
 
Building file: ../driver/crp.c
Invoking: MCU C Compiler
arm-none-eabi-gcc -D__REDLIB__ -DDEBUG -D__CODE_RED -I../cmsis -I../config -I../driver -O0 -g3 -Wall -c -fmessage-length=0 -fno-builtin -ffunction-sections -fdata-sections -mcpu=cortex-m0 -mthumb -MMD -MP -MF"driver/crp.d" -MT"driver/crp.d" -o "driver/crp.o" "../driver/crp.c"
Finished building: ../driver/crp.c
 
Building file: ../driver/gpio.c
Invoking: MCU C Compiler
arm-none-eabi-gcc -D__REDLIB__ -DDEBUG -D__CODE_RED -I../cmsis -I../config -I../driver -O0 -g3 -Wall -c -fmessage-length=0 -fno-builtin -ffunction-sections -fdata-sections -mcpu=cortex-m0 -mthumb -MMD -MP -MF"driver/gpio.d" -MT"driver/gpio.d" -o "driver/gpio.o" "../driver/gpio.c"
Finished building: ../driver/gpio.c
 
Building file: ../driver/timer16.c
Invoking: MCU C Compiler
arm-none-eabi-gcc -D__REDLIB__ -DDEBUG -D__CODE_RED -I../cmsis -I../config -I../driver -O0 -g3 -Wall -c -fmessage-length=0 -fno-builtin -ffunction-sections -fdata-sections -mcpu=cortex-m0 -mthumb -MMD -MP -MF"driver/timer16.d" -MT"driver/timer16.d" -o "driver/timer16.o" "../driver/timer16.c"
Finished building: ../driver/timer16.c
 
Building file: ../cmsis/core_cm0.c
Invoking: MCU C Compiler
arm-none-eabi-gcc -D__REDLIB__ -DDEBUG -D__CODE_RED -I../cmsis -I../config -I../driver -O0 -g3 -Wall -c -fmessage-length=0 -fno-builtin -ffunction-sections -fdata-sections -mcpu=cortex-m0 -mthumb -MMD -MP -MF"cmsis/core_cm0.d" -MT"cmsis/core_cm0.d" -o "cmsis/core_cm0.o" "../cmsis/core_cm0.c"
Finished building: ../cmsis/core_cm0.c
 
Building file: ../cmsis/system_LPC11xx.c
Invoking: MCU C Compiler
arm-none-eabi-gcc -D__REDLIB__ -DDEBUG -D__CODE_RED -I../cmsis -I../config -I../driver -O0 -Os -g3 -Wall -c -fmessage-length=0 -fno-builtin -ffunction-sections -fdata-sections -mcpu=cortex-m0 -mthumb -MMD -MP -MF"cmsis/system_LPC11xx.d" -MT"cmsis/system_LPC11xx.d" -o "cmsis/system_LPC11xx.o" "../cmsis/system_LPC11xx.c"
Finished building: ../cmsis/system_LPC11xx.c
 
Building target: timedwakeup.axf
Invoking: MCU Linker
arm-none-eabi-gcc -nostdlib -Xlinker -Map=timedwakeup.map -Xlinker --gc-sections -mcpu=cortex-m0 -mthumb -T "../linker/lpc1114_flash_crp.ld" -o "timedwakeup.axf"  ./startup/cr_startup_lpc11.o  ./src/main.o  ./driver/crp.o ./driver/gpio.o ./driver/timer16.o  ./cmsis/core_cm0.o ./cmsis/system_LPC11xx.o   
Finished building target: timedwakeup.axf
 
make --no-print-directory post-build
Performing post-build steps
arm-none-eabi-size timedwakeup.axf; arm-none-eabi-objcopy -O binary timedwakeup.axf timedwakeup.bin ; checksum -p LPC1114_302 -d timedwakeup.bin;
   text	   data	    bss	    dec	    hex	filename
   1956	      0	     16	   1972	    7b4	timedwakeup.axf
Created checksum 0xefffd635 at offset 0x1c in file timedwakeup.bin 

17:10:07 Build Finished (took 1s.736ms)

