Archive member included because of file (symbol)

C:\Users\David\Documents\GitHub\373proj\Xpresso\Joystick\lib_small_printf_m0\Lib\liblib_small_printf_m0.a(small_printf_nofloat.o)
                              ./driver/debug_printf.o (printf_format_nofloat)
C:\Users\David\Documents\GitHub\373proj\Xpresso\Joystick\lib_small_printf_m0\Lib\liblib_small_printf_m0.a(small_printf_support.o)
                              C:\Users\David\Documents\GitHub\373proj\Xpresso\Joystick\lib_small_printf_m0\Lib\liblib_small_printf_m0.a(small_printf_nofloat.o) (prints)
C:\Users\David\Documents\GitHub\373proj\Xpresso\Joystick\lib_small_printf_m0\Lib\liblib_small_printf_m0.a(small_utils.o)
                              ./driver/debug_printf.o (small_strlen)
c:/nxp/lpcxpresso_5.1.2_2065/lpcxpresso/tools/bin/../lib/gcc/arm-none-eabi/4.6.2/../../../../arm-none-eabi/lib/armv6-m\libcr_c.a(__weak__main.o)
                              ./config/intpriority_cr_startup_lpc11.o (__main)
c:/nxp/lpcxpresso_5.1.2_2065/lpcxpresso/tools/bin/../lib/gcc/arm-none-eabi/4.6.2/../../../../arm-none-eabi/lib/armv6-m\libcr_semihost.a(__sys_write.o)
                              ./driver/debug_printf.o (__write)
c:/nxp/lpcxpresso_5.1.2_2065/lpcxpresso/tools/bin/../lib/gcc/arm-none-eabi/4.6.2/armv6-m\libcr_eabihelpers.a(division.o)
                              ./driver/debug_printf.o (__aeabi_idivmod)
c:/nxp/lpcxpresso_5.1.2_2065/lpcxpresso/tools/bin/../lib/gcc/arm-none-eabi/4.6.2/armv6-m\libcr_eabihelpers.a(double.o)
                              C:\Users\David\Documents\GitHub\373proj\Xpresso\Joystick\lib_small_printf_m0\Lib\liblib_small_printf_m0.a(small_utils.o) (__aeabi_dsub)
c:/nxp/lpcxpresso_5.1.2_2065/lpcxpresso/tools/bin/../lib/gcc/arm-none-eabi/4.6.2/armv6-m\libcr_eabihelpers.a(llong.o)
                              c:/nxp/lpcxpresso_5.1.2_2065/lpcxpresso/tools/bin/../lib/gcc/arm-none-eabi/4.6.2/armv6-m\libcr_eabihelpers.a(double.o) (__aeabi_lmul)

Allocating common symbols
Common symbol       size              file

fseek               0x4               ./driver/debug_printf.o
IRIdx               0x4               ./src/intpriority_main.o
fclose              0x4               ./driver/debug_printf.o
priLUT              0x80              ./src/intpriority_main.o
IR                  0x168             ./src/intpriority_main.o

Discarded input sections

 .text          0x00000000        0x0 ./src/intpriority_main.o
 .data          0x00000000        0x0 ./src/intpriority_main.o
 .bss           0x00000000        0x0 ./src/intpriority_main.o
 .text          0x00000000        0x0 ./driver/crp.o
 .data          0x00000000        0x0 ./driver/crp.o
 .bss           0x00000000        0x0 ./driver/crp.o
 .text          0x00000000        0x0 ./driver/debug_printf.o
 .data          0x00000000        0x0 ./driver/debug_printf.o
 .bss           0x00000000        0x0 ./driver/debug_printf.o
 .bss.debug_read_buf
                0x00000000       0x18 ./driver/debug_printf.o
 .text._debug_getstr
                0x00000000       0x58 ./driver/debug_printf.o
 .text._debug_puts
                0x00000000       0x30 ./driver/debug_printf.o
 COMMON         0x00000000        0x8 ./driver/debug_printf.o
 .text          0x00000000        0x0 ./config/intpriority_cr_startup_lpc11.o
 .data          0x00000000        0x0 ./config/intpriority_cr_startup_lpc11.o
 .bss           0x00000000        0x0 ./config/intpriority_cr_startup_lpc11.o
 .text          0x00000000        0x0 ./cmsis/core_cm0.o
 .data          0x00000000        0x0 ./cmsis/core_cm0.o
 .bss           0x00000000        0x0 ./cmsis/core_cm0.o
 .text.__get_PSP
                0x00000000       0x10 ./cmsis/core_cm0.o
 .text.__set_PSP
                0x00000000        0x8 ./cmsis/core_cm0.o
 .text.__get_MSP
                0x00000000       0x10 ./cmsis/core_cm0.o
 .text.__set_MSP
                0x00000000        0x8 ./cmsis/core_cm0.o
 .text.__get_PRIMASK
                0x00000000       0x1c ./cmsis/core_cm0.o
 .text.__set_PRIMASK
                0x00000000       0x14 ./cmsis/core_cm0.o
 .text.__get_CONTROL
                0x00000000       0x1c ./cmsis/core_cm0.o
 .text.__set_CONTROL
                0x00000000       0x14 ./cmsis/core_cm0.o
 .text.__REV    0x00000000       0x1c ./cmsis/core_cm0.o
 .text.__REV16  0x00000000       0x24 ./cmsis/core_cm0.o
 .text.__REVSH  0x00000000       0x24 ./cmsis/core_cm0.o
 .text          0x00000000        0x0 ./cmsis/system_LPC11xx.o
 .data          0x00000000        0x0 ./cmsis/system_LPC11xx.o
 .bss           0x00000000        0x0 ./cmsis/system_LPC11xx.o
 .text          0x00000000        0x0 C:\Users\David\Documents\GitHub\373proj\Xpresso\Joystick\lib_small_printf_m0\Lib\liblib_small_printf_m0.a(small_printf_nofloat.o)
 .data          0x00000000        0x0 C:\Users\David\Documents\GitHub\373proj\Xpresso\Joystick\lib_small_printf_m0\Lib\liblib_small_printf_m0.a(small_printf_nofloat.o)
 .bss           0x00000000        0x0 C:\Users\David\Documents\GitHub\373proj\Xpresso\Joystick\lib_small_printf_m0\Lib\liblib_small_printf_m0.a(small_printf_nofloat.o)
 .text.func_printf_nofloat
                0x00000000       0x16 C:\Users\David\Documents\GitHub\373proj\Xpresso\Joystick\lib_small_printf_m0\Lib\liblib_small_printf_m0.a(small_printf_nofloat.o)
 .text.nsprintf
                0x00000000       0x24 C:\Users\David\Documents\GitHub\373proj\Xpresso\Joystick\lib_small_printf_m0\Lib\liblib_small_printf_m0.a(small_printf_nofloat.o)
 .text          0x00000000        0x0 C:\Users\David\Documents\GitHub\373proj\Xpresso\Joystick\lib_small_printf_m0\Lib\liblib_small_printf_m0.a(small_printf_support.o)
 .data          0x00000000        0x0 C:\Users\David\Documents\GitHub\373proj\Xpresso\Joystick\lib_small_printf_m0\Lib\liblib_small_printf_m0.a(small_printf_support.o)
 .bss           0x00000000        0x0 C:\Users\David\Documents\GitHub\373proj\Xpresso\Joystick\lib_small_printf_m0\Lib\liblib_small_printf_m0.a(small_printf_support.o)
 .text.nsprintf_write_init
                0x00000000       0x1c C:\Users\David\Documents\GitHub\373proj\Xpresso\Joystick\lib_small_printf_m0\Lib\liblib_small_printf_m0.a(small_printf_support.o)
 .text.nsprintf_write
                0x00000000       0x30 C:\Users\David\Documents\GitHub\373proj\Xpresso\Joystick\lib_small_printf_m0\Lib\liblib_small_printf_m0.a(small_printf_support.o)
 .bss.nsprintf_buffer_index
                0x00000000        0x4 C:\Users\David\Documents\GitHub\373proj\Xpresso\Joystick\lib_small_printf_m0\Lib\liblib_small_printf_m0.a(small_printf_support.o)
 .bss.nsprintf_buffer
                0x00000000        0x4 C:\Users\David\Documents\GitHub\373proj\Xpresso\Joystick\lib_small_printf_m0\Lib\liblib_small_printf_m0.a(small_printf_support.o)
 .bss.nsprintf_buffer_length
                0x00000000        0x4 C:\Users\David\Documents\GitHub\373proj\Xpresso\Joystick\lib_small_printf_m0\Lib\liblib_small_printf_m0.a(small_printf_support.o)
 .text          0x00000000        0x0 C:\Users\David\Documents\GitHub\373proj\Xpresso\Joystick\lib_small_printf_m0\Lib\liblib_small_printf_m0.a(small_utils.o)
 .data          0x00000000        0x0 C:\Users\David\Documents\GitHub\373proj\Xpresso\Joystick\lib_small_printf_m0\Lib\liblib_small_printf_m0.a(small_utils.o)
 .bss           0x00000000        0x0 C:\Users\David\Documents\GitHub\373proj\Xpresso\Joystick\lib_small_printf_m0\Lib\liblib_small_printf_m0.a(small_utils.o)
 .text.small_strlen
                0x00000000       0x12 C:\Users\David\Documents\GitHub\373proj\Xpresso\Joystick\lib_small_printf_m0\Lib\liblib_small_printf_m0.a(small_utils.o)
 .text.small_strcmp
                0x00000000       0x1e C:\Users\David\Documents\GitHub\373proj\Xpresso\Joystick\lib_small_printf_m0\Lib\liblib_small_printf_m0.a(small_utils.o)
 .text.small_stricmp
                0x00000000       0x34 C:\Users\David\Documents\GitHub\373proj\Xpresso\Joystick\lib_small_printf_m0\Lib\liblib_small_printf_m0.a(small_utils.o)
 .text.small_strim
                0x00000000       0x2c C:\Users\David\Documents\GitHub\373proj\Xpresso\Joystick\lib_small_printf_m0\Lib\liblib_small_printf_m0.a(small_utils.o)
 .text.gethex   0x00000000       0x34 C:\Users\David\Documents\GitHub\373proj\Xpresso\Joystick\lib_small_printf_m0\Lib\liblib_small_printf_m0.a(small_utils.o)
 .text.small_fmodf
                0x00000000       0x68 C:\Users\David\Documents\GitHub\373proj\Xpresso\Joystick\lib_small_printf_m0\Lib\liblib_small_printf_m0.a(small_utils.o)
 .text          0x00000000        0x0 c:/nxp/lpcxpresso_5.1.2_2065/lpcxpresso/tools/bin/../lib/gcc/arm-none-eabi/4.6.2/../../../../arm-none-eabi/lib/armv6-m\libcr_c.a(__weak__main.o)
 .data          0x00000000        0x0 c:/nxp/lpcxpresso_5.1.2_2065/lpcxpresso/tools/bin/../lib/gcc/arm-none-eabi/4.6.2/../../../../arm-none-eabi/lib/armv6-m\libcr_c.a(__weak__main.o)
 .bss           0x00000000        0x0 c:/nxp/lpcxpresso_5.1.2_2065/lpcxpresso/tools/bin/../lib/gcc/arm-none-eabi/4.6.2/../../../../arm-none-eabi/lib/armv6-m\libcr_c.a(__weak__main.o)
 .text          0x00000000        0x0 c:/nxp/lpcxpresso_5.1.2_2065/lpcxpresso/tools/bin/../lib/gcc/arm-none-eabi/4.6.2/../../../../arm-none-eabi/lib/armv6-m\libcr_semihost.a(__sys_write.o)
 .data          0x00000000        0x0 c:/nxp/lpcxpresso_5.1.2_2065/lpcxpresso/tools/bin/../lib/gcc/arm-none-eabi/4.6.2/../../../../arm-none-eabi/lib/armv6-m\libcr_semihost.a(__sys_write.o)
 .bss           0x00000000        0x0 c:/nxp/lpcxpresso_5.1.2_2065/lpcxpresso/tools/bin/../lib/gcc/arm-none-eabi/4.6.2/../../../../arm-none-eabi/lib/armv6-m\libcr_semihost.a(__sys_write.o)
 .text          0x00000000        0x0 c:/nxp/lpcxpresso_5.1.2_2065/lpcxpresso/tools/bin/../lib/gcc/arm-none-eabi/4.6.2/armv6-m\libcr_eabihelpers.a(division.o)
 .data          0x00000000        0x0 c:/nxp/lpcxpresso_5.1.2_2065/lpcxpresso/tools/bin/../lib/gcc/arm-none-eabi/4.6.2/armv6-m\libcr_eabihelpers.a(division.o)
 .bss           0x00000000        0x0 c:/nxp/lpcxpresso_5.1.2_2065/lpcxpresso/tools/bin/../lib/gcc/arm-none-eabi/4.6.2/armv6-m\libcr_eabihelpers.a(division.o)
 .text.__aeabi_division_uldivmod
                0x00000000       0x5a c:/nxp/lpcxpresso_5.1.2_2065/lpcxpresso/tools/bin/../lib/gcc/arm-none-eabi/4.6.2/armv6-m\libcr_eabihelpers.a(division.o)
 .text.__aeabi_division_ldivmod
                0x00000000       0x32 c:/nxp/lpcxpresso_5.1.2_2065/lpcxpresso/tools/bin/../lib/gcc/arm-none-eabi/4.6.2/armv6-m\libcr_eabihelpers.a(division.o)
 .text.__aeabi_division_ldiv0
                0x00000000        0x2 c:/nxp/lpcxpresso_5.1.2_2065/lpcxpresso/tools/bin/../lib/gcc/arm-none-eabi/4.6.2/armv6-m\libcr_eabihelpers.a(division.o)
 .text.__aeabi_division_idivq31+15
                0x00000000      0x188 c:/nxp/lpcxpresso_5.1.2_2065/lpcxpresso/tools/bin/../lib/gcc/arm-none-eabi/4.6.2/armv6-m\libcr_eabihelpers.a(division.o)
 .text          0x00000000        0x0 c:/nxp/lpcxpresso_5.1.2_2065/lpcxpresso/tools/bin/../lib/gcc/arm-none-eabi/4.6.2/armv6-m\libcr_eabihelpers.a(double.o)
 .data          0x00000000        0x0 c:/nxp/lpcxpresso_5.1.2_2065/lpcxpresso/tools/bin/../lib/gcc/arm-none-eabi/4.6.2/armv6-m\libcr_eabihelpers.a(double.o)
 .bss           0x00000000        0x0 c:/nxp/lpcxpresso_5.1.2_2065/lpcxpresso/tools/bin/../lib/gcc/arm-none-eabi/4.6.2/armv6-m\libcr_eabihelpers.a(double.o)
 .text.__aeabi_dmul
                0x00000000      0x180 c:/nxp/lpcxpresso_5.1.2_2065/lpcxpresso/tools/bin/../lib/gcc/arm-none-eabi/4.6.2/armv6-m\libcr_eabihelpers.a(double.o)
 .text.__aeabi_ddiv
                0x00000000      0x178 c:/nxp/lpcxpresso_5.1.2_2065/lpcxpresso/tools/bin/../lib/gcc/arm-none-eabi/4.6.2/armv6-m\libcr_eabihelpers.a(double.o)
 .text.__aeabi_dsub
                0x00000000      0x1d8 c:/nxp/lpcxpresso_5.1.2_2065/lpcxpresso/tools/bin/../lib/gcc/arm-none-eabi/4.6.2/armv6-m\libcr_eabihelpers.a(double.o)
 .text.__aeabi_dadd
                0x00000000      0x140 c:/nxp/lpcxpresso_5.1.2_2065/lpcxpresso/tools/bin/../lib/gcc/arm-none-eabi/4.6.2/armv6-m\libcr_eabihelpers.a(double.o)
 .text.__aeabi_drsub
                0x00000000       0x28 c:/nxp/lpcxpresso_5.1.2_2065/lpcxpresso/tools/bin/../lib/gcc/arm-none-eabi/4.6.2/armv6-m\libcr_eabihelpers.a(double.o)
 .text.__aeabi_dneg
                0x00000000       0x10 c:/nxp/lpcxpresso_5.1.2_2065/lpcxpresso/tools/bin/../lib/gcc/arm-none-eabi/4.6.2/armv6-m\libcr_eabihelpers.a(double.o)
 .text.__aeabi_d2f
                0x00000000       0x5c c:/nxp/lpcxpresso_5.1.2_2065/lpcxpresso/tools/bin/../lib/gcc/arm-none-eabi/4.6.2/armv6-m\libcr_eabihelpers.a(double.o)
 .text.__aeabi_d2iz
                0x00000000       0x4c c:/nxp/lpcxpresso_5.1.2_2065/lpcxpresso/tools/bin/../lib/gcc/arm-none-eabi/4.6.2/armv6-m\libcr_eabihelpers.a(double.o)
 .text.__aeabi_d2uiz
                0x00000000       0x38 c:/nxp/lpcxpresso_5.1.2_2065/lpcxpresso/tools/bin/../lib/gcc/arm-none-eabi/4.6.2/armv6-m\libcr_eabihelpers.a(double.o)
 .text.__aeabi_d2lz
                0x00000000       0x78 c:/nxp/lpcxpresso_5.1.2_2065/lpcxpresso/tools/bin/../lib/gcc/arm-none-eabi/4.6.2/armv6-m\libcr_eabihelpers.a(double.o)
 .text.__aeabi_d2ulz
                0x00000000       0x58 c:/nxp/lpcxpresso_5.1.2_2065/lpcxpresso/tools/bin/../lib/gcc/arm-none-eabi/4.6.2/armv6-m\libcr_eabihelpers.a(double.o)
 .text.__bhs_ui2d
                0x00000000       0x5e c:/nxp/lpcxpresso_5.1.2_2065/lpcxpresso/tools/bin/../lib/gcc/arm-none-eabi/4.6.2/armv6-m\libcr_eabihelpers.a(double.o)
 .text.__bhs_ul2d
                0x00000000       0xb4 c:/nxp/lpcxpresso_5.1.2_2065/lpcxpresso/tools/bin/../lib/gcc/arm-none-eabi/4.6.2/armv6-m\libcr_eabihelpers.a(double.o)
 .text.__aeabi_i2d
                0x00000000       0x16 c:/nxp/lpcxpresso_5.1.2_2065/lpcxpresso/tools/bin/../lib/gcc/arm-none-eabi/4.6.2/armv6-m\libcr_eabihelpers.a(double.o)
 .text.__aeabi_ui2d
                0x00000000        0xc c:/nxp/lpcxpresso_5.1.2_2065/lpcxpresso/tools/bin/../lib/gcc/arm-none-eabi/4.6.2/armv6-m\libcr_eabihelpers.a(double.o)
 .text.__aeabi_l2d
                0x00000000       0x20 c:/nxp/lpcxpresso_5.1.2_2065/lpcxpresso/tools/bin/../lib/gcc/arm-none-eabi/4.6.2/armv6-m\libcr_eabihelpers.a(double.o)
 .text.__aeabi_ul2d
                0x00000000        0xc c:/nxp/lpcxpresso_5.1.2_2065/lpcxpresso/tools/bin/../lib/gcc/arm-none-eabi/4.6.2/armv6-m\libcr_eabihelpers.a(double.o)
 .text.__aeabi_dcmpeq
                0x00000000       0x40 c:/nxp/lpcxpresso_5.1.2_2065/lpcxpresso/tools/bin/../lib/gcc/arm-none-eabi/4.6.2/armv6-m\libcr_eabihelpers.a(double.o)
 .text.__aeabi_dcmplt
                0x00000000       0x64 c:/nxp/lpcxpresso_5.1.2_2065/lpcxpresso/tools/bin/../lib/gcc/arm-none-eabi/4.6.2/armv6-m\libcr_eabihelpers.a(double.o)
 .text.__aeabi_dcmpgt
                0x00000000       0x64 c:/nxp/lpcxpresso_5.1.2_2065/lpcxpresso/tools/bin/../lib/gcc/arm-none-eabi/4.6.2/armv6-m\libcr_eabihelpers.a(double.o)
 .text.__aeabi_dcmple
                0x00000000       0x64 c:/nxp/lpcxpresso_5.1.2_2065/lpcxpresso/tools/bin/../lib/gcc/arm-none-eabi/4.6.2/armv6-m\libcr_eabihelpers.a(double.o)
 .text.__aeabi_dcmpge
                0x00000000       0x64 c:/nxp/lpcxpresso_5.1.2_2065/lpcxpresso/tools/bin/../lib/gcc/arm-none-eabi/4.6.2/armv6-m\libcr_eabihelpers.a(double.o)
 .text.__aeabi_dcmpun
                0x00000000       0x1c c:/nxp/lpcxpresso_5.1.2_2065/lpcxpresso/tools/bin/../lib/gcc/arm-none-eabi/4.6.2/armv6-m\libcr_eabihelpers.a(double.o)
 .text.__aeabi_cdcmple
                0x00000000       0x2e c:/nxp/lpcxpresso_5.1.2_2065/lpcxpresso/tools/bin/../lib/gcc/arm-none-eabi/4.6.2/armv6-m\libcr_eabihelpers.a(double.o)
 .text.__aeabi_cdrcmple
                0x00000000       0x14 c:/nxp/lpcxpresso_5.1.2_2065/lpcxpresso/tools/bin/../lib/gcc/arm-none-eabi/4.6.2/armv6-m\libcr_eabihelpers.a(double.o)
 .text          0x00000000        0x0 c:/nxp/lpcxpresso_5.1.2_2065/lpcxpresso/tools/bin/../lib/gcc/arm-none-eabi/4.6.2/armv6-m\libcr_eabihelpers.a(llong.o)
 .data          0x00000000        0x0 c:/nxp/lpcxpresso_5.1.2_2065/lpcxpresso/tools/bin/../lib/gcc/arm-none-eabi/4.6.2/armv6-m\libcr_eabihelpers.a(llong.o)
 .bss           0x00000000        0x0 c:/nxp/lpcxpresso_5.1.2_2065/lpcxpresso/tools/bin/../lib/gcc/arm-none-eabi/4.6.2/armv6-m\libcr_eabihelpers.a(llong.o)
 .text.__aeabi_llong_lmul
                0x00000000       0x2e c:/nxp/lpcxpresso_5.1.2_2065/lpcxpresso/tools/bin/../lib/gcc/arm-none-eabi/4.6.2/armv6-m\libcr_eabihelpers.a(llong.o)
 .text.__aeabi_llong_llsl
                0x00000000       0x18 c:/nxp/lpcxpresso_5.1.2_2065/lpcxpresso/tools/bin/../lib/gcc/arm-none-eabi/4.6.2/armv6-m\libcr_eabihelpers.a(llong.o)
 .text.__aeabi_llong_llsr
                0x00000000       0x18 c:/nxp/lpcxpresso_5.1.2_2065/lpcxpresso/tools/bin/../lib/gcc/arm-none-eabi/4.6.2/armv6-m\libcr_eabihelpers.a(llong.o)
 .text.__aeabi_llong_lasr
                0x00000000       0x18 c:/nxp/lpcxpresso_5.1.2_2065/lpcxpresso/tools/bin/../lib/gcc/arm-none-eabi/4.6.2/armv6-m\libcr_eabihelpers.a(llong.o)
 .text.__aeabi_llong_lcmp
                0x00000000       0x14 c:/nxp/lpcxpresso_5.1.2_2065/lpcxpresso/tools/bin/../lib/gcc/arm-none-eabi/4.6.2/armv6-m\libcr_eabihelpers.a(llong.o)
 .text.__aeabi_llong_ulcmp
                0x00000000       0x10 c:/nxp/lpcxpresso_5.1.2_2065/lpcxpresso/tools/bin/../lib/gcc/arm-none-eabi/4.6.2/armv6-m\libcr_eabihelpers.a(llong.o)

Memory Configuration

Name             Origin             Length             Attributes
MFlash32         0x00000000         0x00008000         xr
RamLoc8          0x10000000         0x00002000         xrw
*default*        0x00000000         0xffffffff

Linker script and memory map

LOAD ./src/intpriority_main.o
LOAD ./driver/crp.o
LOAD ./driver/debug_printf.o
LOAD ./config/intpriority_cr_startup_lpc11.o
LOAD ./cmsis/core_cm0.o
LOAD ./cmsis/system_LPC11xx.o
LOAD C:\Users\David\Documents\GitHub\373proj\Xpresso\Joystick\lib_small_printf_m0\Lib\liblib_small_printf_m0.a
START GROUP
LOAD c:/nxp/lpcxpresso_5.1.2_2065/lpcxpresso/tools/bin/../lib/gcc/arm-none-eabi/4.6.2/../../../../arm-none-eabi/lib/armv6-m\libcr_c.a
LOAD c:/nxp/lpcxpresso_5.1.2_2065/lpcxpresso/tools/bin/../lib/gcc/arm-none-eabi/4.6.2/../../../../arm-none-eabi/lib/armv6-m\libcr_semihost.a
LOAD c:/nxp/lpcxpresso_5.1.2_2065/lpcxpresso/tools/bin/../lib/gcc/arm-none-eabi/4.6.2/armv6-m\libcr_eabihelpers.a
END GROUP
                0x00008000                __top_MFlash32 = 0x8000
                0x10002000                __top_RamLoc8 = 0x10002000

.text           0x00000000     0x1163
 FILL mask 0xff
 *(.isr_vector)
 .isr_vector    0x00000000       0xc0 ./config/intpriority_cr_startup_lpc11.o
                0x00000000                g_pfnVectors
 *(.text.Reset_Handler .text.SystemInit)
 .text.SystemInit
                0x000000c0      0x108 ./cmsis/system_LPC11xx.o
                0x000000c0                SystemInit
                0x000002fc                . = 0x2fc
 *fill*         0x000001c8      0x134 ff
 *(.crp)
 .crp           0x000002fc        0x4 ./driver/crp.o
                0x000002fc                CRP_WORD
 *(.text*)
 .text.__enable_irq
                0x00000300        0xc ./src/intpriority_main.o
 .text.__disable_irq
                0x0000030c        0xc ./src/intpriority_main.o
 .text.NVIC_EnableIRQ
                0x00000318       0x2c ./src/intpriority_main.o
 .text.NVIC_SetPriority
                0x00000344       0xe0 ./src/intpriority_main.o
 .text.WAKEUP1_IRQHandler
                0x00000424       0x60 ./src/intpriority_main.o
                0x00000424                WAKEUP1_IRQHandler
 .text.WAKEUP2_IRQHandler
                0x00000484       0x60 ./src/intpriority_main.o
                0x00000484                WAKEUP2_IRQHandler
 .text.WAKEUP3_IRQHandler
                0x000004e4       0x60 ./src/intpriority_main.o
                0x000004e4                WAKEUP3_IRQHandler
 .text.WAKEUP6_IRQHandler
                0x00000544       0x60 ./src/intpriority_main.o
                0x00000544                WAKEUP6_IRQHandler
 .text.WAKEUP7_IRQHandler
                0x000005a4       0x60 ./src/intpriority_main.o
                0x000005a4                WAKEUP7_IRQHandler
 .text.WAKEUP8_IRQHandler
                0x00000604       0x64 ./src/intpriority_main.o
                0x00000604                WAKEUP8_IRQHandler
 .text.WAKEUP9_IRQHandler
                0x00000668       0x64 ./src/intpriority_main.o
                0x00000668                WAKEUP9_IRQHandler
 .text.WAKEUP11_IRQHandler
                0x000006cc       0x64 ./src/intpriority_main.o
                0x000006cc                WAKEUP11_IRQHandler
 .text.main     0x00000730      0x250 ./src/intpriority_main.o
                0x00000730                main
 .text._debug_printf_flush
                0x00000980       0xa8 ./driver/debug_printf.o
                0x00000980                _debug_printf_flush
 .text._debug_putchar
                0x00000a28       0x88 ./driver/debug_printf.o
                0x00000a28                _debug_putchar
 .text._debug_printf
                0x00000ab0       0x30 ./driver/debug_printf.o
                0x00000ab0                _debug_printf
 .text.ResetISR
                0x00000ae0       0x64 ./config/intpriority_cr_startup_lpc11.o
                0x00000ae0                ResetISR
 .text.NMI_Handler
                0x00000b44        0x8 ./config/intpriority_cr_startup_lpc11.o
                0x00000b44                NMI_Handler
 .text.HardFault_Handler
                0x00000b4c        0x8 ./config/intpriority_cr_startup_lpc11.o
                0x00000b4c                HardFault_Handler
 .text.SVCall_Handler
                0x00000b54        0x8 ./config/intpriority_cr_startup_lpc11.o
                0x00000b54                SVCall_Handler
 .text.PendSV_Handler
                0x00000b5c        0x8 ./config/intpriority_cr_startup_lpc11.o
                0x00000b5c                PendSV_Handler
 .text.SysTick_Handler
                0x00000b64        0x8 ./config/intpriority_cr_startup_lpc11.o
                0x00000b64                SysTick_Handler
 .text.IntDefaultHandler
                0x00000b6c        0x8 ./config/intpriority_cr_startup_lpc11.o
                0x00000b6c                TIMER16_0_IRQHandler
                0x00000b6c                UART_IRQHandler
                0x00000b6c                TIMER32_0_IRQHandler
                0x00000b6c                TIMER32_1_IRQHandler
                0x00000b6c                IntDefaultHandler
                0x00000b6c                PIOINT1_IRQHandler
                0x00000b6c                CAN_IRQHandler
                0x00000b6c                SSP0_IRQHandler
                0x00000b6c                TIMER16_1_IRQHandler
                0x00000b6c                ADC_IRQHandler
                0x00000b6c                SSP1_IRQHandler
                0x00000b6c                PIOINT2_IRQHandler
                0x00000b6c                BOD_IRQHandler
                0x00000b6c                WAKEUP_IRQHandler
                0x00000b6c                PIOINT0_IRQHandler
                0x00000b6c                I2C_IRQHandler
                0x00000b6c                WDT_IRQHandler
                0x00000b6c                PIOINT3_IRQHandler
 .text.__NOP    0x00000b74        0xc ./cmsis/system_LPC11xx.o
 .text.SystemCoreClockUpdate
                0x00000b80      0x230 ./cmsis/system_LPC11xx.o
                0x00000b80                SystemCoreClockUpdate
 .text.printf_format_nofloat
                0x00000db0      0x18c C:\Users\David\Documents\GitHub\373proj\Xpresso\Joystick\lib_small_printf_m0\Lib\liblib_small_printf_m0.a(small_printf_nofloat.o)
                0x00000db0                printf_format_nofloat
 .text.prints   0x00000f3c       0x7a C:\Users\David\Documents\GitHub\373proj\Xpresso\Joystick\lib_small_printf_m0\Lib\liblib_small_printf_m0.a(small_printf_support.o)
                0x00000f3c                prints
 .text.printi   0x00000fb6       0xa4 C:\Users\David\Documents\GitHub\373proj\Xpresso\Joystick\lib_small_printf_m0\Lib\liblib_small_printf_m0.a(small_printf_support.o)
                0x00000fb6                printi
 .text.__weak_main
                0x0000105a        0x8 c:/nxp/lpcxpresso_5.1.2_2065/lpcxpresso/tools/bin/../lib/gcc/arm-none-eabi/4.6.2/../../../../arm-none-eabi/lib/armv6-m\libcr_c.a(__weak__main.o)
                0x0000105a                __weak_main
                0x0000105a                __main
 .text.__sys_write
                0x00001062        0xc c:/nxp/lpcxpresso_5.1.2_2065/lpcxpresso/tools/bin/../lib/gcc/arm-none-eabi/4.6.2/../../../../arm-none-eabi/lib/armv6-m\libcr_semihost.a(__sys_write.o)
                0x00001062                __sys_write
                0x00001062                __write
 .text.__aeabi_division_idivmod
                0x0000106e        0x6 c:/nxp/lpcxpresso_5.1.2_2065/lpcxpresso/tools/bin/../lib/gcc/arm-none-eabi/4.6.2/armv6-m\libcr_eabihelpers.a(division.o)
                0x0000106e                __aeabi_idivmod
                0x0000106e                __aeabi_idiv
 .text.__aeabi_division_uidivmod
                0x00001074       0x72 c:/nxp/lpcxpresso_5.1.2_2065/lpcxpresso/tools/bin/../lib/gcc/arm-none-eabi/4.6.2/armv6-m\libcr_eabihelpers.a(division.o)
                0x00001074                __aeabi_uidivmod
                0x00001074                __aeabi_uidiv
 .text.__aeabi_division_idiv0
                0x000010e6        0x2 c:/nxp/lpcxpresso_5.1.2_2065/lpcxpresso/tools/bin/../lib/gcc/arm-none-eabi/4.6.2/armv6-m\libcr_eabihelpers.a(division.o)
                0x000010e6                __aeabi_idiv0
 *(.rodata*)
 .rodata        0x000010e8       0x34 ./src/intpriority_main.o
 .rodata.SystemCoreClockUpdate
                0x0000111c       0x40 ./cmsis/system_LPC11xx.o
 .rodata.str1.1
                0x0000115c        0x7 C:\Users\David\Documents\GitHub\373proj\Xpresso\Joystick\lib_small_printf_m0\Lib\liblib_small_printf_m0.a(small_printf_nofloat.o)

.glue_7         0x00001164        0x0
 .glue_7        0x00000000        0x0 linker stubs

.glue_7t        0x00001164        0x0
 .glue_7t       0x00000000        0x0 linker stubs

.vfp11_veneer   0x00001164        0x0
 .vfp11_veneer  0x00000000        0x0 linker stubs

.v4_bx          0x00001164        0x0
 .v4_bx         0x00000000        0x0 linker stubs

.ARM.extab
 *(.ARM.extab* .gnu.linkonce.armextab.*)
                0x00001164                __exidx_start = .

.ARM.exidx
 *(.ARM.exidx* .gnu.linkonce.armexidx.*)
                0x00001164                __exidx_end = .
                0x00001164                _etext = .

.data           0x10000000        0x4 load address 0x00001164
                0x10000000                _data = .
 *(vtable)
 *(.data*)
 .data.SystemCoreClock
                0x10000000        0x4 ./cmsis/system_LPC11xx.o
                0x10000000                SystemCoreClock
                0x10000004                _edata = .

.bss            0x10000004      0x244 load address 0x00001168
                0x10000004                _bss = .
 *(.bss*)
 .bss.debug_write_buf
                0x10000004       0x54 ./driver/debug_printf.o
 .bss.debug_buf_read_index
                0x10000058        0x1 ./driver/debug_printf.o
 .bss.debug_buf_write_index
                0x10000059        0x1 ./driver/debug_printf.o
 *(COMMON)
 *fill*         0x1000005a        0x2 00
 COMMON         0x1000005c      0x1ec ./src/intpriority_main.o
                0x1000005c                IRIdx
                0x10000060                priLUT
                0x100000e0                IR
                0x10000248                _ebss = .

.cr_heap        0x10000248        0x0 load address 0x00001168
                0x10000248                end = .
                0x10000248                _pvHeapStart = .
                0x10002000                _vRamTop = __top_RamLoc8
                0x10002000                _vStackTop = _vRamTop
OUTPUT(intpriority.axf elf32-littlearm)

.debug_info     0x00000000     0x223c
 .debug_info    0x00000000      0xe5d ./src/intpriority_main.o
 .debug_info    0x00000e5d       0x92 ./driver/crp.o
 .debug_info    0x00000eef      0x257 ./driver/debug_printf.o
 .debug_info    0x00001146      0x1ec ./config/intpriority_cr_startup_lpc11.o
 .debug_info    0x00001332      0x2ab ./cmsis/core_cm0.o
 .debug_info    0x000015dd      0x581 ./cmsis/system_LPC11xx.o
 .debug_info    0x00001b5e      0x257 C:\Users\David\Documents\GitHub\373proj\Xpresso\Joystick\lib_small_printf_m0\Lib\liblib_small_printf_m0.a(small_printf_nofloat.o)
 .debug_info    0x00001db5      0x2c0 C:\Users\David\Documents\GitHub\373proj\Xpresso\Joystick\lib_small_printf_m0\Lib\liblib_small_printf_m0.a(small_printf_support.o)
 .debug_info    0x00002075      0x1c7 C:\Users\David\Documents\GitHub\373proj\Xpresso\Joystick\lib_small_printf_m0\Lib\liblib_small_printf_m0.a(small_utils.o)

.debug_abbrev   0x00000000      0x92c
 .debug_abbrev  0x00000000      0x1de ./src/intpriority_main.o
 .debug_abbrev  0x000001de       0x51 ./driver/crp.o
 .debug_abbrev  0x0000022f      0x120 ./driver/debug_printf.o
 .debug_abbrev  0x0000034f       0xb4 ./config/intpriority_cr_startup_lpc11.o
 .debug_abbrev  0x00000403       0xd0 ./cmsis/core_cm0.o
 .debug_abbrev  0x000004d3      0x123 ./cmsis/system_LPC11xx.o
 .debug_abbrev  0x000005f6      0x15f C:\Users\David\Documents\GitHub\373proj\Xpresso\Joystick\lib_small_printf_m0\Lib\liblib_small_printf_m0.a(small_printf_nofloat.o)
 .debug_abbrev  0x00000755      0x11e C:\Users\David\Documents\GitHub\373proj\Xpresso\Joystick\lib_small_printf_m0\Lib\liblib_small_printf_m0.a(small_printf_support.o)
 .debug_abbrev  0x00000873       0xb9 C:\Users\David\Documents\GitHub\373proj\Xpresso\Joystick\lib_small_printf_m0\Lib\liblib_small_printf_m0.a(small_utils.o)

.debug_loc      0x00000000     0x1111
 .debug_loc     0x00000000      0x2c0 ./src/intpriority_main.o
 .debug_loc     0x000002c0      0x124 ./driver/debug_printf.o
 .debug_loc     0x000003e4      0x140 ./config/intpriority_cr_startup_lpc11.o
 .debug_loc     0x00000524      0x188 ./cmsis/core_cm0.o
 .debug_loc     0x000006ac       0x9c ./cmsis/system_LPC11xx.o
 .debug_loc     0x00000748      0x4ad C:\Users\David\Documents\GitHub\373proj\Xpresso\Joystick\lib_small_printf_m0\Lib\liblib_small_printf_m0.a(small_printf_nofloat.o)
 .debug_loc     0x00000bf5      0x2de C:\Users\David\Documents\GitHub\373proj\Xpresso\Joystick\lib_small_printf_m0\Lib\liblib_small_printf_m0.a(small_printf_support.o)
 .debug_loc     0x00000ed3      0x23e C:\Users\David\Documents\GitHub\373proj\Xpresso\Joystick\lib_small_printf_m0\Lib\liblib_small_printf_m0.a(small_utils.o)

.debug_aranges  0x00000000      0x260
 .debug_aranges
                0x00000000       0x80 ./src/intpriority_main.o
 .debug_aranges
                0x00000080       0x40 ./driver/debug_printf.o
 .debug_aranges
                0x000000c0       0x50 ./config/intpriority_cr_startup_lpc11.o
 .debug_aranges
                0x00000110       0x70 ./cmsis/core_cm0.o
 .debug_aranges
                0x00000180       0x30 ./cmsis/system_LPC11xx.o
 .debug_aranges
                0x000001b0       0x30 C:\Users\David\Documents\GitHub\373proj\Xpresso\Joystick\lib_small_printf_m0\Lib\liblib_small_printf_m0.a(small_printf_nofloat.o)
 .debug_aranges
                0x000001e0       0x38 C:\Users\David\Documents\GitHub\373proj\Xpresso\Joystick\lib_small_printf_m0\Lib\liblib_small_printf_m0.a(small_printf_support.o)
 .debug_aranges
                0x00000218       0x48 C:\Users\David\Documents\GitHub\373proj\Xpresso\Joystick\lib_small_printf_m0\Lib\liblib_small_printf_m0.a(small_utils.o)

.debug_ranges   0x00000000      0x1e0
 .debug_ranges  0x00000000       0x70 ./src/intpriority_main.o
 .debug_ranges  0x00000070       0x30 ./driver/debug_printf.o
 .debug_ranges  0x000000a0       0x40 ./config/intpriority_cr_startup_lpc11.o
 .debug_ranges  0x000000e0       0x60 ./cmsis/core_cm0.o
 .debug_ranges  0x00000140       0x20 ./cmsis/system_LPC11xx.o
 .debug_ranges  0x00000160       0x20 C:\Users\David\Documents\GitHub\373proj\Xpresso\Joystick\lib_small_printf_m0\Lib\liblib_small_printf_m0.a(small_printf_nofloat.o)
 .debug_ranges  0x00000180       0x28 C:\Users\David\Documents\GitHub\373proj\Xpresso\Joystick\lib_small_printf_m0\Lib\liblib_small_printf_m0.a(small_printf_support.o)
 .debug_ranges  0x000001a8       0x38 C:\Users\David\Documents\GitHub\373proj\Xpresso\Joystick\lib_small_printf_m0\Lib\liblib_small_printf_m0.a(small_utils.o)

.debug_line     0x00000000     0x239c
 .debug_line    0x00000000      0x57a ./src/intpriority_main.o
 .debug_line    0x0000057a      0x359 ./driver/crp.o
 .debug_line    0x000008d3      0x4ae ./driver/debug_printf.o
 .debug_line    0x00000d81      0x3db ./config/intpriority_cr_startup_lpc11.o
 .debug_line    0x0000115c      0x3d7 ./cmsis/core_cm0.o
 .debug_line    0x00001533      0x3e8 ./cmsis/system_LPC11xx.o
 .debug_line    0x0000191b      0x460 C:\Users\David\Documents\GitHub\373proj\Xpresso\Joystick\lib_small_printf_m0\Lib\liblib_small_printf_m0.a(small_printf_nofloat.o)
 .debug_line    0x00001d7b      0x4ad C:\Users\David\Documents\GitHub\373proj\Xpresso\Joystick\lib_small_printf_m0\Lib\liblib_small_printf_m0.a(small_printf_support.o)
 .debug_line    0x00002228      0x174 C:\Users\David\Documents\GitHub\373proj\Xpresso\Joystick\lib_small_printf_m0\Lib\liblib_small_printf_m0.a(small_utils.o)

.debug_macinfo  0x00000000    0x29717
 .debug_macinfo
                0x00000000     0x6070 ./src/intpriority_main.o
 .debug_macinfo
                0x00006070     0x5e94 ./driver/crp.o
 .debug_macinfo
                0x0000bf04     0x6046 ./driver/debug_printf.o
 .debug_macinfo
                0x00011f4a     0x3e81 ./config/intpriority_cr_startup_lpc11.o
 .debug_macinfo
                0x00015dcb     0x3c3b ./cmsis/core_cm0.o
 .debug_macinfo
                0x00019a06     0x5ed8 ./cmsis/system_LPC11xx.o
 .debug_macinfo
                0x0001f8de     0x3dd1 C:\Users\David\Documents\GitHub\373proj\Xpresso\Joystick\lib_small_printf_m0\Lib\liblib_small_printf_m0.a(small_printf_nofloat.o)
 .debug_macinfo
                0x000236af     0x3de0 C:\Users\David\Documents\GitHub\373proj\Xpresso\Joystick\lib_small_printf_m0\Lib\liblib_small_printf_m0.a(small_printf_support.o)
 .debug_macinfo
                0x0002748f     0x2288 C:\Users\David\Documents\GitHub\373proj\Xpresso\Joystick\lib_small_printf_m0\Lib\liblib_small_printf_m0.a(small_utils.o)

.debug_str      0x00000000      0xd8d
 .debug_str     0x00000000      0x8b6 ./src/intpriority_main.o
                                0x8e7 (size before relaxing)
 .debug_str     0x000008b6       0x19 ./driver/crp.o
                                0x12f (size before relaxing)
 .debug_str     0x000008cf       0xf6 ./driver/debug_printf.o
                                0x210 (size before relaxing)
 .debug_str     0x000009c5       0xcb ./config/intpriority_cr_startup_lpc11.o
                                0x1ea (size before relaxing)
 .debug_str     0x00000a90       0xce ./cmsis/core_cm0.o
                                0x1f4 (size before relaxing)
 .debug_str     0x00000b5e       0x49 ./cmsis/system_LPC11xx.o
                                0x41b (size before relaxing)
 .debug_str     0x00000ba7       0xd3 C:\Users\David\Documents\GitHub\373proj\Xpresso\Joystick\lib_small_printf_m0\Lib\liblib_small_printf_m0.a(small_printf_nofloat.o)
                                0x1e5 (size before relaxing)
 .debug_str     0x00000c7a       0xad C:\Users\David\Documents\GitHub\373proj\Xpresso\Joystick\lib_small_printf_m0\Lib\liblib_small_printf_m0.a(small_printf_support.o)
                                0x202 (size before relaxing)
 .debug_str     0x00000d27       0x66 C:\Users\David\Documents\GitHub\373proj\Xpresso\Joystick\lib_small_printf_m0\Lib\liblib_small_printf_m0.a(small_utils.o)
                                0x132 (size before relaxing)

.comment        0x00000000       0xe0
 .comment       0x00000000       0x70 ./src/intpriority_main.o
                                 0x71 (size before relaxing)
 .comment       0x00000000       0x71 ./driver/crp.o
 .comment       0x00000000       0x71 ./driver/debug_printf.o
 .comment       0x00000000       0x71 ./config/intpriority_cr_startup_lpc11.o
 .comment       0x00000000       0x71 ./cmsis/core_cm0.o
 .comment       0x00000000       0x71 ./cmsis/system_LPC11xx.o
 .comment       0x00000000       0x71 C:\Users\David\Documents\GitHub\373proj\Xpresso\Joystick\lib_small_printf_m0\Lib\liblib_small_printf_m0.a(small_printf_nofloat.o)
 .comment       0x00000000       0x71 C:\Users\David\Documents\GitHub\373proj\Xpresso\Joystick\lib_small_printf_m0\Lib\liblib_small_printf_m0.a(small_printf_support.o)
 .comment       0x00000000       0x71 C:\Users\David\Documents\GitHub\373proj\Xpresso\Joystick\lib_small_printf_m0\Lib\liblib_small_printf_m0.a(small_utils.o)
 .comment       0x00000070       0x70 c:/nxp/lpcxpresso_5.1.2_2065/lpcxpresso/tools/bin/../lib/gcc/arm-none-eabi/4.6.2/../../../../arm-none-eabi/lib/armv6-m\libcr_c.a(__weak__main.o)
                                 0x71 (size before relaxing)
 .comment       0x00000000       0x71 c:/nxp/lpcxpresso_5.1.2_2065/lpcxpresso/tools/bin/../lib/gcc/arm-none-eabi/4.6.2/armv6-m\libcr_eabihelpers.a(double.o)

.ARM.attributes
                0x00000000       0x2f
 .ARM.attributes
                0x00000000       0x31 ./src/intpriority_main.o
 .ARM.attributes
                0x00000031       0x31 ./driver/crp.o
 .ARM.attributes
                0x00000062       0x31 ./driver/debug_printf.o
 .ARM.attributes
                0x00000093       0x31 ./config/intpriority_cr_startup_lpc11.o
 .ARM.attributes
                0x000000c4       0x31 ./cmsis/core_cm0.o
 .ARM.attributes
                0x000000f5       0x31 ./cmsis/system_LPC11xx.o
 .ARM.attributes
                0x00000126       0x31 C:\Users\David\Documents\GitHub\373proj\Xpresso\Joystick\lib_small_printf_m0\Lib\liblib_small_printf_m0.a(small_printf_nofloat.o)
 .ARM.attributes
                0x00000157       0x31 C:\Users\David\Documents\GitHub\373proj\Xpresso\Joystick\lib_small_printf_m0\Lib\liblib_small_printf_m0.a(small_printf_support.o)
 .ARM.attributes
                0x00000188       0x31 C:\Users\David\Documents\GitHub\373proj\Xpresso\Joystick\lib_small_printf_m0\Lib\liblib_small_printf_m0.a(small_utils.o)
 .ARM.attributes
                0x000001b9       0x31 c:/nxp/lpcxpresso_5.1.2_2065/lpcxpresso/tools/bin/../lib/gcc/arm-none-eabi/4.6.2/../../../../arm-none-eabi/lib/armv6-m\libcr_c.a(__weak__main.o)
 .ARM.attributes
                0x000001ea       0x21 c:/nxp/lpcxpresso_5.1.2_2065/lpcxpresso/tools/bin/../lib/gcc/arm-none-eabi/4.6.2/../../../../arm-none-eabi/lib/armv6-m\libcr_semihost.a(__sys_write.o)
 .ARM.attributes
                0x0000020b       0x21 c:/nxp/lpcxpresso_5.1.2_2065/lpcxpresso/tools/bin/../lib/gcc/arm-none-eabi/4.6.2/armv6-m\libcr_eabihelpers.a(division.o)
 .ARM.attributes
                0x0000022c       0x31 c:/nxp/lpcxpresso_5.1.2_2065/lpcxpresso/tools/bin/../lib/gcc/arm-none-eabi/4.6.2/armv6-m\libcr_eabihelpers.a(double.o)
 .ARM.attributes
                0x0000025d       0x21 c:/nxp/lpcxpresso_5.1.2_2065/lpcxpresso/tools/bin/../lib/gcc/arm-none-eabi/4.6.2/armv6-m\libcr_eabihelpers.a(llong.o)

.debug_frame    0x00000000      0x668
 .debug_frame   0x00000000      0x1b0 ./src/intpriority_main.o
 .debug_frame   0x000001b0       0xb0 ./driver/debug_printf.o
 .debug_frame   0x00000260       0xd8 ./config/intpriority_cr_startup_lpc11.o
 .debug_frame   0x00000338      0x130 ./cmsis/core_cm0.o
 .debug_frame   0x00000468       0x6c ./cmsis/system_LPC11xx.o
 .debug_frame   0x000004d4       0x6c C:\Users\David\Documents\GitHub\373proj\Xpresso\Joystick\lib_small_printf_m0\Lib\liblib_small_printf_m0.a(small_printf_nofloat.o)
 .debug_frame   0x00000540       0x7c C:\Users\David\Documents\GitHub\373proj\Xpresso\Joystick\lib_small_printf_m0\Lib\liblib_small_printf_m0.a(small_printf_support.o)
 .debug_frame   0x000005bc       0xac C:\Users\David\Documents\GitHub\373proj\Xpresso\Joystick\lib_small_printf_m0\Lib\liblib_small_printf_m0.a(small_utils.o)
