Archive member included because of file (symbol)

/Applications/lpcxpresso_5.1.2_2065/lpcxpresso/tools/bin/../lib/gcc/arm-none-eabi/4.6.2/../../../../arm-none-eabi/lib/armv6-m/libcr_c.a(__weak__main.o)
                              ./startup/cr_startup_lpc11.o (__main)
/Applications/lpcxpresso_5.1.2_2065/lpcxpresso/tools/bin/../lib/gcc/arm-none-eabi/4.6.2/armv6-m/libcr_eabihelpers.a(division.o)
                              ./cmsis/system_LPC11xx.o (__aeabi_uidiv)

Discarded input sections

 .text          0x0000000000000000        0x0 ./startup/cr_startup_lpc11.o
 .data          0x0000000000000000        0x0 ./startup/cr_startup_lpc11.o
 .bss           0x0000000000000000        0x0 ./startup/cr_startup_lpc11.o
 .text          0x0000000000000000        0x0 ./src/extint_main.o
 .data          0x0000000000000000        0x0 ./src/extint_main.o
 .bss           0x0000000000000000        0x0 ./src/extint_main.o
 .rodata.LPC_GPIO
                0x0000000000000000       0x10 ./src/extint_main.o
 .text          0x0000000000000000        0x0 ./driver/can.o
 .data          0x0000000000000000        0x0 ./driver/can.o
 .bss           0x0000000000000000        0x0 ./driver/can.o
 .text          0x0000000000000000        0x0 ./driver/crp.o
 .data          0x0000000000000000        0x0 ./driver/crp.o
 .bss           0x0000000000000000        0x0 ./driver/crp.o
 .text          0x0000000000000000        0x0 ./driver/gpio.o
 .data          0x0000000000000000        0x0 ./driver/gpio.o
 .bss           0x0000000000000000        0x0 ./driver/gpio.o
 .text.GPIOIntDisable
                0x0000000000000000       0xa8 ./driver/gpio.o
 .text.GPIOSetValue
                0x0000000000000000       0x38 ./driver/gpio.o
 .text          0x0000000000000000        0x0 ./cmsis/core_cm0.o
 .data          0x0000000000000000        0x0 ./cmsis/core_cm0.o
 .bss           0x0000000000000000        0x0 ./cmsis/core_cm0.o
 .text.__get_PSP
                0x0000000000000000        0x8 ./cmsis/core_cm0.o
 .text.__set_PSP
                0x0000000000000000        0x6 ./cmsis/core_cm0.o
 .text.__get_MSP
                0x0000000000000000        0x8 ./cmsis/core_cm0.o
 .text.__set_MSP
                0x0000000000000000        0x6 ./cmsis/core_cm0.o
 .text.__get_PRIMASK
                0x0000000000000000        0x6 ./cmsis/core_cm0.o
 .text.__set_PRIMASK
                0x0000000000000000        0x6 ./cmsis/core_cm0.o
 .text.__get_CONTROL
                0x0000000000000000        0x6 ./cmsis/core_cm0.o
 .text.__set_CONTROL
                0x0000000000000000        0x6 ./cmsis/core_cm0.o
 .text.__REV    0x0000000000000000        0x4 ./cmsis/core_cm0.o
 .text.__REV16  0x0000000000000000        0x4 ./cmsis/core_cm0.o
 .text.__REVSH  0x0000000000000000        0x4 ./cmsis/core_cm0.o
 .text          0x0000000000000000        0x0 ./cmsis/system_LPC11xx.o
 .data          0x0000000000000000        0x0 ./cmsis/system_LPC11xx.o
 .bss           0x0000000000000000        0x0 ./cmsis/system_LPC11xx.o
 .text          0x0000000000000000        0x0 /Applications/lpcxpresso_5.1.2_2065/lpcxpresso/tools/bin/../lib/gcc/arm-none-eabi/4.6.2/../../../../arm-none-eabi/lib/armv6-m/libcr_c.a(__weak__main.o)
 .data          0x0000000000000000        0x0 /Applications/lpcxpresso_5.1.2_2065/lpcxpresso/tools/bin/../lib/gcc/arm-none-eabi/4.6.2/../../../../arm-none-eabi/lib/armv6-m/libcr_c.a(__weak__main.o)
 .bss           0x0000000000000000        0x0 /Applications/lpcxpresso_5.1.2_2065/lpcxpresso/tools/bin/../lib/gcc/arm-none-eabi/4.6.2/../../../../arm-none-eabi/lib/armv6-m/libcr_c.a(__weak__main.o)
 .text          0x0000000000000000        0x0 /Applications/lpcxpresso_5.1.2_2065/lpcxpresso/tools/bin/../lib/gcc/arm-none-eabi/4.6.2/armv6-m/libcr_eabihelpers.a(division.o)
 .data          0x0000000000000000        0x0 /Applications/lpcxpresso_5.1.2_2065/lpcxpresso/tools/bin/../lib/gcc/arm-none-eabi/4.6.2/armv6-m/libcr_eabihelpers.a(division.o)
 .bss           0x0000000000000000        0x0 /Applications/lpcxpresso_5.1.2_2065/lpcxpresso/tools/bin/../lib/gcc/arm-none-eabi/4.6.2/armv6-m/libcr_eabihelpers.a(division.o)
 .text.__aeabi_division_idivmod
                0x0000000000000000        0x6 /Applications/lpcxpresso_5.1.2_2065/lpcxpresso/tools/bin/../lib/gcc/arm-none-eabi/4.6.2/armv6-m/libcr_eabihelpers.a(division.o)
 .text.__aeabi_division_uldivmod
                0x0000000000000000       0x5a /Applications/lpcxpresso_5.1.2_2065/lpcxpresso/tools/bin/../lib/gcc/arm-none-eabi/4.6.2/armv6-m/libcr_eabihelpers.a(division.o)
 .text.__aeabi_division_ldivmod
                0x0000000000000000       0x32 /Applications/lpcxpresso_5.1.2_2065/lpcxpresso/tools/bin/../lib/gcc/arm-none-eabi/4.6.2/armv6-m/libcr_eabihelpers.a(division.o)
 .text.__aeabi_division_ldiv0
                0x0000000000000000        0x2 /Applications/lpcxpresso_5.1.2_2065/lpcxpresso/tools/bin/../lib/gcc/arm-none-eabi/4.6.2/armv6-m/libcr_eabihelpers.a(division.o)
 .text.__aeabi_division_idivq31+15
                0x0000000000000000      0x188 /Applications/lpcxpresso_5.1.2_2065/lpcxpresso/tools/bin/../lib/gcc/arm-none-eabi/4.6.2/armv6-m/libcr_eabihelpers.a(division.o)

Memory Configuration

Name             Origin             Length             Attributes
MFlash32         0x0000000000000000 0x0000000000008000 xr
RamLoc8          0x0000000010000000 0x0000000000002000 xrw
*default*        0x0000000000000000 0xffffffffffffffff

Linker script and memory map

LOAD ./startup/cr_startup_lpc11.o
LOAD ./src/extint_main.o
LOAD ./driver/can.o
LOAD ./driver/crp.o
LOAD ./driver/gpio.o
LOAD ./cmsis/core_cm0.o
LOAD ./cmsis/system_LPC11xx.o
START GROUP
LOAD /Applications/lpcxpresso_5.1.2_2065/lpcxpresso/tools/bin/../lib/gcc/arm-none-eabi/4.6.2/../../../../arm-none-eabi/lib/armv6-m/libcr_c.a
LOAD /Applications/lpcxpresso_5.1.2_2065/lpcxpresso/tools/bin/../lib/gcc/arm-none-eabi/4.6.2/../../../../arm-none-eabi/lib/armv6-m/libcr_semihost.a
LOAD /Applications/lpcxpresso_5.1.2_2065/lpcxpresso/tools/bin/../lib/gcc/arm-none-eabi/4.6.2/armv6-m/libcr_eabihelpers.a
END GROUP
                0x0000000000008000                __top_MFlash32 = 0x8000
                0x0000000010002000                __top_RamLoc8 = 0x10002000

.text           0x0000000000000000      0xb90
 FILL mask 0xff
 *(.isr_vector)
 .isr_vector    0x0000000000000000       0xc0 ./startup/cr_startup_lpc11.o
                0x0000000000000000                g_pfnVectors
 *(.text.Reset_Handler .text.SystemInit)
 .text.SystemInit
                0x00000000000000c0       0xb0 ./cmsis/system_LPC11xx.o
                0x00000000000000c0                SystemInit
                0x00000000000002fc                . = 0x2fc
 *fill*         0x0000000000000170      0x18c ff
 *(.crp)
 .crp           0x00000000000002fc        0x4 ./driver/crp.o
                0x00000000000002fc                CRP_WORD
 *(.text*)
 .text.ResetISR
                0x0000000000000300       0x64 ./startup/cr_startup_lpc11.o
                0x0000000000000300                ResetISR
 .text.NMI_Handler
                0x0000000000000364        0x8 ./startup/cr_startup_lpc11.o
                0x0000000000000364                NMI_Handler
 .text.HardFault_Handler
                0x000000000000036c        0x8 ./startup/cr_startup_lpc11.o
                0x000000000000036c                HardFault_Handler
 .text.SVCall_Handler
                0x0000000000000374        0x8 ./startup/cr_startup_lpc11.o
                0x0000000000000374                SVCall_Handler
 .text.PendSV_Handler
                0x000000000000037c        0x8 ./startup/cr_startup_lpc11.o
                0x000000000000037c                PendSV_Handler
 .text.SysTick_Handler
                0x0000000000000384        0x8 ./startup/cr_startup_lpc11.o
                0x0000000000000384                SysTick_Handler
 .text.IntDefaultHandler
                0x000000000000038c        0x8 ./startup/cr_startup_lpc11.o
                0x000000000000038c                PIOINT3_IRQHandler
                0x000000000000038c                UART_IRQHandler
                0x000000000000038c                TIMER32_0_IRQHandler
                0x000000000000038c                TIMER32_1_IRQHandler
                0x000000000000038c                IntDefaultHandler
                0x000000000000038c                PIOINT1_IRQHandler
                0x000000000000038c                CAN_IRQHandler
                0x000000000000038c                SSP0_IRQHandler
                0x000000000000038c                TIMER16_1_IRQHandler
                0x000000000000038c                ADC_IRQHandler
                0x000000000000038c                SSP1_IRQHandler
                0x000000000000038c                BOD_IRQHandler
                0x000000000000038c                WAKEUP_IRQHandler
                0x000000000000038c                PIOINT0_IRQHandler
                0x000000000000038c                I2C_IRQHandler
                0x000000000000038c                WDT_IRQHandler
                0x000000000000038c                TIMER16_0_IRQHandler
 .text.main     0x0000000000000394       0x44 ./src/extint_main.o
                0x0000000000000394                main
 .text.NVIC_EnableIRQ
                0x00000000000003d8       0x2c ./driver/gpio.o
 .text.PIOINT2_IRQHandler
                0x0000000000000404       0x44 ./driver/gpio.o
                0x0000000000000404                PIOINT2_IRQHandler
 .text.GPIOInit
                0x0000000000000448       0x24 ./driver/gpio.o
                0x0000000000000448                GPIOInit
 .text.GPIOSetInterrupt
                0x000000000000046c      0x334 ./driver/gpio.o
                0x000000000000046c                GPIOSetInterrupt
 .text.GPIOIntEnable
                0x00000000000007a0       0xa8 ./driver/gpio.o
                0x00000000000007a0                GPIOIntEnable
 .text.GPIOIntStatus
                0x0000000000000848       0xb4 ./driver/gpio.o
                0x0000000000000848                GPIOIntStatus
 .text.GPIOIntClear
                0x00000000000008fc       0xa8 ./driver/gpio.o
                0x00000000000008fc                GPIOIntClear
 .text.GPIOSetDir
                0x00000000000009a4       0x74 ./driver/gpio.o
                0x00000000000009a4                GPIOSetDir
 .text.SystemCoreClockUpdate
                0x0000000000000a18       0xac ./cmsis/system_LPC11xx.o
                0x0000000000000a18                SystemCoreClockUpdate
 .text.__weak_main
                0x0000000000000ac4        0x8 /Applications/lpcxpresso_5.1.2_2065/lpcxpresso/tools/bin/../lib/gcc/arm-none-eabi/4.6.2/../../../../arm-none-eabi/lib/armv6-m/libcr_c.a(__weak__main.o)
                0x0000000000000ac4                __main
                0x0000000000000ac4                __weak_main
 .text.__aeabi_division_uidivmod
                0x0000000000000acc       0x72 /Applications/lpcxpresso_5.1.2_2065/lpcxpresso/tools/bin/../lib/gcc/arm-none-eabi/4.6.2/armv6-m/libcr_eabihelpers.a(division.o)
                0x0000000000000acc                __aeabi_uidiv
                0x0000000000000acc                __aeabi_uidivmod
 .text.__aeabi_division_idiv0
                0x0000000000000b3e        0x2 /Applications/lpcxpresso_5.1.2_2065/lpcxpresso/tools/bin/../lib/gcc/arm-none-eabi/4.6.2/armv6-m/libcr_eabihelpers.a(division.o)
                0x0000000000000b3e                __aeabi_idiv0
 *(.rodata*)
 .rodata.LPC_GPIO
                0x0000000000000b40       0x10 ./driver/gpio.o
 .rodata.CSWTCH.7
                0x0000000000000b50       0x40 ./cmsis/system_LPC11xx.o

.glue_7         0x0000000000000b90        0x0
 .glue_7        0x0000000000000000        0x0 linker stubs

.glue_7t        0x0000000000000b90        0x0
 .glue_7t       0x0000000000000000        0x0 linker stubs

.vfp11_veneer   0x0000000000000b90        0x0
 .vfp11_veneer  0x0000000000000000        0x0 linker stubs

.v4_bx          0x0000000000000b90        0x0
 .v4_bx         0x0000000000000000        0x0 linker stubs

.ARM.extab
 *(.ARM.extab* .gnu.linkonce.armextab.*)
                0x0000000000000b90                __exidx_start = .

.ARM.exidx
 *(.ARM.exidx* .gnu.linkonce.armexidx.*)
                0x0000000000000b90                __exidx_end = .
                0x0000000000000b90                _etext = .

.data           0x0000000010000000        0x4 load address 0x0000000000000b90
                0x0000000010000000                _data = .
 *(vtable)
 *(.data*)
 .data.SystemCoreClock
                0x0000000010000000        0x4 ./cmsis/system_LPC11xx.o
                0x0000000010000000                SystemCoreClock
                0x0000000010000004                _edata = .

.bss            0x0000000010000004        0x8 load address 0x0000000000000b94
                0x0000000010000004                _bss = .
 *(.bss*)
 .bss.gpio2_counter
                0x0000000010000004        0x4 ./driver/gpio.o
                0x0000000010000004                gpio2_counter
 .bss.p2_1_counter
                0x0000000010000008        0x4 ./driver/gpio.o
                0x0000000010000008                p2_1_counter
 *(COMMON)
                0x000000001000000c                _ebss = .

.cr_heap        0x000000001000000c        0x0 load address 0x0000000000000b94
                0x000000001000000c                end = .
                0x000000001000000c                _pvHeapStart = .
                0x0000000010002000                _vRamTop = __top_RamLoc8
                0x0000000010002000                _vStackTop = _vRamTop
OUTPUT(extint.axf elf32-littlearm)

.debug_info     0x0000000000000000     0x1771
 .debug_info    0x0000000000000000      0x1ec ./startup/cr_startup_lpc11.o
 .debug_info    0x00000000000001ec      0x1eb ./src/extint_main.o
 .debug_info    0x00000000000003d7       0x70 ./driver/can.o
 .debug_info    0x0000000000000447       0x92 ./driver/crp.o
 .debug_info    0x00000000000004d9      0xa62 ./driver/gpio.o
 .debug_info    0x0000000000000f3b      0x2ae ./cmsis/core_cm0.o
 .debug_info    0x00000000000011e9      0x588 ./cmsis/system_LPC11xx.o

.debug_abbrev   0x0000000000000000      0x602
 .debug_abbrev  0x0000000000000000       0xb4 ./startup/cr_startup_lpc11.o
 .debug_abbrev  0x00000000000000b4       0xf5 ./src/extint_main.o
 .debug_abbrev  0x00000000000001a9       0x2c ./driver/can.o
 .debug_abbrev  0x00000000000001d5       0x51 ./driver/crp.o
 .debug_abbrev  0x0000000000000226      0x1f0 ./driver/gpio.o
 .debug_abbrev  0x0000000000000416       0xaf ./cmsis/core_cm0.o
 .debug_abbrev  0x00000000000004c5      0x13d ./cmsis/system_LPC11xx.o

.debug_loc      0x0000000000000000      0x546
 .debug_loc     0x0000000000000000      0x140 ./startup/cr_startup_lpc11.o
 .debug_loc     0x0000000000000140       0x38 ./src/extint_main.o
 .debug_loc     0x0000000000000178      0x224 ./driver/gpio.o
 .debug_loc     0x000000000000039c      0x112 ./cmsis/core_cm0.o
 .debug_loc     0x00000000000004ae       0x98 ./cmsis/system_LPC11xx.o

.debug_aranges  0x0000000000000000      0x170
 .debug_aranges
                0x0000000000000000       0x50 ./startup/cr_startup_lpc11.o
 .debug_aranges
                0x0000000000000050       0x20 ./src/extint_main.o
 .debug_aranges
                0x0000000000000070       0x68 ./driver/gpio.o
 .debug_aranges
                0x00000000000000d8       0x70 ./cmsis/core_cm0.o
 .debug_aranges
                0x0000000000000148       0x28 ./cmsis/system_LPC11xx.o

.debug_ranges   0x0000000000000000      0x120
 .debug_ranges  0x0000000000000000       0x40 ./startup/cr_startup_lpc11.o
 .debug_ranges  0x0000000000000040       0x10 ./src/extint_main.o
 .debug_ranges  0x0000000000000050       0x58 ./driver/gpio.o
 .debug_ranges  0x00000000000000a8       0x60 ./cmsis/core_cm0.o
 .debug_ranges  0x0000000000000108       0x18 ./cmsis/system_LPC11xx.o

.debug_line     0x0000000000000000     0x1b30
 .debug_line    0x0000000000000000      0x3fd ./startup/cr_startup_lpc11.o
 .debug_line    0x00000000000003fd      0x3b9 ./src/extint_main.o
 .debug_line    0x00000000000007b6      0x373 ./driver/can.o
 .debug_line    0x0000000000000b29      0x37c ./driver/crp.o
 .debug_line    0x0000000000000ea5      0x4ac ./driver/gpio.o
 .debug_line    0x0000000000001351      0x3f0 ./cmsis/core_cm0.o
 .debug_line    0x0000000000001741      0x3ef ./cmsis/system_LPC11xx.o

.debug_macinfo  0x0000000000000000    0x25201
 .debug_macinfo
                0x0000000000000000     0x3e81 ./startup/cr_startup_lpc11.o
 .debug_macinfo
                0x0000000000003e81     0x5dff ./src/extint_main.o
 .debug_macinfo
                0x0000000000009c80     0x5d93 ./driver/can.o
 .debug_macinfo
                0x000000000000fa13     0x5ee6 ./driver/crp.o
 .debug_macinfo
                0x00000000000158f9     0x5dcb ./driver/gpio.o
 .debug_macinfo
                0x000000000001b6c4     0x3c50 ./cmsis/core_cm0.o
 .debug_macinfo
                0x000000000001f314     0x5eed ./cmsis/system_LPC11xx.o

.debug_str      0x0000000000000000      0x8e0
 .debug_str     0x0000000000000000      0x1b5 ./startup/cr_startup_lpc11.o
                                        0x1e9 (size before relaxing)
 .debug_str     0x00000000000001b5       0x64 ./src/extint_main.o
                                        0x17b (size before relaxing)
 .debug_str     0x0000000000000219       0x10 ./driver/can.o
                                        0x127 (size before relaxing)
 .debug_str     0x0000000000000229       0x19 ./driver/crp.o
                                        0x139 (size before relaxing)
 .debug_str     0x0000000000000242      0x577 ./driver/gpio.o
                                        0x6dd (size before relaxing)
 .debug_str     0x00000000000007b9       0xce ./cmsis/core_cm0.o
                                        0x1fe (size before relaxing)
 .debug_str     0x0000000000000887       0x59 ./cmsis/system_LPC11xx.o
                                        0x425 (size before relaxing)

.comment        0x0000000000000000       0xe0
 .comment       0x0000000000000000       0x70 ./startup/cr_startup_lpc11.o
                                         0x71 (size before relaxing)
 .comment       0x0000000000000000       0x71 ./src/extint_main.o
 .comment       0x0000000000000000       0x71 ./driver/can.o
 .comment       0x0000000000000000       0x71 ./driver/crp.o
 .comment       0x0000000000000000       0x71 ./driver/gpio.o
 .comment       0x0000000000000000       0x71 ./cmsis/core_cm0.o
 .comment       0x0000000000000000       0x71 ./cmsis/system_LPC11xx.o
 .comment       0x0000000000000070       0x70 /Applications/lpcxpresso_5.1.2_2065/lpcxpresso/tools/bin/../lib/gcc/arm-none-eabi/4.6.2/../../../../arm-none-eabi/lib/armv6-m/libcr_c.a(__weak__main.o)
                                         0x71 (size before relaxing)

.ARM.attributes
                0x0000000000000000       0x2f
 .ARM.attributes
                0x0000000000000000       0x31 ./startup/cr_startup_lpc11.o
 .ARM.attributes
                0x0000000000000031       0x31 ./src/extint_main.o
 .ARM.attributes
                0x0000000000000062       0x31 ./driver/can.o
 .ARM.attributes
                0x0000000000000093       0x31 ./driver/crp.o
 .ARM.attributes
                0x00000000000000c4       0x31 ./driver/gpio.o
 .ARM.attributes
                0x00000000000000f5       0x31 ./cmsis/core_cm0.o
 .ARM.attributes
                0x0000000000000126       0x31 ./cmsis/system_LPC11xx.o
 .ARM.attributes
                0x0000000000000157       0x31 /Applications/lpcxpresso_5.1.2_2065/lpcxpresso/tools/bin/../lib/gcc/arm-none-eabi/4.6.2/../../../../arm-none-eabi/lib/armv6-m/libcr_c.a(__weak__main.o)
 .ARM.attributes
                0x0000000000000188       0x21 /Applications/lpcxpresso_5.1.2_2065/lpcxpresso/tools/bin/../lib/gcc/arm-none-eabi/4.6.2/armv6-m/libcr_eabihelpers.a(division.o)

.debug_frame    0x0000000000000000      0x35c
 .debug_frame   0x0000000000000000       0xd8 ./startup/cr_startup_lpc11.o
 .debug_frame   0x00000000000000d8       0x30 ./src/extint_main.o
 .debug_frame   0x0000000000000108      0x14c ./driver/gpio.o
 .debug_frame   0x0000000000000254       0xc0 ./cmsis/core_cm0.o
 .debug_frame   0x0000000000000314       0x48 ./cmsis/system_LPC11xx.o
