Archive member included because of file (symbol)

c:/nxp/lpcxpresso_5.1.2_2065/lpcxpresso/tools/bin/../lib/gcc/arm-none-eabi/4.6.2/../../../../arm-none-eabi/lib/armv6-m\libcr_c.a(__weak__main.o)
                              ./startup/cr_startup_lpc11.o (__main)
c:/nxp/lpcxpresso_5.1.2_2065/lpcxpresso/tools/bin/../lib/gcc/arm-none-eabi/4.6.2/armv6-m\libcr_eabihelpers.a(division.o)
                              ./cmsis/system_LPC11xx.o (__aeabi_uidiv)

Discarded input sections

 .text          0x00000000        0x0 ./startup/cr_startup_lpc11.o
 .data          0x00000000        0x0 ./startup/cr_startup_lpc11.o
 .bss           0x00000000        0x0 ./startup/cr_startup_lpc11.o
 .text          0x00000000        0x0 ./src/extint_main.o
 .data          0x00000000        0x0 ./src/extint_main.o
 .bss           0x00000000        0x0 ./src/extint_main.o
 .rodata.LPC_GPIO
                0x00000000       0x10 ./src/extint_main.o
 .text          0x00000000        0x0 ./driver/can.o
 .data          0x00000000        0x0 ./driver/can.o
 .bss           0x00000000        0x0 ./driver/can.o
 .text          0x00000000        0x0 ./driver/crp.o
 .data          0x00000000        0x0 ./driver/crp.o
 .bss           0x00000000        0x0 ./driver/crp.o
 .text          0x00000000        0x0 ./driver/gpio.o
 .data          0x00000000        0x0 ./driver/gpio.o
 .bss           0x00000000        0x0 ./driver/gpio.o
 .text.GPIOIntDisable
                0x00000000       0xa8 ./driver/gpio.o
 .text.GPIOSetValue
                0x00000000       0x38 ./driver/gpio.o
 .text          0x00000000        0x0 ./cmsis/core_cm0.o
 .data          0x00000000        0x0 ./cmsis/core_cm0.o
 .bss           0x00000000        0x0 ./cmsis/core_cm0.o
 .text.__get_PSP
                0x00000000        0x8 ./cmsis/core_cm0.o
 .text.__set_PSP
                0x00000000        0x6 ./cmsis/core_cm0.o
 .text.__get_MSP
                0x00000000        0x8 ./cmsis/core_cm0.o
 .text.__set_MSP
                0x00000000        0x6 ./cmsis/core_cm0.o
 .text.__get_PRIMASK
                0x00000000        0x6 ./cmsis/core_cm0.o
 .text.__set_PRIMASK
                0x00000000        0x6 ./cmsis/core_cm0.o
 .text.__get_CONTROL
                0x00000000        0x6 ./cmsis/core_cm0.o
 .text.__set_CONTROL
                0x00000000        0x6 ./cmsis/core_cm0.o
 .text.__REV    0x00000000        0x4 ./cmsis/core_cm0.o
 .text.__REV16  0x00000000        0x4 ./cmsis/core_cm0.o
 .text.__REVSH  0x00000000        0x4 ./cmsis/core_cm0.o
 .text          0x00000000        0x0 ./cmsis/system_LPC11xx.o
 .data          0x00000000        0x0 ./cmsis/system_LPC11xx.o
 .bss           0x00000000        0x0 ./cmsis/system_LPC11xx.o
 .text          0x00000000        0x0 c:/nxp/lpcxpresso_5.1.2_2065/lpcxpresso/tools/bin/../lib/gcc/arm-none-eabi/4.6.2/../../../../arm-none-eabi/lib/armv6-m\libcr_c.a(__weak__main.o)
 .data          0x00000000        0x0 c:/nxp/lpcxpresso_5.1.2_2065/lpcxpresso/tools/bin/../lib/gcc/arm-none-eabi/4.6.2/../../../../arm-none-eabi/lib/armv6-m\libcr_c.a(__weak__main.o)
 .bss           0x00000000        0x0 c:/nxp/lpcxpresso_5.1.2_2065/lpcxpresso/tools/bin/../lib/gcc/arm-none-eabi/4.6.2/../../../../arm-none-eabi/lib/armv6-m\libcr_c.a(__weak__main.o)
 .text          0x00000000        0x0 c:/nxp/lpcxpresso_5.1.2_2065/lpcxpresso/tools/bin/../lib/gcc/arm-none-eabi/4.6.2/armv6-m\libcr_eabihelpers.a(division.o)
 .data          0x00000000        0x0 c:/nxp/lpcxpresso_5.1.2_2065/lpcxpresso/tools/bin/../lib/gcc/arm-none-eabi/4.6.2/armv6-m\libcr_eabihelpers.a(division.o)
 .bss           0x00000000        0x0 c:/nxp/lpcxpresso_5.1.2_2065/lpcxpresso/tools/bin/../lib/gcc/arm-none-eabi/4.6.2/armv6-m\libcr_eabihelpers.a(division.o)
 .text.__aeabi_division_idivmod
                0x00000000        0x6 c:/nxp/lpcxpresso_5.1.2_2065/lpcxpresso/tools/bin/../lib/gcc/arm-none-eabi/4.6.2/armv6-m\libcr_eabihelpers.a(division.o)
 .text.__aeabi_division_uldivmod
                0x00000000       0x5a c:/nxp/lpcxpresso_5.1.2_2065/lpcxpresso/tools/bin/../lib/gcc/arm-none-eabi/4.6.2/armv6-m\libcr_eabihelpers.a(division.o)
 .text.__aeabi_division_ldivmod
                0x00000000       0x32 c:/nxp/lpcxpresso_5.1.2_2065/lpcxpresso/tools/bin/../lib/gcc/arm-none-eabi/4.6.2/armv6-m\libcr_eabihelpers.a(division.o)
 .text.__aeabi_division_ldiv0
                0x00000000        0x2 c:/nxp/lpcxpresso_5.1.2_2065/lpcxpresso/tools/bin/../lib/gcc/arm-none-eabi/4.6.2/armv6-m\libcr_eabihelpers.a(division.o)
 .text.__aeabi_division_idivq31+15
                0x00000000      0x188 c:/nxp/lpcxpresso_5.1.2_2065/lpcxpresso/tools/bin/../lib/gcc/arm-none-eabi/4.6.2/armv6-m\libcr_eabihelpers.a(division.o)

Memory Configuration

Name             Origin             Length             Attributes
MFlash32         0x00000000         0x00008000         xr
RamLoc8          0x10000000         0x00002000         xrw
*default*        0x00000000         0xffffffff

Linker script and memory map

LOAD ./startup/cr_startup_lpc11.o
LOAD ./src/extint_main.o
LOAD ./driver/can.o
LOAD ./driver/crp.o
LOAD ./driver/gpio.o
LOAD ./cmsis/core_cm0.o
LOAD ./cmsis/system_LPC11xx.o
START GROUP
LOAD c:/nxp/lpcxpresso_5.1.2_2065/lpcxpresso/tools/bin/../lib/gcc/arm-none-eabi/4.6.2/../../../../arm-none-eabi/lib/armv6-m\libcr_c.a
LOAD c:/nxp/lpcxpresso_5.1.2_2065/lpcxpresso/tools/bin/../lib/gcc/arm-none-eabi/4.6.2/../../../../arm-none-eabi/lib/armv6-m\libcr_semihost.a
LOAD c:/nxp/lpcxpresso_5.1.2_2065/lpcxpresso/tools/bin/../lib/gcc/arm-none-eabi/4.6.2/armv6-m\libcr_eabihelpers.a
END GROUP
                0x00008000                __top_MFlash32 = 0x8000
                0x10002000                __top_RamLoc8 = 0x10002000

.text           0x00000000      0xb90
 FILL mask 0xff
 *(.isr_vector)
 .isr_vector    0x00000000       0xc0 ./startup/cr_startup_lpc11.o
                0x00000000                g_pfnVectors
 *(.text.Reset_Handler .text.SystemInit)
 .text.SystemInit
                0x000000c0       0xb0 ./cmsis/system_LPC11xx.o
                0x000000c0                SystemInit
                0x000002fc                . = 0x2fc
 *fill*         0x00000170      0x18c ff
 *(.crp)
 .crp           0x000002fc        0x4 ./driver/crp.o
                0x000002fc                CRP_WORD
 *(.text*)
 .text.ResetISR
                0x00000300       0x64 ./startup/cr_startup_lpc11.o
                0x00000300                ResetISR
 .text.NMI_Handler
                0x00000364        0x8 ./startup/cr_startup_lpc11.o
                0x00000364                NMI_Handler
 .text.HardFault_Handler
                0x0000036c        0x8 ./startup/cr_startup_lpc11.o
                0x0000036c                HardFault_Handler
 .text.SVCall_Handler
                0x00000374        0x8 ./startup/cr_startup_lpc11.o
                0x00000374                SVCall_Handler
 .text.PendSV_Handler
                0x0000037c        0x8 ./startup/cr_startup_lpc11.o
                0x0000037c                PendSV_Handler
 .text.SysTick_Handler
                0x00000384        0x8 ./startup/cr_startup_lpc11.o
                0x00000384                SysTick_Handler
 .text.IntDefaultHandler
                0x0000038c        0x8 ./startup/cr_startup_lpc11.o
                0x0000038c                TIMER16_0_IRQHandler
                0x0000038c                UART_IRQHandler
                0x0000038c                TIMER32_0_IRQHandler
                0x0000038c                TIMER32_1_IRQHandler
                0x0000038c                IntDefaultHandler
                0x0000038c                PIOINT1_IRQHandler
                0x0000038c                CAN_IRQHandler
                0x0000038c                SSP0_IRQHandler
                0x0000038c                TIMER16_1_IRQHandler
                0x0000038c                ADC_IRQHandler
                0x0000038c                SSP1_IRQHandler
                0x0000038c                BOD_IRQHandler
                0x0000038c                WAKEUP_IRQHandler
                0x0000038c                PIOINT0_IRQHandler
                0x0000038c                I2C_IRQHandler
                0x0000038c                WDT_IRQHandler
                0x0000038c                PIOINT3_IRQHandler
 .text.main     0x00000394       0x44 ./src/extint_main.o
                0x00000394                main
 .text.NVIC_EnableIRQ
                0x000003d8       0x2c ./driver/gpio.o
 .text.PIOINT2_IRQHandler
                0x00000404       0x44 ./driver/gpio.o
                0x00000404                PIOINT2_IRQHandler
 .text.GPIOInit
                0x00000448       0x24 ./driver/gpio.o
                0x00000448                GPIOInit
 .text.GPIOSetInterrupt
                0x0000046c      0x334 ./driver/gpio.o
                0x0000046c                GPIOSetInterrupt
 .text.GPIOIntEnable
                0x000007a0       0xa8 ./driver/gpio.o
                0x000007a0                GPIOIntEnable
 .text.GPIOIntStatus
                0x00000848       0xb4 ./driver/gpio.o
                0x00000848                GPIOIntStatus
 .text.GPIOIntClear
                0x000008fc       0xa8 ./driver/gpio.o
                0x000008fc                GPIOIntClear
 .text.GPIOSetDir
                0x000009a4       0x74 ./driver/gpio.o
                0x000009a4                GPIOSetDir
 .text.SystemCoreClockUpdate
                0x00000a18       0xac ./cmsis/system_LPC11xx.o
                0x00000a18                SystemCoreClockUpdate
 .text.__weak_main
                0x00000ac4        0x8 c:/nxp/lpcxpresso_5.1.2_2065/lpcxpresso/tools/bin/../lib/gcc/arm-none-eabi/4.6.2/../../../../arm-none-eabi/lib/armv6-m\libcr_c.a(__weak__main.o)
                0x00000ac4                __weak_main
                0x00000ac4                __main
 .text.__aeabi_division_uidivmod
                0x00000acc       0x72 c:/nxp/lpcxpresso_5.1.2_2065/lpcxpresso/tools/bin/../lib/gcc/arm-none-eabi/4.6.2/armv6-m\libcr_eabihelpers.a(division.o)
                0x00000acc                __aeabi_uidivmod
                0x00000acc                __aeabi_uidiv
 .text.__aeabi_division_idiv0
                0x00000b3e        0x2 c:/nxp/lpcxpresso_5.1.2_2065/lpcxpresso/tools/bin/../lib/gcc/arm-none-eabi/4.6.2/armv6-m\libcr_eabihelpers.a(division.o)
                0x00000b3e                __aeabi_idiv0
 *(.rodata*)
 .rodata.LPC_GPIO
                0x00000b40       0x10 ./driver/gpio.o
 .rodata.CSWTCH.7
                0x00000b50       0x40 ./cmsis/system_LPC11xx.o

.glue_7         0x00000b90        0x0
 .glue_7        0x00000000        0x0 linker stubs

.glue_7t        0x00000b90        0x0
 .glue_7t       0x00000000        0x0 linker stubs

.vfp11_veneer   0x00000b90        0x0
 .vfp11_veneer  0x00000000        0x0 linker stubs

.v4_bx          0x00000b90        0x0
 .v4_bx         0x00000000        0x0 linker stubs

.ARM.extab
 *(.ARM.extab* .gnu.linkonce.armextab.*)
                0x00000b90                __exidx_start = .

.ARM.exidx
 *(.ARM.exidx* .gnu.linkonce.armexidx.*)
                0x00000b90                __exidx_end = .
                0x00000b90                _etext = .

.data           0x10000000        0x4 load address 0x00000b90
                0x10000000                _data = .
 *(vtable)
 *(.data*)
 .data.SystemCoreClock
                0x10000000        0x4 ./cmsis/system_LPC11xx.o
                0x10000000                SystemCoreClock
                0x10000004                _edata = .

.bss            0x10000004        0x8 load address 0x00000b94
                0x10000004                _bss = .
 *(.bss*)
 .bss.gpio2_counter
                0x10000004        0x4 ./driver/gpio.o
                0x10000004                gpio2_counter
 .bss.p2_1_counter
                0x10000008        0x4 ./driver/gpio.o
                0x10000008                p2_1_counter
 *(COMMON)
                0x1000000c                _ebss = .

.cr_heap        0x1000000c        0x0 load address 0x00000b94
                0x1000000c                end = .
                0x1000000c                _pvHeapStart = .
                0x10002000                _vRamTop = __top_RamLoc8
                0x10002000                _vStackTop = _vRamTop
OUTPUT(extint.axf elf32-littlearm)

.debug_info     0x00000000     0x1771
 .debug_info    0x00000000      0x1ec ./startup/cr_startup_lpc11.o
 .debug_info    0x000001ec      0x1eb ./src/extint_main.o
 .debug_info    0x000003d7       0x70 ./driver/can.o
 .debug_info    0x00000447       0x92 ./driver/crp.o
 .debug_info    0x000004d9      0xa62 ./driver/gpio.o
 .debug_info    0x00000f3b      0x2ae ./cmsis/core_cm0.o
 .debug_info    0x000011e9      0x588 ./cmsis/system_LPC11xx.o

.debug_abbrev   0x00000000      0x602
 .debug_abbrev  0x00000000       0xb4 ./startup/cr_startup_lpc11.o
 .debug_abbrev  0x000000b4       0xf5 ./src/extint_main.o
 .debug_abbrev  0x000001a9       0x2c ./driver/can.o
 .debug_abbrev  0x000001d5       0x51 ./driver/crp.o
 .debug_abbrev  0x00000226      0x1f0 ./driver/gpio.o
 .debug_abbrev  0x00000416       0xaf ./cmsis/core_cm0.o
 .debug_abbrev  0x000004c5      0x13d ./cmsis/system_LPC11xx.o

.debug_loc      0x00000000      0x546
 .debug_loc     0x00000000      0x140 ./startup/cr_startup_lpc11.o
 .debug_loc     0x00000140       0x38 ./src/extint_main.o
 .debug_loc     0x00000178      0x224 ./driver/gpio.o
 .debug_loc     0x0000039c      0x112 ./cmsis/core_cm0.o
 .debug_loc     0x000004ae       0x98 ./cmsis/system_LPC11xx.o

.debug_aranges  0x00000000      0x170
 .debug_aranges
                0x00000000       0x50 ./startup/cr_startup_lpc11.o
 .debug_aranges
                0x00000050       0x20 ./src/extint_main.o
 .debug_aranges
                0x00000070       0x68 ./driver/gpio.o
 .debug_aranges
                0x000000d8       0x70 ./cmsis/core_cm0.o
 .debug_aranges
                0x00000148       0x28 ./cmsis/system_LPC11xx.o

.debug_ranges   0x00000000      0x120
 .debug_ranges  0x00000000       0x40 ./startup/cr_startup_lpc11.o
 .debug_ranges  0x00000040       0x10 ./src/extint_main.o
 .debug_ranges  0x00000050       0x58 ./driver/gpio.o
 .debug_ranges  0x000000a8       0x60 ./cmsis/core_cm0.o
 .debug_ranges  0x00000108       0x18 ./cmsis/system_LPC11xx.o

.debug_line     0x00000000     0x1a3b
 .debug_line    0x00000000      0x3da ./startup/cr_startup_lpc11.o
 .debug_line    0x000003da      0x396 ./src/extint_main.o
 .debug_line    0x00000770      0x350 ./driver/can.o
 .debug_line    0x00000ac0      0x359 ./driver/crp.o
 .debug_line    0x00000e19      0x489 ./driver/gpio.o
 .debug_line    0x000012a2      0x3cd ./cmsis/core_cm0.o
 .debug_line    0x0000166f      0x3cc ./cmsis/system_LPC11xx.o

.debug_macinfo  0x00000000    0x25201
 .debug_macinfo
                0x00000000     0x3e81 ./startup/cr_startup_lpc11.o
 .debug_macinfo
                0x00003e81     0x5dff ./src/extint_main.o
 .debug_macinfo
                0x00009c80     0x5d93 ./driver/can.o
 .debug_macinfo
                0x0000fa13     0x5ee6 ./driver/crp.o
 .debug_macinfo
                0x000158f9     0x5dcb ./driver/gpio.o
 .debug_macinfo
                0x0001b6c4     0x3c50 ./cmsis/core_cm0.o
 .debug_macinfo
                0x0001f314     0x5eed ./cmsis/system_LPC11xx.o

.debug_str      0x00000000      0x8d7
 .debug_str     0x00000000      0x1ac ./startup/cr_startup_lpc11.o
                                0x1e0 (size before relaxing)
 .debug_str     0x000001ac       0x64 ./src/extint_main.o
                                0x172 (size before relaxing)
 .debug_str     0x00000210       0x10 ./driver/can.o
                                0x11e (size before relaxing)
 .debug_str     0x00000220       0x19 ./driver/crp.o
                                0x130 (size before relaxing)
 .debug_str     0x00000239      0x577 ./driver/gpio.o
                                0x6d4 (size before relaxing)
 .debug_str     0x000007b0       0xce ./cmsis/core_cm0.o
                                0x1f5 (size before relaxing)
 .debug_str     0x0000087e       0x59 ./cmsis/system_LPC11xx.o
                                0x41c (size before relaxing)

.comment        0x00000000       0xe0
 .comment       0x00000000       0x70 ./startup/cr_startup_lpc11.o
                                 0x71 (size before relaxing)
 .comment       0x00000000       0x71 ./src/extint_main.o
 .comment       0x00000000       0x71 ./driver/can.o
 .comment       0x00000000       0x71 ./driver/crp.o
 .comment       0x00000000       0x71 ./driver/gpio.o
 .comment       0x00000000       0x71 ./cmsis/core_cm0.o
 .comment       0x00000000       0x71 ./cmsis/system_LPC11xx.o
 .comment       0x00000070       0x70 c:/nxp/lpcxpresso_5.1.2_2065/lpcxpresso/tools/bin/../lib/gcc/arm-none-eabi/4.6.2/../../../../arm-none-eabi/lib/armv6-m\libcr_c.a(__weak__main.o)
                                 0x71 (size before relaxing)

.ARM.attributes
                0x00000000       0x2f
 .ARM.attributes
                0x00000000       0x31 ./startup/cr_startup_lpc11.o
 .ARM.attributes
                0x00000031       0x31 ./src/extint_main.o
 .ARM.attributes
                0x00000062       0x31 ./driver/can.o
 .ARM.attributes
                0x00000093       0x31 ./driver/crp.o
 .ARM.attributes
                0x000000c4       0x31 ./driver/gpio.o
 .ARM.attributes
                0x000000f5       0x31 ./cmsis/core_cm0.o
 .ARM.attributes
                0x00000126       0x31 ./cmsis/system_LPC11xx.o
 .ARM.attributes
                0x00000157       0x31 c:/nxp/lpcxpresso_5.1.2_2065/lpcxpresso/tools/bin/../lib/gcc/arm-none-eabi/4.6.2/../../../../arm-none-eabi/lib/armv6-m\libcr_c.a(__weak__main.o)
 .ARM.attributes
                0x00000188       0x21 c:/nxp/lpcxpresso_5.1.2_2065/lpcxpresso/tools/bin/../lib/gcc/arm-none-eabi/4.6.2/armv6-m\libcr_eabihelpers.a(division.o)

.debug_frame    0x00000000      0x35c
 .debug_frame   0x00000000       0xd8 ./startup/cr_startup_lpc11.o
 .debug_frame   0x000000d8       0x30 ./src/extint_main.o
 .debug_frame   0x00000108      0x14c ./driver/gpio.o
 .debug_frame   0x00000254       0xc0 ./cmsis/core_cm0.o
 .debug_frame   0x00000314       0x48 ./cmsis/system_LPC11xx.o
