Archive member included because of file (symbol)

c:/nxp/lpcxpresso_5.1.2_2065/lpcxpresso/tools/bin/../lib/gcc/arm-none-eabi/4.6.2/../../../../arm-none-eabi/lib/armv6-m\libcr_c.a(__weak__main.o)
                              ./startup/cr_startup_lpc11.o (__main)
c:/nxp/lpcxpresso_5.1.2_2065/lpcxpresso/tools/bin/../lib/gcc/arm-none-eabi/4.6.2/armv6-m\libcr_eabihelpers.a(division.o)
                              ./driver/timer16.o (__aeabi_uidiv)

Allocating common symbols
Common symbol       size              file

wdt_counter         0x4               ./driver/wdt.o

Discarded input sections

 .text          0x00000000        0x0 ./startup/cr_startup_lpc11.o
 .data          0x00000000        0x0 ./startup/cr_startup_lpc11.o
 .bss           0x00000000        0x0 ./startup/cr_startup_lpc11.o
 .text          0x00000000        0x0 ./src/wdt_main.o
 .data          0x00000000        0x0 ./src/wdt_main.o
 .bss           0x00000000        0x0 ./src/wdt_main.o
 .rodata.LPC_GPIO
                0x00000000       0x10 ./src/wdt_main.o
 .bss.feed_counter
                0x00000000        0x4 ./src/wdt_main.o
 .text          0x00000000        0x0 ./driver/can.o
 .data          0x00000000        0x0 ./driver/can.o
 .bss           0x00000000        0x0 ./driver/can.o
 .text          0x00000000        0x0 ./driver/gpio.o
 .data          0x00000000        0x0 ./driver/gpio.o
 .bss           0x00000000        0x0 ./driver/gpio.o
 .text.GPIOInit
                0x00000000       0x1c ./driver/gpio.o
 .text.GPIOSetInterrupt
                0x00000000      0x334 ./driver/gpio.o
 .text.GPIOIntEnable
                0x00000000       0xa8 ./driver/gpio.o
 .text.GPIOIntDisable
                0x00000000       0xa8 ./driver/gpio.o
 .text.GPIOIntStatus
                0x00000000       0xb4 ./driver/gpio.o
 .text.GPIOIntClear
                0x00000000       0xa8 ./driver/gpio.o
 .text          0x00000000        0x0 ./driver/timer16.o
 .data          0x00000000        0x0 ./driver/timer16.o
 .bss           0x00000000        0x0 ./driver/timer16.o
 .bss.timer16_0_period
                0x00000000        0x4 ./driver/timer16.o
 .bss.timer16_1_period
                0x00000000        0x4 ./driver/timer16.o
 .text.delayMs  0x00000000       0xc8 ./driver/timer16.o
 .text.disable_timer16
                0x00000000       0x30 ./driver/timer16.o
 .text.reset_timer16
                0x00000000       0x4c ./driver/timer16.o
 .text.init_timer16PWM
                0x00000000      0x218 ./driver/timer16.o
 .text.setMatch_timer16PWM
                0x00000000       0xa4 ./driver/timer16.o
 .text          0x00000000        0x0 ./driver/wdt.o
 .data          0x00000000        0x0 ./driver/wdt.o
 .bss           0x00000000        0x0 ./driver/wdt.o
 .text.WDTFeed  0x00000000       0x18 ./driver/wdt.o
 .text          0x00000000        0x0 ./cmsis/core_cm0.o
 .data          0x00000000        0x0 ./cmsis/core_cm0.o
 .bss           0x00000000        0x0 ./cmsis/core_cm0.o
 .text.__get_PSP
                0x00000000        0x8 ./cmsis/core_cm0.o
 .text.__set_PSP
                0x00000000        0x6 ./cmsis/core_cm0.o
 .text.__get_MSP
                0x00000000        0x8 ./cmsis/core_cm0.o
 .text.__set_MSP
                0x00000000        0x6 ./cmsis/core_cm0.o
 .text.__get_PRIMASK
                0x00000000        0x6 ./cmsis/core_cm0.o
 .text.__set_PRIMASK
                0x00000000        0x6 ./cmsis/core_cm0.o
 .text.__get_CONTROL
                0x00000000        0x6 ./cmsis/core_cm0.o
 .text.__set_CONTROL
                0x00000000        0x6 ./cmsis/core_cm0.o
 .text.__REV    0x00000000        0x4 ./cmsis/core_cm0.o
 .text.__REV16  0x00000000        0x4 ./cmsis/core_cm0.o
 .text.__REVSH  0x00000000        0x4 ./cmsis/core_cm0.o
 .text          0x00000000        0x0 ./cmsis/system_LPC11xx.o
 .data          0x00000000        0x0 ./cmsis/system_LPC11xx.o
 .bss           0x00000000        0x0 ./cmsis/system_LPC11xx.o
 .text          0x00000000        0x0 c:/nxp/lpcxpresso_5.1.2_2065/lpcxpresso/tools/bin/../lib/gcc/arm-none-eabi/4.6.2/../../../../arm-none-eabi/lib/armv6-m\libcr_c.a(__weak__main.o)
 .data          0x00000000        0x0 c:/nxp/lpcxpresso_5.1.2_2065/lpcxpresso/tools/bin/../lib/gcc/arm-none-eabi/4.6.2/../../../../arm-none-eabi/lib/armv6-m\libcr_c.a(__weak__main.o)
 .bss           0x00000000        0x0 c:/nxp/lpcxpresso_5.1.2_2065/lpcxpresso/tools/bin/../lib/gcc/arm-none-eabi/4.6.2/../../../../arm-none-eabi/lib/armv6-m\libcr_c.a(__weak__main.o)
 .text          0x00000000        0x0 c:/nxp/lpcxpresso_5.1.2_2065/lpcxpresso/tools/bin/../lib/gcc/arm-none-eabi/4.6.2/armv6-m\libcr_eabihelpers.a(division.o)
 .data          0x00000000        0x0 c:/nxp/lpcxpresso_5.1.2_2065/lpcxpresso/tools/bin/../lib/gcc/arm-none-eabi/4.6.2/armv6-m\libcr_eabihelpers.a(division.o)
 .bss           0x00000000        0x0 c:/nxp/lpcxpresso_5.1.2_2065/lpcxpresso/tools/bin/../lib/gcc/arm-none-eabi/4.6.2/armv6-m\libcr_eabihelpers.a(division.o)
 .text.__aeabi_division_idivmod
                0x00000000        0x6 c:/nxp/lpcxpresso_5.1.2_2065/lpcxpresso/tools/bin/../lib/gcc/arm-none-eabi/4.6.2/armv6-m\libcr_eabihelpers.a(division.o)
 .text.__aeabi_division_uldivmod
                0x00000000       0x5a c:/nxp/lpcxpresso_5.1.2_2065/lpcxpresso/tools/bin/../lib/gcc/arm-none-eabi/4.6.2/armv6-m\libcr_eabihelpers.a(division.o)
 .text.__aeabi_division_ldivmod
                0x00000000       0x32 c:/nxp/lpcxpresso_5.1.2_2065/lpcxpresso/tools/bin/../lib/gcc/arm-none-eabi/4.6.2/armv6-m\libcr_eabihelpers.a(division.o)
 .text.__aeabi_division_ldiv0
                0x00000000        0x2 c:/nxp/lpcxpresso_5.1.2_2065/lpcxpresso/tools/bin/../lib/gcc/arm-none-eabi/4.6.2/armv6-m\libcr_eabihelpers.a(division.o)
 .text.__aeabi_division_idivq31+15
                0x00000000      0x188 c:/nxp/lpcxpresso_5.1.2_2065/lpcxpresso/tools/bin/../lib/gcc/arm-none-eabi/4.6.2/armv6-m\libcr_eabihelpers.a(division.o)

Memory Configuration

Name             Origin             Length             Attributes
MFlash32         0x00000000         0x00008000         xr
RamLoc8          0x10000000         0x00002000         xrw
*default*        0x00000000         0xffffffff

Linker script and memory map

LOAD ./startup/cr_startup_lpc11.o
LOAD ./src/wdt_main.o
LOAD ./driver/can.o
LOAD ./driver/gpio.o
LOAD ./driver/timer16.o
LOAD ./driver/wdt.o
LOAD ./cmsis/core_cm0.o
LOAD ./cmsis/system_LPC11xx.o
START GROUP
LOAD c:/nxp/lpcxpresso_5.1.2_2065/lpcxpresso/tools/bin/../lib/gcc/arm-none-eabi/4.6.2/../../../../arm-none-eabi/lib/armv6-m\libcr_c.a
LOAD c:/nxp/lpcxpresso_5.1.2_2065/lpcxpresso/tools/bin/../lib/gcc/arm-none-eabi/4.6.2/../../../../arm-none-eabi/lib/armv6-m\libcr_semihost.a
LOAD c:/nxp/lpcxpresso_5.1.2_2065/lpcxpresso/tools/bin/../lib/gcc/arm-none-eabi/4.6.2/armv6-m\libcr_eabihelpers.a
END GROUP
                0x00008000                __top_MFlash32 = 0x8000
                0x10002000                __top_RamLoc8 = 0x10002000

.text           0x00000000      0x9cc
 FILL mask 0xff
 *(.isr_vector)
 .isr_vector    0x00000000       0xc0 ./startup/cr_startup_lpc11.o
                0x00000000                g_pfnVectors
 *(.text.Reset_Handler .text.SystemInit)
 .text.SystemInit
                0x000000c0       0xb0 ./cmsis/system_LPC11xx.o
                0x000000c0                SystemInit
                0x000002fc                . = 0x2fc
 *fill*         0x00000170      0x18c ff
 *(.crp)
 *(.text*)
 .text.ResetISR
                0x000002fc       0x64 ./startup/cr_startup_lpc11.o
                0x000002fc                ResetISR
 .text.NMI_Handler
                0x00000360        0x8 ./startup/cr_startup_lpc11.o
                0x00000360                NMI_Handler
 .text.HardFault_Handler
                0x00000368        0x8 ./startup/cr_startup_lpc11.o
                0x00000368                HardFault_Handler
 .text.SVCall_Handler
                0x00000370        0x8 ./startup/cr_startup_lpc11.o
                0x00000370                SVCall_Handler
 .text.PendSV_Handler
                0x00000378        0x8 ./startup/cr_startup_lpc11.o
                0x00000378                PendSV_Handler
 .text.SysTick_Handler
                0x00000380        0x8 ./startup/cr_startup_lpc11.o
                0x00000380                SysTick_Handler
 .text.IntDefaultHandler
                0x00000388        0x8 ./startup/cr_startup_lpc11.o
                0x00000388                UART_IRQHandler
                0x00000388                TIMER32_0_IRQHandler
                0x00000388                TIMER32_1_IRQHandler
                0x00000388                IntDefaultHandler
                0x00000388                PIOINT1_IRQHandler
                0x00000388                CAN_IRQHandler
                0x00000388                SSP0_IRQHandler
                0x00000388                ADC_IRQHandler
                0x00000388                SSP1_IRQHandler
                0x00000388                PIOINT2_IRQHandler
                0x00000388                BOD_IRQHandler
                0x00000388                WAKEUP_IRQHandler
                0x00000388                PIOINT0_IRQHandler
                0x00000388                I2C_IRQHandler
                0x00000388                WDT_IRQHandler
                0x00000388                PIOINT3_IRQHandler
 .text.main     0x00000390       0xe4 ./src/wdt_main.o
                0x00000390                main
 .text.GPIOSetValue
                0x00000474       0x38 ./driver/gpio.o
                0x00000474                GPIOSetValue
 .text.GPIOSetDir
                0x000004ac       0x74 ./driver/gpio.o
                0x000004ac                GPIOSetDir
 .text.NVIC_EnableIRQ
                0x00000520       0x2c ./driver/timer16.o
 .text.TIMER16_0_IRQHandler
                0x0000054c       0x50 ./driver/timer16.o
                0x0000054c                TIMER16_0_IRQHandler
 .text.TIMER16_1_IRQHandler
                0x0000059c       0x50 ./driver/timer16.o
                0x0000059c                TIMER16_1_IRQHandler
 .text.enable_timer16
                0x000005ec       0x30 ./driver/timer16.o
                0x000005ec                enable_timer16
 .text.init_timer16
                0x0000061c      0x174 ./driver/timer16.o
                0x0000061c                init_timer16
 .text.WDTInit  0x00000790       0xc4 ./driver/wdt.o
                0x00000790                WDTInit
 .text.SystemCoreClockUpdate
                0x00000854       0xac ./cmsis/system_LPC11xx.o
                0x00000854                SystemCoreClockUpdate
 .text.__weak_main
                0x00000900        0x8 c:/nxp/lpcxpresso_5.1.2_2065/lpcxpresso/tools/bin/../lib/gcc/arm-none-eabi/4.6.2/../../../../arm-none-eabi/lib/armv6-m\libcr_c.a(__weak__main.o)
                0x00000900                __weak_main
                0x00000900                __main
 .text.__aeabi_division_uidivmod
                0x00000908       0x72 c:/nxp/lpcxpresso_5.1.2_2065/lpcxpresso/tools/bin/../lib/gcc/arm-none-eabi/4.6.2/armv6-m\libcr_eabihelpers.a(division.o)
                0x00000908                __aeabi_uidivmod
                0x00000908                __aeabi_uidiv
 .text.__aeabi_division_idiv0
                0x0000097a        0x2 c:/nxp/lpcxpresso_5.1.2_2065/lpcxpresso/tools/bin/../lib/gcc/arm-none-eabi/4.6.2/armv6-m\libcr_eabihelpers.a(division.o)
                0x0000097a                __aeabi_idiv0
 *(.rodata*)
 .rodata.LPC_GPIO
                0x0000097c       0x10 ./driver/gpio.o
 .rodata.CSWTCH.7
                0x0000098c       0x40 ./cmsis/system_LPC11xx.o

.glue_7         0x000009cc        0x0
 .glue_7        0x00000000        0x0 linker stubs

.glue_7t        0x000009cc        0x0
 .glue_7t       0x00000000        0x0 linker stubs

.vfp11_veneer   0x000009cc        0x0
 .vfp11_veneer  0x00000000        0x0 linker stubs

.v4_bx          0x000009cc        0x0
 .v4_bx         0x00000000        0x0 linker stubs

.ARM.extab
 *(.ARM.extab* .gnu.linkonce.armextab.*)
                0x000009cc                __exidx_start = .

.ARM.exidx
 *(.ARM.exidx* .gnu.linkonce.armexidx.*)
                0x000009cc                __exidx_end = .
                0x000009cc                _etext = .

.data           0x10000000        0x4 load address 0x000009cc
                0x10000000                _data = .
 *(vtable)
 *(.data*)
 .data.SystemCoreClock
                0x10000000        0x4 ./cmsis/system_LPC11xx.o
                0x10000000                SystemCoreClock
                0x10000004                _edata = .

.bss            0x10000004       0x14 load address 0x000009d0
                0x10000004                _bss = .
 *(.bss*)
 .bss.timer16_0_counter
                0x10000004        0x4 ./driver/timer16.o
                0x10000004                timer16_0_counter
 .bss.timer16_1_counter
                0x10000008        0x4 ./driver/timer16.o
                0x10000008                timer16_1_counter
 .bss.timer16_0_capture
                0x1000000c        0x4 ./driver/timer16.o
                0x1000000c                timer16_0_capture
 .bss.timer16_1_capture
                0x10000010        0x4 ./driver/timer16.o
                0x10000010                timer16_1_capture
 *(COMMON)
 COMMON         0x10000014        0x4 ./driver/wdt.o
                0x10000014                wdt_counter
                0x10000018                _ebss = .

.cr_heap        0x10000018        0x0 load address 0x000009d0
                0x10000018                end = .
                0x10000018                _pvHeapStart = .
                0x10002000                _vRamTop = __top_RamLoc8
                0x10002000                _vStackTop = _vRamTop
OUTPUT(wdt.axf elf32-littlearm)

.debug_info     0x00000000     0x2cb9
 .debug_info    0x00000000      0x1ec ./startup/cr_startup_lpc11.o
 .debug_info    0x000001ec      0x644 ./src/wdt_main.o
 .debug_info    0x00000830       0x70 ./driver/can.o
 .debug_info    0x000008a0      0x7fb ./driver/gpio.o
 .debug_info    0x0000109b      0xe60 ./driver/timer16.o
 .debug_info    0x00001efb      0x588 ./driver/wdt.o
 .debug_info    0x00002483      0x2ae ./cmsis/core_cm0.o
 .debug_info    0x00002731      0x588 ./cmsis/system_LPC11xx.o

.debug_abbrev   0x00000000      0x867
 .debug_abbrev  0x00000000       0xb4 ./startup/cr_startup_lpc11.o
 .debug_abbrev  0x000000b4      0x133 ./src/wdt_main.o
 .debug_abbrev  0x000001e7       0x2c ./driver/can.o
 .debug_abbrev  0x00000213      0x192 ./driver/gpio.o
 .debug_abbrev  0x000003a5      0x1ca ./driver/timer16.o
 .debug_abbrev  0x0000056f      0x10c ./driver/wdt.o
 .debug_abbrev  0x0000067b       0xaf ./cmsis/core_cm0.o
 .debug_abbrev  0x0000072a      0x13d ./cmsis/system_LPC11xx.o

.debug_loc      0x00000000      0x746
 .debug_loc     0x00000000      0x140 ./startup/cr_startup_lpc11.o
 .debug_loc     0x00000140       0x2c ./src/wdt_main.o
 .debug_loc     0x0000016c      0x1b4 ./driver/gpio.o
 .debug_loc     0x00000320      0x218 ./driver/timer16.o
 .debug_loc     0x00000538       0x64 ./driver/wdt.o
 .debug_loc     0x0000059c      0x112 ./cmsis/core_cm0.o
 .debug_loc     0x000006ae       0x98 ./cmsis/system_LPC11xx.o

.debug_aranges  0x00000000      0x1f0
 .debug_aranges
                0x00000000       0x50 ./startup/cr_startup_lpc11.o
 .debug_aranges
                0x00000050       0x20 ./src/wdt_main.o
 .debug_aranges
                0x00000070       0x58 ./driver/gpio.o
 .debug_aranges
                0x000000c8       0x68 ./driver/timer16.o
 .debug_aranges
                0x00000130       0x28 ./driver/wdt.o
 .debug_aranges
                0x00000158       0x70 ./cmsis/core_cm0.o
 .debug_aranges
                0x000001c8       0x28 ./cmsis/system_LPC11xx.o

.debug_ranges   0x00000000      0x180
 .debug_ranges  0x00000000       0x40 ./startup/cr_startup_lpc11.o
 .debug_ranges  0x00000040       0x10 ./src/wdt_main.o
 .debug_ranges  0x00000050       0x48 ./driver/gpio.o
 .debug_ranges  0x00000098       0x58 ./driver/timer16.o
 .debug_ranges  0x000000f0       0x18 ./driver/wdt.o
 .debug_ranges  0x00000108       0x60 ./cmsis/core_cm0.o
 .debug_ranges  0x00000168       0x18 ./cmsis/system_LPC11xx.o

.debug_line     0x00000000     0x1f3d
 .debug_line    0x00000000      0x3da ./startup/cr_startup_lpc11.o
 .debug_line    0x000003da      0x3d5 ./src/wdt_main.o
 .debug_line    0x000007af      0x350 ./driver/can.o
 .debug_line    0x00000aff      0x44e ./driver/gpio.o
 .debug_line    0x00000f4d      0x4b3 ./driver/timer16.o
 .debug_line    0x00001400      0x3a4 ./driver/wdt.o
 .debug_line    0x000017a4      0x3cd ./cmsis/core_cm0.o
 .debug_line    0x00001b71      0x3cc ./cmsis/system_LPC11xx.o

.debug_macinfo  0x00000000    0x2b2f8
 .debug_macinfo
                0x00000000     0x3e81 ./startup/cr_startup_lpc11.o
 .debug_macinfo
                0x00003e81     0x6003 ./src/wdt_main.o
 .debug_macinfo
                0x00009e84     0x5dde ./driver/can.o
 .debug_macinfo
                0x0000fc62     0x5e16 ./driver/gpio.o
 .debug_macinfo
                0x00015a78     0x5ec8 ./driver/timer16.o
 .debug_macinfo
                0x0001b940     0x5e7b ./driver/wdt.o
 .debug_macinfo
                0x000217bb     0x3c50 ./cmsis/core_cm0.o
 .debug_macinfo
                0x0002540b     0x5eed ./cmsis/system_LPC11xx.o

.debug_str      0x00000000      0xbcc
 .debug_str     0x00000000      0x1a3 ./startup/cr_startup_lpc11.o
                                0x1d7 (size before relaxing)
 .debug_str     0x000001a3      0x30b ./src/wdt_main.o
                                0x410 (size before relaxing)
 .debug_str     0x000004ae       0x10 ./driver/can.o
                                0x115 (size before relaxing)
 .debug_str     0x000004be       0xac ./driver/gpio.o
                                0x486 (size before relaxing)
 .debug_str     0x0000056a      0x50a ./driver/timer16.o
                                0x900 (size before relaxing)
 .debug_str     0x00000a74       0x50 ./driver/wdt.o
                                0x3fd (size before relaxing)
 .debug_str     0x00000ac4       0xbf ./cmsis/core_cm0.o
                                0x1ec (size before relaxing)
 .debug_str     0x00000b83       0x49 ./cmsis/system_LPC11xx.o
                                0x413 (size before relaxing)

.comment        0x00000000       0xe0
 .comment       0x00000000       0x70 ./startup/cr_startup_lpc11.o
                                 0x71 (size before relaxing)
 .comment       0x00000000       0x71 ./src/wdt_main.o
 .comment       0x00000000       0x71 ./driver/can.o
 .comment       0x00000000       0x71 ./driver/gpio.o
 .comment       0x00000000       0x71 ./driver/timer16.o
 .comment       0x00000000       0x71 ./driver/wdt.o
 .comment       0x00000000       0x71 ./cmsis/core_cm0.o
 .comment       0x00000000       0x71 ./cmsis/system_LPC11xx.o
 .comment       0x00000070       0x70 c:/nxp/lpcxpresso_5.1.2_2065/lpcxpresso/tools/bin/../lib/gcc/arm-none-eabi/4.6.2/../../../../arm-none-eabi/lib/armv6-m\libcr_c.a(__weak__main.o)
                                 0x71 (size before relaxing)

.ARM.attributes
                0x00000000       0x2f
 .ARM.attributes
                0x00000000       0x31 ./startup/cr_startup_lpc11.o
 .ARM.attributes
                0x00000031       0x31 ./src/wdt_main.o
 .ARM.attributes
                0x00000062       0x31 ./driver/can.o
 .ARM.attributes
                0x00000093       0x31 ./driver/gpio.o
 .ARM.attributes
                0x000000c4       0x31 ./driver/timer16.o
 .ARM.attributes
                0x000000f5       0x31 ./driver/wdt.o
 .ARM.attributes
                0x00000126       0x31 ./cmsis/core_cm0.o
 .ARM.attributes
                0x00000157       0x31 ./cmsis/system_LPC11xx.o
 .ARM.attributes
                0x00000188       0x31 c:/nxp/lpcxpresso_5.1.2_2065/lpcxpresso/tools/bin/../lib/gcc/arm-none-eabi/4.6.2/../../../../arm-none-eabi/lib/armv6-m\libcr_c.a(__weak__main.o)
 .ARM.attributes
                0x000001b9       0x21 c:/nxp/lpcxpresso_5.1.2_2065/lpcxpresso/tools/bin/../lib/gcc/arm-none-eabi/4.6.2/armv6-m\libcr_eabihelpers.a(division.o)

.debug_frame    0x00000000      0x4ac
 .debug_frame   0x00000000       0xd8 ./startup/cr_startup_lpc11.o
 .debug_frame   0x000000d8       0x2c ./src/wdt_main.o
 .debug_frame   0x00000104      0x10c ./driver/gpio.o
 .debug_frame   0x00000210      0x148 ./driver/timer16.o
 .debug_frame   0x00000358       0x4c ./driver/wdt.o
 .debug_frame   0x000003a4       0xc0 ./cmsis/core_cm0.o
 .debug_frame   0x00000464       0x48 ./cmsis/system_LPC11xx.o
