Archive member included because of file (symbol)

/Applications/lpcxpresso_5.1.2_2065/lpcxpresso/tools/bin/../lib/gcc/arm-none-eabi/4.6.2/../../../../arm-none-eabi/lib/armv6-m/libcr_semihost.a(_cr__main.o)
                              ./startup/cr_startup_lpc11.o (__main)
/Applications/lpcxpresso_5.1.2_2065/lpcxpresso/tools/bin/../lib/gcc/arm-none-eabi/4.6.2/../../../../arm-none-eabi/lib/armv6-m/libcr_c.a(_cr_assert.o)
                              ./src/i2c_main.o (__assertion_failed)
/Applications/lpcxpresso_5.1.2_2065/lpcxpresso/tools/bin/../lib/gcc/arm-none-eabi/4.6.2/../../../../arm-none-eabi/lib/armv6-m/libcr_c.a(_deferredlazyseek.o)
                              /Applications/lpcxpresso_5.1.2_2065/lpcxpresso/tools/bin/../lib/gcc/arm-none-eabi/4.6.2/../../../../arm-none-eabi/lib/armv6-m/libcr_c.a(_cr_assert.o) (__flsbuf)
/Applications/lpcxpresso_5.1.2_2065/lpcxpresso/tools/bin/../lib/gcc/arm-none-eabi/4.6.2/../../../../arm-none-eabi/lib/armv6-m/libcr_c.a(_fflush.o)
                              /Applications/lpcxpresso_5.1.2_2065/lpcxpresso/tools/bin/../lib/gcc/arm-none-eabi/4.6.2/../../../../arm-none-eabi/lib/armv6-m/libcr_c.a(_deferredlazyseek.o) (_fflush)
/Applications/lpcxpresso_5.1.2_2065/lpcxpresso/tools/bin/../lib/gcc/arm-none-eabi/4.6.2/../../../../arm-none-eabi/lib/armv6-m/libcr_c.a(_writebuf.o)
                              /Applications/lpcxpresso_5.1.2_2065/lpcxpresso/tools/bin/../lib/gcc/arm-none-eabi/4.6.2/../../../../arm-none-eabi/lib/armv6-m/libcr_c.a(_deferredlazyseek.o) (_Cwritebuf)
/Applications/lpcxpresso_5.1.2_2065/lpcxpresso/tools/bin/../lib/gcc/arm-none-eabi/4.6.2/../../../../arm-none-eabi/lib/armv6-m/libcr_c.a(alloc.o)
                              /Applications/lpcxpresso_5.1.2_2065/lpcxpresso/tools/bin/../lib/gcc/arm-none-eabi/4.6.2/../../../../arm-none-eabi/lib/armv6-m/libcr_c.a(_deferredlazyseek.o) (_Csys_alloc)
/Applications/lpcxpresso_5.1.2_2065/lpcxpresso/tools/bin/../lib/gcc/arm-none-eabi/4.6.2/../../../../arm-none-eabi/lib/armv6-m/libcr_c.a(fpprintf.o)
                              ./src/i2c_main.o (printf)
/Applications/lpcxpresso_5.1.2_2065/lpcxpresso/tools/bin/../lib/gcc/arm-none-eabi/4.6.2/../../../../arm-none-eabi/lib/armv6-m/libcr_c.a(fputs.o)
                              /Applications/lpcxpresso_5.1.2_2065/lpcxpresso/tools/bin/../lib/gcc/arm-none-eabi/4.6.2/../../../../arm-none-eabi/lib/armv6-m/libcr_c.a(_cr_assert.o) (fputs)
/Applications/lpcxpresso_5.1.2_2065/lpcxpresso/tools/bin/../lib/gcc/arm-none-eabi/4.6.2/../../../../arm-none-eabi/lib/armv6-m/libcr_c.a(fseek.o)
                              /Applications/lpcxpresso_5.1.2_2065/lpcxpresso/tools/bin/../lib/gcc/arm-none-eabi/4.6.2/../../../../arm-none-eabi/lib/armv6-m/libcr_c.a(_deferredlazyseek.o) (fseek)
/Applications/lpcxpresso_5.1.2_2065/lpcxpresso/tools/bin/../lib/gcc/arm-none-eabi/4.6.2/../../../../arm-none-eabi/lib/armv6-m/libcr_c.a(ftell.o)
                              /Applications/lpcxpresso_5.1.2_2065/lpcxpresso/tools/bin/../lib/gcc/arm-none-eabi/4.6.2/../../../../arm-none-eabi/lib/armv6-m/libcr_c.a(fseek.o) (ftell)
/Applications/lpcxpresso_5.1.2_2065/lpcxpresso/tools/bin/../lib/gcc/arm-none-eabi/4.6.2/../../../../arm-none-eabi/lib/armv6-m/libcr_c.a(initio.o)
                              /Applications/lpcxpresso_5.1.2_2065/lpcxpresso/tools/bin/../lib/gcc/arm-none-eabi/4.6.2/../../../../arm-none-eabi/lib/armv6-m/libcr_semihost.a(_cr__main.o) (_initio)
/Applications/lpcxpresso_5.1.2_2065/lpcxpresso/tools/bin/../lib/gcc/arm-none-eabi/4.6.2/../../../../arm-none-eabi/lib/armv6-m/libcr_c.a(printf.o)
                              /Applications/lpcxpresso_5.1.2_2065/lpcxpresso/tools/bin/../lib/gcc/arm-none-eabi/4.6.2/../../../../arm-none-eabi/lib/armv6-m/libcr_c.a(fpprintf.o) (__vfprintf)
/Applications/lpcxpresso_5.1.2_2065/lpcxpresso/tools/bin/../lib/gcc/arm-none-eabi/4.6.2/../../../../arm-none-eabi/lib/armv6-m/libcr_c.a(setvbuf.o)
                              /Applications/lpcxpresso_5.1.2_2065/lpcxpresso/tools/bin/../lib/gcc/arm-none-eabi/4.6.2/../../../../arm-none-eabi/lib/armv6-m/libcr_c.a(initio.o) (setvbuf)
/Applications/lpcxpresso_5.1.2_2065/lpcxpresso/tools/bin/../lib/gcc/arm-none-eabi/4.6.2/../../../../arm-none-eabi/lib/armv6-m/libcr_c.a(stdio.o)
                              /Applications/lpcxpresso_5.1.2_2065/lpcxpresso/tools/bin/../lib/gcc/arm-none-eabi/4.6.2/../../../../arm-none-eabi/lib/armv6-m/libcr_c.a(_cr_assert.o) (__Ciob)
/Applications/lpcxpresso_5.1.2_2065/lpcxpresso/tools/bin/../lib/gcc/arm-none-eabi/4.6.2/../../../../arm-none-eabi/lib/armv6-m/libcr_c.a(strlen.o)
                              /Applications/lpcxpresso_5.1.2_2065/lpcxpresso/tools/bin/../lib/gcc/arm-none-eabi/4.6.2/../../../../arm-none-eabi/lib/armv6-m/libcr_c.a(printf.o) (strlen)
/Applications/lpcxpresso_5.1.2_2065/lpcxpresso/tools/bin/../lib/gcc/arm-none-eabi/4.6.2/../../../../arm-none-eabi/lib/armv6-m/libcr_c.a(memcpy.o)
[...]
Memory Configuration

Name             Origin             Length             Attributes
MFlash32         0x0000000000000000 0x0000000000008000 xr
RamLoc8          0x0000000010000000 0x0000000000002000 xrw
*default*        0x0000000000000000 0xffffffffffffffff

Linker script and memory map

LOAD ./startup/cr_startup_lpc11.o
LOAD ./src/globals.o
LOAD ./src/headlines.o
LOAD ./src/i2c_main.o
LOAD ./src/shared.o
LOAD ./src/snake.o
LOAD ./src/watch.o
LOAD ./src/weather.o
LOAD ./driver/can.o
LOAD ./driver/crp.o
LOAD ./driver/gpio.o
LOAD ./driver/i2c.o
LOAD ./cmsis/core_cm0.o
LOAD ./cmsis/system_LPC11xx.o
START GROUP
LOAD /Applications/lpcxpresso_5.1.2_2065/lpcxpresso/tools/bin/../lib/gcc/arm-none-eabi/4.6.2/../../../../arm-none-eabi/lib/armv6-m/libcr_semihost.a
LOAD /Applications/lpcxpresso_5.1.2_2065/lpcxpresso/tools/bin/../lib/gcc/arm-none-eabi/4.6.2/../../../../arm-none-eabi/lib/armv6-m/libcr_c.a
LOAD /Applications/lpcxpresso_5.1.2_2065/lpcxpresso/tools/bin/../lib/gcc/arm-none-eabi/4.6.2/armv6-m/libcr_eabihelpers.a
END GROUP
                0x0000000000008000                __top_MFlash32 = 0x8000
                0x0000000010002000                __top_RamLoc8 = 0x10002000

.text           0x0000000000000000     0x37e8
 FILL mask 0xff
 *(.isr_vector)
 .isr_vector    0x0000000000000000       0xc0 ./startup/cr_startup_lpc11.o
                0x0000000000000000                g_pfnVectors
                0x00000000000000c0                . = ALIGN (0x4)
                0x00000000000000c0                __section_table_start = .
                0x00000000000000c0                __data_section_table = .
                0x00000000000000c0        0x4 LONG 0x37e8 LOADADDR (.data)
                0x00000000000000c4        0x4 LONG 0x10000000 ADDR (.data)
                0x00000000000000c8        0x4 LONG 0x4 SIZEOF (.data)
                0x00000000000000cc                __data_section_table_end = .
                0x00000000000000cc                __bss_section_table = .
                0x00000000000000cc        0x4 LONG 0x10000008 ADDR (.bss)
                0x00000000000000d0        0x4 LONG 0x21c SIZEOF (.bss)
                0x00000000000000d4                __bss_section_table_end = .
                0x00000000000000d4                __section_table_end = .
 *(.after_vectors*)
 *(.text*)
 .text.ResetISR
                0x00000000000000d4       0x64 ./startup/cr_startup_lpc11.o
                0x00000000000000d4                ResetISR
 .text.NMI_Handler
                0x0000000000000138        0x8 ./startup/cr_startup_lpc11.o
                0x0000000000000138                NMI_Handler
 .text.HardFault_Handler
                0x0000000000000140        0x8 ./startup/cr_startup_lpc11.o
                0x0000000000000140                HardFault_Handler
 .text.SVCall_Handler
                0x0000000000000148        0x8 ./startup/cr_startup_lpc11.o
                0x0000000000000148                SVCall_Handler
 .text.PendSV_Handler
                0x0000000000000150        0x8 ./startup/cr_startup_lpc11.o
                0x0000000000000150                PendSV_Handler
 .text.SysTick_Handler
                0x0000000000000158        0x8 ./startup/cr_startup_lpc11.o
                0x0000000000000158                SysTick_Handler
 .text.IntDefaultHandler
                0x0000000000000160        0x8 ./startup/cr_startup_lpc11.o
                0x0000000000000160                WDT_IRQHandler
                0x0000000000000160                UART_IRQHandler
                0x0000000000000160                TIMER32_0_IRQHandler
                0x0000000000000160                TIMER32_1_IRQHandler
                0x0000000000000160                IntDefaultHandler
                0x0000000000000160                CAN_IRQHandler
                0x0000000000000160                SSP0_IRQHandler
                0x0000000000000160                TIMER16_1_IRQHandler
                0x0000000000000160                ADC_IRQHandler
                0x0000000000000160                SSP1_IRQHandler
                0x0000000000000160                PIOINT2_IRQHandler
                0x0000000000000160                BOD_IRQHandler
                0x0000000000000160                WAKEUP_IRQHandler
                0x0000000000000160                TIMER16_0_IRQHandler
 .text.main     0x0000000000000168       0x14 ./src/i2c_main.o
                0x0000000000000168                main
 .text.init_mwatch
                0x000000000000017c        0x8 ./src/i2c_main.o
 .text.run_mwatch
                0x0000000000000184       0xb4 ./src/i2c_main.o
 .text.main_watch
                0x0000000000000238       0x30 ./src/watch.o
                0x0000000000000238                main_watch
 .text.start_watch
                0x0000000000000268        0x8 ./src/watch.o
 .text.run_watch
                0x0000000000000270        0x8 ./src/watch.o
 .text.stop_watch
                0x0000000000000278        0x8 ./src/watch.o
 .text.PIOINT0_IRQHandler
                0x0000000000000280       0x44 ./driver/gpio.o
                0x0000000000000280                PIOINT0_IRQHandler
 .text.PIOINT1_IRQHandler
                0x00000000000002c4       0x44 ./driver/gpio.o
                0x00000000000002c4                PIOINT1_IRQHandler
 .text.PIOINT3_IRQHandler
                0x0000000000000308       0x44 ./driver/gpio.o
                0x0000000000000308                PIOINT3_IRQHandler
 .text.GPIOIntStatus
                0x000000000000034c       0xb4 ./driver/gpio.o
                0x000000000000034c                GPIOIntStatus
 .text.GPIOIntClear
                0x0000000000000400       0xa8 ./driver/gpio.o
                0x0000000000000400                GPIOIntClear
 .text.I2C_IRQHandler
                0x00000000000004a8      0x204 ./driver/i2c.o
                0x00000000000004a8                I2C_IRQHandler
 .text.SystemCoreClockUpdate
                0x00000000000006ac       0xac ./cmsis/system_LPC11xx.o
                0x00000000000006ac                SystemCoreClockUpdate
 .text.SystemInit
                0x0000000000000758       0xb0 ./cmsis/system_LPC11xx.o
                0x0000000000000758                SystemInit
 .text.__main   0x0000000000000808       0x12 /Applications/lpcxpresso_5.1.2_2065/lpcxpresso/tools/bin/../lib/gcc/arm-none-eabi/4.6.2/../../../../arm-none-eabi/lib/armv6-m/libcr_semihost.a(_cr__main.o)
                0x0000000000000808                __main
                0x0000000000000808                __CR_SEMIHOST
 *fill*         0x000000000000081a        0x2 00
 .text.__assertion_failed
                0x000000000000081c       0x48 /Applications/lpcxpresso_5.1.2_2065/lpcxpresso/tools/bin/../lib/gcc/arm-none-eabi/4.6.2/../../../../arm-none-eabi/lib/armv6-m/libcr_c.a(_cr_assert.o)
                0x000000000000081c                __assertion_failed
 .text._deferredlazyseek
                0x0000000000000864       0x44 /Applications/lpcxpresso_5.1.2_2065/lpcxpresso/tools/bin/../lib/gcc/arm-none-eabi/4.6.2/../../../../arm-none-eabi/lib/armv6-m/libcr_c.a(_deferredlazyseek.o)
                0x0000000000000864                _deferredlazyseek
 .text.__flsbuf
                0x00000000000008a8      0x154 /Applications/lpcxpresso_5.1.2_2065/lpcxpresso/tools/bin/../lib/gcc/arm-none-eabi/4.6.2/../../../../arm-none-eabi/lib/armv6-m/libcr_c.a(_deferredlazyseek.o)
                0x00000000000008a8                __flsbuf
 .text._fflush  0x00000000000009fc       0x60 /Applications/lpcxpresso_5.1.2_2065/lpcxpresso/tools/bin/../lib/gcc/arm-none-eabi/4.6.2/../../../../arm-none-eabi/lib/armv6-m/libcr_c.a(_fflush.o)
                0x00000000000009fc                _fflush
 .text._Cwritebuf
                0x0000000000000a5c       0x6c /Applications/lpcxpresso_5.1.2_2065/lpcxpresso/tools/bin/../lib/gcc/arm-none-eabi/4.6.2/../../../../arm-none-eabi/lib/armv6-m/libcr_c.a(_writebuf.o)
                0x0000000000000a5c                _Cwritebuf
 .text.malloc   0x0000000000000ac8       0xbc /Applications/lpcxpresso_5.1.2_2065/lpcxpresso/tools/bin/../lib/gcc/arm-none-eabi/4.6.2/../../../../arm-none-eabi/lib/armv6-m/libcr_c.a(alloc.o)
                0x0000000000000ac8                malloc
 .text.free     0x0000000000000b84        0xa /Applications/lpcxpresso_5.1.2_2065/lpcxpresso/tools/bin/../lib/gcc/arm-none-eabi/4.6.2/../../../../arm-none-eabi/lib/armv6-m/libcr_c.a(alloc.o)
                0x0000000000000b84                free
 *fill*         0x0000000000000b8e        0x2 00
 .text._Csys_alloc
                0x0000000000000b90       0x20 /Applications/lpcxpresso_5.1.2_2065/lpcxpresso/tools/bin/../lib/gcc/arm-none-eabi/4.6.2/../../../../arm-none-eabi/lib/armv6-m/libcr_c.a(alloc.o)
                0x0000000000000b90                _Csys_alloc
 .text.lose_trailing_zeros
                0x0000000000000bb0       0x22 /Applications/lpcxpresso_5.1.2_2065/lpcxpresso/tools/bin/../lib/gcc/arm-none-eabi/4.6.2/../../../../arm-none-eabi/lib/armv6-m/libcr_c.a(fpprintf.o)
 .text.fp_round
                0x0000000000000bd2       0x4c /Applications/lpcxpresso_5.1.2_2065/lpcxpresso/tools/bin/../lib/gcc/arm-none-eabi/4.6.2/../../../../arm-none-eabi/lib/armv6-m/libcr_c.a(fpprintf.o)
 .text.pr_dec.constprop.1
                0x0000000000000c1e       0x2a /Applications/lpcxpresso_5.1.2_2065/lpcxpresso/tools/bin/../lib/gcc/arm-none-eabi/4.6.2/../../../../arm-none-eabi/lib/armv6-m/libcr_c.a(fpprintf.o)
 .text.sprintf  0x0000000000000c48       0x78 /Applications/lpcxpresso_5.1.2_2065/lpcxpresso/tools/bin/../lib/gcc/arm-none-eabi/4.6.2/../../../../arm-none-eabi/lib/armv6-m/libcr_c.a(fpprintf.o)
                0x0000000000000c48                sprintf
 .text.fp_display
                0x0000000000000cc0      0x978 /Applications/lpcxpresso_5.1.2_2065/lpcxpresso/tools/bin/../lib/gcc/arm-none-eabi/4.6.2/../../../../arm-none-eabi/lib/armv6-m/libcr_c.a(fpprintf.o)
 .text.vsnprintf
                0x0000000000001638       0x5c /Applications/lpcxpresso_5.1.2_2065/lpcxpresso/tools/bin/../lib/gcc/arm-none-eabi/4.6.2/../../../../arm-none-eabi/lib/armv6-m/libcr_c.a(fpprintf.o)
                0x0000000000001638                vsnprintf
 .text.printf   0x0000000000001694       0x50 /Applications/lpcxpresso_5.1.2_2065/lpcxpresso/tools/bin/../lib/gcc/arm-none-eabi/4.6.2/../../../../arm-none-eabi/lib/armv6-m/libcr_c.a(fpprintf.o)
                0x0000000000001694                printf
 .text.fputs    0x00000000000016e4       0x3e /Applications/lpcxpresso_5.1.2_2065/lpcxpresso/tools/bin/../lib/gcc/arm-none-eabi/4.6.2/../../../../arm-none-eabi/lib/armv6-m/libcr_c.a(fputs.o)
                0x00000000000016e4                fputs
 *fill*         0x0000000000001722        0x2 00
 .text.fseek    0x0000000000001724       0xf0 /Applications/lpcxpresso_5.1.2_2065/lpcxpresso/tools/bin/../lib/gcc/arm-none-eabi/4.6.2/../../../../arm-none-eabi/lib/armv6-m/libcr_c.a(fseek.o)
                0x0000000000001724                fseek
 .text.ftell    0x0000000000001814       0x4c /Applications/lpcxpresso_5.1.2_2065/lpcxpresso/tools/bin/../lib/gcc/arm-none-eabi/4.6.2/../../../../arm-none-eabi/lib/armv6-m/libcr_c.a(ftell.o)
                0x0000000000001814                ftell
 .text._initio  0x0000000000001860       0xa0 /Applications/lpcxpresso_5.1.2_2065/lpcxpresso/tools/bin/../lib/gcc/arm-none-eabi/4.6.2/../../../../arm-none-eabi/lib/armv6-m/libcr_c.a(initio.o)
                0x0000000000001860                _initio
 .text.__vfprintf
                0x0000000000001900      0xe18 /Applications/lpcxpresso_5.1.2_2065/lpcxpresso/tools/bin/../lib/gcc/arm-none-eabi/4.6.2/../../../../arm-none-eabi/lib/armv6-m/libcr_c.a(printf.o)
                0x0000000000001900                __vfprintf
 .text.setvbuf  0x0000000000002718       0x48 /Applications/lpcxpresso_5.1.2_2065/lpcxpresso/tools/bin/../lib/gcc/arm-none-eabi/4.6.2/../../../../arm-none-eabi/lib/armv6-m/libcr_c.a(setvbuf.o)
                0x0000000000002718                setvbuf
 .text.strlen   0x0000000000002760       0x58 /Applications/lpcxpresso_5.1.2_2065/lpcxpresso/tools/bin/../lib/gcc/arm-none-eabi/4.6.2/../../../../arm-none-eabi/lib/armv6-m/libcr_c.a(strlen.o)
                0x0000000000002760                strlen
 .text.memset   0x00000000000027b8        0x8 /Applications/lpcxpresso_5.1.2_2065/lpcxpresso/tools/bin/../lib/gcc/arm-none-eabi/4.6.2/../../../../arm-none-eabi/lib/armv6-m/libcr_c.a(memset.o)
                0x00000000000027b8                memset
 .text._fdopen  0x00000000000027c0       0x78 /Applications/lpcxpresso_5.1.2_2065/lpcxpresso/tools/bin/../lib/gcc/arm-none-eabi/4.6.2/../../../../arm-none-eabi/lib/armv6-m/libcr_c.a(_fdopen.o)
                0x00000000000027c0                _fdopen
 .text._frexpl  0x0000000000002838       0x88 /Applications/lpcxpresso_5.1.2_2065/lpcxpresso/tools/bin/../lib/gcc/arm-none-eabi/4.6.2/../../../../arm-none-eabi/lib/armv6-m/libcr_c.a(_frexpl.o)
                0x0000000000002838                _frexpl
 .text._ldexpl  0x00000000000028c0       0x68 /Applications/lpcxpresso_5.1.2_2065/lpcxpresso/tools/bin/../lib/gcc/arm-none-eabi/4.6.2/../../../../arm-none-eabi/lib/armv6-m/libcr_c.a(_ldexpl.o)
                0x00000000000028c0                _ldexpl
 .text.fclose   0x0000000000002928       0x70 /Applications/lpcxpresso_5.1.2_2065/lpcxpresso/tools/bin/../lib/gcc/arm-none-eabi/4.6.2/../../../../arm-none-eabi/lib/armv6-m/libcr_c.a(fclose.o)
                0x0000000000002928                fclose
 .text.fflush   0x0000000000002998       0x38 /Applications/lpcxpresso_5.1.2_2065/lpcxpresso/tools/bin/../lib/gcc/arm-none-eabi/4.6.2/../../../../arm-none-eabi/lib/armv6-m/libcr_c.a(fflush.o)
                0x0000000000002998                fflush
 .text.remove   0x00000000000029d0       0x12 /Applications/lpcxpresso_5.1.2_2065/lpcxpresso/tools/bin/../lib/gcc/arm-none-eabi/4.6.2/../../../../arm-none-eabi/lib/armv6-m/libcr_c.a(remove.o)
                0x00000000000029d0                remove
 *fill*         0x00000000000029e2        0x2 00
 .text._do_fflush
                0x00000000000029e4       0x48 /Applications/lpcxpresso_5.1.2_2065/lpcxpresso/tools/bin/../lib/gcc/arm-none-eabi/4.6.2/../../../../arm-none-eabi/lib/armv6-m/libcr_c.a(_do_fflush.o)
                0x00000000000029e4                _do_fflush
 .text.__aeabi_division_idivmod
                0x0000000000002a2c        0x6 /Applications/lpcxpresso_5.1.2_2065/lpcxpresso/tools/bin/../lib/gcc/arm-none-eabi/4.6.2/armv6-m/libcr_eabihelpers.a(division.o)
                0x0000000000002a2c                __aeabi_idiv
                0x0000000000002a2c                __aeabi_idivmod
 .text.__aeabi_division_uidivmod
                0x0000000000002a32       0x72 /Applications/lpcxpresso_5.1.2_2065/lpcxpresso/tools/bin/../lib/gcc/arm-none-eabi/4.6.2/armv6-m/libcr_eabihelpers.a(division.o)
                0x0000000000002a32                __aeabi_uidiv
                0x0000000000002a32                __aeabi_uidivmod
 .text.__aeabi_division_idiv0
                0x0000000000002aa4        0x2 /Applications/lpcxpresso_5.1.2_2065/lpcxpresso/tools/bin/../lib/gcc/arm-none-eabi/4.6.2/armv6-m/libcr_eabihelpers.a(division.o)
                0x0000000000002aa4                __aeabi_idiv0
 *fill*         0x0000000000002aa6        0x2 00
 .text.__aeabi_dmul
                0x0000000000002aa8      0x180 /Applications/lpcxpresso_5.1.2_2065/lpcxpresso/tools/bin/../lib/gcc/arm-none-eabi/4.6.2/armv6-m/libcr_eabihelpers.a(double.o)
                0x0000000000002aa8                __aeabi_dmul
 .text.__aeabi_ddiv
                0x0000000000002c28      0x178 /Applications/lpcxpresso_5.1.2_2065/lpcxpresso/tools/bin/../lib/gcc/arm-none-eabi/4.6.2/armv6-m/libcr_eabihelpers.a(double.o)
                0x0000000000002c28                __aeabi_ddiv
 .text.__aeabi_dsub
                0x0000000000002da0      0x1d8 /Applications/lpcxpresso_5.1.2_2065/lpcxpresso/tools/bin/../lib/gcc/arm-none-eabi/4.6.2/armv6-m/libcr_eabihelpers.a(double.o)
                0x0000000000002da0                __aeabi_dsub
 .text.__aeabi_dadd
                0x0000000000002f78      0x140 /Applications/lpcxpresso_5.1.2_2065/lpcxpresso/tools/bin/../lib/gcc/arm-none-eabi/4.6.2/armv6-m/libcr_eabihelpers.a(double.o)
                0x0000000000002f78                __aeabi_dadd
 .text.__aeabi_d2iz
                0x00000000000030b8       0x4c /Applications/lpcxpresso_5.1.2_2065/lpcxpresso/tools/bin/../lib/gcc/arm-none-eabi/4.6.2/armv6-m/libcr_eabihelpers.a(double.o)
                0x00000000000030b8                __aeabi_d2iz
 .text.__bhs_ui2d
                0x0000000000003104       0x5e /Applications/lpcxpresso_5.1.2_2065/lpcxpresso/tools/bin/../lib/gcc/arm-none-eabi/4.6.2/armv6-m/libcr_eabihelpers.a(double.o)
                0x0000000000003104                __bhs_ui2d
 .text.__aeabi_i2d
                0x0000000000003162       0x16 /Applications/lpcxpresso_5.1.2_2065/lpcxpresso/tools/bin/../lib/gcc/arm-none-eabi/4.6.2/armv6-m/libcr_eabihelpers.a(double.o)
                0x0000000000003162                __aeabi_i2d
 .text.__aeabi_dcmpeq
                0x0000000000003178       0x40 /Applications/lpcxpresso_5.1.2_2065/lpcxpresso/tools/bin/../lib/gcc/arm-none-eabi/4.6.2/armv6-m/libcr_eabihelpers.a(double.o)
                0x0000000000003178                __aeabi_dcmpeq
 .text.__aeabi_dcmplt
                0x00000000000031b8       0x64 /Applications/lpcxpresso_5.1.2_2065/lpcxpresso/tools/bin/../lib/gcc/arm-none-eabi/4.6.2/armv6-m/libcr_eabihelpers.a(double.o)
                0x00000000000031b8                __aeabi_dcmplt
 .text.__aeabi_dcmple
                0x000000000000321c       0x64 /Applications/lpcxpresso_5.1.2_2065/lpcxpresso/tools/bin/../lib/gcc/arm-none-eabi/4.6.2/armv6-m/libcr_eabihelpers.a(double.o)
                0x000000000000321c                __aeabi_dcmple
 .text.__aeabi_dcmpge
                0x0000000000003280       0x64 /Applications/lpcxpresso_5.1.2_2065/lpcxpresso/tools/bin/../lib/gcc/arm-none-eabi/4.6.2/armv6-m/libcr_eabihelpers.a(double.o)
                0x0000000000003280                __aeabi_dcmpge
 .text.__aeabi_llong_lmul
                0x00000000000032e4       0x2e /Applications/lpcxpresso_5.1.2_2065/lpcxpresso/tools/bin/../lib/gcc/arm-none-eabi/4.6.2/armv6-m/libcr_eabihelpers.a(llong.o)
                0x00000000000032e4                __aeabi_lmul
 .text.__aeabi_memset_lowlevel
                0x0000000000003312       0x2a /Applications/lpcxpresso_5.1.2_2065/lpcxpresso/tools/bin/../lib/gcc/arm-none-eabi/4.6.2/armv6-m/libcr_eabihelpers.a(memcpy.o)
                0x0000000000003312                __aeabi_lowlevel_memset
 .text.__sys_appexit
                0x000000000000333c        0xc /Applications/lpcxpresso_5.1.2_2065/lpcxpresso/tools/bin/../lib/gcc/arm-none-eabi/4.6.2/../../../../arm-none-eabi/lib/armv6-m/libcr_semihost.a(__sys_appexit.o)
                0x000000000000333c                __exit
                0x000000000000333c                __sys_appexit
 .text.__sys_close
                0x0000000000003348        0xc /Applications/lpcxpresso_5.1.2_2065/lpcxpresso/tools/bin/../lib/gcc/arm-none-eabi/4.6.2/../../../../arm-none-eabi/lib/armv6-m/libcr_semihost.a(__sys_close.o)
                0x0000000000003348                __sys_close
 .text.__sys_flen
                0x0000000000003354        0xc /Applications/lpcxpresso_5.1.2_2065/lpcxpresso/tools/bin/../lib/gcc/arm-none-eabi/4.6.2/../../../../arm-none-eabi/lib/armv6-m/libcr_semihost.a(__sys_flen.o)
                0x0000000000003354                __sys_flen
 .text.__sys_istty
                0x0000000000003360        0xc /Applications/lpcxpresso_5.1.2_2065/lpcxpresso/tools/bin/../lib/gcc/arm-none-eabi/4.6.2/../../../../arm-none-eabi/lib/armv6-m/libcr_semihost.a(__sys_istty.o)
                0x0000000000003360                __sys_istty
 .text.__sys_remove
                0x000000000000336c        0xc /Applications/lpcxpresso_5.1.2_2065/lpcxpresso/tools/bin/../lib/gcc/arm-none-eabi/4.6.2/../../../../arm-none-eabi/lib/armv6-m/libcr_semihost.a(__sys_remove.o)
                0x000000000000336c                __sys_remove
 .text.__sys_seek
                0x0000000000003378        0xc /Applications/lpcxpresso_5.1.2_2065/lpcxpresso/tools/bin/../lib/gcc/arm-none-eabi/4.6.2/../../../../arm-none-eabi/lib/armv6-m/libcr_semihost.a(__sys_seek.o)
                0x0000000000003378                __sys_seek
 .text.__sys_tmpnam
                0x0000000000003384        0xc /Applications/lpcxpresso_5.1.2_2065/lpcxpresso/tools/bin/../lib/gcc/arm-none-eabi/4.6.2/../../../../arm-none-eabi/lib/armv6-m/libcr_semihost.a(__sys_tmpnam.o)
                0x0000000000003384                __sys_tmpnam
 .text.__sys_write
                0x0000000000003390        0xc /Applications/lpcxpresso_5.1.2_2065/lpcxpresso/tools/bin/../lib/gcc/arm-none-eabi/4.6.2/../../../../arm-none-eabi/lib/armv6-m/libcr_semihost.a(__sys_write.o)
                0x0000000000003390                __write
                0x0000000000003390                __sys_write
 .text._sbrk    0x000000000000339c       0x40 /Applications/lpcxpresso_5.1.2_2065/lpcxpresso/tools/bin/../lib/gcc/arm-none-eabi/4.6.2/../../../../arm-none-eabi/lib/armv6-m/libcr_semihost.a(_cr_sbrk.o)
                0x000000000000339c                _sbrk
 .text.__check_heap_overflow
                0x00000000000033dc       0x2c /Applications/lpcxpresso_5.1.2_2065/lpcxpresso/tools/bin/../lib/gcc/arm-none-eabi/4.6.2/../../../../arm-none-eabi/lib/armv6-m/libcr_semihost.a(_cr_check_heap.o)
                0x00000000000033dc                __check_heap_overflow
 *(.rodata .rodata.*)
 .rodata        0x0000000000003408      0x1c0 ./src/i2c_main.o
 .rodata.I2C_IRQHandler
                0x00000000000035c8      0x144 ./driver/i2c.o
 .rodata.CSWTCH.7
                0x000000000000370c       0x40 ./cmsis/system_LPC11xx.o
 .rodata.str1.1
                0x000000000000374c       0x15 /Applications/lpcxpresso_5.1.2_2065/lpcxpresso/tools/bin/../lib/gcc/arm-none-eabi/4.6.2/../../../../arm-none-eabi/lib/armv6-m/libcr_c.a(_cr_assert.o)
 .rodata.str1.1
                0x0000000000003761       0x18 /Applications/lpcxpresso_5.1.2_2065/lpcxpresso/tools/bin/../lib/gcc/arm-none-eabi/4.6.2/../../../../arm-none-eabi/lib/armv6-m/libcr_c.a(alloc.o)
 .rodata.str1.1
                0x0000000000003779       0x32 /Applications/lpcxpresso_5.1.2_2065/lpcxpresso/tools/bin/../lib/gcc/arm-none-eabi/4.6.2/../../../../arm-none-eabi/lib/armv6-m/libcr_c.a(fpprintf.o)
                                         0x35 (size before relaxing)
 .rodata.str1.1
                0x00000000000037ab        0x4 /Applications/lpcxpresso_5.1.2_2065/lpcxpresso/tools/bin/../lib/gcc/arm-none-eabi/4.6.2/../../../../arm-none-eabi/lib/armv6-m/libcr_c.a(initio.o)
 .rodata.str1.1
                0x00000000000037af       0x31 /Applications/lpcxpresso_5.1.2_2065/lpcxpresso/tools/bin/../lib/gcc/arm-none-eabi/4.6.2/../../../../arm-none-eabi/lib/armv6-m/libcr_c.a(printf.o)
                                         0x38 (size before relaxing)
 .rodata.__huge_vall
                0x00000000000037e0        0x8 /Applications/lpcxpresso_5.1.2_2065/lpcxpresso/tools/bin/../lib/gcc/arm-none-eabi/4.6.2/../../../../arm-none-eabi/lib/armv6-m/libcr_c.a(_hugeval.o)
                0x00000000000037e0                __huge_vall
                0x00000000000037e8                . = ALIGN (0x4)

.glue_7         0x00000000000037e8        0x0
 .glue_7        0x0000000000000000        0x0 linker stubs

.glue_7t        0x00000000000037e8        0x0
 .glue_7t       0x0000000000000000        0x0 linker stubs

.vfp11_veneer   0x00000000000037e8        0x0
 .vfp11_veneer  0x0000000000000000        0x0 linker stubs

.v4_bx          0x00000000000037e8        0x0
 .v4_bx         0x0000000000000000        0x0 linker stubs

.ARM.extab
 *(.ARM.extab* .gnu.linkonce.armextab.*)
                0x00000000000037e8                __exidx_start = .

.ARM.exidx
 *(.ARM.exidx* .gnu.linkonce.armexidx.*)
                0x00000000000037e8                __exidx_end = .
                0x00000000000037e8                _etext = .

.uninit_RESERVED
                0x0000000010000000        0x0
 *(.bss.$RESERVED*)
                0x0000000010000000                . = ALIGN (0x4)
                0x0000000010000000                _end_uninit_RESERVED = .

.data           0x0000000010000000        0x4 load address 0x00000000000037e8
 FILL mask 0xff
                0x0000000010000000                _data = .
 *(vtable)
 *(.data*)
 .data.SystemCoreClock
                0x0000000010000000        0x4 ./cmsis/system_LPC11xx.o
                0x0000000010000000                SystemCoreClock
                0x0000000010000004                . = ALIGN (0x4)
                0x0000000010000004                _edata = .

.bss            0x0000000010000008      0x21c load address 0x00000000000037f0
                0x0000000010000008                _bss = .
 *(.bss*)
 .bss.gpio0_counter
                0x0000000010000008        0x4 ./driver/gpio.o
                0x0000000010000008                gpio0_counter
 .bss.p0_1_counter
                0x000000001000000c        0x4 ./driver/gpio.o
                0x000000001000000c                p0_1_counter
 .bss.gpio1_counter
                0x0000000010000010        0x4 ./driver/gpio.o
                0x0000000010000010                gpio1_counter
 .bss.p1_1_counter
                0x0000000010000014        0x4 ./driver/gpio.o
                0x0000000010000014                p1_1_counter
 .bss.gpio3_counter
                0x0000000010000018        0x4 ./driver/gpio.o
                0x0000000010000018                gpio3_counter
 .bss.p3_1_counter
                0x000000001000001c        0x4 ./driver/gpio.o
                0x000000001000001c                p3_1_counter
 .bss.I2CMasterState
                0x0000000010000020        0x4 ./driver/i2c.o
                0x0000000010000020                I2CMasterState
 .bss.timeout   0x0000000010000024        0x4 ./driver/i2c.o
                0x0000000010000024                timeout
 .bss.RdIndex   0x0000000010000028        0x4 ./driver/i2c.o
                0x0000000010000028                RdIndex
 .bss.WrIndex   0x000000001000002c        0x4 ./driver/i2c.o
                0x000000001000002c                WrIndex
 .bss.errno     0x0000000010000030        0x4 /Applications/lpcxpresso_5.1.2_2065/lpcxpresso/tools/bin/../lib/gcc/arm-none-eabi/4.6.2/../../../../arm-none-eabi/lib/armv6-m/libcr_c.a(errno.o)
                0x0000000010000030                errno
 *(COMMON)
 *fill*         0x0000000010000034        0x4 00
 COMMON         0x0000000010000038       0x11 ./src/globals.o
                0x0000000010000038                current_state
                0x0000000010000039                next_state
                0x0000000010000040                unixtime
                0x0000000010000048                run_state
 *fill*         0x0000000010000049        0x3 00
 COMMON         0x000000001000004c       0x8c ./driver/i2c.o
                0x000000001000004c                I2CReadLength
                0x0000000010000050                I2CSlaveBuffer
                0x0000000010000090                I2CMode
                0x0000000010000094                I2CMasterBuffer
                0x00000000100000d4                I2CWriteLength
 COMMON         0x00000000100000d8        0x4 /Applications/lpcxpresso_5.1.2_2065/lpcxpresso/tools/bin/../lib/gcc/arm-none-eabi/4.6.2/../../../../arm-none-eabi/lib/armv6-m/libcr_c.a(initio.o)
                0x00000000100000d8                _extra
 COMMON         0x00000000100000dc      0x140 /Applications/lpcxpresso_5.1.2_2065/lpcxpresso/tools/bin/../lib/gcc/arm-none-eabi/4.6.2/../../../../arm-none-eabi/lib/armv6-m/libcr_c.a(stdio.o)
                0x00000000100000dc                __Ciob
 COMMON         0x000000001000021c        0x8 /Applications/lpcxpresso_5.1.2_2065/lpcxpresso/tools/bin/../lib/gcc/arm-none-eabi/4.6.2/../../../../arm-none-eabi/lib/armv6-m/libcr_c.a(__init_alloc.o)
                0x000000001000021c                __heaps
                0x0000000010000220                __end_of_heap
                0x0000000010000224                . = ALIGN (0x4)
                0x0000000010000224                _ebss = .
                0x0000000010000224                PROVIDE (end, .)

.noinit         0x0000000010000224        0x0 load address 0x00000000000037ec
                0x0000000010000224                _noinit = .
 *(.noinit*)
                0x0000000010000224                . = ALIGN (0x4)
                0x0000000010000224                _end_noinit = .
                0x0000000010000224                PROVIDE (_pvHeapStart, .)
                0x0000000010002000                PROVIDE (_vStackTop, (__top_RamLoc8 - 0x0))
OUTPUT(i2c.axf elf32-littlearm)

.debug_info     0x0000000000000000     0x2ba7
 .debug_info    0x0000000000000000      0x1ec ./startup/cr_startup_lpc11.o
 .debug_info    0x00000000000001ec      0x16c ./src/globals.o
 .debug_info    0x0000000000000358       0x29 ./src/headlines.o
 .debug_info    0x0000000000000381      0x52b ./src/i2c_main.o
 .debug_info    0x00000000000008ac       0x29 ./src/shared.o
 .debug_info    0x00000000000008d5       0x29 ./src/snake.o
 .debug_info    0x00000000000008fe      0x165 ./src/watch.o
 .debug_info    0x0000000000000a63       0x42 ./src/weather.o
 .debug_info    0x0000000000000aa5       0x70 ./driver/can.o
 .debug_info    0x0000000000000b15       0x92 ./driver/crp.o
 .debug_info    0x0000000000000ba7      0xb2e ./driver/gpio.o
 .debug_info    0x00000000000016d5      0xc9c ./driver/i2c.o
 .debug_info    0x0000000000002371      0x2ae ./cmsis/core_cm0.o
 .debug_info    0x000000000000261f      0x588 ./cmsis/system_LPC11xx.o

.debug_abbrev   0x0000000000000000      0xa8a
 .debug_abbrev  0x0000000000000000       0xb4 ./startup/cr_startup_lpc11.o
 .debug_abbrev  0x00000000000000b4       0xab ./src/globals.o
 .debug_abbrev  0x000000000000015f       0x16 ./src/headlines.o
 .debug_abbrev  0x0000000000000175      0x21e ./src/i2c_main.o
 .debug_abbrev  0x0000000000000393       0x16 ./src/shared.o
 .debug_abbrev  0x00000000000003a9       0x16 ./src/snake.o
 .debug_abbrev  0x00000000000003bf       0xa2 ./src/watch.o
 .debug_abbrev  0x0000000000000461       0x2b ./src/weather.o
 .debug_abbrev  0x000000000000048c       0x2c ./driver/can.o
 .debug_abbrev  0x00000000000004b8       0x51 ./driver/crp.o
 .debug_abbrev  0x0000000000000509      0x1f0 ./driver/gpio.o
 .debug_abbrev  0x00000000000006f9      0x1a5 ./driver/i2c.o
 .debug_abbrev  0x000000000000089e       0xaf ./cmsis/core_cm0.o
 .debug_abbrev  0x000000000000094d      0x13d ./cmsis/system_LPC11xx.o

.debug_loc      0x0000000000000000      0xa7a
 .debug_loc     0x0000000000000000      0x140 ./startup/cr_startup_lpc11.o
 .debug_loc     0x0000000000000140       0x38 ./src/globals.o
 .debug_loc     0x0000000000000178      0x2b0 ./src/i2c_main.o
 .debug_loc     0x0000000000000428       0xb0 ./src/watch.o
 .debug_loc     0x00000000000004d8       0x2c ./src/weather.o
 .debug_loc     0x0000000000000504      0x294 ./driver/gpio.o
 .debug_loc     0x0000000000000798      0x138 ./driver/i2c.o
 .debug_loc     0x00000000000008d0      0x112 ./cmsis/core_cm0.o
 .debug_loc     0x00000000000009e2       0x98 ./cmsis/system_LPC11xx.o

.debug_aranges  0x0000000000000000      0x2a8
 .debug_aranges
                0x0000000000000000       0x50 ./startup/cr_startup_lpc11.o
 .debug_aranges
                0x0000000000000050       0x20 ./src/globals.o
 .debug_aranges
                0x0000000000000070       0x88 ./src/i2c_main.o
 .debug_aranges
                0x00000000000000f8       0x38 ./src/watch.o
 .debug_aranges
                0x0000000000000130       0x20 ./src/weather.o
 .debug_aranges
                0x0000000000000150       0x78 ./driver/gpio.o
 .debug_aranges
                0x00000000000001c8       0x48 ./driver/i2c.o
 .debug_aranges
                0x0000000000000210       0x70 ./cmsis/core_cm0.o
 .debug_aranges
                0x0000000000000280       0x28 ./cmsis/system_LPC11xx.o

.debug_ranges   0x0000000000000000      0x218
 .debug_ranges  0x0000000000000000       0x40 ./startup/cr_startup_lpc11.o
 .debug_ranges  0x0000000000000040       0x10 ./src/globals.o
 .debug_ranges  0x0000000000000050       0x78 ./src/i2c_main.o
 .debug_ranges  0x00000000000000c8       0x28 ./src/watch.o
 .debug_ranges  0x00000000000000f0       0x10 ./src/weather.o
 .debug_ranges  0x0000000000000100       0x68 ./driver/gpio.o
 .debug_ranges  0x0000000000000168       0x38 ./driver/i2c.o
 .debug_ranges  0x00000000000001a0       0x60 ./cmsis/core_cm0.o
 .debug_ranges  0x0000000000000200       0x18 ./cmsis/system_LPC11xx.o

.debug_line     0x0000000000000000     0x2927
 .debug_line    0x0000000000000000      0x3fd ./startup/cr_startup_lpc11.o
 .debug_line    0x00000000000003fd      0x35e ./src/globals.o
 .debug_line    0x000000000000075b       0x33 ./src/headlines.o
 .debug_line    0x000000000000078e      0x563 ./src/i2c_main.o
 .debug_line    0x0000000000000cf1       0x3c ./src/shared.o
 .debug_line    0x0000000000000d2d       0x2f ./src/snake.o
 .debug_line    0x0000000000000d5c      0x37c ./src/watch.o
 .debug_line    0x00000000000010d8       0x3f ./src/weather.o
 .debug_line    0x0000000000001117      0x373 ./driver/can.o
 .debug_line    0x000000000000148a      0x37c ./driver/crp.o
 .debug_line    0x0000000000001806      0x4dd ./driver/gpio.o
 .debug_line    0x0000000000001ce3      0x465 ./driver/i2c.o
 .debug_line    0x0000000000002148      0x3f0 ./cmsis/core_cm0.o
 .debug_line    0x0000000000002538      0x3ef ./cmsis/system_LPC11xx.o

.debug_macinfo  0x0000000000000000    0x3c44c
 .debug_macinfo
                0x0000000000000000     0x3e81 ./startup/cr_startup_lpc11.o
 .debug_macinfo
                0x0000000000003e81     0x3cb5 ./src/globals.o
 .debug_macinfo
                0x0000000000007b36     0x21fa ./src/headlines.o
 .debug_macinfo
                0x0000000000009d30     0x6829 ./src/i2c_main.o
 .debug_macinfo
                0x0000000000010559     0x250b ./src/shared.o
 .debug_macinfo
                0x0000000000012a64     0x21fa ./src/snake.o
 .debug_macinfo
                0x0000000000014c5e     0x3cb5 ./src/watch.o
 .debug_macinfo
                0x0000000000018913     0x21fa ./src/weather.o
 .debug_macinfo
                0x000000000001ab0d     0x5e2c ./driver/can.o
 .debug_macinfo
                0x0000000000020939     0x6018 ./driver/crp.o
 .debug_macinfo
                0x0000000000026951     0x5e64 ./driver/gpio.o
 .debug_macinfo
                0x000000000002c7b5     0x615a ./driver/i2c.o
 .debug_macinfo
                0x000000000003290f     0x3c50 ./cmsis/core_cm0.o
 .debug_macinfo
                0x000000000003655f     0x5eed ./cmsis/system_LPC11xx.o

.debug_str      0x0000000000000000      0xe41
 .debug_str     0x0000000000000000      0x1a5 ./startup/cr_startup_lpc11.o
                                        0x1df (size before relaxing)
 .debug_str     0x00000000000001a5       0xc2 ./src/globals.o
                                        0x1cf (size before relaxing)
 .debug_str     0x0000000000000267       0x13 ./src/headlines.o
                                         0xa7 (size before relaxing)
 .debug_str     0x000000000000027a      0x1d5 ./src/i2c_main.o
                                        0x36d (size before relaxing)
 .debug_str     0x000000000000044f       0x10 ./src/shared.o
                                         0xa4 (size before relaxing)
 .debug_str     0x000000000000045f        0xf ./src/snake.o
                                         0xa3 (size before relaxing)
 .debug_str     0x000000000000046e       0x30 ./src/watch.o
                                        0x1b7 (size before relaxing)
 .debug_str     0x000000000000049e       0x11 ./src/weather.o
                                         0xab (size before relaxing)
 .debug_str     0x00000000000004af       0x10 ./driver/can.o
                                        0x11d (size before relaxing)
 .debug_str     0x00000000000004bf       0x19 ./driver/crp.o
                                        0x12f (size before relaxing)
 .debug_str     0x00000000000004d8      0x5e1 ./driver/gpio.o
                                        0x72f (size before relaxing)
 .debug_str     0x0000000000000ab9      0x270 ./driver/i2c.o
                                        0x894 (size before relaxing)
 .debug_str     0x0000000000000d29       0xbf ./cmsis/core_cm0.o
                                        0x1f4 (size before relaxing)
 .debug_str     0x0000000000000de8       0x59 ./cmsis/system_LPC11xx.o
                                        0x41b (size before relaxing)

.comment        0x0000000000000000       0xe0
 .comment       0x0000000000000000       0x70 ./startup/cr_startup_lpc11.o
                                         0x71 (size before relaxing)
 .comment       0x0000000000000000       0x71 ./src/globals.o
 .comment       0x0000000000000000       0x71 ./src/headlines.o
 .comment       0x0000000000000000       0x71 ./src/i2c_main.o
 .comment       0x0000000000000000       0x71 ./src/shared.o
 .comment       0x0000000000000000       0x71 ./src/snake.o
 .comment       0x0000000000000000       0x71 ./src/watch.o
 .comment       0x0000000000000000       0x71 ./src/weather.o
 .comment       0x0000000000000000       0x71 ./driver/can.o
 .comment       0x0000000000000000       0x71 ./driver/crp.o
 .comment       0x0000000000000000       0x71 ./driver/gpio.o
 .comment       0x0000000000000000       0x71 ./driver/i2c.o
 .comment       0x0000000000000000       0x71 ./cmsis/core_cm0.o
 .comment       0x0000000000000000       0x71 ./cmsis/system_LPC11xx.o
 .comment       0x0000000000000070       0x70 /Applications/lpcxpresso_5.1.2_2065/lpcxpresso/tools/bin/../lib/gcc/arm-none-eabi/4.6.2/../../../../arm-none-eabi/lib/armv6-m/libcr_semihost.a(_cr__main.o)
                                         0x71 (size before relaxing)
 .comment       0x0000000000000000       0x71 /Applications/lpcxpresso_5.1.2_2065/lpcxpresso/tools/bin/../lib/gcc/arm-none-eabi/4.6.2/../../../../arm-none-eabi/lib/armv6-m/libcr_c.a(_cr_assert.o)
 .comment       0x0000000000000000       0x71 /Applications/lpcxpresso_5.1.2_2065/lpcxpresso/tools/bin/../lib/gcc/arm-none-eabi/4.6.2/../../../../arm-none-eabi/lib/armv6-m/libcr_c.a(_deferredlazyseek.o)
 .comment       0x0000000000000000       0x71 /Applications/lpcxpresso_5.1.2_2065/lpcxpresso/tools/bin/../lib/gcc/arm-none-eabi/4.6.2/../../../../arm-none-eabi/lib/armv6-m/libcr_c.a(_fflush.o)
 .comment       0x0000000000000000       0x71 /Applications/lpcxpresso_5.1.2_2065/lpcxpresso/tools/bin/../lib/gcc/arm-none-eabi/4.6.2/../../../../arm-none-eabi/lib/armv6-m/libcr_c.a(_writebuf.o)
 .comment       0x0000000000000000       0x71 /Applications/lpcxpresso_5.1.2_2065/lpcxpresso/tools/bin/../lib/gcc/arm-none-eabi/4.6.2/../../../../arm-none-eabi/lib/armv6-m/libcr_c.a(alloc.o)
 .comment       0x0000000000000000       0x71 /Applications/lpcxpresso_5.1.2_2065/lpcxpresso/tools/bin/../lib/gcc/arm-none-eabi/4.6.2/../../../../arm-none-eabi/lib/armv6-m/libcr_c.a(fpprintf.o)
 .comment       0x0000000000000000       0x71 /Applications/lpcxpresso_5.1.2_2065/lpcxpresso/tools/bin/../lib/gcc/arm-none-eabi/4.6.2/../../../../arm-none-eabi/lib/armv6-m/libcr_c.a(fputs.o)
 .comment       0x0000000000000000       0x71 /Applications/lpcxpresso_5.1.2_2065/lpcxpresso/tools/bin/../lib/gcc/arm-none-eabi/4.6.2/../../../../arm-none-eabi/lib/armv6-m/libcr_c.a(fseek.o)
 .comment       0x0000000000000000       0x71 /Applications/lpcxpresso_5.1.2_2065/lpcxpresso/tools/bin/../lib/gcc/arm-none-eabi/4.6.2/../../../../arm-none-eabi/lib/armv6-m/libcr_c.a(ftell.o)
 .comment       0x0000000000000000       0x71 /Applications/lpcxpresso_5.1.2_2065/lpcxpresso/tools/bin/../lib/gcc/arm-none-eabi/4.6.2/../../../../arm-none-eabi/lib/armv6-m/libcr_c.a(initio.o)
 .comment       0x0000000000000000       0x71 /Applications/lpcxpresso_5.1.2_2065/lpcxpresso/tools/bin/../lib/gcc/arm-none-eabi/4.6.2/../../../../arm-none-eabi/lib/armv6-m/libcr_c.a(printf.o)
 .comment       0x0000000000000000       0x71 /Applications/lpcxpresso_5.1.2_2065/lpcxpresso/tools/bin/../lib/gcc/arm-none-eabi/4.6.2/../../../../arm-none-eabi/lib/armv6-m/libcr_c.a(setvbuf.o)
 .comment       0x0000000000000000       0x71 /Applications/lpcxpresso_5.1.2_2065/lpcxpresso/tools/bin/../lib/gcc/arm-none-eabi/4.6.2/../../../../arm-none-eabi/lib/armv6-m/libcr_c.a(stdio.o)
 .comment       0x0000000000000000       0x71 /Applications/lpcxpresso_5.1.2_2065/lpcxpresso/tools/bin/../lib/gcc/arm-none-eabi/4.6.2/../../../../arm-none-eabi/lib/armv6-m/libcr_c.a(strlen.o)
 .comment       0x0000000000000000       0x71 /Applications/lpcxpresso_5.1.2_2065/lpcxpresso/tools/bin/../lib/gcc/arm-none-eabi/4.6.2/../../../../arm-none-eabi/lib/armv6-m/libcr_c.a(memcpy.o)
 .comment       0x0000000000000000       0x71 /Applications/lpcxpresso_5.1.2_2065/lpcxpresso/tools/bin/../lib/gcc/arm-none-eabi/4.6.2/../../../../arm-none-eabi/lib/armv6-m/libcr_c.a(memset.o)
 .comment       0x0000000000000000       0x71 /Applications/lpcxpresso_5.1.2_2065/lpcxpresso/tools/bin/../lib/gcc/arm-none-eabi/4.6.2/../../../../arm-none-eabi/lib/armv6-m/libcr_c.a(__fillbuf.o)
 .comment       0x0000000000000000       0x71 /Applications/lpcxpresso_5.1.2_2065/lpcxpresso/tools/bin/../lib/gcc/arm-none-eabi/4.6.2/../../../../arm-none-eabi/lib/armv6-m/libcr_c.a(__init_alloc.o)
 .comment       0x0000000000000000       0x71 /Applications/lpcxpresso_5.1.2_2065/lpcxpresso/tools/bin/../lib/gcc/arm-none-eabi/4.6.2/../../../../arm-none-eabi/lib/armv6-m/libcr_c.a(_fdopen.o)
 .comment       0x0000000000000000       0x71 /Applications/lpcxpresso_5.1.2_2065/lpcxpresso/tools/bin/../lib/gcc/arm-none-eabi/4.6.2/../../../../arm-none-eabi/lib/armv6-m/libcr_c.a(_frexpl.o)
 .comment       0x0000000000000000       0x71 /Applications/lpcxpresso_5.1.2_2065/lpcxpresso/tools/bin/../lib/gcc/arm-none-eabi/4.6.2/../../../../arm-none-eabi/lib/armv6-m/libcr_c.a(_ldexpl.o)
 .comment       0x0000000000000000       0x71 /Applications/lpcxpresso_5.1.2_2065/lpcxpresso/tools/bin/../lib/gcc/arm-none-eabi/4.6.2/../../../../arm-none-eabi/lib/armv6-m/libcr_c.a(errno.o)
 .comment       0x0000000000000000       0x71 /Applications/lpcxpresso_5.1.2_2065/lpcxpresso/tools/bin/../lib/gcc/arm-none-eabi/4.6.2/../../../../arm-none-eabi/lib/armv6-m/libcr_c.a(fclose.o)
 .comment       0x0000000000000000       0x71 /Applications/lpcxpresso_5.1.2_2065/lpcxpresso/tools/bin/../lib/gcc/arm-none-eabi/4.6.2/../../../../arm-none-eabi/lib/armv6-m/libcr_c.a(fflush.o)
 .comment       0x0000000000000000       0x71 /Applications/lpcxpresso_5.1.2_2065/lpcxpresso/tools/bin/../lib/gcc/arm-none-eabi/4.6.2/../../../../arm-none-eabi/lib/armv6-m/libcr_c.a(remove.o)
 .comment       0x0000000000000000       0x71 /Applications/lpcxpresso_5.1.2_2065/lpcxpresso/tools/bin/../lib/gcc/arm-none-eabi/4.6.2/../../../../arm-none-eabi/lib/armv6-m/libcr_c.a(_do_fflush.o)
 .comment       0x0000000000000000       0x71 /Applications/lpcxpresso_5.1.2_2065/lpcxpresso/tools/bin/../lib/gcc/arm-none-eabi/4.6.2/../../../../arm-none-eabi/lib/armv6-m/libcr_c.a(_hugeval.o)
 .comment       0x0000000000000000       0x71 /Applications/lpcxpresso_5.1.2_2065/lpcxpresso/tools/bin/../lib/gcc/arm-none-eabi/4.6.2/armv6-m/libcr_eabihelpers.a(double.o)
 .comment       0x0000000000000000       0x71 /Applications/lpcxpresso_5.1.2_2065/lpcxpresso/tools/bin/../lib/gcc/arm-none-eabi/4.6.2/../../../../arm-none-eabi/lib/armv6-m/libcr_semihost.a(_cr_sbrk.o)
 .comment       0x0000000000000000       0x71 /Applications/lpcxpresso_5.1.2_2065/lpcxpresso/tools/bin/../lib/gcc/arm-none-eabi/4.6.2/../../../../arm-none-eabi/lib/armv6-m/libcr_semihost.a(_cr_check_heap.o)

.ARM.attributes
                0x0000000000000000       0x2f
 .ARM.attributes
                0x0000000000000000       0x31 ./startup/cr_startup_lpc11.o
 .ARM.attributes
                0x0000000000000031       0x31 ./src/globals.o
 .ARM.attributes
                0x0000000000000062       0x31 ./src/headlines.o
 .ARM.attributes
                0x0000000000000093       0x31 ./src/i2c_main.o
 .ARM.attributes
                0x00000000000000c4       0x31 ./src/shared.o
 .ARM.attributes
                0x00000000000000f5       0x31 ./src/snake.o
 .ARM.attributes
                0x0000000000000126       0x31 ./src/watch.o
 .ARM.attributes
                0x0000000000000157       0x31 ./src/weather.o
 .ARM.attributes
                0x0000000000000188       0x31 ./driver/can.o
 .ARM.attributes
                0x00000000000001b9       0x31 ./driver/crp.o
 .ARM.attributes
                0x00000000000001ea       0x31 ./driver/gpio.o
 .ARM.attributes
                0x000000000000021b       0x31 ./driver/i2c.o
 .ARM.attributes
                0x000000000000024c       0x31 ./cmsis/core_cm0.o
 .ARM.attributes
                0x000000000000027d       0x31 ./cmsis/system_LPC11xx.o
 .ARM.attributes
                0x00000000000002ae       0x31 /Applications/lpcxpresso_5.1.2_2065/lpcxpresso/tools/bin/../lib/gcc/arm-none-eabi/4.6.2/../../../../arm-none-eabi/lib/armv6-m/libcr_semihost.a(_cr__main.o)
 .ARM.attributes
                0x00000000000002df       0x31 /Applications/lpcxpresso_5.1.2_2065/lpcxpresso/tools/bin/../lib/gcc/arm-none-eabi/4.6.2/../../../../arm-none-eabi/lib/armv6-m/libcr_c.a(_cr_assert.o)
 .ARM.attributes
                0x0000000000000310       0x31 /Applications/lpcxpresso_5.1.2_2065/lpcxpresso/tools/bin/../lib/gcc/arm-none-eabi/4.6.2/../../../../arm-none-eabi/lib/armv6-m/libcr_c.a(_deferredlazyseek.o)
 .ARM.attributes
                0x0000000000000341       0x31 /Applications/lpcxpresso_5.1.2_2065/lpcxpresso/tools/bin/../lib/gcc/arm-none-eabi/4.6.2/../../../../arm-none-eabi/lib/armv6-m/libcr_c.a(_fflush.o)
 .ARM.attributes
                0x0000000000000372       0x31 /Applications/lpcxpresso_5.1.2_2065/lpcxpresso/tools/bin/../lib/gcc/arm-none-eabi/4.6.2/../../../../arm-none-eabi/lib/armv6-m/libcr_c.a(_writebuf.o)
 .ARM.attributes
                0x00000000000003a3       0x31 /Applications/lpcxpresso_5.1.2_2065/lpcxpresso/tools/bin/../lib/gcc/arm-none-eabi/4.6.2/../../../../arm-none-eabi/lib/armv6-m/libcr_c.a(alloc.o)
 .ARM.attributes
                0x00000000000003d4       0x31 /Applications/lpcxpresso_5.1.2_2065/lpcxpresso/tools/bin/../lib/gcc/arm-none-eabi/4.6.2/../../../../arm-none-eabi/lib/armv6-m/libcr_c.a(fpprintf.o)
 .ARM.attributes
                0x0000000000000405       0x31 /Applications/lpcxpresso_5.1.2_2065/lpcxpresso/tools/bin/../lib/gcc/arm-none-eabi/4.6.2/../../../../arm-none-eabi/lib/armv6-m/libcr_c.a(fputs.o)
 .ARM.attributes
                0x0000000000000436       0x31 /Applications/lpcxpresso_5.1.2_2065/lpcxpresso/tools/bin/../lib/gcc/arm-none-eabi/4.6.2/../../../../arm-none-eabi/lib/armv6-m/libcr_c.a(fseek.o)
 .ARM.attributes
                0x0000000000000467       0x31 /Applications/lpcxpresso_5.1.2_2065/lpcxpresso/tools/bin/../lib/gcc/arm-none-eabi/4.6.2/../../../../arm-none-eabi/lib/armv6-m/libcr_c.a(ftell.o)
 .ARM.attributes
                0x0000000000000498       0x31 /Applications/lpcxpresso_5.1.2_2065/lpcxpresso/tools/bin/../lib/gcc/arm-none-eabi/4.6.2/../../../../arm-none-eabi/lib/armv6-m/libcr_c.a(initio.o)
 .ARM.attributes
                0x00000000000004c9       0x31 /Applications/lpcxpresso_5.1.2_2065/lpcxpresso/tools/bin/../lib/gcc/arm-none-eabi/4.6.2/../../../../arm-none-eabi/lib/armv6-m/libcr_c.a(printf.o)
 .ARM.attributes
                0x00000000000004fa       0x31 /Applications/lpcxpresso_5.1.2_2065/lpcxpresso/tools/bin/../lib/gcc/arm-none-eabi/4.6.2/../../../../arm-none-eabi/lib/armv6-m/libcr_c.a(setvbuf.o)
 .ARM.attributes
                0x000000000000052b       0x31 /Applications/lpcxpresso_5.1.2_2065/lpcxpresso/tools/bin/../lib/gcc/arm-none-eabi/4.6.2/../../../../arm-none-eabi/lib/armv6-m/libcr_c.a(stdio.o)
 .ARM.attributes
                0x000000000000055c       0x31 /Applications/lpcxpresso_5.1.2_2065/lpcxpresso/tools/bin/../lib/gcc/arm-none-eabi/4.6.2/../../../../arm-none-eabi/lib/armv6-m/libcr_c.a(strlen.o)
 .ARM.attributes
                0x000000000000058d       0x31 /Applications/lpcxpresso_5.1.2_2065/lpcxpresso/tools/bin/../lib/gcc/arm-none-eabi/4.6.2/../../../../arm-none-eabi/lib/armv6-m/libcr_c.a(memcpy.o)
 .ARM.attributes
                0x00000000000005be       0x31 /Applications/lpcxpresso_5.1.2_2065/lpcxpresso/tools/bin/../lib/gcc/arm-none-eabi/4.6.2/../../../../arm-none-eabi/lib/armv6-m/libcr_c.a(memset.o)
 .ARM.attributes
                0x00000000000005ef       0x31 /Applications/lpcxpresso_5.1.2_2065/lpcxpresso/tools/bin/../lib/gcc/arm-none-eabi/4.6.2/../../../../arm-none-eabi/lib/armv6-m/libcr_c.a(__fillbuf.o)
 .ARM.attributes
                0x0000000000000620       0x31 /Applications/lpcxpresso_5.1.2_2065/lpcxpresso/tools/bin/../lib/gcc/arm-none-eabi/4.6.2/../../../../arm-none-eabi/lib/armv6-m/libcr_c.a(__init_alloc.o)
 .ARM.attributes
                0x0000000000000651       0x31 /Applications/lpcxpresso_5.1.2_2065/lpcxpresso/tools/bin/../lib/gcc/arm-none-eabi/4.6.2/../../../../arm-none-eabi/lib/armv6-m/libcr_c.a(_fdopen.o)
 .ARM.attributes
                0x0000000000000682       0x31 /Applications/lpcxpresso_5.1.2_2065/lpcxpresso/tools/bin/../lib/gcc/arm-none-eabi/4.6.2/../../../../arm-none-eabi/lib/armv6-m/libcr_c.a(_frexpl.o)
 .ARM.attributes
                0x00000000000006b3       0x31 /Applications/lpcxpresso_5.1.2_2065/lpcxpresso/tools/bin/../lib/gcc/arm-none-eabi/4.6.2/../../../../arm-none-eabi/lib/armv6-m/libcr_c.a(_ldexpl.o)
 .ARM.attributes
                0x00000000000006e4       0x31 /Applications/lpcxpresso_5.1.2_2065/lpcxpresso/tools/bin/../lib/gcc/arm-none-eabi/4.6.2/../../../../arm-none-eabi/lib/armv6-m/libcr_c.a(errno.o)
 .ARM.attributes
                0x0000000000000715       0x31 /Applications/lpcxpresso_5.1.2_2065/lpcxpresso/tools/bin/../lib/gcc/arm-none-eabi/4.6.2/../../../../arm-none-eabi/lib/armv6-m/libcr_c.a(fclose.o)
 .ARM.attributes
                0x0000000000000746       0x31 /Applications/lpcxpresso_5.1.2_2065/lpcxpresso/tools/bin/../lib/gcc/arm-none-eabi/4.6.2/../../../../arm-none-eabi/lib/armv6-m/libcr_c.a(fflush.o)
 .ARM.attributes
                0x0000000000000777       0x31 /Applications/lpcxpresso_5.1.2_2065/lpcxpresso/tools/bin/../lib/gcc/arm-none-eabi/4.6.2/../../../../arm-none-eabi/lib/armv6-m/libcr_c.a(remove.o)
 .ARM.attributes
                0x00000000000007a8       0x31 /Applications/lpcxpresso_5.1.2_2065/lpcxpresso/tools/bin/../lib/gcc/arm-none-eabi/4.6.2/../../../../arm-none-eabi/lib/armv6-m/libcr_c.a(_do_fflush.o)
 .ARM.attributes
                0x00000000000007d9       0x31 /Applications/lpcxpresso_5.1.2_2065/lpcxpresso/tools/bin/../lib/gcc/arm-none-eabi/4.6.2/../../../../arm-none-eabi/lib/armv6-m/libcr_c.a(_hugeval.o)
 .ARM.attributes
                0x000000000000080a       0x21 /Applications/lpcxpresso_5.1.2_2065/lpcxpresso/tools/bin/../lib/gcc/arm-none-eabi/4.6.2/armv6-m/libcr_eabihelpers.a(division.o)
 .ARM.attributes
                0x000000000000082b       0x31 /Applications/lpcxpresso_5.1.2_2065/lpcxpresso/tools/bin/../lib/gcc/arm-none-eabi/4.6.2/armv6-m/libcr_eabihelpers.a(double.o)
 .ARM.attributes
                0x000000000000085c       0x21 /Applications/lpcxpresso_5.1.2_2065/lpcxpresso/tools/bin/../lib/gcc/arm-none-eabi/4.6.2/armv6-m/libcr_eabihelpers.a(llong.o)
 .ARM.attributes
                0x000000000000087d       0x21 /Applications/lpcxpresso_5.1.2_2065/lpcxpresso/tools/bin/../lib/gcc/arm-none-eabi/4.6.2/armv6-m/libcr_eabihelpers.a(memcpy.o)
 .ARM.attributes
                0x000000000000089e       0x21 /Applications/lpcxpresso_5.1.2_2065/lpcxpresso/tools/bin/../lib/gcc/arm-none-eabi/4.6.2/../../../../arm-none-eabi/lib/armv6-m/libcr_semihost.a(__sys_appexit.o)
 .ARM.attributes
                0x00000000000008bf       0x21 /Applications/lpcxpresso_5.1.2_2065/lpcxpresso/tools/bin/../lib/gcc/arm-none-eabi/4.6.2/../../../../arm-none-eabi/lib/armv6-m/libcr_semihost.a(__sys_close.o)
 .ARM.attributes
                0x00000000000008e0       0x21 /Applications/lpcxpresso_5.1.2_2065/lpcxpresso/tools/bin/../lib/gcc/arm-none-eabi/4.6.2/../../../../arm-none-eabi/lib/armv6-m/libcr_semihost.a(__sys_flen.o)
 .ARM.attributes
                0x0000000000000901       0x21 /Applications/lpcxpresso_5.1.2_2065/lpcxpresso/tools/bin/../lib/gcc/arm-none-eabi/4.6.2/../../../../arm-none-eabi/lib/armv6-m/libcr_semihost.a(__sys_istty.o)
 .ARM.attributes
                0x0000000000000922       0x21 /Applications/lpcxpresso_5.1.2_2065/lpcxpresso/tools/bin/../lib/gcc/arm-none-eabi/4.6.2/../../../../arm-none-eabi/lib/armv6-m/libcr_semihost.a(__sys_read.o)
 .ARM.attributes
                0x0000000000000943       0x21 /Applications/lpcxpresso_5.1.2_2065/lpcxpresso/tools/bin/../lib/gcc/arm-none-eabi/4.6.2/../../../../arm-none-eabi/lib/armv6-m/libcr_semihost.a(__sys_readc.o)
 .ARM.attributes
                0x0000000000000964       0x21 /Applications/lpcxpresso_5.1.2_2065/lpcxpresso/tools/bin/../lib/gcc/arm-none-eabi/4.6.2/../../../../arm-none-eabi/lib/armv6-m/libcr_semihost.a(__sys_remove.o)
 .ARM.attributes
                0x0000000000000985       0x21 /Applications/lpcxpresso_5.1.2_2065/lpcxpresso/tools/bin/../lib/gcc/arm-none-eabi/4.6.2/../../../../arm-none-eabi/lib/armv6-m/libcr_semihost.a(__sys_rename.o)
 .ARM.attributes
                0x00000000000009a6       0x21 /Applications/lpcxpresso_5.1.2_2065/lpcxpresso/tools/bin/../lib/gcc/arm-none-eabi/4.6.2/../../../../arm-none-eabi/lib/armv6-m/libcr_semihost.a(__sys_seek.o)
 .ARM.attributes
                0x00000000000009c7       0x21 /Applications/lpcxpresso_5.1.2_2065/lpcxpresso/tools/bin/../lib/gcc/arm-none-eabi/4.6.2/../../../../arm-none-eabi/lib/armv6-m/libcr_semihost.a(__sys_tmpnam.o)
 .ARM.attributes
                0x00000000000009e8       0x21 /Applications/lpcxpresso_5.1.2_2065/lpcxpresso/tools/bin/../lib/gcc/arm-none-eabi/4.6.2/../../../../arm-none-eabi/lib/armv6-m/libcr_semihost.a(__sys_write.o)
 .ARM.attributes
                0x0000000000000a09       0x31 /Applications/lpcxpresso_5.1.2_2065/lpcxpresso/tools/bin/../lib/gcc/arm-none-eabi/4.6.2/../../../../arm-none-eabi/lib/armv6-m/libcr_semihost.a(_cr_sbrk.o)
 .ARM.attributes
                0x0000000000000a3a       0x31 /Applications/lpcxpresso_5.1.2_2065/lpcxpresso/tools/bin/../lib/gcc/arm-none-eabi/4.6.2/../../../../arm-none-eabi/lib/armv6-m/libcr_semihost.a(_cr_check_heap.o)

.debug_frame    0x0000000000000000      0x6c4
 .debug_frame   0x0000000000000000       0xd8 ./startup/cr_startup_lpc11.o
 .debug_frame   0x00000000000000d8       0x30 ./src/globals.o
 .debug_frame   0x0000000000000108      0x1b4 ./src/i2c_main.o
 .debug_frame   0x00000000000002bc       0x80 ./src/watch.o
 .debug_frame   0x000000000000033c       0x2c ./src/weather.o
 .debug_frame   0x0000000000000368      0x18c ./driver/gpio.o
 .debug_frame   0x00000000000004f4       0xc8 ./driver/i2c.o
 .debug_frame   0x00000000000005bc       0xc0 ./cmsis/core_cm0.o
 .debug_frame   0x000000000000067c       0x48 ./cmsis/system_LPC11xx.o
