Archive member included because of file (symbol)

c:/nxp/lpcxpresso_5.1.2_2065/lpcxpresso/tools/bin/../lib/gcc/arm-none-eabi/4.6.2/../../../../arm-none-eabi/lib/armv6-m\libcr_semihost.a(_cr__main.o)
                              ./startup/cr_startup_lpc11.o (__main)
c:/nxp/lpcxpresso_5.1.2_2065/lpcxpresso/tools/bin/../lib/gcc/arm-none-eabi/4.6.2/../../../../arm-none-eabi/lib/armv6-m\libcr_c.a(_cr_assert.o)
                              ./src/i2c_main.o (__assertion_failed)
c:/nxp/lpcxpresso_5.1.2_2065/lpcxpresso/tools/bin/../lib/gcc/arm-none-eabi/4.6.2/../../../../arm-none-eabi/lib/armv6-m\libcr_c.a(_deferredlazyseek.o)
                              c:/nxp/lpcxpresso_5.1.2_2065/lpcxpresso/tools/bin/../lib/gcc/arm-none-eabi/4.6.2/../../../../arm-none-eabi/lib/armv6-m\libcr_c.a(_cr_assert.o) (__flsbuf)
c:/nxp/lpcxpresso_5.1.2_2065/lpcxpresso/tools/bin/../lib/gcc/arm-none-eabi/4.6.2/../../../../arm-none-eabi/lib/armv6-m\libcr_c.a(_fflush.o)
                              c:/nxp/lpcxpresso_5.1.2_2065/lpcxpresso/tools/bin/../lib/gcc/arm-none-eabi/4.6.2/../../../../arm-none-eabi/lib/armv6-m\libcr_c.a(_deferredlazyseek.o) (_fflush)
c:/nxp/lpcxpresso_5.1.2_2065/lpcxpresso/tools/bin/../lib/gcc/arm-none-eabi/4.6.2/../../../../arm-none-eabi/lib/armv6-m\libcr_c.a(_writebuf.o)
                              c:/nxp/lpcxpresso_5.1.2_2065/lpcxpresso/tools/bin/../lib/gcc/arm-none-eabi/4.6.2/../../../../arm-none-eabi/lib/armv6-m\libcr_c.a(_deferredlazyseek.o) (_Cwritebuf)
c:/nxp/lpcxpresso_5.1.2_2065/lpcxpresso/tools/bin/../lib/gcc/arm-none-eabi/4.6.2/../../../../arm-none-eabi/lib/armv6-m\libcr_c.a(alloc.o)
                              c:/nxp/lpcxpresso_5.1.2_2065/lpcxpresso/tools/bin/../lib/gcc/arm-none-eabi/4.6.2/../../../../arm-none-eabi/lib/armv6-m\libcr_c.a(_deferredlazyseek.o) (_Csys_alloc)
c:/nxp/lpcxpresso_5.1.2_2065/lpcxpresso/tools/bin/../lib/gcc/arm-none-eabi/4.6.2/../../../../arm-none-eabi/lib/armv6-m\libcr_c.a(fpprintf.o)
                              ./src/i2c_main.o (printf)
c:/nxp/lpcxpresso_5.1.2_2065/lpcxpresso/tools/bin/../lib/gcc/arm-none-eabi/4.6.2/../../../../arm-none-eabi/lib/armv6-m\libcr_c.a(fputs.o)
                              c:/nxp/lpcxpresso_5.1.2_2065/lpcxpresso/tools/bin/../lib/gcc/arm-none-eabi/4.6.2/../../../../arm-none-eabi/lib/armv6-m\libcr_c.a(_cr_assert.o) (fputs)
c:/nxp/lpcxpresso_5.1.2_2065/lpcxpresso/tools/bin/../lib/gcc/arm-none-eabi/4.6.2/../../../../arm-none-eabi/lib/armv6-m\libcr_c.a(fseek.o)
                              c:/nxp/lpcxpresso_5.1.2_2065/lpcxpresso/tools/bin/../lib/gcc/arm-none-eabi/4.6.2/../../../../arm-none-eabi/lib/armv6-m\libcr_c.a(_deferredlazyseek.o) (fseek)
c:/nxp/lpcxpresso_5.1.2_2065/lpcxpresso/tools/bin/../lib/gcc/arm-none-eabi/4.6.2/../../../../arm-none-eabi/lib/armv6-m\libcr_c.a(ftell.o)
                              c:/nxp/lpcxpresso_5.1.2_2065/lpcxpresso/tools/bin/../lib/gcc/arm-none-eabi/4.6.2/../../../../arm-none-eabi/lib/armv6-m\libcr_c.a(fseek.o) (ftell)
c:/nxp/lpcxpresso_5.1.2_2065/lpcxpresso/tools/bin/../lib/gcc/arm-none-eabi/4.6.2/../../../../arm-none-eabi/lib/armv6-m\libcr_c.a(initio.o)
                              c:/nxp/lpcxpresso_5.1.2_2065/lpcxpresso/tools/bin/../lib/gcc/arm-none-eabi/4.6.2/../../../../arm-none-eabi/lib/armv6-m\libcr_semihost.a(_cr__main.o) (_initio)
c:/nxp/lpcxpresso_5.1.2_2065/lpcxpresso/tools/bin/../lib/gcc/arm-none-eabi/4.6.2/../../../../arm-none-eabi/lib/armv6-m\libcr_c.a(printf.o)
                              c:/nxp/lpcxpresso_5.1.2_2065/lpcxpresso/tools/bin/../lib/gcc/arm-none-eabi/4.6.2/../../../../arm-none-eabi/lib/armv6-m\libcr_c.a(fpprintf.o) (__vfprintf)
c:/nxp/lpcxpresso_5.1.2_2065/lpcxpresso/tools/bin/../lib/gcc/arm-none-eabi/4.6.2/../../../../arm-none-eabi/lib/armv6-m\libcr_c.a(setvbuf.o)
                              c:/nxp/lpcxpresso_5.1.2_2065/lpcxpresso/tools/bin/../lib/gcc/arm-none-eabi/4.6.2/../../../../arm-none-eabi/lib/armv6-m\libcr_c.a(initio.o) (setvbuf)
c:/nxp/lpcxpresso_5.1.2_2065/lpcxpresso/tools/bin/../lib/gcc/arm-none-eabi/4.6.2/../../../../arm-none-eabi/lib/armv6-m\libcr_c.a(stdio.o)
                              c:/nxp/lpcxpresso_5.1.2_2065/lpcxpresso/tools/bin/../lib/gcc/arm-none-eabi/4.6.2/../../../../arm-none-eabi/lib/armv6-m\libcr_c.a(_cr_assert.o) (__Ciob)
c:/nxp/lpcxpresso_5.1.2_2065/lpcxpresso/tools/bin/../lib/gcc/arm-none-eabi/4.6.2/../../../../arm-none-eabi/lib/armv6-m\libcr_c.a(strcpy.o)
                              ./src/screen.o (strcpy)
c:/nxp/lpcxpresso_5.1.2_2065/lpcxpresso/tools/bin/../lib/gcc/arm-none-eabi/4.6.2/../../../../arm-none-eabi/lib/armv6-m\libcr_c.a(strlen.o)
                              ./src/screen.o (strlen)
c:/nxp/lpcxpresso_5.1.2_2065/lpcxpresso/tools/bin/../lib/gcc/arm-none-eabi/4.6.2/../../../../arm-none-eabi/lib/armv6-m\libcr_c.a(memcpy.o)
                              c:/nxp/lpcxpresso_5.1.2_2065/lpcxpresso/tools/bin/../lib/gcc/arm-none-eabi/4.6.2/../../../../arm-none-eabi/lib/armv6-m\libcr_c.a(alloc.o) (memcpy)
[...]
Memory Configuration

Name             Origin             Length             Attributes
MFlash64         0x00000000         0x00010000         xr
RamLoc8          0x10000000         0x00002000         xrw
*default*        0x00000000         0xffffffff

Linker script and memory map

LOAD ./startup/cr_startup_lpc11.o
LOAD ./src/globals.o
LOAD ./src/headlines.o
LOAD ./src/i2c_main.o
LOAD ./src/screen.o
LOAD ./src/shared.o
LOAD ./src/snake.o
LOAD ./src/watch.o
LOAD ./src/weather.o
LOAD ./driver/can.o
LOAD ./driver/crp.o
LOAD ./driver/gpio.o
LOAD ./driver/i2c.o
LOAD ./cmsis/core_cm0.o
LOAD ./cmsis/system_LPC11xx.o
START GROUP
LOAD c:/nxp/lpcxpresso_5.1.2_2065/lpcxpresso/tools/bin/../lib/gcc/arm-none-eabi/4.6.2/../../../../arm-none-eabi/lib/armv6-m\libcr_semihost.a
LOAD c:/nxp/lpcxpresso_5.1.2_2065/lpcxpresso/tools/bin/../lib/gcc/arm-none-eabi/4.6.2/../../../../arm-none-eabi/lib/armv6-m\libcr_c.a
LOAD c:/nxp/lpcxpresso_5.1.2_2065/lpcxpresso/tools/bin/../lib/gcc/arm-none-eabi/4.6.2/armv6-m\libcr_eabihelpers.a
END GROUP
                0x00010000                __top_MFlash64 = 0x10000
                0x10002000                __top_RamLoc8 = 0x10002000

.text           0x00000000     0x3810
 FILL mask 0xff
 *(.isr_vector)
 .isr_vector    0x00000000       0xc0 ./startup/cr_startup_lpc11.o
                0x00000000                g_pfnVectors
                0x000000c0                . = ALIGN (0x4)
                0x000000c0                __section_table_start = .
                0x000000c0                __data_section_table = .
                0x000000c0        0x4 LONG 0x3810 LOADADDR (.data)
                0x000000c4        0x4 LONG 0x10000000 ADDR (.data)
                0x000000c8        0x4 LONG 0x4 SIZEOF (.data)
                0x000000cc                __data_section_table_end = .
                0x000000cc                __bss_section_table = .
                0x000000cc        0x4 LONG 0x10000008 ADDR (.bss)
                0x000000d0        0x4 LONG 0x21c SIZEOF (.bss)
                0x000000d4                __bss_section_table_end = .
                0x000000d4                __section_table_end = .
 *(.after_vectors*)
 *(.text*)
 .text.ResetISR
                0x000000d4       0x64 ./startup/cr_startup_lpc11.o
                0x000000d4                ResetISR
 .text.NMI_Handler
                0x00000138        0x8 ./startup/cr_startup_lpc11.o
                0x00000138                NMI_Handler
 .text.HardFault_Handler
                0x00000140        0x8 ./startup/cr_startup_lpc11.o
                0x00000140                HardFault_Handler
 .text.SVCall_Handler
                0x00000148        0x8 ./startup/cr_startup_lpc11.o
                0x00000148                SVCall_Handler
 .text.PendSV_Handler
                0x00000150        0x8 ./startup/cr_startup_lpc11.o
                0x00000150                PendSV_Handler
 .text.SysTick_Handler
                0x00000158        0x8 ./startup/cr_startup_lpc11.o
                0x00000158                SysTick_Handler
 .text.IntDefaultHandler
                0x00000160        0x8 ./startup/cr_startup_lpc11.o
                0x00000160                TIMER16_0_IRQHandler
                0x00000160                UART_IRQHandler
                0x00000160                TIMER32_0_IRQHandler
                0x00000160                TIMER32_1_IRQHandler
                0x00000160                IntDefaultHandler
                0x00000160                CAN_IRQHandler
                0x00000160                SSP0_IRQHandler
                0x00000160                TIMER16_1_IRQHandler
                0x00000160                ADC_IRQHandler
                0x00000160                SSP1_IRQHandler
                0x00000160                PIOINT2_IRQHandler
                0x00000160                BOD_IRQHandler
                0x00000160                WAKEUP_IRQHandler
                0x00000160                WDT_IRQHandler
 .text.main     0x00000168       0x14 ./src/i2c_main.o
                0x00000168                main
 .text.init_mwatch
                0x0000017c       0x14 ./src/i2c_main.o
 .text.run_mwatch
                0x00000190       0xb4 ./src/i2c_main.o
 .text.init_timer
                0x00000244        0x8 ./src/i2c_main.o
 .text.init_gpio
                0x0000024c        0x8 ./src/i2c_main.o
 .text.init_i2c
                0x00000254        0x8 ./src/i2c_main.o
 .text.main_watch
                0x0000025c       0x30 ./src/watch.o
                0x0000025c                main_watch
 .text.start_watch
                0x0000028c        0x8 ./src/watch.o
 .text.run_watch
                0x00000294        0x8 ./src/watch.o
 .text.stop_watch
                0x0000029c        0x8 ./src/watch.o
 .text.PIOINT0_IRQHandler
                0x000002a4       0x44 ./driver/gpio.o
                0x000002a4                PIOINT0_IRQHandler
 .text.PIOINT1_IRQHandler
                0x000002e8       0x44 ./driver/gpio.o
                0x000002e8                PIOINT1_IRQHandler
 .text.PIOINT3_IRQHandler
                0x0000032c       0x44 ./driver/gpio.o
                0x0000032c                PIOINT3_IRQHandler
 .text.GPIOIntStatus
                0x00000370       0xb4 ./driver/gpio.o
                0x00000370                GPIOIntStatus
 .text.GPIOIntClear
                0x00000424       0xa8 ./driver/gpio.o
                0x00000424                GPIOIntClear
 .text.I2C_IRQHandler
                0x000004cc      0x204 ./driver/i2c.o
                0x000004cc                I2C_IRQHandler
 .text.SystemCoreClockUpdate
                0x000006d0       0xac ./cmsis/system_LPC11xx.o
                0x000006d0                SystemCoreClockUpdate
 .text.SystemInit
                0x0000077c       0xb0 ./cmsis/system_LPC11xx.o
                0x0000077c                SystemInit
 .text.__main   0x0000082c       0x12 c:/nxp/lpcxpresso_5.1.2_2065/lpcxpresso/tools/bin/../lib/gcc/arm-none-eabi/4.6.2/../../../../arm-none-eabi/lib/armv6-m\libcr_semihost.a(_cr__main.o)
                0x0000082c                __CR_SEMIHOST
                0x0000082c                __main
 *fill*         0x0000083e        0x2 00
 .text.__assertion_failed
                0x00000840       0x48 c:/nxp/lpcxpresso_5.1.2_2065/lpcxpresso/tools/bin/../lib/gcc/arm-none-eabi/4.6.2/../../../../arm-none-eabi/lib/armv6-m\libcr_c.a(_cr_assert.o)
                0x00000840                __assertion_failed
 .text._deferredlazyseek
                0x00000888       0x44 c:/nxp/lpcxpresso_5.1.2_2065/lpcxpresso/tools/bin/../lib/gcc/arm-none-eabi/4.6.2/../../../../arm-none-eabi/lib/armv6-m\libcr_c.a(_deferredlazyseek.o)
                0x00000888                _deferredlazyseek
 .text.__flsbuf
                0x000008cc      0x154 c:/nxp/lpcxpresso_5.1.2_2065/lpcxpresso/tools/bin/../lib/gcc/arm-none-eabi/4.6.2/../../../../arm-none-eabi/lib/armv6-m\libcr_c.a(_deferredlazyseek.o)
                0x000008cc                __flsbuf
 .text._fflush  0x00000a20       0x60 c:/nxp/lpcxpresso_5.1.2_2065/lpcxpresso/tools/bin/../lib/gcc/arm-none-eabi/4.6.2/../../../../arm-none-eabi/lib/armv6-m\libcr_c.a(_fflush.o)
                0x00000a20                _fflush
 .text._Cwritebuf
                0x00000a80       0x6c c:/nxp/lpcxpresso_5.1.2_2065/lpcxpresso/tools/bin/../lib/gcc/arm-none-eabi/4.6.2/../../../../arm-none-eabi/lib/armv6-m\libcr_c.a(_writebuf.o)
                0x00000a80                _Cwritebuf
 .text.malloc   0x00000aec       0xbc c:/nxp/lpcxpresso_5.1.2_2065/lpcxpresso/tools/bin/../lib/gcc/arm-none-eabi/4.6.2/../../../../arm-none-eabi/lib/armv6-m\libcr_c.a(alloc.o)
                0x00000aec                malloc
 .text.free     0x00000ba8        0xa c:/nxp/lpcxpresso_5.1.2_2065/lpcxpresso/tools/bin/../lib/gcc/arm-none-eabi/4.6.2/../../../../arm-none-eabi/lib/armv6-m\libcr_c.a(alloc.o)
                0x00000ba8                free
 *fill*         0x00000bb2        0x2 00
 .text._Csys_alloc
                0x00000bb4       0x20 c:/nxp/lpcxpresso_5.1.2_2065/lpcxpresso/tools/bin/../lib/gcc/arm-none-eabi/4.6.2/../../../../arm-none-eabi/lib/armv6-m\libcr_c.a(alloc.o)
                0x00000bb4                _Csys_alloc
 .text.lose_trailing_zeros
                0x00000bd4       0x22 c:/nxp/lpcxpresso_5.1.2_2065/lpcxpresso/tools/bin/../lib/gcc/arm-none-eabi/4.6.2/../../../../arm-none-eabi/lib/armv6-m\libcr_c.a(fpprintf.o)
 .text.fp_round
                0x00000bf6       0x4c c:/nxp/lpcxpresso_5.1.2_2065/lpcxpresso/tools/bin/../lib/gcc/arm-none-eabi/4.6.2/../../../../arm-none-eabi/lib/armv6-m\libcr_c.a(fpprintf.o)
 .text.pr_dec.constprop.1
                0x00000c42       0x2a c:/nxp/lpcxpresso_5.1.2_2065/lpcxpresso/tools/bin/../lib/gcc/arm-none-eabi/4.6.2/../../../../arm-none-eabi/lib/armv6-m\libcr_c.a(fpprintf.o)
 *fill*         0x00000c6c        0x4 00
 .text.sprintf  0x00000c70       0x78 c:/nxp/lpcxpresso_5.1.2_2065/lpcxpresso/tools/bin/../lib/gcc/arm-none-eabi/4.6.2/../../../../arm-none-eabi/lib/armv6-m\libcr_c.a(fpprintf.o)
                0x00000c70                sprintf
 .text.fp_display
                0x00000ce8      0x978 c:/nxp/lpcxpresso_5.1.2_2065/lpcxpresso/tools/bin/../lib/gcc/arm-none-eabi/4.6.2/../../../../arm-none-eabi/lib/armv6-m\libcr_c.a(fpprintf.o)
 .text.vsnprintf
                0x00001660       0x5c c:/nxp/lpcxpresso_5.1.2_2065/lpcxpresso/tools/bin/../lib/gcc/arm-none-eabi/4.6.2/../../../../arm-none-eabi/lib/armv6-m\libcr_c.a(fpprintf.o)
                0x00001660                vsnprintf
 .text.printf   0x000016bc       0x50 c:/nxp/lpcxpresso_5.1.2_2065/lpcxpresso/tools/bin/../lib/gcc/arm-none-eabi/4.6.2/../../../../arm-none-eabi/lib/armv6-m\libcr_c.a(fpprintf.o)
                0x000016bc                printf
 .text.fputs    0x0000170c       0x3e c:/nxp/lpcxpresso_5.1.2_2065/lpcxpresso/tools/bin/../lib/gcc/arm-none-eabi/4.6.2/../../../../arm-none-eabi/lib/armv6-m\libcr_c.a(fputs.o)
                0x0000170c                fputs
 *fill*         0x0000174a        0x2 00
 .text.fseek    0x0000174c       0xf0 c:/nxp/lpcxpresso_5.1.2_2065/lpcxpresso/tools/bin/../lib/gcc/arm-none-eabi/4.6.2/../../../../arm-none-eabi/lib/armv6-m\libcr_c.a(fseek.o)
                0x0000174c                fseek
 .text.ftell    0x0000183c       0x4c c:/nxp/lpcxpresso_5.1.2_2065/lpcxpresso/tools/bin/../lib/gcc/arm-none-eabi/4.6.2/../../../../arm-none-eabi/lib/armv6-m\libcr_c.a(ftell.o)
                0x0000183c                ftell
 .text._initio  0x00001888       0xa0 c:/nxp/lpcxpresso_5.1.2_2065/lpcxpresso/tools/bin/../lib/gcc/arm-none-eabi/4.6.2/../../../../arm-none-eabi/lib/armv6-m\libcr_c.a(initio.o)
                0x00001888                _initio
 .text.__vfprintf
                0x00001928      0xe18 c:/nxp/lpcxpresso_5.1.2_2065/lpcxpresso/tools/bin/../lib/gcc/arm-none-eabi/4.6.2/../../../../arm-none-eabi/lib/armv6-m\libcr_c.a(printf.o)
                0x00001928                __vfprintf
 .text.setvbuf  0x00002740       0x48 c:/nxp/lpcxpresso_5.1.2_2065/lpcxpresso/tools/bin/../lib/gcc/arm-none-eabi/4.6.2/../../../../arm-none-eabi/lib/armv6-m\libcr_c.a(setvbuf.o)
                0x00002740                setvbuf
 .text.strlen   0x00002788       0x58 c:/nxp/lpcxpresso_5.1.2_2065/lpcxpresso/tools/bin/../lib/gcc/arm-none-eabi/4.6.2/../../../../arm-none-eabi/lib/armv6-m\libcr_c.a(strlen.o)
                0x00002788                strlen
 .text.memset   0x000027e0        0x8 c:/nxp/lpcxpresso_5.1.2_2065/lpcxpresso/tools/bin/../lib/gcc/arm-none-eabi/4.6.2/../../../../arm-none-eabi/lib/armv6-m\libcr_c.a(memset.o)
                0x000027e0                memset
 .text._fdopen  0x000027e8       0x78 c:/nxp/lpcxpresso_5.1.2_2065/lpcxpresso/tools/bin/../lib/gcc/arm-none-eabi/4.6.2/../../../../arm-none-eabi/lib/armv6-m\libcr_c.a(_fdopen.o)
                0x000027e8                _fdopen
 .text._frexpl  0x00002860       0x88 c:/nxp/lpcxpresso_5.1.2_2065/lpcxpresso/tools/bin/../lib/gcc/arm-none-eabi/4.6.2/../../../../arm-none-eabi/lib/armv6-m\libcr_c.a(_frexpl.o)
                0x00002860                _frexpl
 .text._ldexpl  0x000028e8       0x68 c:/nxp/lpcxpresso_5.1.2_2065/lpcxpresso/tools/bin/../lib/gcc/arm-none-eabi/4.6.2/../../../../arm-none-eabi/lib/armv6-m\libcr_c.a(_ldexpl.o)
                0x000028e8                _ldexpl
 .text.fclose   0x00002950       0x70 c:/nxp/lpcxpresso_5.1.2_2065/lpcxpresso/tools/bin/../lib/gcc/arm-none-eabi/4.6.2/../../../../arm-none-eabi/lib/armv6-m\libcr_c.a(fclose.o)
                0x00002950                fclose
 .text.fflush   0x000029c0       0x38 c:/nxp/lpcxpresso_5.1.2_2065/lpcxpresso/tools/bin/../lib/gcc/arm-none-eabi/4.6.2/../../../../arm-none-eabi/lib/armv6-m\libcr_c.a(fflush.o)
                0x000029c0                fflush
 .text.remove   0x000029f8       0x12 c:/nxp/lpcxpresso_5.1.2_2065/lpcxpresso/tools/bin/../lib/gcc/arm-none-eabi/4.6.2/../../../../arm-none-eabi/lib/armv6-m\libcr_c.a(remove.o)
                0x000029f8                remove
 *fill*         0x00002a0a        0x2 00
 .text._do_fflush
                0x00002a0c       0x48 c:/nxp/lpcxpresso_5.1.2_2065/lpcxpresso/tools/bin/../lib/gcc/arm-none-eabi/4.6.2/../../../../arm-none-eabi/lib/armv6-m\libcr_c.a(_do_fflush.o)
                0x00002a0c                _do_fflush
 .text.__aeabi_division_idivmod
                0x00002a54        0x6 c:/nxp/lpcxpresso_5.1.2_2065/lpcxpresso/tools/bin/../lib/gcc/arm-none-eabi/4.6.2/armv6-m\libcr_eabihelpers.a(division.o)
                0x00002a54                __aeabi_idivmod
                0x00002a54                __aeabi_idiv
 .text.__aeabi_division_uidivmod
                0x00002a5a       0x72 c:/nxp/lpcxpresso_5.1.2_2065/lpcxpresso/tools/bin/../lib/gcc/arm-none-eabi/4.6.2/armv6-m\libcr_eabihelpers.a(division.o)
                0x00002a5a                __aeabi_uidivmod
                0x00002a5a                __aeabi_uidiv
 .text.__aeabi_division_idiv0
                0x00002acc        0x2 c:/nxp/lpcxpresso_5.1.2_2065/lpcxpresso/tools/bin/../lib/gcc/arm-none-eabi/4.6.2/armv6-m\libcr_eabihelpers.a(division.o)
                0x00002acc                __aeabi_idiv0
 *fill*         0x00002ace        0x2 00
 .text.__aeabi_dmul
                0x00002ad0      0x180 c:/nxp/lpcxpresso_5.1.2_2065/lpcxpresso/tools/bin/../lib/gcc/arm-none-eabi/4.6.2/armv6-m\libcr_eabihelpers.a(double.o)
                0x00002ad0                __aeabi_dmul
 .text.__aeabi_ddiv
                0x00002c50      0x178 c:/nxp/lpcxpresso_5.1.2_2065/lpcxpresso/tools/bin/../lib/gcc/arm-none-eabi/4.6.2/armv6-m\libcr_eabihelpers.a(double.o)
                0x00002c50                __aeabi_ddiv
 .text.__aeabi_dsub
                0x00002dc8      0x1d8 c:/nxp/lpcxpresso_5.1.2_2065/lpcxpresso/tools/bin/../lib/gcc/arm-none-eabi/4.6.2/armv6-m\libcr_eabihelpers.a(double.o)
                0x00002dc8                __aeabi_dsub
 .text.__aeabi_dadd
                0x00002fa0      0x140 c:/nxp/lpcxpresso_5.1.2_2065/lpcxpresso/tools/bin/../lib/gcc/arm-none-eabi/4.6.2/armv6-m\libcr_eabihelpers.a(double.o)
                0x00002fa0                __aeabi_dadd
 .text.__aeabi_d2iz
                0x000030e0       0x4c c:/nxp/lpcxpresso_5.1.2_2065/lpcxpresso/tools/bin/../lib/gcc/arm-none-eabi/4.6.2/armv6-m\libcr_eabihelpers.a(double.o)
                0x000030e0                __aeabi_d2iz
 .text.__bhs_ui2d
                0x0000312c       0x5e c:/nxp/lpcxpresso_5.1.2_2065/lpcxpresso/tools/bin/../lib/gcc/arm-none-eabi/4.6.2/armv6-m\libcr_eabihelpers.a(double.o)
                0x0000312c                __bhs_ui2d
 .text.__aeabi_i2d
                0x0000318a       0x16 c:/nxp/lpcxpresso_5.1.2_2065/lpcxpresso/tools/bin/../lib/gcc/arm-none-eabi/4.6.2/armv6-m\libcr_eabihelpers.a(double.o)
                0x0000318a                __aeabi_i2d
 .text.__aeabi_dcmpeq
                0x000031a0       0x40 c:/nxp/lpcxpresso_5.1.2_2065/lpcxpresso/tools/bin/../lib/gcc/arm-none-eabi/4.6.2/armv6-m\libcr_eabihelpers.a(double.o)
                0x000031a0                __aeabi_dcmpeq
 .text.__aeabi_dcmplt
                0x000031e0       0x64 c:/nxp/lpcxpresso_5.1.2_2065/lpcxpresso/tools/bin/../lib/gcc/arm-none-eabi/4.6.2/armv6-m\libcr_eabihelpers.a(double.o)
                0x000031e0                __aeabi_dcmplt
 .text.__aeabi_dcmple
                0x00003244       0x64 c:/nxp/lpcxpresso_5.1.2_2065/lpcxpresso/tools/bin/../lib/gcc/arm-none-eabi/4.6.2/armv6-m\libcr_eabihelpers.a(double.o)
                0x00003244                __aeabi_dcmple
 .text.__aeabi_dcmpge
                0x000032a8       0x64 c:/nxp/lpcxpresso_5.1.2_2065/lpcxpresso/tools/bin/../lib/gcc/arm-none-eabi/4.6.2/armv6-m\libcr_eabihelpers.a(double.o)
                0x000032a8                __aeabi_dcmpge
 .text.__aeabi_llong_lmul
                0x0000330c       0x2e c:/nxp/lpcxpresso_5.1.2_2065/lpcxpresso/tools/bin/../lib/gcc/arm-none-eabi/4.6.2/armv6-m\libcr_eabihelpers.a(llong.o)
                0x0000330c                __aeabi_lmul
 .text.__aeabi_memset_lowlevel
                0x0000333a       0x2a c:/nxp/lpcxpresso_5.1.2_2065/lpcxpresso/tools/bin/../lib/gcc/arm-none-eabi/4.6.2/armv6-m\libcr_eabihelpers.a(memcpy.o)
                0x0000333a                __aeabi_lowlevel_memset
 .text.__sys_appexit
                0x00003364        0xc c:/nxp/lpcxpresso_5.1.2_2065/lpcxpresso/tools/bin/../lib/gcc/arm-none-eabi/4.6.2/../../../../arm-none-eabi/lib/armv6-m\libcr_semihost.a(__sys_appexit.o)
                0x00003364                __sys_appexit
                0x00003364                __exit
 .text.__sys_close
                0x00003370        0xc c:/nxp/lpcxpresso_5.1.2_2065/lpcxpresso/tools/bin/../lib/gcc/arm-none-eabi/4.6.2/../../../../arm-none-eabi/lib/armv6-m\libcr_semihost.a(__sys_close.o)
                0x00003370                __sys_close
 .text.__sys_flen
                0x0000337c        0xc c:/nxp/lpcxpresso_5.1.2_2065/lpcxpresso/tools/bin/../lib/gcc/arm-none-eabi/4.6.2/../../../../arm-none-eabi/lib/armv6-m\libcr_semihost.a(__sys_flen.o)
                0x0000337c                __sys_flen
 .text.__sys_istty
                0x00003388        0xc c:/nxp/lpcxpresso_5.1.2_2065/lpcxpresso/tools/bin/../lib/gcc/arm-none-eabi/4.6.2/../../../../arm-none-eabi/lib/armv6-m\libcr_semihost.a(__sys_istty.o)
                0x00003388                __sys_istty
 .text.__sys_remove
                0x00003394        0xc c:/nxp/lpcxpresso_5.1.2_2065/lpcxpresso/tools/bin/../lib/gcc/arm-none-eabi/4.6.2/../../../../arm-none-eabi/lib/armv6-m\libcr_semihost.a(__sys_remove.o)
                0x00003394                __sys_remove
 .text.__sys_seek
                0x000033a0        0xc c:/nxp/lpcxpresso_5.1.2_2065/lpcxpresso/tools/bin/../lib/gcc/arm-none-eabi/4.6.2/../../../../arm-none-eabi/lib/armv6-m\libcr_semihost.a(__sys_seek.o)
                0x000033a0                __sys_seek
 .text.__sys_tmpnam
                0x000033ac        0xc c:/nxp/lpcxpresso_5.1.2_2065/lpcxpresso/tools/bin/../lib/gcc/arm-none-eabi/4.6.2/../../../../arm-none-eabi/lib/armv6-m\libcr_semihost.a(__sys_tmpnam.o)
                0x000033ac                __sys_tmpnam
 .text.__sys_write
                0x000033b8        0xc c:/nxp/lpcxpresso_5.1.2_2065/lpcxpresso/tools/bin/../lib/gcc/arm-none-eabi/4.6.2/../../../../arm-none-eabi/lib/armv6-m\libcr_semihost.a(__sys_write.o)
                0x000033b8                __sys_write
                0x000033b8                __write
 .text._sbrk    0x000033c4       0x40 c:/nxp/lpcxpresso_5.1.2_2065/lpcxpresso/tools/bin/../lib/gcc/arm-none-eabi/4.6.2/../../../../arm-none-eabi/lib/armv6-m\libcr_semihost.a(_cr_sbrk.o)
                0x000033c4                _sbrk
 .text.__check_heap_overflow
                0x00003404       0x2c c:/nxp/lpcxpresso_5.1.2_2065/lpcxpresso/tools/bin/../lib/gcc/arm-none-eabi/4.6.2/../../../../arm-none-eabi/lib/armv6-m\libcr_semihost.a(_cr_check_heap.o)
                0x00003404                __check_heap_overflow
 *(.rodata .rodata.*)
 .rodata        0x00003430      0x1bc ./src/i2c_main.o
 .rodata.I2C_IRQHandler
                0x000035ec      0x144 ./driver/i2c.o
 .rodata.CSWTCH.7
                0x00003730       0x40 ./cmsis/system_LPC11xx.o
 .rodata.str1.1
                0x00003770       0x15 c:/nxp/lpcxpresso_5.1.2_2065/lpcxpresso/tools/bin/../lib/gcc/arm-none-eabi/4.6.2/../../../../arm-none-eabi/lib/armv6-m\libcr_c.a(_cr_assert.o)
 .rodata.str1.1
                0x00003785       0x18 c:/nxp/lpcxpresso_5.1.2_2065/lpcxpresso/tools/bin/../lib/gcc/arm-none-eabi/4.6.2/../../../../arm-none-eabi/lib/armv6-m\libcr_c.a(alloc.o)
 .rodata.str1.1
                0x0000379d       0x32 c:/nxp/lpcxpresso_5.1.2_2065/lpcxpresso/tools/bin/../lib/gcc/arm-none-eabi/4.6.2/../../../../arm-none-eabi/lib/armv6-m\libcr_c.a(fpprintf.o)
                                 0x35 (size before relaxing)
 .rodata.str1.1
                0x000037cf        0x4 c:/nxp/lpcxpresso_5.1.2_2065/lpcxpresso/tools/bin/../lib/gcc/arm-none-eabi/4.6.2/../../../../arm-none-eabi/lib/armv6-m\libcr_c.a(initio.o)
 .rodata.str1.1
                0x000037d3       0x31 c:/nxp/lpcxpresso_5.1.2_2065/lpcxpresso/tools/bin/../lib/gcc/arm-none-eabi/4.6.2/../../../../arm-none-eabi/lib/armv6-m\libcr_c.a(printf.o)
                                 0x38 (size before relaxing)
 *fill*         0x00003804        0x4 00
 .rodata.__huge_vall
                0x00003808        0x8 c:/nxp/lpcxpresso_5.1.2_2065/lpcxpresso/tools/bin/../lib/gcc/arm-none-eabi/4.6.2/../../../../arm-none-eabi/lib/armv6-m\libcr_c.a(_hugeval.o)
                0x00003808                __huge_vall
                0x00003810                . = ALIGN (0x4)

.glue_7         0x00003810        0x0
 .glue_7        0x00000000        0x0 linker stubs

.glue_7t        0x00003810        0x0
 .glue_7t       0x00000000        0x0 linker stubs

.vfp11_veneer   0x00003810        0x0
 .vfp11_veneer  0x00000000        0x0 linker stubs

.v4_bx          0x00003810        0x0
 .v4_bx         0x00000000        0x0 linker stubs

.ARM.extab
 *(.ARM.extab* .gnu.linkonce.armextab.*)
                0x00003810                __exidx_start = .

.ARM.exidx
 *(.ARM.exidx* .gnu.linkonce.armexidx.*)
                0x00003810                __exidx_end = .
                0x00003810                _etext = .

.uninit_RESERVED
                0x10000000        0x0
 *(.bss.$RESERVED*)
                0x10000000                . = ALIGN (0x4)
                0x10000000                _end_uninit_RESERVED = .

.data           0x10000000        0x4 load address 0x00003810
 FILL mask 0xff
                0x10000000                _data = .
 *(vtable)
 *(.data*)
 .data.SystemCoreClock
                0x10000000        0x4 ./cmsis/system_LPC11xx.o
                0x10000000                SystemCoreClock
                0x10000004                . = ALIGN (0x4)
                0x10000004                _edata = .

.bss            0x10000008      0x21c load address 0x00003818
                0x10000008                _bss = .
 *(.bss*)
 .bss.gpio0_counter
                0x10000008        0x4 ./driver/gpio.o
                0x10000008                gpio0_counter
 .bss.p0_1_counter
                0x1000000c        0x4 ./driver/gpio.o
                0x1000000c                p0_1_counter
 .bss.gpio1_counter
                0x10000010        0x4 ./driver/gpio.o
                0x10000010                gpio1_counter
 .bss.p1_1_counter
                0x10000014        0x4 ./driver/gpio.o
                0x10000014                p1_1_counter
 .bss.gpio3_counter
                0x10000018        0x4 ./driver/gpio.o
                0x10000018                gpio3_counter
 .bss.p3_1_counter
                0x1000001c        0x4 ./driver/gpio.o
                0x1000001c                p3_1_counter
 .bss.I2CMasterState
                0x10000020        0x4 ./driver/i2c.o
                0x10000020                I2CMasterState
 .bss.timeout   0x10000024        0x4 ./driver/i2c.o
                0x10000024                timeout
 .bss.RdIndex   0x10000028        0x4 ./driver/i2c.o
                0x10000028                RdIndex
 .bss.WrIndex   0x1000002c        0x4 ./driver/i2c.o
                0x1000002c                WrIndex
 .bss.errno     0x10000030        0x4 c:/nxp/lpcxpresso_5.1.2_2065/lpcxpresso/tools/bin/../lib/gcc/arm-none-eabi/4.6.2/../../../../arm-none-eabi/lib/armv6-m\libcr_c.a(errno.o)
                0x10000030                errno
 *(COMMON)
 *fill*         0x10000034        0x4 00
 COMMON         0x10000038       0x11 ./src/globals.o
                0x10000038                current_state
                0x10000039                next_state
                0x10000040                unixtime
                0x10000048                run_state
 *fill*         0x10000049        0x3 00
 COMMON         0x1000004c       0x8c ./driver/i2c.o
                0x1000004c                I2CReadLength
                0x10000050                I2CSlaveBuffer
                0x10000090                I2CMode
                0x10000094                I2CMasterBuffer
                0x100000d4                I2CWriteLength
 COMMON         0x100000d8        0x4 c:/nxp/lpcxpresso_5.1.2_2065/lpcxpresso/tools/bin/../lib/gcc/arm-none-eabi/4.6.2/../../../../arm-none-eabi/lib/armv6-m\libcr_c.a(initio.o)
                0x100000d8                _extra
 COMMON         0x100000dc      0x140 c:/nxp/lpcxpresso_5.1.2_2065/lpcxpresso/tools/bin/../lib/gcc/arm-none-eabi/4.6.2/../../../../arm-none-eabi/lib/armv6-m\libcr_c.a(stdio.o)
                0x100000dc                __Ciob
 COMMON         0x1000021c        0x8 c:/nxp/lpcxpresso_5.1.2_2065/lpcxpresso/tools/bin/../lib/gcc/arm-none-eabi/4.6.2/../../../../arm-none-eabi/lib/armv6-m\libcr_c.a(__init_alloc.o)
                0x1000021c                __heaps
                0x10000220                __end_of_heap
                0x10000224                . = ALIGN (0x4)
                0x10000224                _ebss = .
                0x10000224                PROVIDE (end, .)

.noinit         0x10000224        0x0 load address 0x00003814
                0x10000224                _noinit = .
 *(.noinit*)
                0x10000224                . = ALIGN (0x4)
                0x10000224                _end_noinit = .
                0x10000224                PROVIDE (_pvHeapStart, .)
                0x10002000                PROVIDE (_vStackTop, (__top_RamLoc8 - 0x0))
OUTPUT(i2c.axf elf32-littlearm)

.debug_info     0x00000000     0x3328
 .debug_info    0x00000000      0x1ec ./startup/cr_startup_lpc11.o
 .debug_info    0x000001ec      0x27d ./src/globals.o
 .debug_info    0x00000469      0x165 ./src/headlines.o
 .debug_info    0x000005ce      0x50e ./src/i2c_main.o
 .debug_info    0x00000adc      0x2f2 ./src/screen.o
 .debug_info    0x00000dce       0x29 ./src/shared.o
 .debug_info    0x00000df7      0x165 ./src/snake.o
 .debug_info    0x00000f5c      0x165 ./src/watch.o
 .debug_info    0x000010c1      0x165 ./src/weather.o
 .debug_info    0x00001226       0x70 ./driver/can.o
 .debug_info    0x00001296       0x92 ./driver/crp.o
 .debug_info    0x00001328      0xb2e ./driver/gpio.o
 .debug_info    0x00001e56      0xc9c ./driver/i2c.o
 .debug_info    0x00002af2      0x2ae ./cmsis/core_cm0.o
 .debug_info    0x00002da0      0x588 ./cmsis/system_LPC11xx.o

.debug_abbrev   0x00000000      0xd2a
 .debug_abbrev  0x00000000       0xb4 ./startup/cr_startup_lpc11.o
 .debug_abbrev  0x000000b4      0x123 ./src/globals.o
 .debug_abbrev  0x000001d7       0xa2 ./src/headlines.o
 .debug_abbrev  0x00000279      0x1aa ./src/i2c_main.o
 .debug_abbrev  0x00000423      0x10d ./src/screen.o
 .debug_abbrev  0x00000530       0x16 ./src/shared.o
 .debug_abbrev  0x00000546       0xa2 ./src/snake.o
 .debug_abbrev  0x000005e8       0xa2 ./src/watch.o
 .debug_abbrev  0x0000068a       0xa2 ./src/weather.o
 .debug_abbrev  0x0000072c       0x2c ./driver/can.o
 .debug_abbrev  0x00000758       0x51 ./driver/crp.o
 .debug_abbrev  0x000007a9      0x1f0 ./driver/gpio.o
 .debug_abbrev  0x00000999      0x1a5 ./driver/i2c.o
 .debug_abbrev  0x00000b3e       0xaf ./cmsis/core_cm0.o
 .debug_abbrev  0x00000bed      0x13d ./cmsis/system_LPC11xx.o

.debug_loc      0x00000000      0xf6a
 .debug_loc     0x00000000      0x140 ./startup/cr_startup_lpc11.o
 .debug_loc     0x00000140       0x38 ./src/globals.o
 .debug_loc     0x00000178       0xb0 ./src/headlines.o
 .debug_loc     0x00000228      0x328 ./src/i2c_main.o
 .debug_loc     0x00000550      0x294 ./src/screen.o
 .debug_loc     0x000007e4       0xb0 ./src/snake.o
 .debug_loc     0x00000894       0xb0 ./src/watch.o
 .debug_loc     0x00000944       0xb0 ./src/weather.o
 .debug_loc     0x000009f4      0x294 ./driver/gpio.o
 .debug_loc     0x00000c88      0x138 ./driver/i2c.o
 .debug_loc     0x00000dc0      0x112 ./cmsis/core_cm0.o
 .debug_loc     0x00000ed2       0x98 ./cmsis/system_LPC11xx.o

.debug_aranges  0x00000000      0x3c8
 .debug_aranges
                0x00000000       0x50 ./startup/cr_startup_lpc11.o
 .debug_aranges
                0x00000050       0x20 ./src/globals.o
 .debug_aranges
                0x00000070       0x38 ./src/headlines.o
 .debug_aranges
                0x000000a8       0xa0 ./src/i2c_main.o
 .debug_aranges
                0x00000148       0x80 ./src/screen.o
 .debug_aranges
                0x000001c8       0x38 ./src/snake.o
 .debug_aranges
                0x00000200       0x38 ./src/watch.o
 .debug_aranges
                0x00000238       0x38 ./src/weather.o
 .debug_aranges
                0x00000270       0x78 ./driver/gpio.o
 .debug_aranges
                0x000002e8       0x48 ./driver/i2c.o
 .debug_aranges
                0x00000330       0x70 ./cmsis/core_cm0.o
 .debug_aranges
                0x000003a0       0x28 ./cmsis/system_LPC11xx.o

.debug_ranges   0x00000000      0x308
 .debug_ranges  0x00000000       0x40 ./startup/cr_startup_lpc11.o
 .debug_ranges  0x00000040       0x10 ./src/globals.o
 .debug_ranges  0x00000050       0x28 ./src/headlines.o
 .debug_ranges  0x00000078       0x90 ./src/i2c_main.o
 .debug_ranges  0x00000108       0x70 ./src/screen.o
 .debug_ranges  0x00000178       0x28 ./src/snake.o
 .debug_ranges  0x000001a0       0x28 ./src/watch.o
 .debug_ranges  0x000001c8       0x28 ./src/weather.o
 .debug_ranges  0x000001f0       0x68 ./driver/gpio.o
 .debug_ranges  0x00000258       0x38 ./driver/i2c.o
 .debug_ranges  0x00000290       0x60 ./cmsis/core_cm0.o
 .debug_ranges  0x000002f0       0x18 ./cmsis/system_LPC11xx.o

.debug_line     0x00000000     0x3756
 .debug_line    0x00000000      0x3da ./startup/cr_startup_lpc11.o
 .debug_line    0x000003da      0x390 ./src/globals.o
 .debug_line    0x0000076a      0x361 ./src/headlines.o
 .debug_line    0x00000acb      0x595 ./src/i2c_main.o
 .debug_line    0x00001060      0x56d ./src/screen.o
 .debug_line    0x000015cd       0x3c ./src/shared.o
 .debug_line    0x00001609      0x359 ./src/snake.o
 .debug_line    0x00001962      0x359 ./src/watch.o
 .debug_line    0x00001cbb      0x35d ./src/weather.o
 .debug_line    0x00002018      0x350 ./driver/can.o
 .debug_line    0x00002368      0x359 ./driver/crp.o
 .debug_line    0x000026c1      0x4ba ./driver/gpio.o
 .debug_line    0x00002b7b      0x442 ./driver/i2c.o
 .debug_line    0x00002fbd      0x3cd ./cmsis/core_cm0.o
 .debug_line    0x0000338a      0x3cc ./cmsis/system_LPC11xx.o

.debug_macinfo  0x00000000    0x4a462
 .debug_macinfo
                0x00000000     0x3e81 ./startup/cr_startup_lpc11.o
 .debug_macinfo
                0x00003e81     0x5f55 ./src/globals.o
 .debug_macinfo
                0x00009dd6     0x3cb8 ./src/headlines.o
 .debug_macinfo
                0x0000da8e     0x6c8d ./src/i2c_main.o
 .debug_macinfo
                0x0001471b     0x653e ./src/screen.o
 .debug_macinfo
                0x0001ac59     0x250b ./src/shared.o
 .debug_macinfo
                0x0001d164     0x3cb5 ./src/snake.o
 .debug_macinfo
                0x00020e19     0x3cb5 ./src/watch.o
 .debug_macinfo
                0x00024ace     0x3cb7 ./src/weather.o
 .debug_macinfo
                0x00028785     0x5e93 ./driver/can.o
 .debug_macinfo
                0x0002e618     0x60e6 ./driver/crp.o
 .debug_macinfo
                0x000346fe     0x6066 ./driver/gpio.o
 .debug_macinfo
                0x0003a764     0x61c1 ./driver/i2c.o
 .debug_macinfo
                0x00040925     0x3c50 ./cmsis/core_cm0.o
 .debug_macinfo
                0x00044575     0x5eed ./cmsis/system_LPC11xx.o

.debug_str      0x00000000      0xfab
 .debug_str     0x00000000      0x1ad ./startup/cr_startup_lpc11.o
                                0x1e7 (size before relaxing)
 .debug_str     0x000001ad       0xd9 ./src/globals.o
                                0x1ee (size before relaxing)
 .debug_str     0x00000286       0x4f ./src/headlines.o
                                0x1d3 (size before relaxing)
 .debug_str     0x000002d5      0x1b3 ./src/i2c_main.o
                                0x35c (size before relaxing)
 .debug_str     0x00000488       0xd4 ./src/screen.o
                                0x21a (size before relaxing)
 .debug_str     0x0000055c       0x10 ./src/shared.o
                                 0xac (size before relaxing)
 .debug_str     0x0000056c       0x3b ./src/snake.o
                                0x1bf (size before relaxing)
 .debug_str     0x000005a7       0x3b ./src/watch.o
                                0x1bf (size before relaxing)
 .debug_str     0x000005e2       0x45 ./src/weather.o
                                0x1c9 (size before relaxing)
 .debug_str     0x00000627       0x10 ./driver/can.o
                                0x125 (size before relaxing)
 .debug_str     0x00000637       0x19 ./driver/crp.o
                                0x137 (size before relaxing)
 .debug_str     0x00000650      0x5d3 ./driver/gpio.o
                                0x737 (size before relaxing)
 .debug_str     0x00000c23      0x270 ./driver/i2c.o
                                0x89c (size before relaxing)
 .debug_str     0x00000e93       0xbf ./cmsis/core_cm0.o
                                0x1fc (size before relaxing)
 .debug_str     0x00000f52       0x59 ./cmsis/system_LPC11xx.o
                                0x423 (size before relaxing)

.comment        0x00000000       0xe0
 .comment       0x00000000       0x70 ./startup/cr_startup_lpc11.o
                                 0x71 (size before relaxing)
 .comment       0x00000000       0x71 ./src/globals.o
 .comment       0x00000000       0x71 ./src/headlines.o
 .comment       0x00000000       0x71 ./src/i2c_main.o
 .comment       0x00000000       0x71 ./src/screen.o
 .comment       0x00000000       0x71 ./src/shared.o
 .comment       0x00000000       0x71 ./src/snake.o
 .comment       0x00000000       0x71 ./src/watch.o
 .comment       0x00000000       0x71 ./src/weather.o
 .comment       0x00000000       0x71 ./driver/can.o
 .comment       0x00000000       0x71 ./driver/crp.o
 .comment       0x00000000       0x71 ./driver/gpio.o
 .comment       0x00000000       0x71 ./driver/i2c.o
 .comment       0x00000000       0x71 ./cmsis/core_cm0.o
 .comment       0x00000000       0x71 ./cmsis/system_LPC11xx.o
 .comment       0x00000070       0x70 c:/nxp/lpcxpresso_5.1.2_2065/lpcxpresso/tools/bin/../lib/gcc/arm-none-eabi/4.6.2/../../../../arm-none-eabi/lib/armv6-m\libcr_semihost.a(_cr__main.o)
                                 0x71 (size before relaxing)
 .comment       0x00000000       0x71 c:/nxp/lpcxpresso_5.1.2_2065/lpcxpresso/tools/bin/../lib/gcc/arm-none-eabi/4.6.2/../../../../arm-none-eabi/lib/armv6-m\libcr_c.a(_cr_assert.o)
 .comment       0x00000000       0x71 c:/nxp/lpcxpresso_5.1.2_2065/lpcxpresso/tools/bin/../lib/gcc/arm-none-eabi/4.6.2/../../../../arm-none-eabi/lib/armv6-m\libcr_c.a(_deferredlazyseek.o)
 .comment       0x00000000       0x71 c:/nxp/lpcxpresso_5.1.2_2065/lpcxpresso/tools/bin/../lib/gcc/arm-none-eabi/4.6.2/../../../../arm-none-eabi/lib/armv6-m\libcr_c.a(_fflush.o)
 .comment       0x00000000       0x71 c:/nxp/lpcxpresso_5.1.2_2065/lpcxpresso/tools/bin/../lib/gcc/arm-none-eabi/4.6.2/../../../../arm-none-eabi/lib/armv6-m\libcr_c.a(_writebuf.o)
 .comment       0x00000000       0x71 c:/nxp/lpcxpresso_5.1.2_2065/lpcxpresso/tools/bin/../lib/gcc/arm-none-eabi/4.6.2/../../../../arm-none-eabi/lib/armv6-m\libcr_c.a(alloc.o)
 .comment       0x00000000       0x71 c:/nxp/lpcxpresso_5.1.2_2065/lpcxpresso/tools/bin/../lib/gcc/arm-none-eabi/4.6.2/../../../../arm-none-eabi/lib/armv6-m\libcr_c.a(fpprintf.o)
 .comment       0x00000000       0x71 c:/nxp/lpcxpresso_5.1.2_2065/lpcxpresso/tools/bin/../lib/gcc/arm-none-eabi/4.6.2/../../../../arm-none-eabi/lib/armv6-m\libcr_c.a(fputs.o)
 .comment       0x00000000       0x71 c:/nxp/lpcxpresso_5.1.2_2065/lpcxpresso/tools/bin/../lib/gcc/arm-none-eabi/4.6.2/../../../../arm-none-eabi/lib/armv6-m\libcr_c.a(fseek.o)
 .comment       0x00000000       0x71 c:/nxp/lpcxpresso_5.1.2_2065/lpcxpresso/tools/bin/../lib/gcc/arm-none-eabi/4.6.2/../../../../arm-none-eabi/lib/armv6-m\libcr_c.a(ftell.o)
 .comment       0x00000000       0x71 c:/nxp/lpcxpresso_5.1.2_2065/lpcxpresso/tools/bin/../lib/gcc/arm-none-eabi/4.6.2/../../../../arm-none-eabi/lib/armv6-m\libcr_c.a(initio.o)
 .comment       0x00000000       0x71 c:/nxp/lpcxpresso_5.1.2_2065/lpcxpresso/tools/bin/../lib/gcc/arm-none-eabi/4.6.2/../../../../arm-none-eabi/lib/armv6-m\libcr_c.a(printf.o)
 .comment       0x00000000       0x71 c:/nxp/lpcxpresso_5.1.2_2065/lpcxpresso/tools/bin/../lib/gcc/arm-none-eabi/4.6.2/../../../../arm-none-eabi/lib/armv6-m\libcr_c.a(setvbuf.o)
 .comment       0x00000000       0x71 c:/nxp/lpcxpresso_5.1.2_2065/lpcxpresso/tools/bin/../lib/gcc/arm-none-eabi/4.6.2/../../../../arm-none-eabi/lib/armv6-m\libcr_c.a(stdio.o)
 .comment       0x00000000       0x71 c:/nxp/lpcxpresso_5.1.2_2065/lpcxpresso/tools/bin/../lib/gcc/arm-none-eabi/4.6.2/../../../../arm-none-eabi/lib/armv6-m\libcr_c.a(strcpy.o)
 .comment       0x00000000       0x71 c:/nxp/lpcxpresso_5.1.2_2065/lpcxpresso/tools/bin/../lib/gcc/arm-none-eabi/4.6.2/../../../../arm-none-eabi/lib/armv6-m\libcr_c.a(strlen.o)
 .comment       0x00000000       0x71 c:/nxp/lpcxpresso_5.1.2_2065/lpcxpresso/tools/bin/../lib/gcc/arm-none-eabi/4.6.2/../../../../arm-none-eabi/lib/armv6-m\libcr_c.a(memcpy.o)
 .comment       0x00000000       0x71 c:/nxp/lpcxpresso_5.1.2_2065/lpcxpresso/tools/bin/../lib/gcc/arm-none-eabi/4.6.2/../../../../arm-none-eabi/lib/armv6-m\libcr_c.a(memset.o)
 .comment       0x00000000       0x71 c:/nxp/lpcxpresso_5.1.2_2065/lpcxpresso/tools/bin/../lib/gcc/arm-none-eabi/4.6.2/../../../../arm-none-eabi/lib/armv6-m\libcr_c.a(__fillbuf.o)
 .comment       0x00000000       0x71 c:/nxp/lpcxpresso_5.1.2_2065/lpcxpresso/tools/bin/../lib/gcc/arm-none-eabi/4.6.2/../../../../arm-none-eabi/lib/armv6-m\libcr_c.a(__init_alloc.o)
 .comment       0x00000000       0x71 c:/nxp/lpcxpresso_5.1.2_2065/lpcxpresso/tools/bin/../lib/gcc/arm-none-eabi/4.6.2/../../../../arm-none-eabi/lib/armv6-m\libcr_c.a(_fdopen.o)
 .comment       0x00000000       0x71 c:/nxp/lpcxpresso_5.1.2_2065/lpcxpresso/tools/bin/../lib/gcc/arm-none-eabi/4.6.2/../../../../arm-none-eabi/lib/armv6-m\libcr_c.a(_frexpl.o)
 .comment       0x00000000       0x71 c:/nxp/lpcxpresso_5.1.2_2065/lpcxpresso/tools/bin/../lib/gcc/arm-none-eabi/4.6.2/../../../../arm-none-eabi/lib/armv6-m\libcr_c.a(_ldexpl.o)
 .comment       0x00000000       0x71 c:/nxp/lpcxpresso_5.1.2_2065/lpcxpresso/tools/bin/../lib/gcc/arm-none-eabi/4.6.2/../../../../arm-none-eabi/lib/armv6-m\libcr_c.a(errno.o)
 .comment       0x00000000       0x71 c:/nxp/lpcxpresso_5.1.2_2065/lpcxpresso/tools/bin/../lib/gcc/arm-none-eabi/4.6.2/../../../../arm-none-eabi/lib/armv6-m\libcr_c.a(fclose.o)
 .comment       0x00000000       0x71 c:/nxp/lpcxpresso_5.1.2_2065/lpcxpresso/tools/bin/../lib/gcc/arm-none-eabi/4.6.2/../../../../arm-none-eabi/lib/armv6-m\libcr_c.a(fflush.o)
 .comment       0x00000000       0x71 c:/nxp/lpcxpresso_5.1.2_2065/lpcxpresso/tools/bin/../lib/gcc/arm-none-eabi/4.6.2/../../../../arm-none-eabi/lib/armv6-m\libcr_c.a(remove.o)
 .comment       0x00000000       0x71 c:/nxp/lpcxpresso_5.1.2_2065/lpcxpresso/tools/bin/../lib/gcc/arm-none-eabi/4.6.2/../../../../arm-none-eabi/lib/armv6-m\libcr_c.a(_do_fflush.o)
 .comment       0x00000000       0x71 c:/nxp/lpcxpresso_5.1.2_2065/lpcxpresso/tools/bin/../lib/gcc/arm-none-eabi/4.6.2/../../../../arm-none-eabi/lib/armv6-m\libcr_c.a(_hugeval.o)
 .comment       0x00000000       0x71 c:/nxp/lpcxpresso_5.1.2_2065/lpcxpresso/tools/bin/../lib/gcc/arm-none-eabi/4.6.2/armv6-m\libcr_eabihelpers.a(double.o)
 .comment       0x00000000       0x71 c:/nxp/lpcxpresso_5.1.2_2065/lpcxpresso/tools/bin/../lib/gcc/arm-none-eabi/4.6.2/../../../../arm-none-eabi/lib/armv6-m\libcr_semihost.a(_cr_sbrk.o)
 .comment       0x00000000       0x71 c:/nxp/lpcxpresso_5.1.2_2065/lpcxpresso/tools/bin/../lib/gcc/arm-none-eabi/4.6.2/../../../../arm-none-eabi/lib/armv6-m\libcr_semihost.a(_cr_check_heap.o)

.ARM.attributes
                0x00000000       0x2f
 .ARM.attributes
                0x00000000       0x31 ./startup/cr_startup_lpc11.o
 .ARM.attributes
                0x00000031       0x31 ./src/globals.o
 .ARM.attributes
                0x00000062       0x31 ./src/headlines.o
 .ARM.attributes
                0x00000093       0x31 ./src/i2c_main.o
 .ARM.attributes
                0x000000c4       0x31 ./src/screen.o
 .ARM.attributes
                0x000000f5       0x31 ./src/shared.o
 .ARM.attributes
                0x00000126       0x31 ./src/snake.o
 .ARM.attributes
                0x00000157       0x31 ./src/watch.o
 .ARM.attributes
                0x00000188       0x31 ./src/weather.o
 .ARM.attributes
                0x000001b9       0x31 ./driver/can.o
 .ARM.attributes
                0x000001ea       0x31 ./driver/crp.o
 .ARM.attributes
                0x0000021b       0x31 ./driver/gpio.o
 .ARM.attributes
                0x0000024c       0x31 ./driver/i2c.o
 .ARM.attributes
                0x0000027d       0x31 ./cmsis/core_cm0.o
 .ARM.attributes
                0x000002ae       0x31 ./cmsis/system_LPC11xx.o
 .ARM.attributes
                0x000002df       0x31 c:/nxp/lpcxpresso_5.1.2_2065/lpcxpresso/tools/bin/../lib/gcc/arm-none-eabi/4.6.2/../../../../arm-none-eabi/lib/armv6-m\libcr_semihost.a(_cr__main.o)
 .ARM.attributes
                0x00000310       0x31 c:/nxp/lpcxpresso_5.1.2_2065/lpcxpresso/tools/bin/../lib/gcc/arm-none-eabi/4.6.2/../../../../arm-none-eabi/lib/armv6-m\libcr_c.a(_cr_assert.o)
 .ARM.attributes
                0x00000341       0x31 c:/nxp/lpcxpresso_5.1.2_2065/lpcxpresso/tools/bin/../lib/gcc/arm-none-eabi/4.6.2/../../../../arm-none-eabi/lib/armv6-m\libcr_c.a(_deferredlazyseek.o)
 .ARM.attributes
                0x00000372       0x31 c:/nxp/lpcxpresso_5.1.2_2065/lpcxpresso/tools/bin/../lib/gcc/arm-none-eabi/4.6.2/../../../../arm-none-eabi/lib/armv6-m\libcr_c.a(_fflush.o)
 .ARM.attributes
                0x000003a3       0x31 c:/nxp/lpcxpresso_5.1.2_2065/lpcxpresso/tools/bin/../lib/gcc/arm-none-eabi/4.6.2/../../../../arm-none-eabi/lib/armv6-m\libcr_c.a(_writebuf.o)
 .ARM.attributes
                0x000003d4       0x31 c:/nxp/lpcxpresso_5.1.2_2065/lpcxpresso/tools/bin/../lib/gcc/arm-none-eabi/4.6.2/../../../../arm-none-eabi/lib/armv6-m\libcr_c.a(alloc.o)
 .ARM.attributes
                0x00000405       0x31 c:/nxp/lpcxpresso_5.1.2_2065/lpcxpresso/tools/bin/../lib/gcc/arm-none-eabi/4.6.2/../../../../arm-none-eabi/lib/armv6-m\libcr_c.a(fpprintf.o)
 .ARM.attributes
                0x00000436       0x31 c:/nxp/lpcxpresso_5.1.2_2065/lpcxpresso/tools/bin/../lib/gcc/arm-none-eabi/4.6.2/../../../../arm-none-eabi/lib/armv6-m\libcr_c.a(fputs.o)
 .ARM.attributes
                0x00000467       0x31 c:/nxp/lpcxpresso_5.1.2_2065/lpcxpresso/tools/bin/../lib/gcc/arm-none-eabi/4.6.2/../../../../arm-none-eabi/lib/armv6-m\libcr_c.a(fseek.o)
 .ARM.attributes
                0x00000498       0x31 c:/nxp/lpcxpresso_5.1.2_2065/lpcxpresso/tools/bin/../lib/gcc/arm-none-eabi/4.6.2/../../../../arm-none-eabi/lib/armv6-m\libcr_c.a(ftell.o)
 .ARM.attributes
                0x000004c9       0x31 c:/nxp/lpcxpresso_5.1.2_2065/lpcxpresso/tools/bin/../lib/gcc/arm-none-eabi/4.6.2/../../../../arm-none-eabi/lib/armv6-m\libcr_c.a(initio.o)
 .ARM.attributes
                0x000004fa       0x31 c:/nxp/lpcxpresso_5.1.2_2065/lpcxpresso/tools/bin/../lib/gcc/arm-none-eabi/4.6.2/../../../../arm-none-eabi/lib/armv6-m\libcr_c.a(printf.o)
 .ARM.attributes
                0x0000052b       0x31 c:/nxp/lpcxpresso_5.1.2_2065/lpcxpresso/tools/bin/../lib/gcc/arm-none-eabi/4.6.2/../../../../arm-none-eabi/lib/armv6-m\libcr_c.a(setvbuf.o)
 .ARM.attributes
                0x0000055c       0x31 c:/nxp/lpcxpresso_5.1.2_2065/lpcxpresso/tools/bin/../lib/gcc/arm-none-eabi/4.6.2/../../../../arm-none-eabi/lib/armv6-m\libcr_c.a(stdio.o)
 .ARM.attributes
                0x0000058d       0x31 c:/nxp/lpcxpresso_5.1.2_2065/lpcxpresso/tools/bin/../lib/gcc/arm-none-eabi/4.6.2/../../../../arm-none-eabi/lib/armv6-m\libcr_c.a(strcpy.o)
 .ARM.attributes
                0x000005be       0x31 c:/nxp/lpcxpresso_5.1.2_2065/lpcxpresso/tools/bin/../lib/gcc/arm-none-eabi/4.6.2/../../../../arm-none-eabi/lib/armv6-m\libcr_c.a(strlen.o)
 .ARM.attributes
                0x000005ef       0x31 c:/nxp/lpcxpresso_5.1.2_2065/lpcxpresso/tools/bin/../lib/gcc/arm-none-eabi/4.6.2/../../../../arm-none-eabi/lib/armv6-m\libcr_c.a(memcpy.o)
 .ARM.attributes
                0x00000620       0x31 c:/nxp/lpcxpresso_5.1.2_2065/lpcxpresso/tools/bin/../lib/gcc/arm-none-eabi/4.6.2/../../../../arm-none-eabi/lib/armv6-m\libcr_c.a(memset.o)
 .ARM.attributes
                0x00000651       0x31 c:/nxp/lpcxpresso_5.1.2_2065/lpcxpresso/tools/bin/../lib/gcc/arm-none-eabi/4.6.2/../../../../arm-none-eabi/lib/armv6-m\libcr_c.a(__fillbuf.o)
 .ARM.attributes
                0x00000682       0x31 c:/nxp/lpcxpresso_5.1.2_2065/lpcxpresso/tools/bin/../lib/gcc/arm-none-eabi/4.6.2/../../../../arm-none-eabi/lib/armv6-m\libcr_c.a(__init_alloc.o)
 .ARM.attributes
                0x000006b3       0x31 c:/nxp/lpcxpresso_5.1.2_2065/lpcxpresso/tools/bin/../lib/gcc/arm-none-eabi/4.6.2/../../../../arm-none-eabi/lib/armv6-m\libcr_c.a(_fdopen.o)
 .ARM.attributes
                0x000006e4       0x31 c:/nxp/lpcxpresso_5.1.2_2065/lpcxpresso/tools/bin/../lib/gcc/arm-none-eabi/4.6.2/../../../../arm-none-eabi/lib/armv6-m\libcr_c.a(_frexpl.o)
 .ARM.attributes
                0x00000715       0x31 c:/nxp/lpcxpresso_5.1.2_2065/lpcxpresso/tools/bin/../lib/gcc/arm-none-eabi/4.6.2/../../../../arm-none-eabi/lib/armv6-m\libcr_c.a(_ldexpl.o)
 .ARM.attributes
                0x00000746       0x31 c:/nxp/lpcxpresso_5.1.2_2065/lpcxpresso/tools/bin/../lib/gcc/arm-none-eabi/4.6.2/../../../../arm-none-eabi/lib/armv6-m\libcr_c.a(errno.o)
 .ARM.attributes
                0x00000777       0x31 c:/nxp/lpcxpresso_5.1.2_2065/lpcxpresso/tools/bin/../lib/gcc/arm-none-eabi/4.6.2/../../../../arm-none-eabi/lib/armv6-m\libcr_c.a(fclose.o)
 .ARM.attributes
                0x000007a8       0x31 c:/nxp/lpcxpresso_5.1.2_2065/lpcxpresso/tools/bin/../lib/gcc/arm-none-eabi/4.6.2/../../../../arm-none-eabi/lib/armv6-m\libcr_c.a(fflush.o)
 .ARM.attributes
                0x000007d9       0x31 c:/nxp/lpcxpresso_5.1.2_2065/lpcxpresso/tools/bin/../lib/gcc/arm-none-eabi/4.6.2/../../../../arm-none-eabi/lib/armv6-m\libcr_c.a(remove.o)
 .ARM.attributes
                0x0000080a       0x31 c:/nxp/lpcxpresso_5.1.2_2065/lpcxpresso/tools/bin/../lib/gcc/arm-none-eabi/4.6.2/../../../../arm-none-eabi/lib/armv6-m\libcr_c.a(_do_fflush.o)
 .ARM.attributes
                0x0000083b       0x31 c:/nxp/lpcxpresso_5.1.2_2065/lpcxpresso/tools/bin/../lib/gcc/arm-none-eabi/4.6.2/../../../../arm-none-eabi/lib/armv6-m\libcr_c.a(_hugeval.o)
 .ARM.attributes
                0x0000086c       0x21 c:/nxp/lpcxpresso_5.1.2_2065/lpcxpresso/tools/bin/../lib/gcc/arm-none-eabi/4.6.2/armv6-m\libcr_eabihelpers.a(division.o)
 .ARM.attributes
                0x0000088d       0x31 c:/nxp/lpcxpresso_5.1.2_2065/lpcxpresso/tools/bin/../lib/gcc/arm-none-eabi/4.6.2/armv6-m\libcr_eabihelpers.a(double.o)
 .ARM.attributes
                0x000008be       0x21 c:/nxp/lpcxpresso_5.1.2_2065/lpcxpresso/tools/bin/../lib/gcc/arm-none-eabi/4.6.2/armv6-m\libcr_eabihelpers.a(llong.o)
 .ARM.attributes
                0x000008df       0x21 c:/nxp/lpcxpresso_5.1.2_2065/lpcxpresso/tools/bin/../lib/gcc/arm-none-eabi/4.6.2/armv6-m\libcr_eabihelpers.a(memcpy.o)
 .ARM.attributes
                0x00000900       0x21 c:/nxp/lpcxpresso_5.1.2_2065/lpcxpresso/tools/bin/../lib/gcc/arm-none-eabi/4.6.2/../../../../arm-none-eabi/lib/armv6-m\libcr_semihost.a(__sys_appexit.o)
 .ARM.attributes
                0x00000921       0x21 c:/nxp/lpcxpresso_5.1.2_2065/lpcxpresso/tools/bin/../lib/gcc/arm-none-eabi/4.6.2/../../../../arm-none-eabi/lib/armv6-m\libcr_semihost.a(__sys_close.o)
 .ARM.attributes
                0x00000942       0x21 c:/nxp/lpcxpresso_5.1.2_2065/lpcxpresso/tools/bin/../lib/gcc/arm-none-eabi/4.6.2/../../../../arm-none-eabi/lib/armv6-m\libcr_semihost.a(__sys_flen.o)
 .ARM.attributes
                0x00000963       0x21 c:/nxp/lpcxpresso_5.1.2_2065/lpcxpresso/tools/bin/../lib/gcc/arm-none-eabi/4.6.2/../../../../arm-none-eabi/lib/armv6-m\libcr_semihost.a(__sys_istty.o)
 .ARM.attributes
                0x00000984       0x21 c:/nxp/lpcxpresso_5.1.2_2065/lpcxpresso/tools/bin/../lib/gcc/arm-none-eabi/4.6.2/../../../../arm-none-eabi/lib/armv6-m\libcr_semihost.a(__sys_read.o)
 .ARM.attributes
                0x000009a5       0x21 c:/nxp/lpcxpresso_5.1.2_2065/lpcxpresso/tools/bin/../lib/gcc/arm-none-eabi/4.6.2/../../../../arm-none-eabi/lib/armv6-m\libcr_semihost.a(__sys_readc.o)
 .ARM.attributes
                0x000009c6       0x21 c:/nxp/lpcxpresso_5.1.2_2065/lpcxpresso/tools/bin/../lib/gcc/arm-none-eabi/4.6.2/../../../../arm-none-eabi/lib/armv6-m\libcr_semihost.a(__sys_remove.o)
 .ARM.attributes
                0x000009e7       0x21 c:/nxp/lpcxpresso_5.1.2_2065/lpcxpresso/tools/bin/../lib/gcc/arm-none-eabi/4.6.2/../../../../arm-none-eabi/lib/armv6-m\libcr_semihost.a(__sys_rename.o)
 .ARM.attributes
                0x00000a08       0x21 c:/nxp/lpcxpresso_5.1.2_2065/lpcxpresso/tools/bin/../lib/gcc/arm-none-eabi/4.6.2/../../../../arm-none-eabi/lib/armv6-m\libcr_semihost.a(__sys_seek.o)
 .ARM.attributes
                0x00000a29       0x21 c:/nxp/lpcxpresso_5.1.2_2065/lpcxpresso/tools/bin/../lib/gcc/arm-none-eabi/4.6.2/../../../../arm-none-eabi/lib/armv6-m\libcr_semihost.a(__sys_tmpnam.o)
 .ARM.attributes
                0x00000a4a       0x21 c:/nxp/lpcxpresso_5.1.2_2065/lpcxpresso/tools/bin/../lib/gcc/arm-none-eabi/4.6.2/../../../../arm-none-eabi/lib/armv6-m\libcr_semihost.a(__sys_write.o)
 .ARM.attributes
                0x00000a6b       0x31 c:/nxp/lpcxpresso_5.1.2_2065/lpcxpresso/tools/bin/../lib/gcc/arm-none-eabi/4.6.2/../../../../arm-none-eabi/lib/armv6-m\libcr_semihost.a(_cr_sbrk.o)
 .ARM.attributes
                0x00000a9c       0x31 c:/nxp/lpcxpresso_5.1.2_2065/lpcxpresso/tools/bin/../lib/gcc/arm-none-eabi/4.6.2/../../../../arm-none-eabi/lib/armv6-m\libcr_semihost.a(_cr_check_heap.o)

.debug_frame    0x00000000      0xa00
 .debug_frame   0x00000000       0xd8 ./startup/cr_startup_lpc11.o
 .debug_frame   0x000000d8       0x30 ./src/globals.o
 .debug_frame   0x00000108       0x80 ./src/headlines.o
 .debug_frame   0x00000188      0x204 ./src/i2c_main.o
 .debug_frame   0x0000038c      0x198 ./src/screen.o
 .debug_frame   0x00000524       0x80 ./src/snake.o
 .debug_frame   0x000005a4       0x80 ./src/watch.o
 .debug_frame   0x00000624       0x80 ./src/weather.o
 .debug_frame   0x000006a4      0x18c ./driver/gpio.o
 .debug_frame   0x00000830       0xc8 ./driver/i2c.o
 .debug_frame   0x000008f8       0xc0 ./cmsis/core_cm0.o
 .debug_frame   0x000009b8       0x48 ./cmsis/system_LPC11xx.o
