Archive member included because of file (symbol)

/Applications/lpcxpresso_5.1.2_2065/lpcxpresso/tools/bin/../lib/gcc/arm-none-eabi/4.6.2/../../../../arm-none-eabi/lib/armv6-m/libcr_c.a(__weak__main.o)
                              ./startup/cr_startup_lpc11.o (__main)
/Applications/lpcxpresso_5.1.2_2065/lpcxpresso/tools/bin/../lib/gcc/arm-none-eabi/4.6.2/armv6-m/libcr_eabihelpers.a(division.o)
                              ./cmsis/system_LPC11xx.o (__aeabi_uidiv)

Allocating common symbols
Common symbol       size              file

I2CReadLength       0x4               ./driver/i2c.o
I2CSlaveBuffer      0x40              ./driver/i2c.o
I2CMode             0x4               ./driver/i2c.o
I2CMasterBuffer     0x40              ./driver/i2c.o
I2CWriteLength      0x4               ./driver/i2c.o

Discarded input sections

 .text          0x0000000000000000        0x0 ./startup/cr_startup_lpc11.o
 .data          0x0000000000000000        0x0 ./startup/cr_startup_lpc11.o
 .bss           0x0000000000000000        0x0 ./startup/cr_startup_lpc11.o
 .text          0x0000000000000000        0x0 ./src/i2c_main.o
 .data          0x0000000000000000        0x0 ./src/i2c_main.o
 .bss           0x0000000000000000        0x0 ./src/i2c_main.o
 .text          0x0000000000000000        0x0 ./driver/can.o
 .data          0x0000000000000000        0x0 ./driver/can.o
 .bss           0x0000000000000000        0x0 ./driver/can.o
 .text          0x0000000000000000        0x0 ./driver/crp.o
 .data          0x0000000000000000        0x0 ./driver/crp.o
 .bss           0x0000000000000000        0x0 ./driver/crp.o
 .text          0x0000000000000000        0x0 ./driver/gpio.o
 .data          0x0000000000000000        0x0 ./driver/gpio.o
 .bss           0x0000000000000000        0x0 ./driver/gpio.o
 .text          0x0000000000000000        0x0 ./driver/i2c.o
 .data          0x0000000000000000        0x0 ./driver/i2c.o
 .bss           0x0000000000000000        0x0 ./driver/i2c.o
 .bss.I2CSlaveState
                0x0000000000000000        0x4 ./driver/i2c.o
 .bss.I2CCount  0x0000000000000000        0x4 ./driver/i2c.o
 .text.I2CStart
                0x0000000000000000       0x4c ./driver/i2c.o
 .text.I2CStop  0x0000000000000000       0x2c ./driver/i2c.o
 .text          0x0000000000000000        0x0 ./cmsis/core_cm0.o
 .data          0x0000000000000000        0x0 ./cmsis/core_cm0.o
 .bss           0x0000000000000000        0x0 ./cmsis/core_cm0.o
 .text.__get_PSP
                0x0000000000000000        0x8 ./cmsis/core_cm0.o
 .text.__set_PSP
                0x0000000000000000        0x6 ./cmsis/core_cm0.o
 .text.__get_MSP
                0x0000000000000000        0x8 ./cmsis/core_cm0.o
 .text.__set_MSP
                0x0000000000000000        0x6 ./cmsis/core_cm0.o
 .text.__get_PRIMASK
                0x0000000000000000        0x6 ./cmsis/core_cm0.o
 .text.__set_PRIMASK
                0x0000000000000000        0x6 ./cmsis/core_cm0.o
 .text.__get_CONTROL
                0x0000000000000000        0x6 ./cmsis/core_cm0.o
 .text.__set_CONTROL
                0x0000000000000000        0x6 ./cmsis/core_cm0.o
 .text.__REV    0x0000000000000000        0x4 ./cmsis/core_cm0.o
 .text.__REV16  0x0000000000000000        0x4 ./cmsis/core_cm0.o
 .text.__REVSH  0x0000000000000000        0x4 ./cmsis/core_cm0.o
 .text          0x0000000000000000        0x0 ./cmsis/system_LPC11xx.o
 .data          0x0000000000000000        0x0 ./cmsis/system_LPC11xx.o
 .bss           0x0000000000000000        0x0 ./cmsis/system_LPC11xx.o
 .text          0x0000000000000000        0x0 /Applications/lpcxpresso_5.1.2_2065/lpcxpresso/tools/bin/../lib/gcc/arm-none-eabi/4.6.2/../../../../arm-none-eabi/lib/armv6-m/libcr_c.a(__weak__main.o)
 .data          0x0000000000000000        0x0 /Applications/lpcxpresso_5.1.2_2065/lpcxpresso/tools/bin/../lib/gcc/arm-none-eabi/4.6.2/../../../../arm-none-eabi/lib/armv6-m/libcr_c.a(__weak__main.o)
 .bss           0x0000000000000000        0x0 /Applications/lpcxpresso_5.1.2_2065/lpcxpresso/tools/bin/../lib/gcc/arm-none-eabi/4.6.2/../../../../arm-none-eabi/lib/armv6-m/libcr_c.a(__weak__main.o)
 .text          0x0000000000000000        0x0 /Applications/lpcxpresso_5.1.2_2065/lpcxpresso/tools/bin/../lib/gcc/arm-none-eabi/4.6.2/armv6-m/libcr_eabihelpers.a(division.o)
 .data          0x0000000000000000        0x0 /Applications/lpcxpresso_5.1.2_2065/lpcxpresso/tools/bin/../lib/gcc/arm-none-eabi/4.6.2/armv6-m/libcr_eabihelpers.a(division.o)
 .bss           0x0000000000000000        0x0 /Applications/lpcxpresso_5.1.2_2065/lpcxpresso/tools/bin/../lib/gcc/arm-none-eabi/4.6.2/armv6-m/libcr_eabihelpers.a(division.o)
 .text.__aeabi_division_idivmod
                0x0000000000000000        0x6 /Applications/lpcxpresso_5.1.2_2065/lpcxpresso/tools/bin/../lib/gcc/arm-none-eabi/4.6.2/armv6-m/libcr_eabihelpers.a(division.o)
 .text.__aeabi_division_uldivmod
                0x0000000000000000       0x5a /Applications/lpcxpresso_5.1.2_2065/lpcxpresso/tools/bin/../lib/gcc/arm-none-eabi/4.6.2/armv6-m/libcr_eabihelpers.a(division.o)
 .text.__aeabi_division_ldivmod
                0x0000000000000000       0x32 /Applications/lpcxpresso_5.1.2_2065/lpcxpresso/tools/bin/../lib/gcc/arm-none-eabi/4.6.2/armv6-m/libcr_eabihelpers.a(division.o)
 .text.__aeabi_division_ldiv0
                0x0000000000000000        0x2 /Applications/lpcxpresso_5.1.2_2065/lpcxpresso/tools/bin/../lib/gcc/arm-none-eabi/4.6.2/armv6-m/libcr_eabihelpers.a(division.o)
 .text.__aeabi_division_idivq31+15
                0x0000000000000000      0x188 /Applications/lpcxpresso_5.1.2_2065/lpcxpresso/tools/bin/../lib/gcc/arm-none-eabi/4.6.2/armv6-m/libcr_eabihelpers.a(division.o)

Memory Configuration

Name             Origin             Length             Attributes
MFlash32         0x0000000000000000 0x0000000000008000 xr
RamLoc8          0x0000000010000000 0x0000000000002000 xrw
*default*        0x0000000000000000 0xffffffffffffffff

Linker script and memory map

LOAD ./startup/cr_startup_lpc11.o
LOAD ./src/i2c_main.o
LOAD ./driver/can.o
LOAD ./driver/crp.o
LOAD ./driver/gpio.o
LOAD ./driver/i2c.o
LOAD ./cmsis/core_cm0.o
LOAD ./cmsis/system_LPC11xx.o
START GROUP
LOAD /Applications/lpcxpresso_5.1.2_2065/lpcxpresso/tools/bin/../lib/gcc/arm-none-eabi/4.6.2/../../../../arm-none-eabi/lib/armv6-m/libcr_c.a
LOAD /Applications/lpcxpresso_5.1.2_2065/lpcxpresso/tools/bin/../lib/gcc/arm-none-eabi/4.6.2/../../../../arm-none-eabi/lib/armv6-m/libcr_semihost.a
LOAD /Applications/lpcxpresso_5.1.2_2065/lpcxpresso/tools/bin/../lib/gcc/arm-none-eabi/4.6.2/armv6-m/libcr_eabihelpers.a
END GROUP
                0x0000000000008000                __top_MFlash32 = 0x8000
                0x0000000010002000                __top_RamLoc8 = 0x10002000

.text           0x0000000000000000      0xa2c
 FILL mask 0xff
 *(.isr_vector)
 .isr_vector    0x0000000000000000       0xc0 ./startup/cr_startup_lpc11.o
                0x0000000000000000                g_pfnVectors
 *(.text.Reset_Handler .text.SystemInit)
 .text.SystemInit
                0x00000000000000c0       0xb0 ./cmsis/system_LPC11xx.o
                0x00000000000000c0                SystemInit
                0x00000000000002fc                . = 0x2fc
 *fill*         0x0000000000000170      0x18c ff
 *(.crp)
 .crp           0x00000000000002fc        0x4 ./driver/crp.o
                0x00000000000002fc                CRP_WORD
 *(.text*)
 .text.ResetISR
                0x0000000000000300       0x64 ./startup/cr_startup_lpc11.o
                0x0000000000000300                ResetISR
 .text.NMI_Handler
                0x0000000000000364        0x8 ./startup/cr_startup_lpc11.o
                0x0000000000000364                NMI_Handler
 .text.HardFault_Handler
                0x000000000000036c        0x8 ./startup/cr_startup_lpc11.o
                0x000000000000036c                HardFault_Handler
 .text.SVCall_Handler
                0x0000000000000374        0x8 ./startup/cr_startup_lpc11.o
                0x0000000000000374                SVCall_Handler
 .text.PendSV_Handler
                0x000000000000037c        0x8 ./startup/cr_startup_lpc11.o
                0x000000000000037c                PendSV_Handler
 .text.SysTick_Handler
                0x0000000000000384        0x8 ./startup/cr_startup_lpc11.o
                0x0000000000000384                SysTick_Handler
 .text.IntDefaultHandler
                0x000000000000038c        0x8 ./startup/cr_startup_lpc11.o
                0x000000000000038c                PIOINT3_IRQHandler
                0x000000000000038c                UART_IRQHandler
                0x000000000000038c                TIMER32_0_IRQHandler
                0x000000000000038c                TIMER32_1_IRQHandler
                0x000000000000038c                IntDefaultHandler
                0x000000000000038c                PIOINT1_IRQHandler
                0x000000000000038c                CAN_IRQHandler
                0x000000000000038c                SSP0_IRQHandler
                0x000000000000038c                TIMER16_1_IRQHandler
                0x000000000000038c                ADC_IRQHandler
                0x000000000000038c                SSP1_IRQHandler
                0x000000000000038c                PIOINT2_IRQHandler
                0x000000000000038c                BOD_IRQHandler
                0x000000000000038c                WAKEUP_IRQHandler
                0x000000000000038c                PIOINT0_IRQHandler
                0x000000000000038c                WDT_IRQHandler
                0x000000000000038c                TIMER16_0_IRQHandler
 .text.main     0x0000000000000394       0xb0 ./src/i2c_main.o
                0x0000000000000394                main
 .text.NVIC_EnableIRQ
                0x0000000000000444       0x2c ./driver/i2c.o
 .text.I2C_IRQHandler
                0x0000000000000470      0x204 ./driver/i2c.o
                0x0000000000000470                I2C_IRQHandler
 .text.I2CInit  0x0000000000000674       0xa0 ./driver/i2c.o
                0x0000000000000674                I2CInit
 .text.I2CEngine
                0x0000000000000714       0x6c ./driver/i2c.o
                0x0000000000000714                I2CEngine
 .text.SystemCoreClockUpdate
                0x0000000000000780       0xac ./cmsis/system_LPC11xx.o
                0x0000000000000780                SystemCoreClockUpdate
 .text.__weak_main
                0x000000000000082c        0x8 /Applications/lpcxpresso_5.1.2_2065/lpcxpresso/tools/bin/../lib/gcc/arm-none-eabi/4.6.2/../../../../arm-none-eabi/lib/armv6-m/libcr_c.a(__weak__main.o)
                0x000000000000082c                __main
                0x000000000000082c                __weak_main
 .text.__aeabi_division_uidivmod
                0x0000000000000834       0x72 /Applications/lpcxpresso_5.1.2_2065/lpcxpresso/tools/bin/../lib/gcc/arm-none-eabi/4.6.2/armv6-m/libcr_eabihelpers.a(division.o)
                0x0000000000000834                __aeabi_uidiv
                0x0000000000000834                __aeabi_uidivmod
 .text.__aeabi_division_idiv0
                0x00000000000008a6        0x2 /Applications/lpcxpresso_5.1.2_2065/lpcxpresso/tools/bin/../lib/gcc/arm-none-eabi/4.6.2/armv6-m/libcr_eabihelpers.a(division.o)
                0x00000000000008a6                __aeabi_idiv0
 *(.rodata*)
 .rodata.I2C_IRQHandler
                0x00000000000008a8      0x144 ./driver/i2c.o
 .rodata.CSWTCH.7
                0x00000000000009ec       0x40 ./cmsis/system_LPC11xx.o

.glue_7         0x0000000000000a2c        0x0
 .glue_7        0x0000000000000000        0x0 linker stubs

.glue_7t        0x0000000000000a2c        0x0
 .glue_7t       0x0000000000000000        0x0 linker stubs

.vfp11_veneer   0x0000000000000a2c        0x0
 .vfp11_veneer  0x0000000000000000        0x0 linker stubs

.v4_bx          0x0000000000000a2c        0x0
 .v4_bx         0x0000000000000000        0x0 linker stubs

.ARM.extab
 *(.ARM.extab* .gnu.linkonce.armextab.*)
                0x0000000000000a2c                __exidx_start = .

.ARM.exidx
 *(.ARM.exidx* .gnu.linkonce.armexidx.*)
                0x0000000000000a2c                __exidx_end = .
                0x0000000000000a2c                _etext = .

.data           0x0000000010000000        0x4 load address 0x0000000000000a2c
                0x0000000010000000                _data = .
 *(vtable)
 *(.data*)
 .data.SystemCoreClock
                0x0000000010000000        0x4 ./cmsis/system_LPC11xx.o
                0x0000000010000000                SystemCoreClock
                0x0000000010000004                _edata = .

.bss            0x0000000010000004       0x9c load address 0x0000000000000a30
                0x0000000010000004                _bss = .
 *(.bss*)
 .bss.I2CMasterState
                0x0000000010000004        0x4 ./driver/i2c.o
                0x0000000010000004                I2CMasterState
 .bss.timeout   0x0000000010000008        0x4 ./driver/i2c.o
                0x0000000010000008                timeout
 .bss.RdIndex   0x000000001000000c        0x4 ./driver/i2c.o
                0x000000001000000c                RdIndex
 .bss.WrIndex   0x0000000010000010        0x4 ./driver/i2c.o
                0x0000000010000010                WrIndex
 *(COMMON)
 COMMON         0x0000000010000014       0x8c ./driver/i2c.o
                0x0000000010000014                I2CReadLength
                0x0000000010000018                I2CSlaveBuffer
                0x0000000010000058                I2CMode
                0x000000001000005c                I2CMasterBuffer
                0x000000001000009c                I2CWriteLength
                0x00000000100000a0                _ebss = .

.cr_heap        0x00000000100000a0        0x0 load address 0x0000000000000a30
                0x00000000100000a0                end = .
                0x00000000100000a0                _pvHeapStart = .
                0x0000000010002000                _vRamTop = __top_RamLoc8
                0x0000000010002000                _vStackTop = _vRamTop
OUTPUT(i2c.axf elf32-littlearm)

.debug_info     0x0000000000000000     0x1975
 .debug_info    0x0000000000000000      0x1ec ./startup/cr_startup_lpc11.o
 .debug_info    0x00000000000001ec      0x145 ./src/i2c_main.o
 .debug_info    0x0000000000000331       0x70 ./driver/can.o
 .debug_info    0x00000000000003a1       0x92 ./driver/crp.o
 .debug_info    0x0000000000000433       0x70 ./driver/gpio.o
 .debug_info    0x00000000000004a3      0xc9c ./driver/i2c.o
 .debug_info    0x000000000000113f      0x2ae ./cmsis/core_cm0.o
 .debug_info    0x00000000000013ed      0x588 ./cmsis/system_LPC11xx.o

.debug_abbrev   0x0000000000000000      0x57b
 .debug_abbrev  0x0000000000000000       0xb4 ./startup/cr_startup_lpc11.o
 .debug_abbrev  0x00000000000000b4       0x8d ./src/i2c_main.o
 .debug_abbrev  0x0000000000000141       0x2c ./driver/can.o
 .debug_abbrev  0x000000000000016d       0x51 ./driver/crp.o
 .debug_abbrev  0x00000000000001be       0x2c ./driver/gpio.o
 .debug_abbrev  0x00000000000001ea      0x1a5 ./driver/i2c.o
 .debug_abbrev  0x000000000000038f       0xaf ./cmsis/core_cm0.o
 .debug_abbrev  0x000000000000043e      0x13d ./cmsis/system_LPC11xx.o

.debug_loc      0x0000000000000000      0x45a
 .debug_loc     0x0000000000000000      0x140 ./startup/cr_startup_lpc11.o
 .debug_loc     0x0000000000000140       0x38 ./src/i2c_main.o
 .debug_loc     0x0000000000000178      0x138 ./driver/i2c.o
 .debug_loc     0x00000000000002b0      0x112 ./cmsis/core_cm0.o
 .debug_loc     0x00000000000003c2       0x98 ./cmsis/system_LPC11xx.o

.debug_aranges  0x0000000000000000      0x150
 .debug_aranges
                0x0000000000000000       0x50 ./startup/cr_startup_lpc11.o
 .debug_aranges
                0x0000000000000050       0x20 ./src/i2c_main.o
 .debug_aranges
                0x0000000000000070       0x48 ./driver/i2c.o
 .debug_aranges
                0x00000000000000b8       0x70 ./cmsis/core_cm0.o
 .debug_aranges
                0x0000000000000128       0x28 ./cmsis/system_LPC11xx.o

.debug_ranges   0x0000000000000000      0x100
 .debug_ranges  0x0000000000000000       0x40 ./startup/cr_startup_lpc11.o
 .debug_ranges  0x0000000000000040       0x10 ./src/i2c_main.o
 .debug_ranges  0x0000000000000050       0x38 ./driver/i2c.o
 .debug_ranges  0x0000000000000088       0x60 ./cmsis/core_cm0.o
 .debug_ranges  0x00000000000000e8       0x18 ./cmsis/system_LPC11xx.o

.debug_line     0x0000000000000000     0x1e93
 .debug_line    0x0000000000000000      0x3fd ./startup/cr_startup_lpc11.o
 .debug_line    0x00000000000003fd      0x3ef ./src/i2c_main.o
 .debug_line    0x00000000000007ec      0x373 ./driver/can.o
 .debug_line    0x0000000000000b5f      0x37c ./driver/crp.o
 .debug_line    0x0000000000000edb      0x374 ./driver/gpio.o
 .debug_line    0x000000000000124f      0x465 ./driver/i2c.o
 .debug_line    0x00000000000016b4      0x3f0 ./cmsis/core_cm0.o
 .debug_line    0x0000000000001aa4      0x3ef ./cmsis/system_LPC11xx.o

.debug_macinfo  0x0000000000000000    0x2b52c
 .debug_macinfo
                0x0000000000000000     0x3e81 ./startup/cr_startup_lpc11.o
 .debug_macinfo
                0x0000000000003e81     0x60bf ./src/i2c_main.o
 .debug_macinfo
                0x0000000000009f40     0x5d8d ./driver/can.o
 .debug_macinfo
                0x000000000000fccd     0x5eda ./driver/crp.o
 .debug_macinfo
                0x0000000000015ba7     0x5d8d ./driver/gpio.o
 .debug_macinfo
                0x000000000001b934     0x60bb ./driver/i2c.o
 .debug_macinfo
                0x00000000000219ef     0x3c50 ./cmsis/core_cm0.o
 .debug_macinfo
                0x000000000002563f     0x5eed ./cmsis/system_LPC11xx.o

.debug_str      0x0000000000000000      0xaa7
 .debug_str     0x0000000000000000      0x1b2 ./startup/cr_startup_lpc11.o
                                        0x1e6 (size before relaxing)
 .debug_str     0x00000000000001b2       0x64 ./src/i2c_main.o
                                        0x178 (size before relaxing)
 .debug_str     0x0000000000000216       0x10 ./driver/can.o
                                        0x124 (size before relaxing)
 .debug_str     0x0000000000000226       0x19 ./driver/crp.o
                                        0x136 (size before relaxing)
 .debug_str     0x000000000000023f       0x11 ./driver/gpio.o
                                        0x125 (size before relaxing)
 .debug_str     0x0000000000000250      0x730 ./driver/i2c.o
                                        0x89b (size before relaxing)
 .debug_str     0x0000000000000980       0xce ./cmsis/core_cm0.o
                                        0x1fb (size before relaxing)
 .debug_str     0x0000000000000a4e       0x59 ./cmsis/system_LPC11xx.o
                                        0x422 (size before relaxing)

.comment        0x0000000000000000       0xe0
 .comment       0x0000000000000000       0x70 ./startup/cr_startup_lpc11.o
                                         0x71 (size before relaxing)
 .comment       0x0000000000000000       0x71 ./src/i2c_main.o
 .comment       0x0000000000000000       0x71 ./driver/can.o
 .comment       0x0000000000000000       0x71 ./driver/crp.o
 .comment       0x0000000000000000       0x71 ./driver/gpio.o
 .comment       0x0000000000000000       0x71 ./driver/i2c.o
 .comment       0x0000000000000000       0x71 ./cmsis/core_cm0.o
 .comment       0x0000000000000000       0x71 ./cmsis/system_LPC11xx.o
 .comment       0x0000000000000070       0x70 /Applications/lpcxpresso_5.1.2_2065/lpcxpresso/tools/bin/../lib/gcc/arm-none-eabi/4.6.2/../../../../arm-none-eabi/lib/armv6-m/libcr_c.a(__weak__main.o)
                                         0x71 (size before relaxing)

.ARM.attributes
                0x0000000000000000       0x2f
 .ARM.attributes
                0x0000000000000000       0x31 ./startup/cr_startup_lpc11.o
 .ARM.attributes
                0x0000000000000031       0x31 ./src/i2c_main.o
 .ARM.attributes
                0x0000000000000062       0x31 ./driver/can.o
 .ARM.attributes
                0x0000000000000093       0x31 ./driver/crp.o
 .ARM.attributes
                0x00000000000000c4       0x31 ./driver/gpio.o
 .ARM.attributes
                0x00000000000000f5       0x31 ./driver/i2c.o
 .ARM.attributes
                0x0000000000000126       0x31 ./cmsis/core_cm0.o
 .ARM.attributes
                0x0000000000000157       0x31 ./cmsis/system_LPC11xx.o
 .ARM.attributes
                0x0000000000000188       0x31 /Applications/lpcxpresso_5.1.2_2065/lpcxpresso/tools/bin/../lib/gcc/arm-none-eabi/4.6.2/../../../../arm-none-eabi/lib/armv6-m/libcr_c.a(__weak__main.o)
 .ARM.attributes
                0x00000000000001b9       0x21 /Applications/lpcxpresso_5.1.2_2065/lpcxpresso/tools/bin/../lib/gcc/arm-none-eabi/4.6.2/armv6-m/libcr_eabihelpers.a(division.o)

.debug_frame    0x0000000000000000      0x2d8
 .debug_frame   0x0000000000000000       0xd8 ./startup/cr_startup_lpc11.o
 .debug_frame   0x00000000000000d8       0x30 ./src/i2c_main.o
 .debug_frame   0x0000000000000108       0xc8 ./driver/i2c.o
 .debug_frame   0x00000000000001d0       0xc0 ./cmsis/core_cm0.o
 .debug_frame   0x0000000000000290       0x48 ./cmsis/system_LPC11xx.o
