Archive member included because of file (symbol)

/Applications/lpcxpresso_5.1.2_2065/lpcxpresso/tools/bin/../lib/gcc/arm-none-eabi/4.6.2/../../../../arm-none-eabi/lib/armv6-m/libcr_semihost.a(_cr__main.o)
                              ./startup/cr_startup_lpc11.o (__main)
/Applications/lpcxpresso_5.1.2_2065/lpcxpresso/tools/bin/../lib/gcc/arm-none-eabi/4.6.2/../../../../arm-none-eabi/lib/armv6-m/libcr_c.a(_cr_assert.o)
                              ./src/i2c_main.o (__assertion_failed)
/Applications/lpcxpresso_5.1.2_2065/lpcxpresso/tools/bin/../lib/gcc/arm-none-eabi/4.6.2/../../../../arm-none-eabi/lib/armv6-m/libcr_c.a(_deferredlazyseek.o)
                              /Applications/lpcxpresso_5.1.2_2065/lpcxpresso/tools/bin/../lib/gcc/arm-none-eabi/4.6.2/../../../../arm-none-eabi/lib/armv6-m/libcr_c.a(_cr_assert.o) (__flsbuf)
/Applications/lpcxpresso_5.1.2_2065/lpcxpresso/tools/bin/../lib/gcc/arm-none-eabi/4.6.2/../../../../arm-none-eabi/lib/armv6-m/libcr_c.a(_fflush.o)
                              /Applications/lpcxpresso_5.1.2_2065/lpcxpresso/tools/bin/../lib/gcc/arm-none-eabi/4.6.2/../../../../arm-none-eabi/lib/armv6-m/libcr_c.a(_deferredlazyseek.o) (_fflush)
/Applications/lpcxpresso_5.1.2_2065/lpcxpresso/tools/bin/../lib/gcc/arm-none-eabi/4.6.2/../../../../arm-none-eabi/lib/armv6-m/libcr_c.a(_writebuf.o)
                              /Applications/lpcxpresso_5.1.2_2065/lpcxpresso/tools/bin/../lib/gcc/arm-none-eabi/4.6.2/../../../../arm-none-eabi/lib/armv6-m/libcr_c.a(_deferredlazyseek.o) (_Cwritebuf)
/Applications/lpcxpresso_5.1.2_2065/lpcxpresso/tools/bin/../lib/gcc/arm-none-eabi/4.6.2/../../../../arm-none-eabi/lib/armv6-m/libcr_c.a(alloc.o)
                              /Applications/lpcxpresso_5.1.2_2065/lpcxpresso/tools/bin/../lib/gcc/arm-none-eabi/4.6.2/../../../../arm-none-eabi/lib/armv6-m/libcr_c.a(_deferredlazyseek.o) (_Csys_alloc)
/Applications/lpcxpresso_5.1.2_2065/lpcxpresso/tools/bin/../lib/gcc/arm-none-eabi/4.6.2/../../../../arm-none-eabi/lib/armv6-m/libcr_c.a(fflush.o)
                              ./src/i2c_main.o (fflush)
/Applications/lpcxpresso_5.1.2_2065/lpcxpresso/tools/bin/../lib/gcc/arm-none-eabi/4.6.2/../../../../arm-none-eabi/lib/armv6-m/libcr_c.a(fpprintf.o)
                              ./src/i2c_main.o (printf)
/Applications/lpcxpresso_5.1.2_2065/lpcxpresso/tools/bin/../lib/gcc/arm-none-eabi/4.6.2/../../../../arm-none-eabi/lib/armv6-m/libcr_c.a(fputs.o)
                              /Applications/lpcxpresso_5.1.2_2065/lpcxpresso/tools/bin/../lib/gcc/arm-none-eabi/4.6.2/../../../../arm-none-eabi/lib/armv6-m/libcr_c.a(_cr_assert.o) (fputs)
/Applications/lpcxpresso_5.1.2_2065/lpcxpresso/tools/bin/../lib/gcc/arm-none-eabi/4.6.2/../../../../arm-none-eabi/lib/armv6-m/libcr_c.a(fseek.o)
                              /Applications/lpcxpresso_5.1.2_2065/lpcxpresso/tools/bin/../lib/gcc/arm-none-eabi/4.6.2/../../../../arm-none-eabi/lib/armv6-m/libcr_c.a(_deferredlazyseek.o) (fseek)
/Applications/lpcxpresso_5.1.2_2065/lpcxpresso/tools/bin/../lib/gcc/arm-none-eabi/4.6.2/../../../../arm-none-eabi/lib/armv6-m/libcr_c.a(ftell.o)
                              /Applications/lpcxpresso_5.1.2_2065/lpcxpresso/tools/bin/../lib/gcc/arm-none-eabi/4.6.2/../../../../arm-none-eabi/lib/armv6-m/libcr_c.a(fseek.o) (ftell)
/Applications/lpcxpresso_5.1.2_2065/lpcxpresso/tools/bin/../lib/gcc/arm-none-eabi/4.6.2/../../../../arm-none-eabi/lib/armv6-m/libcr_c.a(initio.o)
                              /Applications/lpcxpresso_5.1.2_2065/lpcxpresso/tools/bin/../lib/gcc/arm-none-eabi/4.6.2/../../../../arm-none-eabi/lib/armv6-m/libcr_semihost.a(_cr__main.o) (_initio)
/Applications/lpcxpresso_5.1.2_2065/lpcxpresso/tools/bin/../lib/gcc/arm-none-eabi/4.6.2/../../../../arm-none-eabi/lib/armv6-m/libcr_c.a(printf.o)
                              /Applications/lpcxpresso_5.1.2_2065/lpcxpresso/tools/bin/../lib/gcc/arm-none-eabi/4.6.2/../../../../arm-none-eabi/lib/armv6-m/libcr_c.a(fpprintf.o) (__vfprintf)
/Applications/lpcxpresso_5.1.2_2065/lpcxpresso/tools/bin/../lib/gcc/arm-none-eabi/4.6.2/../../../../arm-none-eabi/lib/armv6-m/libcr_c.a(setvbuf.o)
                              /Applications/lpcxpresso_5.1.2_2065/lpcxpresso/tools/bin/../lib/gcc/arm-none-eabi/4.6.2/../../../../arm-none-eabi/lib/armv6-m/libcr_c.a(initio.o) (setvbuf)
/Applications/lpcxpresso_5.1.2_2065/lpcxpresso/tools/bin/../lib/gcc/arm-none-eabi/4.6.2/../../../../arm-none-eabi/lib/armv6-m/libcr_c.a(stdio.o)
                              ./src/i2c_main.o (__Ciob)
/Applications/lpcxpresso_5.1.2_2065/lpcxpresso/tools/bin/../lib/gcc/arm-none-eabi/4.6.2/../../../../arm-none-eabi/lib/armv6-m/libcr_c.a(strlen.o)
                              /Applications/lpcxpresso_5.1.2_2065/lpcxpresso/tools/bin/../lib/gcc/arm-none-eabi/4.6.2/../../../../arm-none-eabi/lib/armv6-m/libcr_c.a(printf.o) (strlen)
/Applications/lpcxpresso_5.1.2_2065/lpcxpresso/tools/bin/../lib/gcc/arm-none-eabi/4.6.2/../../../../arm-none-eabi/lib/armv6-m/libcr_c.a(memcpy.o)
[...]
Memory Configuration

Name             Origin             Length             Attributes
MFlash64         0x0000000000000000 0x0000000000010000 xr
RamLoc8          0x0000000010000000 0x0000000000002000 xrw
*default*        0x0000000000000000 0xffffffffffffffff

Linker script and memory map

LOAD ./startup/cr_startup_lpc11.o
LOAD ./src/i2c_main.o
LOAD ./src/shared.o
LOAD ./driver/can.o
LOAD ./driver/crp.o
LOAD ./driver/gpio.o
LOAD ./driver/i2c.o
LOAD ./cmsis/core_cm0.o
LOAD ./cmsis/system_LPC11xx.o
START GROUP
LOAD /Applications/lpcxpresso_5.1.2_2065/lpcxpresso/tools/bin/../lib/gcc/arm-none-eabi/4.6.2/../../../../arm-none-eabi/lib/armv6-m/libcr_semihost.a
LOAD /Applications/lpcxpresso_5.1.2_2065/lpcxpresso/tools/bin/../lib/gcc/arm-none-eabi/4.6.2/../../../../arm-none-eabi/lib/armv6-m/libcr_c.a
LOAD /Applications/lpcxpresso_5.1.2_2065/lpcxpresso/tools/bin/../lib/gcc/arm-none-eabi/4.6.2/armv6-m/libcr_eabihelpers.a
END GROUP
                0x0000000000010000                __top_MFlash64 = 0x10000
                0x0000000010002000                __top_RamLoc8 = 0x10002000

.text           0x0000000000000000     0x38a8
 FILL mask 0xff
 *(.isr_vector)
 .isr_vector    0x0000000000000000       0xc0 ./startup/cr_startup_lpc11.o
                0x0000000000000000                g_pfnVectors
                0x00000000000000c0                . = ALIGN (0x4)
                0x00000000000000c0                __section_table_start = .
                0x00000000000000c0                __data_section_table = .
                0x00000000000000c0        0x4 LONG 0x38a8 LOADADDR (.data)
                0x00000000000000c4        0x4 LONG 0x10000000 ADDR (.data)
                0x00000000000000c8        0x4 LONG 0x4 SIZEOF (.data)
                0x00000000000000cc                __data_section_table_end = .
                0x00000000000000cc                __bss_section_table = .
                0x00000000000000cc        0x4 LONG 0x10000004 ADDR (.bss)
                0x00000000000000d0        0x4 LONG 0x230 SIZEOF (.bss)
                0x00000000000000d4                __bss_section_table_end = .
                0x00000000000000d4                __section_table_end = .
 *(.after_vectors*)
 *(.text*)
 .text.ResetISR
                0x00000000000000d4       0x64 ./startup/cr_startup_lpc11.o
                0x00000000000000d4                ResetISR
 .text.NMI_Handler
                0x0000000000000138        0x8 ./startup/cr_startup_lpc11.o
                0x0000000000000138                NMI_Handler
 .text.HardFault_Handler
                0x0000000000000140        0x8 ./startup/cr_startup_lpc11.o
                0x0000000000000140                HardFault_Handler
 .text.SVCall_Handler
                0x0000000000000148        0x8 ./startup/cr_startup_lpc11.o
                0x0000000000000148                SVCall_Handler
 .text.PendSV_Handler
                0x0000000000000150        0x8 ./startup/cr_startup_lpc11.o
                0x0000000000000150                PendSV_Handler
 .text.SysTick_Handler
                0x0000000000000158        0x8 ./startup/cr_startup_lpc11.o
                0x0000000000000158                SysTick_Handler
 .text.IntDefaultHandler
                0x0000000000000160        0x8 ./startup/cr_startup_lpc11.o
                0x0000000000000160                PIOINT3_IRQHandler
                0x0000000000000160                UART_IRQHandler
                0x0000000000000160                TIMER32_0_IRQHandler
                0x0000000000000160                TIMER32_1_IRQHandler
                0x0000000000000160                IntDefaultHandler
                0x0000000000000160                PIOINT1_IRQHandler
                0x0000000000000160                CAN_IRQHandler
                0x0000000000000160                SSP0_IRQHandler
                0x0000000000000160                TIMER16_1_IRQHandler
                0x0000000000000160                ADC_IRQHandler
                0x0000000000000160                SSP1_IRQHandler
                0x0000000000000160                PIOINT2_IRQHandler
                0x0000000000000160                BOD_IRQHandler
                0x0000000000000160                WAKEUP_IRQHandler
                0x0000000000000160                PIOINT0_IRQHandler
                0x0000000000000160                WDT_IRQHandler
                0x0000000000000160                TIMER16_0_IRQHandler
 .text.main     0x0000000000000168       0xfc ./src/i2c_main.o
                0x0000000000000168                main
 .text.send_i2c_msg
                0x0000000000000264       0xac ./src/i2c_main.o
                0x0000000000000264                send_i2c_msg
 .text.write_byte_to_register
                0x0000000000000310       0x50 ./src/i2c_main.o
                0x0000000000000310                write_byte_to_register
 .text.read_byte_from_register
                0x0000000000000360       0x70 ./src/i2c_main.o
                0x0000000000000360                read_byte_from_register
 .text.process_bl_msg
                0x00000000000003d0       0x84 ./src/i2c_main.o
                0x00000000000003d0                process_bl_msg
 .text.configure_i2c
                0x0000000000000454       0x5c ./src/i2c_main.o
                0x0000000000000454                configure_i2c
 .text.NVIC_EnableIRQ
                0x00000000000004b0       0x2c ./driver/i2c.o
 .text.I2C_IRQHandler
                0x00000000000004dc      0x204 ./driver/i2c.o
                0x00000000000004dc                I2C_IRQHandler
 .text.I2CInit  0x00000000000006e0       0xa0 ./driver/i2c.o
                0x00000000000006e0                I2CInit
 .text.I2CEngine
                0x0000000000000780       0x6c ./driver/i2c.o
                0x0000000000000780                I2CEngine
 .text.SystemCoreClockUpdate
                0x00000000000007ec       0xac ./cmsis/system_LPC11xx.o
                0x00000000000007ec                SystemCoreClockUpdate
 .text.SystemInit
                0x0000000000000898       0xb0 ./cmsis/system_LPC11xx.o
                0x0000000000000898                SystemInit
 .text.__main   0x0000000000000948       0x12 /Applications/lpcxpresso_5.1.2_2065/lpcxpresso/tools/bin/../lib/gcc/arm-none-eabi/4.6.2/../../../../arm-none-eabi/lib/armv6-m/libcr_semihost.a(_cr__main.o)
                0x0000000000000948                __main
                0x0000000000000948                __CR_SEMIHOST
 *fill*         0x000000000000095a        0x2 00
 .text.__assertion_failed
                0x000000000000095c       0x48 /Applications/lpcxpresso_5.1.2_2065/lpcxpresso/tools/bin/../lib/gcc/arm-none-eabi/4.6.2/../../../../arm-none-eabi/lib/armv6-m/libcr_c.a(_cr_assert.o)
                0x000000000000095c                __assertion_failed
 .text._deferredlazyseek
                0x00000000000009a4       0x44 /Applications/lpcxpresso_5.1.2_2065/lpcxpresso/tools/bin/../lib/gcc/arm-none-eabi/4.6.2/../../../../arm-none-eabi/lib/armv6-m/libcr_c.a(_deferredlazyseek.o)
                0x00000000000009a4                _deferredlazyseek
 .text.__flsbuf
                0x00000000000009e8      0x154 /Applications/lpcxpresso_5.1.2_2065/lpcxpresso/tools/bin/../lib/gcc/arm-none-eabi/4.6.2/../../../../arm-none-eabi/lib/armv6-m/libcr_c.a(_deferredlazyseek.o)
                0x00000000000009e8                __flsbuf
 .text._fflush  0x0000000000000b3c       0x60 /Applications/lpcxpresso_5.1.2_2065/lpcxpresso/tools/bin/../lib/gcc/arm-none-eabi/4.6.2/../../../../arm-none-eabi/lib/armv6-m/libcr_c.a(_fflush.o)
                0x0000000000000b3c                _fflush
 .text._Cwritebuf
                0x0000000000000b9c       0x6c /Applications/lpcxpresso_5.1.2_2065/lpcxpresso/tools/bin/../lib/gcc/arm-none-eabi/4.6.2/../../../../arm-none-eabi/lib/armv6-m/libcr_c.a(_writebuf.o)
                0x0000000000000b9c                _Cwritebuf
 .text.malloc   0x0000000000000c08       0xbc /Applications/lpcxpresso_5.1.2_2065/lpcxpresso/tools/bin/../lib/gcc/arm-none-eabi/4.6.2/../../../../arm-none-eabi/lib/armv6-m/libcr_c.a(alloc.o)
                0x0000000000000c08                malloc
 .text.free     0x0000000000000cc4        0xa /Applications/lpcxpresso_5.1.2_2065/lpcxpresso/tools/bin/../lib/gcc/arm-none-eabi/4.6.2/../../../../arm-none-eabi/lib/armv6-m/libcr_c.a(alloc.o)
                0x0000000000000cc4                free
 *fill*         0x0000000000000cce        0x2 00
 .text._Csys_alloc
                0x0000000000000cd0       0x20 /Applications/lpcxpresso_5.1.2_2065/lpcxpresso/tools/bin/../lib/gcc/arm-none-eabi/4.6.2/../../../../arm-none-eabi/lib/armv6-m/libcr_c.a(alloc.o)
                0x0000000000000cd0                _Csys_alloc
 .text.fflush   0x0000000000000cf0       0x38 /Applications/lpcxpresso_5.1.2_2065/lpcxpresso/tools/bin/../lib/gcc/arm-none-eabi/4.6.2/../../../../arm-none-eabi/lib/armv6-m/libcr_c.a(fflush.o)
                0x0000000000000cf0                fflush
 .text.lose_trailing_zeros
                0x0000000000000d28       0x22 /Applications/lpcxpresso_5.1.2_2065/lpcxpresso/tools/bin/../lib/gcc/arm-none-eabi/4.6.2/../../../../arm-none-eabi/lib/armv6-m/libcr_c.a(fpprintf.o)
 .text.fp_round
                0x0000000000000d4a       0x4c /Applications/lpcxpresso_5.1.2_2065/lpcxpresso/tools/bin/../lib/gcc/arm-none-eabi/4.6.2/../../../../arm-none-eabi/lib/armv6-m/libcr_c.a(fpprintf.o)
 .text.pr_dec.constprop.1
                0x0000000000000d96       0x2a /Applications/lpcxpresso_5.1.2_2065/lpcxpresso/tools/bin/../lib/gcc/arm-none-eabi/4.6.2/../../../../arm-none-eabi/lib/armv6-m/libcr_c.a(fpprintf.o)
 .text.sprintf  0x0000000000000dc0       0x78 /Applications/lpcxpresso_5.1.2_2065/lpcxpresso/tools/bin/../lib/gcc/arm-none-eabi/4.6.2/../../../../arm-none-eabi/lib/armv6-m/libcr_c.a(fpprintf.o)
                0x0000000000000dc0                sprintf
 .text.fp_display
                0x0000000000000e38      0x978 /Applications/lpcxpresso_5.1.2_2065/lpcxpresso/tools/bin/../lib/gcc/arm-none-eabi/4.6.2/../../../../arm-none-eabi/lib/armv6-m/libcr_c.a(fpprintf.o)
 .text.vsnprintf
                0x00000000000017b0       0x5c /Applications/lpcxpresso_5.1.2_2065/lpcxpresso/tools/bin/../lib/gcc/arm-none-eabi/4.6.2/../../../../arm-none-eabi/lib/armv6-m/libcr_c.a(fpprintf.o)
                0x00000000000017b0                vsnprintf
 .text.printf   0x000000000000180c       0x50 /Applications/lpcxpresso_5.1.2_2065/lpcxpresso/tools/bin/../lib/gcc/arm-none-eabi/4.6.2/../../../../arm-none-eabi/lib/armv6-m/libcr_c.a(fpprintf.o)
                0x000000000000180c                printf
 .text.fputs    0x000000000000185c       0x3e /Applications/lpcxpresso_5.1.2_2065/lpcxpresso/tools/bin/../lib/gcc/arm-none-eabi/4.6.2/../../../../arm-none-eabi/lib/armv6-m/libcr_c.a(fputs.o)
                0x000000000000185c                fputs
 *fill*         0x000000000000189a        0x2 00
 .text.fseek    0x000000000000189c       0xf0 /Applications/lpcxpresso_5.1.2_2065/lpcxpresso/tools/bin/../lib/gcc/arm-none-eabi/4.6.2/../../../../arm-none-eabi/lib/armv6-m/libcr_c.a(fseek.o)
                0x000000000000189c                fseek
 .text.ftell    0x000000000000198c       0x4c /Applications/lpcxpresso_5.1.2_2065/lpcxpresso/tools/bin/../lib/gcc/arm-none-eabi/4.6.2/../../../../arm-none-eabi/lib/armv6-m/libcr_c.a(ftell.o)
                0x000000000000198c                ftell
 .text._initio  0x00000000000019d8       0xa0 /Applications/lpcxpresso_5.1.2_2065/lpcxpresso/tools/bin/../lib/gcc/arm-none-eabi/4.6.2/../../../../arm-none-eabi/lib/armv6-m/libcr_c.a(initio.o)
                0x00000000000019d8                _initio
 .text.__vfprintf
                0x0000000000001a78      0xe18 /Applications/lpcxpresso_5.1.2_2065/lpcxpresso/tools/bin/../lib/gcc/arm-none-eabi/4.6.2/../../../../arm-none-eabi/lib/armv6-m/libcr_c.a(printf.o)
                0x0000000000001a78                __vfprintf
 .text.setvbuf  0x0000000000002890       0x48 /Applications/lpcxpresso_5.1.2_2065/lpcxpresso/tools/bin/../lib/gcc/arm-none-eabi/4.6.2/../../../../arm-none-eabi/lib/armv6-m/libcr_c.a(setvbuf.o)
                0x0000000000002890                setvbuf
 .text.strlen   0x00000000000028d8       0x58 /Applications/lpcxpresso_5.1.2_2065/lpcxpresso/tools/bin/../lib/gcc/arm-none-eabi/4.6.2/../../../../arm-none-eabi/lib/armv6-m/libcr_c.a(strlen.o)
                0x00000000000028d8                strlen
 .text.memset   0x0000000000002930        0x8 /Applications/lpcxpresso_5.1.2_2065/lpcxpresso/tools/bin/../lib/gcc/arm-none-eabi/4.6.2/../../../../arm-none-eabi/lib/armv6-m/libcr_c.a(memset.o)
                0x0000000000002930                memset
 .text._do_fflush
                0x0000000000002938       0x48 /Applications/lpcxpresso_5.1.2_2065/lpcxpresso/tools/bin/../lib/gcc/arm-none-eabi/4.6.2/../../../../arm-none-eabi/lib/armv6-m/libcr_c.a(_do_fflush.o)
                0x0000000000002938                _do_fflush
 .text._fdopen  0x0000000000002980       0x78 /Applications/lpcxpresso_5.1.2_2065/lpcxpresso/tools/bin/../lib/gcc/arm-none-eabi/4.6.2/../../../../arm-none-eabi/lib/armv6-m/libcr_c.a(_fdopen.o)
                0x0000000000002980                _fdopen
 .text._frexpl  0x00000000000029f8       0x88 /Applications/lpcxpresso_5.1.2_2065/lpcxpresso/tools/bin/../lib/gcc/arm-none-eabi/4.6.2/../../../../arm-none-eabi/lib/armv6-m/libcr_c.a(_frexpl.o)
                0x00000000000029f8                _frexpl
 .text._ldexpl  0x0000000000002a80       0x68 /Applications/lpcxpresso_5.1.2_2065/lpcxpresso/tools/bin/../lib/gcc/arm-none-eabi/4.6.2/../../../../arm-none-eabi/lib/armv6-m/libcr_c.a(_ldexpl.o)
                0x0000000000002a80                _ldexpl
 .text.fclose   0x0000000000002ae8       0x70 /Applications/lpcxpresso_5.1.2_2065/lpcxpresso/tools/bin/../lib/gcc/arm-none-eabi/4.6.2/../../../../arm-none-eabi/lib/armv6-m/libcr_c.a(fclose.o)
                0x0000000000002ae8                fclose
 .text.remove   0x0000000000002b58       0x12 /Applications/lpcxpresso_5.1.2_2065/lpcxpresso/tools/bin/../lib/gcc/arm-none-eabi/4.6.2/../../../../arm-none-eabi/lib/armv6-m/libcr_c.a(remove.o)
                0x0000000000002b58                remove
 .text.__aeabi_division_idivmod
                0x0000000000002b6a        0x6 /Applications/lpcxpresso_5.1.2_2065/lpcxpresso/tools/bin/../lib/gcc/arm-none-eabi/4.6.2/armv6-m/libcr_eabihelpers.a(division.o)
                0x0000000000002b6a                __aeabi_idiv
                0x0000000000002b6a                __aeabi_idivmod
 .text.__aeabi_division_uidivmod
                0x0000000000002b70       0x72 /Applications/lpcxpresso_5.1.2_2065/lpcxpresso/tools/bin/../lib/gcc/arm-none-eabi/4.6.2/armv6-m/libcr_eabihelpers.a(division.o)
                0x0000000000002b70                __aeabi_uidiv
                0x0000000000002b70                __aeabi_uidivmod
 .text.__aeabi_division_idiv0
                0x0000000000002be2        0x2 /Applications/lpcxpresso_5.1.2_2065/lpcxpresso/tools/bin/../lib/gcc/arm-none-eabi/4.6.2/armv6-m/libcr_eabihelpers.a(division.o)
                0x0000000000002be2                __aeabi_idiv0
 *fill*         0x0000000000002be4        0x4 00
 .text.__aeabi_dmul
                0x0000000000002be8      0x180 /Applications/lpcxpresso_5.1.2_2065/lpcxpresso/tools/bin/../lib/gcc/arm-none-eabi/4.6.2/armv6-m/libcr_eabihelpers.a(double.o)
                0x0000000000002be8                __aeabi_dmul
 .text.__aeabi_ddiv
                0x0000000000002d68      0x178 /Applications/lpcxpresso_5.1.2_2065/lpcxpresso/tools/bin/../lib/gcc/arm-none-eabi/4.6.2/armv6-m/libcr_eabihelpers.a(double.o)
                0x0000000000002d68                __aeabi_ddiv
 .text.__aeabi_dsub
                0x0000000000002ee0      0x1d8 /Applications/lpcxpresso_5.1.2_2065/lpcxpresso/tools/bin/../lib/gcc/arm-none-eabi/4.6.2/armv6-m/libcr_eabihelpers.a(double.o)
                0x0000000000002ee0                __aeabi_dsub
 .text.__aeabi_dadd
                0x00000000000030b8      0x140 /Applications/lpcxpresso_5.1.2_2065/lpcxpresso/tools/bin/../lib/gcc/arm-none-eabi/4.6.2/armv6-m/libcr_eabihelpers.a(double.o)
                0x00000000000030b8                __aeabi_dadd
 .text.__aeabi_d2iz
                0x00000000000031f8       0x4c /Applications/lpcxpresso_5.1.2_2065/lpcxpresso/tools/bin/../lib/gcc/arm-none-eabi/4.6.2/armv6-m/libcr_eabihelpers.a(double.o)
                0x00000000000031f8                __aeabi_d2iz
 .text.__bhs_ui2d
                0x0000000000003244       0x5e /Applications/lpcxpresso_5.1.2_2065/lpcxpresso/tools/bin/../lib/gcc/arm-none-eabi/4.6.2/armv6-m/libcr_eabihelpers.a(double.o)
                0x0000000000003244                __bhs_ui2d
 .text.__aeabi_i2d
                0x00000000000032a2       0x16 /Applications/lpcxpresso_5.1.2_2065/lpcxpresso/tools/bin/../lib/gcc/arm-none-eabi/4.6.2/armv6-m/libcr_eabihelpers.a(double.o)
                0x00000000000032a2                __aeabi_i2d
 .text.__aeabi_dcmpeq
                0x00000000000032b8       0x40 /Applications/lpcxpresso_5.1.2_2065/lpcxpresso/tools/bin/../lib/gcc/arm-none-eabi/4.6.2/armv6-m/libcr_eabihelpers.a(double.o)
                0x00000000000032b8                __aeabi_dcmpeq
 .text.__aeabi_dcmplt
                0x00000000000032f8       0x64 /Applications/lpcxpresso_5.1.2_2065/lpcxpresso/tools/bin/../lib/gcc/arm-none-eabi/4.6.2/armv6-m/libcr_eabihelpers.a(double.o)
                0x00000000000032f8                __aeabi_dcmplt
 .text.__aeabi_dcmple
                0x000000000000335c       0x64 /Applications/lpcxpresso_5.1.2_2065/lpcxpresso/tools/bin/../lib/gcc/arm-none-eabi/4.6.2/armv6-m/libcr_eabihelpers.a(double.o)
                0x000000000000335c                __aeabi_dcmple
 .text.__aeabi_dcmpge
                0x00000000000033c0       0x64 /Applications/lpcxpresso_5.1.2_2065/lpcxpresso/tools/bin/../lib/gcc/arm-none-eabi/4.6.2/armv6-m/libcr_eabihelpers.a(double.o)
                0x00000000000033c0                __aeabi_dcmpge
 .text.__aeabi_llong_lmul
                0x0000000000003424       0x2e /Applications/lpcxpresso_5.1.2_2065/lpcxpresso/tools/bin/../lib/gcc/arm-none-eabi/4.6.2/armv6-m/libcr_eabihelpers.a(llong.o)
                0x0000000000003424                __aeabi_lmul
 .text.__aeabi_memset_lowlevel
                0x0000000000003452       0x2a /Applications/lpcxpresso_5.1.2_2065/lpcxpresso/tools/bin/../lib/gcc/arm-none-eabi/4.6.2/armv6-m/libcr_eabihelpers.a(memcpy.o)
                0x0000000000003452                __aeabi_lowlevel_memset
 .text.__sys_appexit
                0x000000000000347c        0xc /Applications/lpcxpresso_5.1.2_2065/lpcxpresso/tools/bin/../lib/gcc/arm-none-eabi/4.6.2/../../../../arm-none-eabi/lib/armv6-m/libcr_semihost.a(__sys_appexit.o)
                0x000000000000347c                __exit
                0x000000000000347c                __sys_appexit
 .text.__sys_close
                0x0000000000003488        0xc /Applications/lpcxpresso_5.1.2_2065/lpcxpresso/tools/bin/../lib/gcc/arm-none-eabi/4.6.2/../../../../arm-none-eabi/lib/armv6-m/libcr_semihost.a(__sys_close.o)
                0x0000000000003488                __sys_close
 .text.__sys_flen
                0x0000000000003494        0xc /Applications/lpcxpresso_5.1.2_2065/lpcxpresso/tools/bin/../lib/gcc/arm-none-eabi/4.6.2/../../../../arm-none-eabi/lib/armv6-m/libcr_semihost.a(__sys_flen.o)
                0x0000000000003494                __sys_flen
 .text.__sys_istty
                0x00000000000034a0        0xc /Applications/lpcxpresso_5.1.2_2065/lpcxpresso/tools/bin/../lib/gcc/arm-none-eabi/4.6.2/../../../../arm-none-eabi/lib/armv6-m/libcr_semihost.a(__sys_istty.o)
                0x00000000000034a0                __sys_istty
 .text.__sys_remove
                0x00000000000034ac        0xc /Applications/lpcxpresso_5.1.2_2065/lpcxpresso/tools/bin/../lib/gcc/arm-none-eabi/4.6.2/../../../../arm-none-eabi/lib/armv6-m/libcr_semihost.a(__sys_remove.o)
                0x00000000000034ac                __sys_remove
 .text.__sys_seek
                0x00000000000034b8        0xc /Applications/lpcxpresso_5.1.2_2065/lpcxpresso/tools/bin/../lib/gcc/arm-none-eabi/4.6.2/../../../../arm-none-eabi/lib/armv6-m/libcr_semihost.a(__sys_seek.o)
                0x00000000000034b8                __sys_seek
 .text.__sys_tmpnam
                0x00000000000034c4        0xc /Applications/lpcxpresso_5.1.2_2065/lpcxpresso/tools/bin/../lib/gcc/arm-none-eabi/4.6.2/../../../../arm-none-eabi/lib/armv6-m/libcr_semihost.a(__sys_tmpnam.o)
                0x00000000000034c4                __sys_tmpnam
 .text.__sys_write
                0x00000000000034d0        0xc /Applications/lpcxpresso_5.1.2_2065/lpcxpresso/tools/bin/../lib/gcc/arm-none-eabi/4.6.2/../../../../arm-none-eabi/lib/armv6-m/libcr_semihost.a(__sys_write.o)
                0x00000000000034d0                __write
                0x00000000000034d0                __sys_write
 .text._sbrk    0x00000000000034dc       0x40 /Applications/lpcxpresso_5.1.2_2065/lpcxpresso/tools/bin/../lib/gcc/arm-none-eabi/4.6.2/../../../../arm-none-eabi/lib/armv6-m/libcr_semihost.a(_cr_sbrk.o)
                0x00000000000034dc                _sbrk
 .text.__check_heap_overflow
                0x000000000000351c       0x2c /Applications/lpcxpresso_5.1.2_2065/lpcxpresso/tools/bin/../lib/gcc/arm-none-eabi/4.6.2/../../../../arm-none-eabi/lib/armv6-m/libcr_semihost.a(_cr_check_heap.o)
                0x000000000000351c                __check_heap_overflow
 *(.rodata .rodata.*)
 .rodata        0x0000000000003548      0x13c ./src/i2c_main.o
 .rodata.I2C_IRQHandler
                0x0000000000003684      0x144 ./driver/i2c.o
 .rodata.CSWTCH.7
                0x00000000000037c8       0x40 ./cmsis/system_LPC11xx.o
 .rodata.str1.1
                0x0000000000003808       0x15 /Applications/lpcxpresso_5.1.2_2065/lpcxpresso/tools/bin/../lib/gcc/arm-none-eabi/4.6.2/../../../../arm-none-eabi/lib/armv6-m/libcr_c.a(_cr_assert.o)
 .rodata.str1.1
                0x000000000000381d       0x18 /Applications/lpcxpresso_5.1.2_2065/lpcxpresso/tools/bin/../lib/gcc/arm-none-eabi/4.6.2/../../../../arm-none-eabi/lib/armv6-m/libcr_c.a(alloc.o)
 .rodata.str1.1
                0x0000000000003835       0x32 /Applications/lpcxpresso_5.1.2_2065/lpcxpresso/tools/bin/../lib/gcc/arm-none-eabi/4.6.2/../../../../arm-none-eabi/lib/armv6-m/libcr_c.a(fpprintf.o)
                                         0x35 (size before relaxing)
 .rodata.str1.1
                0x0000000000003867        0x4 /Applications/lpcxpresso_5.1.2_2065/lpcxpresso/tools/bin/../lib/gcc/arm-none-eabi/4.6.2/../../../../arm-none-eabi/lib/armv6-m/libcr_c.a(initio.o)
 .rodata.str1.1
                0x000000000000386b       0x31 /Applications/lpcxpresso_5.1.2_2065/lpcxpresso/tools/bin/../lib/gcc/arm-none-eabi/4.6.2/../../../../arm-none-eabi/lib/armv6-m/libcr_c.a(printf.o)
                                         0x38 (size before relaxing)
 *fill*         0x000000000000389c        0x4 00
 .rodata.__huge_vall
                0x00000000000038a0        0x8 /Applications/lpcxpresso_5.1.2_2065/lpcxpresso/tools/bin/../lib/gcc/arm-none-eabi/4.6.2/../../../../arm-none-eabi/lib/armv6-m/libcr_c.a(_hugeval.o)
                0x00000000000038a0                __huge_vall
                0x00000000000038a8                . = ALIGN (0x4)

.glue_7         0x00000000000038a8        0x0
 .glue_7        0x0000000000000000        0x0 linker stubs

.glue_7t        0x00000000000038a8        0x0
 .glue_7t       0x0000000000000000        0x0 linker stubs

.vfp11_veneer   0x00000000000038a8        0x0
 .vfp11_veneer  0x0000000000000000        0x0 linker stubs

.v4_bx          0x00000000000038a8        0x0
 .v4_bx         0x0000000000000000        0x0 linker stubs

.ARM.extab
 *(.ARM.extab* .gnu.linkonce.armextab.*)
                0x00000000000038a8                __exidx_start = .

.ARM.exidx
 *(.ARM.exidx* .gnu.linkonce.armexidx.*)
                0x00000000000038a8                __exidx_end = .
                0x00000000000038a8                _etext = .

.uninit_RESERVED
                0x0000000010000000        0x0
 *(.bss.$RESERVED*)
                0x0000000010000000                . = ALIGN (0x4)
                0x0000000010000000                _end_uninit_RESERVED = .

.data           0x0000000010000000        0x4 load address 0x00000000000038a8
 FILL mask 0xff
                0x0000000010000000                _data = .
 *(vtable)
 *(.data*)
 .data.SystemCoreClock
                0x0000000010000000        0x4 ./cmsis/system_LPC11xx.o
                0x0000000010000000                SystemCoreClock
                0x0000000010000004                . = ALIGN (0x4)
                0x0000000010000004                _edata = .

.bss            0x0000000010000004      0x230 load address 0x00000000000038ac
                0x0000000010000004                _bss = .
 *(.bss*)
 .bss.I2CMasterState
                0x0000000010000004        0x4 ./driver/i2c.o
                0x0000000010000004                I2CMasterState
 .bss.timeout   0x0000000010000008        0x4 ./driver/i2c.o
                0x0000000010000008                timeout
 .bss.RdIndex   0x000000001000000c        0x4 ./driver/i2c.o
                0x000000001000000c                RdIndex
 .bss.WrIndex   0x0000000010000010        0x4 ./driver/i2c.o
                0x0000000010000010                WrIndex
 .bss.errno     0x0000000010000014        0x4 /Applications/lpcxpresso_5.1.2_2065/lpcxpresso/tools/bin/../lib/gcc/arm-none-eabi/4.6.2/../../../../arm-none-eabi/lib/armv6-m/libcr_c.a(errno.o)
                0x0000000010000014                errno
 *(COMMON)
 COMMON         0x0000000010000018       0x44 ./src/i2c_main.o
                0x0000000010000018                msg
                0x0000000010000058                msg_count
 COMMON         0x000000001000005c       0x8c ./driver/i2c.o
                0x000000001000005c                I2CReadLength
                0x0000000010000060                I2CSlaveBuffer
                0x00000000100000a0                I2CMode
                0x00000000100000a4                I2CMasterBuffer
                0x00000000100000e4                I2CWriteLength
 COMMON         0x00000000100000e8        0x4 /Applications/lpcxpresso_5.1.2_2065/lpcxpresso/tools/bin/../lib/gcc/arm-none-eabi/4.6.2/../../../../arm-none-eabi/lib/armv6-m/libcr_c.a(initio.o)
                0x00000000100000e8                _extra
 COMMON         0x00000000100000ec      0x140 /Applications/lpcxpresso_5.1.2_2065/lpcxpresso/tools/bin/../lib/gcc/arm-none-eabi/4.6.2/../../../../arm-none-eabi/lib/armv6-m/libcr_c.a(stdio.o)
                0x00000000100000ec                __Ciob
 COMMON         0x000000001000022c        0x8 /Applications/lpcxpresso_5.1.2_2065/lpcxpresso/tools/bin/../lib/gcc/arm-none-eabi/4.6.2/../../../../arm-none-eabi/lib/armv6-m/libcr_c.a(__init_alloc.o)
                0x000000001000022c                __heaps
                0x0000000010000230                __end_of_heap
                0x0000000010000234                . = ALIGN (0x4)
                0x0000000010000234                _ebss = .
                0x0000000010000234                PROVIDE (end, .)

.noinit         0x0000000010000234        0x0 load address 0x00000000000038ac
                0x0000000010000234                _noinit = .
 *(.noinit*)
                0x0000000010000234                . = ALIGN (0x4)
                0x0000000010000234                _end_noinit = .
                0x0000000010000234                PROVIDE (_pvHeapStart, .)
                0x0000000010002000                PROVIDE (_vStackTop, (__top_RamLoc8 - 0x0))
OUTPUT(i2c.axf elf32-littlearm)

.debug_info     0x0000000000000000     0x1cad
 .debug_info    0x0000000000000000      0x1ec ./startup/cr_startup_lpc11.o
 .debug_info    0x00000000000001ec      0x454 ./src/i2c_main.o
 .debug_info    0x0000000000000640       0x29 ./src/shared.o
 .debug_info    0x0000000000000669       0x70 ./driver/can.o
 .debug_info    0x00000000000006d9       0x92 ./driver/crp.o
 .debug_info    0x000000000000076b       0x70 ./driver/gpio.o
 .debug_info    0x00000000000007db      0xc9c ./driver/i2c.o
 .debug_info    0x0000000000001477      0x2ae ./cmsis/core_cm0.o
 .debug_info    0x0000000000001725      0x588 ./cmsis/system_LPC11xx.o

.debug_abbrev   0x0000000000000000      0x6f5
 .debug_abbrev  0x0000000000000000       0xb4 ./startup/cr_startup_lpc11.o
 .debug_abbrev  0x00000000000000b4      0x1f1 ./src/i2c_main.o
 .debug_abbrev  0x00000000000002a5       0x16 ./src/shared.o
 .debug_abbrev  0x00000000000002bb       0x2c ./driver/can.o
 .debug_abbrev  0x00000000000002e7       0x51 ./driver/crp.o
 .debug_abbrev  0x0000000000000338       0x2c ./driver/gpio.o
 .debug_abbrev  0x0000000000000364      0x1a5 ./driver/i2c.o
 .debug_abbrev  0x0000000000000509       0xaf ./cmsis/core_cm0.o
 .debug_abbrev  0x00000000000005b8      0x13d ./cmsis/system_LPC11xx.o

.debug_loc      0x0000000000000000      0x59e
 .debug_loc     0x0000000000000000      0x140 ./startup/cr_startup_lpc11.o
 .debug_loc     0x0000000000000140      0x17c ./src/i2c_main.o
 .debug_loc     0x00000000000002bc      0x138 ./driver/i2c.o
 .debug_loc     0x00000000000003f4      0x112 ./cmsis/core_cm0.o
 .debug_loc     0x0000000000000506       0x98 ./cmsis/system_LPC11xx.o

.debug_aranges  0x0000000000000000      0x180
 .debug_aranges
                0x0000000000000000       0x50 ./startup/cr_startup_lpc11.o
 .debug_aranges
                0x0000000000000050       0x50 ./src/i2c_main.o
 .debug_aranges
                0x00000000000000a0       0x48 ./driver/i2c.o
 .debug_aranges
                0x00000000000000e8       0x70 ./cmsis/core_cm0.o
 .debug_aranges
                0x0000000000000158       0x28 ./cmsis/system_LPC11xx.o

.debug_ranges   0x0000000000000000      0x130
 .debug_ranges  0x0000000000000000       0x40 ./startup/cr_startup_lpc11.o
 .debug_ranges  0x0000000000000040       0x40 ./src/i2c_main.o
 .debug_ranges  0x0000000000000080       0x38 ./driver/i2c.o
 .debug_ranges  0x00000000000000b8       0x60 ./cmsis/core_cm0.o
 .debug_ranges  0x0000000000000118       0x18 ./cmsis/system_LPC11xx.o

.debug_line     0x0000000000000000     0x1fbc
 .debug_line    0x0000000000000000      0x3fd ./startup/cr_startup_lpc11.o
 .debug_line    0x00000000000003fd      0x4dc ./src/i2c_main.o
 .debug_line    0x00000000000008d9       0x3c ./src/shared.o
 .debug_line    0x0000000000000915      0x373 ./driver/can.o
 .debug_line    0x0000000000000c88      0x37c ./driver/crp.o
 .debug_line    0x0000000000001004      0x374 ./driver/gpio.o
 .debug_line    0x0000000000001378      0x465 ./driver/i2c.o
 .debug_line    0x00000000000017dd      0x3f0 ./cmsis/core_cm0.o
 .debug_line    0x0000000000001bcd      0x3ef ./cmsis/system_LPC11xx.o

.debug_macinfo  0x0000000000000000    0x2ddd8
 .debug_macinfo
                0x0000000000000000     0x3e81 ./startup/cr_startup_lpc11.o
 .debug_macinfo
                0x0000000000003e81     0x6700 ./src/i2c_main.o
 .debug_macinfo
                0x000000000000a581     0x226b ./src/shared.o
 .debug_macinfo
                0x000000000000c7ec     0x5d8d ./driver/can.o
 .debug_macinfo
                0x0000000000012579     0x5eda ./driver/crp.o
 .debug_macinfo
                0x0000000000018453     0x5d8d ./driver/gpio.o
 .debug_macinfo
                0x000000000001e1e0     0x60bb ./driver/i2c.o
 .debug_macinfo
                0x000000000002429b     0x3c50 ./cmsis/core_cm0.o
 .debug_macinfo
                0x0000000000027eeb     0x5eed ./cmsis/system_LPC11xx.o

.debug_str      0x0000000000000000      0xbdc
 .debug_str     0x0000000000000000      0x1b2 ./startup/cr_startup_lpc11.o
                                        0x1e6 (size before relaxing)
 .debug_str     0x00000000000001b2      0x1a5 ./src/i2c_main.o
                                        0x2d5 (size before relaxing)
 .debug_str     0x0000000000000357       0x10 ./src/shared.o
                                         0xab (size before relaxing)
 .debug_str     0x0000000000000367       0x10 ./driver/can.o
                                        0x124 (size before relaxing)
 .debug_str     0x0000000000000377       0x19 ./driver/crp.o
                                        0x136 (size before relaxing)
 .debug_str     0x0000000000000390       0x11 ./driver/gpio.o
                                        0x125 (size before relaxing)
 .debug_str     0x00000000000003a1      0x721 ./driver/i2c.o
                                        0x89b (size before relaxing)
 .debug_str     0x0000000000000ac2       0xc1 ./cmsis/core_cm0.o
                                        0x1fb (size before relaxing)
 .debug_str     0x0000000000000b83       0x59 ./cmsis/system_LPC11xx.o
                                        0x422 (size before relaxing)

.comment        0x0000000000000000       0xe0
 .comment       0x0000000000000000       0x70 ./startup/cr_startup_lpc11.o
                                         0x71 (size before relaxing)
 .comment       0x0000000000000000       0x71 ./src/i2c_main.o
 .comment       0x0000000000000000       0x71 ./src/shared.o
 .comment       0x0000000000000000       0x71 ./driver/can.o
 .comment       0x0000000000000000       0x71 ./driver/crp.o
 .comment       0x0000000000000000       0x71 ./driver/gpio.o
 .comment       0x0000000000000000       0x71 ./driver/i2c.o
 .comment       0x0000000000000000       0x71 ./cmsis/core_cm0.o
 .comment       0x0000000000000000       0x71 ./cmsis/system_LPC11xx.o
 .comment       0x0000000000000070       0x70 /Applications/lpcxpresso_5.1.2_2065/lpcxpresso/tools/bin/../lib/gcc/arm-none-eabi/4.6.2/../../../../arm-none-eabi/lib/armv6-m/libcr_semihost.a(_cr__main.o)
                                         0x71 (size before relaxing)
 .comment       0x0000000000000000       0x71 /Applications/lpcxpresso_5.1.2_2065/lpcxpresso/tools/bin/../lib/gcc/arm-none-eabi/4.6.2/../../../../arm-none-eabi/lib/armv6-m/libcr_c.a(_cr_assert.o)
 .comment       0x0000000000000000       0x71 /Applications/lpcxpresso_5.1.2_2065/lpcxpresso/tools/bin/../lib/gcc/arm-none-eabi/4.6.2/../../../../arm-none-eabi/lib/armv6-m/libcr_c.a(_deferredlazyseek.o)
 .comment       0x0000000000000000       0x71 /Applications/lpcxpresso_5.1.2_2065/lpcxpresso/tools/bin/../lib/gcc/arm-none-eabi/4.6.2/../../../../arm-none-eabi/lib/armv6-m/libcr_c.a(_fflush.o)
 .comment       0x0000000000000000       0x71 /Applications/lpcxpresso_5.1.2_2065/lpcxpresso/tools/bin/../lib/gcc/arm-none-eabi/4.6.2/../../../../arm-none-eabi/lib/armv6-m/libcr_c.a(_writebuf.o)
 .comment       0x0000000000000000       0x71 /Applications/lpcxpresso_5.1.2_2065/lpcxpresso/tools/bin/../lib/gcc/arm-none-eabi/4.6.2/../../../../arm-none-eabi/lib/armv6-m/libcr_c.a(alloc.o)
 .comment       0x0000000000000000       0x71 /Applications/lpcxpresso_5.1.2_2065/lpcxpresso/tools/bin/../lib/gcc/arm-none-eabi/4.6.2/../../../../arm-none-eabi/lib/armv6-m/libcr_c.a(fflush.o)
 .comment       0x0000000000000000       0x71 /Applications/lpcxpresso_5.1.2_2065/lpcxpresso/tools/bin/../lib/gcc/arm-none-eabi/4.6.2/../../../../arm-none-eabi/lib/armv6-m/libcr_c.a(fpprintf.o)
 .comment       0x0000000000000000       0x71 /Applications/lpcxpresso_5.1.2_2065/lpcxpresso/tools/bin/../lib/gcc/arm-none-eabi/4.6.2/../../../../arm-none-eabi/lib/armv6-m/libcr_c.a(fputs.o)
 .comment       0x0000000000000000       0x71 /Applications/lpcxpresso_5.1.2_2065/lpcxpresso/tools/bin/../lib/gcc/arm-none-eabi/4.6.2/../../../../arm-none-eabi/lib/armv6-m/libcr_c.a(fseek.o)
 .comment       0x0000000000000000       0x71 /Applications/lpcxpresso_5.1.2_2065/lpcxpresso/tools/bin/../lib/gcc/arm-none-eabi/4.6.2/../../../../arm-none-eabi/lib/armv6-m/libcr_c.a(ftell.o)
 .comment       0x0000000000000000       0x71 /Applications/lpcxpresso_5.1.2_2065/lpcxpresso/tools/bin/../lib/gcc/arm-none-eabi/4.6.2/../../../../arm-none-eabi/lib/armv6-m/libcr_c.a(initio.o)
 .comment       0x0000000000000000       0x71 /Applications/lpcxpresso_5.1.2_2065/lpcxpresso/tools/bin/../lib/gcc/arm-none-eabi/4.6.2/../../../../arm-none-eabi/lib/armv6-m/libcr_c.a(printf.o)
 .comment       0x0000000000000000       0x71 /Applications/lpcxpresso_5.1.2_2065/lpcxpresso/tools/bin/../lib/gcc/arm-none-eabi/4.6.2/../../../../arm-none-eabi/lib/armv6-m/libcr_c.a(setvbuf.o)
 .comment       0x0000000000000000       0x71 /Applications/lpcxpresso_5.1.2_2065/lpcxpresso/tools/bin/../lib/gcc/arm-none-eabi/4.6.2/../../../../arm-none-eabi/lib/armv6-m/libcr_c.a(stdio.o)
 .comment       0x0000000000000000       0x71 /Applications/lpcxpresso_5.1.2_2065/lpcxpresso/tools/bin/../lib/gcc/arm-none-eabi/4.6.2/../../../../arm-none-eabi/lib/armv6-m/libcr_c.a(strlen.o)
 .comment       0x0000000000000000       0x71 /Applications/lpcxpresso_5.1.2_2065/lpcxpresso/tools/bin/../lib/gcc/arm-none-eabi/4.6.2/../../../../arm-none-eabi/lib/armv6-m/libcr_c.a(memcpy.o)
 .comment       0x0000000000000000       0x71 /Applications/lpcxpresso_5.1.2_2065/lpcxpresso/tools/bin/../lib/gcc/arm-none-eabi/4.6.2/../../../../arm-none-eabi/lib/armv6-m/libcr_c.a(memset.o)
 .comment       0x0000000000000000       0x71 /Applications/lpcxpresso_5.1.2_2065/lpcxpresso/tools/bin/../lib/gcc/arm-none-eabi/4.6.2/../../../../arm-none-eabi/lib/armv6-m/libcr_c.a(__fillbuf.o)
 .comment       0x0000000000000000       0x71 /Applications/lpcxpresso_5.1.2_2065/lpcxpresso/tools/bin/../lib/gcc/arm-none-eabi/4.6.2/../../../../arm-none-eabi/lib/armv6-m/libcr_c.a(__init_alloc.o)
 .comment       0x0000000000000000       0x71 /Applications/lpcxpresso_5.1.2_2065/lpcxpresso/tools/bin/../lib/gcc/arm-none-eabi/4.6.2/../../../../arm-none-eabi/lib/armv6-m/libcr_c.a(_do_fflush.o)
 .comment       0x0000000000000000       0x71 /Applications/lpcxpresso_5.1.2_2065/lpcxpresso/tools/bin/../lib/gcc/arm-none-eabi/4.6.2/../../../../arm-none-eabi/lib/armv6-m/libcr_c.a(_fdopen.o)
 .comment       0x0000000000000000       0x71 /Applications/lpcxpresso_5.1.2_2065/lpcxpresso/tools/bin/../lib/gcc/arm-none-eabi/4.6.2/../../../../arm-none-eabi/lib/armv6-m/libcr_c.a(_frexpl.o)
 .comment       0x0000000000000000       0x71 /Applications/lpcxpresso_5.1.2_2065/lpcxpresso/tools/bin/../lib/gcc/arm-none-eabi/4.6.2/../../../../arm-none-eabi/lib/armv6-m/libcr_c.a(_ldexpl.o)
 .comment       0x0000000000000000       0x71 /Applications/lpcxpresso_5.1.2_2065/lpcxpresso/tools/bin/../lib/gcc/arm-none-eabi/4.6.2/../../../../arm-none-eabi/lib/armv6-m/libcr_c.a(errno.o)
 .comment       0x0000000000000000       0x71 /Applications/lpcxpresso_5.1.2_2065/lpcxpresso/tools/bin/../lib/gcc/arm-none-eabi/4.6.2/../../../../arm-none-eabi/lib/armv6-m/libcr_c.a(fclose.o)
 .comment       0x0000000000000000       0x71 /Applications/lpcxpresso_5.1.2_2065/lpcxpresso/tools/bin/../lib/gcc/arm-none-eabi/4.6.2/../../../../arm-none-eabi/lib/armv6-m/libcr_c.a(remove.o)
 .comment       0x0000000000000000       0x71 /Applications/lpcxpresso_5.1.2_2065/lpcxpresso/tools/bin/../lib/gcc/arm-none-eabi/4.6.2/../../../../arm-none-eabi/lib/armv6-m/libcr_c.a(_hugeval.o)
 .comment       0x0000000000000000       0x71 /Applications/lpcxpresso_5.1.2_2065/lpcxpresso/tools/bin/../lib/gcc/arm-none-eabi/4.6.2/armv6-m/libcr_eabihelpers.a(double.o)
 .comment       0x0000000000000000       0x71 /Applications/lpcxpresso_5.1.2_2065/lpcxpresso/tools/bin/../lib/gcc/arm-none-eabi/4.6.2/../../../../arm-none-eabi/lib/armv6-m/libcr_semihost.a(_cr_sbrk.o)
 .comment       0x0000000000000000       0x71 /Applications/lpcxpresso_5.1.2_2065/lpcxpresso/tools/bin/../lib/gcc/arm-none-eabi/4.6.2/../../../../arm-none-eabi/lib/armv6-m/libcr_semihost.a(_cr_check_heap.o)

.ARM.attributes
                0x0000000000000000       0x2f
 .ARM.attributes
                0x0000000000000000       0x31 ./startup/cr_startup_lpc11.o
 .ARM.attributes
                0x0000000000000031       0x31 ./src/i2c_main.o
 .ARM.attributes
                0x0000000000000062       0x31 ./src/shared.o
 .ARM.attributes
                0x0000000000000093       0x31 ./driver/can.o
 .ARM.attributes
                0x00000000000000c4       0x31 ./driver/crp.o
 .ARM.attributes
                0x00000000000000f5       0x31 ./driver/gpio.o
 .ARM.attributes
                0x0000000000000126       0x31 ./driver/i2c.o
 .ARM.attributes
                0x0000000000000157       0x31 ./cmsis/core_cm0.o
 .ARM.attributes
                0x0000000000000188       0x31 ./cmsis/system_LPC11xx.o
 .ARM.attributes
                0x00000000000001b9       0x31 /Applications/lpcxpresso_5.1.2_2065/lpcxpresso/tools/bin/../lib/gcc/arm-none-eabi/4.6.2/../../../../arm-none-eabi/lib/armv6-m/libcr_semihost.a(_cr__main.o)
 .ARM.attributes
                0x00000000000001ea       0x31 /Applications/lpcxpresso_5.1.2_2065/lpcxpresso/tools/bin/../lib/gcc/arm-none-eabi/4.6.2/../../../../arm-none-eabi/lib/armv6-m/libcr_c.a(_cr_assert.o)
 .ARM.attributes
                0x000000000000021b       0x31 /Applications/lpcxpresso_5.1.2_2065/lpcxpresso/tools/bin/../lib/gcc/arm-none-eabi/4.6.2/../../../../arm-none-eabi/lib/armv6-m/libcr_c.a(_deferredlazyseek.o)
 .ARM.attributes
                0x000000000000024c       0x31 /Applications/lpcxpresso_5.1.2_2065/lpcxpresso/tools/bin/../lib/gcc/arm-none-eabi/4.6.2/../../../../arm-none-eabi/lib/armv6-m/libcr_c.a(_fflush.o)
 .ARM.attributes
                0x000000000000027d       0x31 /Applications/lpcxpresso_5.1.2_2065/lpcxpresso/tools/bin/../lib/gcc/arm-none-eabi/4.6.2/../../../../arm-none-eabi/lib/armv6-m/libcr_c.a(_writebuf.o)
 .ARM.attributes
                0x00000000000002ae       0x31 /Applications/lpcxpresso_5.1.2_2065/lpcxpresso/tools/bin/../lib/gcc/arm-none-eabi/4.6.2/../../../../arm-none-eabi/lib/armv6-m/libcr_c.a(alloc.o)
 .ARM.attributes
                0x00000000000002df       0x31 /Applications/lpcxpresso_5.1.2_2065/lpcxpresso/tools/bin/../lib/gcc/arm-none-eabi/4.6.2/../../../../arm-none-eabi/lib/armv6-m/libcr_c.a(fflush.o)
 .ARM.attributes
                0x0000000000000310       0x31 /Applications/lpcxpresso_5.1.2_2065/lpcxpresso/tools/bin/../lib/gcc/arm-none-eabi/4.6.2/../../../../arm-none-eabi/lib/armv6-m/libcr_c.a(fpprintf.o)
 .ARM.attributes
                0x0000000000000341       0x31 /Applications/lpcxpresso_5.1.2_2065/lpcxpresso/tools/bin/../lib/gcc/arm-none-eabi/4.6.2/../../../../arm-none-eabi/lib/armv6-m/libcr_c.a(fputs.o)
 .ARM.attributes
                0x0000000000000372       0x31 /Applications/lpcxpresso_5.1.2_2065/lpcxpresso/tools/bin/../lib/gcc/arm-none-eabi/4.6.2/../../../../arm-none-eabi/lib/armv6-m/libcr_c.a(fseek.o)
 .ARM.attributes
                0x00000000000003a3       0x31 /Applications/lpcxpresso_5.1.2_2065/lpcxpresso/tools/bin/../lib/gcc/arm-none-eabi/4.6.2/../../../../arm-none-eabi/lib/armv6-m/libcr_c.a(ftell.o)
 .ARM.attributes
                0x00000000000003d4       0x31 /Applications/lpcxpresso_5.1.2_2065/lpcxpresso/tools/bin/../lib/gcc/arm-none-eabi/4.6.2/../../../../arm-none-eabi/lib/armv6-m/libcr_c.a(initio.o)
 .ARM.attributes
                0x0000000000000405       0x31 /Applications/lpcxpresso_5.1.2_2065/lpcxpresso/tools/bin/../lib/gcc/arm-none-eabi/4.6.2/../../../../arm-none-eabi/lib/armv6-m/libcr_c.a(printf.o)
 .ARM.attributes
                0x0000000000000436       0x31 /Applications/lpcxpresso_5.1.2_2065/lpcxpresso/tools/bin/../lib/gcc/arm-none-eabi/4.6.2/../../../../arm-none-eabi/lib/armv6-m/libcr_c.a(setvbuf.o)
 .ARM.attributes
                0x0000000000000467       0x31 /Applications/lpcxpresso_5.1.2_2065/lpcxpresso/tools/bin/../lib/gcc/arm-none-eabi/4.6.2/../../../../arm-none-eabi/lib/armv6-m/libcr_c.a(stdio.o)
 .ARM.attributes
                0x0000000000000498       0x31 /Applications/lpcxpresso_5.1.2_2065/lpcxpresso/tools/bin/../lib/gcc/arm-none-eabi/4.6.2/../../../../arm-none-eabi/lib/armv6-m/libcr_c.a(strlen.o)
 .ARM.attributes
                0x00000000000004c9       0x31 /Applications/lpcxpresso_5.1.2_2065/lpcxpresso/tools/bin/../lib/gcc/arm-none-eabi/4.6.2/../../../../arm-none-eabi/lib/armv6-m/libcr_c.a(memcpy.o)
 .ARM.attributes
                0x00000000000004fa       0x31 /Applications/lpcxpresso_5.1.2_2065/lpcxpresso/tools/bin/../lib/gcc/arm-none-eabi/4.6.2/../../../../arm-none-eabi/lib/armv6-m/libcr_c.a(memset.o)
 .ARM.attributes
                0x000000000000052b       0x31 /Applications/lpcxpresso_5.1.2_2065/lpcxpresso/tools/bin/../lib/gcc/arm-none-eabi/4.6.2/../../../../arm-none-eabi/lib/armv6-m/libcr_c.a(__fillbuf.o)
 .ARM.attributes
                0x000000000000055c       0x31 /Applications/lpcxpresso_5.1.2_2065/lpcxpresso/tools/bin/../lib/gcc/arm-none-eabi/4.6.2/../../../../arm-none-eabi/lib/armv6-m/libcr_c.a(__init_alloc.o)
 .ARM.attributes
                0x000000000000058d       0x31 /Applications/lpcxpresso_5.1.2_2065/lpcxpresso/tools/bin/../lib/gcc/arm-none-eabi/4.6.2/../../../../arm-none-eabi/lib/armv6-m/libcr_c.a(_do_fflush.o)
 .ARM.attributes
                0x00000000000005be       0x31 /Applications/lpcxpresso_5.1.2_2065/lpcxpresso/tools/bin/../lib/gcc/arm-none-eabi/4.6.2/../../../../arm-none-eabi/lib/armv6-m/libcr_c.a(_fdopen.o)
 .ARM.attributes
                0x00000000000005ef       0x31 /Applications/lpcxpresso_5.1.2_2065/lpcxpresso/tools/bin/../lib/gcc/arm-none-eabi/4.6.2/../../../../arm-none-eabi/lib/armv6-m/libcr_c.a(_frexpl.o)
 .ARM.attributes
                0x0000000000000620       0x31 /Applications/lpcxpresso_5.1.2_2065/lpcxpresso/tools/bin/../lib/gcc/arm-none-eabi/4.6.2/../../../../arm-none-eabi/lib/armv6-m/libcr_c.a(_ldexpl.o)
 .ARM.attributes
                0x0000000000000651       0x31 /Applications/lpcxpresso_5.1.2_2065/lpcxpresso/tools/bin/../lib/gcc/arm-none-eabi/4.6.2/../../../../arm-none-eabi/lib/armv6-m/libcr_c.a(errno.o)
 .ARM.attributes
                0x0000000000000682       0x31 /Applications/lpcxpresso_5.1.2_2065/lpcxpresso/tools/bin/../lib/gcc/arm-none-eabi/4.6.2/../../../../arm-none-eabi/lib/armv6-m/libcr_c.a(fclose.o)
 .ARM.attributes
                0x00000000000006b3       0x31 /Applications/lpcxpresso_5.1.2_2065/lpcxpresso/tools/bin/../lib/gcc/arm-none-eabi/4.6.2/../../../../arm-none-eabi/lib/armv6-m/libcr_c.a(remove.o)
 .ARM.attributes
                0x00000000000006e4       0x31 /Applications/lpcxpresso_5.1.2_2065/lpcxpresso/tools/bin/../lib/gcc/arm-none-eabi/4.6.2/../../../../arm-none-eabi/lib/armv6-m/libcr_c.a(_hugeval.o)
 .ARM.attributes
                0x0000000000000715       0x21 /Applications/lpcxpresso_5.1.2_2065/lpcxpresso/tools/bin/../lib/gcc/arm-none-eabi/4.6.2/armv6-m/libcr_eabihelpers.a(division.o)
 .ARM.attributes
                0x0000000000000736       0x31 /Applications/lpcxpresso_5.1.2_2065/lpcxpresso/tools/bin/../lib/gcc/arm-none-eabi/4.6.2/armv6-m/libcr_eabihelpers.a(double.o)
 .ARM.attributes
                0x0000000000000767       0x21 /Applications/lpcxpresso_5.1.2_2065/lpcxpresso/tools/bin/../lib/gcc/arm-none-eabi/4.6.2/armv6-m/libcr_eabihelpers.a(llong.o)
 .ARM.attributes
                0x0000000000000788       0x21 /Applications/lpcxpresso_5.1.2_2065/lpcxpresso/tools/bin/../lib/gcc/arm-none-eabi/4.6.2/armv6-m/libcr_eabihelpers.a(memcpy.o)
 .ARM.attributes
                0x00000000000007a9       0x21 /Applications/lpcxpresso_5.1.2_2065/lpcxpresso/tools/bin/../lib/gcc/arm-none-eabi/4.6.2/../../../../arm-none-eabi/lib/armv6-m/libcr_semihost.a(__sys_appexit.o)
 .ARM.attributes
                0x00000000000007ca       0x21 /Applications/lpcxpresso_5.1.2_2065/lpcxpresso/tools/bin/../lib/gcc/arm-none-eabi/4.6.2/../../../../arm-none-eabi/lib/armv6-m/libcr_semihost.a(__sys_close.o)
 .ARM.attributes
                0x00000000000007eb       0x21 /Applications/lpcxpresso_5.1.2_2065/lpcxpresso/tools/bin/../lib/gcc/arm-none-eabi/4.6.2/../../../../arm-none-eabi/lib/armv6-m/libcr_semihost.a(__sys_flen.o)
 .ARM.attributes
                0x000000000000080c       0x21 /Applications/lpcxpresso_5.1.2_2065/lpcxpresso/tools/bin/../lib/gcc/arm-none-eabi/4.6.2/../../../../arm-none-eabi/lib/armv6-m/libcr_semihost.a(__sys_istty.o)
 .ARM.attributes
                0x000000000000082d       0x21 /Applications/lpcxpresso_5.1.2_2065/lpcxpresso/tools/bin/../lib/gcc/arm-none-eabi/4.6.2/../../../../arm-none-eabi/lib/armv6-m/libcr_semihost.a(__sys_read.o)
 .ARM.attributes
                0x000000000000084e       0x21 /Applications/lpcxpresso_5.1.2_2065/lpcxpresso/tools/bin/../lib/gcc/arm-none-eabi/4.6.2/../../../../arm-none-eabi/lib/armv6-m/libcr_semihost.a(__sys_readc.o)
 .ARM.attributes
                0x000000000000086f       0x21 /Applications/lpcxpresso_5.1.2_2065/lpcxpresso/tools/bin/../lib/gcc/arm-none-eabi/4.6.2/../../../../arm-none-eabi/lib/armv6-m/libcr_semihost.a(__sys_remove.o)
 .ARM.attributes
                0x0000000000000890       0x21 /Applications/lpcxpresso_5.1.2_2065/lpcxpresso/tools/bin/../lib/gcc/arm-none-eabi/4.6.2/../../../../arm-none-eabi/lib/armv6-m/libcr_semihost.a(__sys_rename.o)
 .ARM.attributes
                0x00000000000008b1       0x21 /Applications/lpcxpresso_5.1.2_2065/lpcxpresso/tools/bin/../lib/gcc/arm-none-eabi/4.6.2/../../../../arm-none-eabi/lib/armv6-m/libcr_semihost.a(__sys_seek.o)
 .ARM.attributes
                0x00000000000008d2       0x21 /Applications/lpcxpresso_5.1.2_2065/lpcxpresso/tools/bin/../lib/gcc/arm-none-eabi/4.6.2/../../../../arm-none-eabi/lib/armv6-m/libcr_semihost.a(__sys_tmpnam.o)
 .ARM.attributes
                0x00000000000008f3       0x21 /Applications/lpcxpresso_5.1.2_2065/lpcxpresso/tools/bin/../lib/gcc/arm-none-eabi/4.6.2/../../../../arm-none-eabi/lib/armv6-m/libcr_semihost.a(__sys_write.o)
 .ARM.attributes
                0x0000000000000914       0x31 /Applications/lpcxpresso_5.1.2_2065/lpcxpresso/tools/bin/../lib/gcc/arm-none-eabi/4.6.2/../../../../arm-none-eabi/lib/armv6-m/libcr_semihost.a(_cr_sbrk.o)
 .ARM.attributes
                0x0000000000000945       0x31 /Applications/lpcxpresso_5.1.2_2065/lpcxpresso/tools/bin/../lib/gcc/arm-none-eabi/4.6.2/../../../../arm-none-eabi/lib/armv6-m/libcr_semihost.a(_cr_check_heap.o)

.debug_frame    0x0000000000000000      0x394
 .debug_frame   0x0000000000000000       0xd8 ./startup/cr_startup_lpc11.o
 .debug_frame   0x00000000000000d8       0xec ./src/i2c_main.o
 .debug_frame   0x00000000000001c4       0xc8 ./driver/i2c.o
 .debug_frame   0x000000000000028c       0xc0 ./cmsis/core_cm0.o
 .debug_frame   0x000000000000034c       0x48 ./cmsis/system_LPC11xx.o
