Archive member included because of file (symbol)

/Applications/lpcxpresso_5.1.2_2065/lpcxpresso/tools/bin/../lib/gcc/arm-none-eabi/4.6.2/../../../../arm-none-eabi/lib/armv6-m/libcr_semihost.a(_cr__main.o)
                              ./startup/cr_startup_lpc11.o (__main)
/Applications/lpcxpresso_5.1.2_2065/lpcxpresso/tools/bin/../lib/gcc/arm-none-eabi/4.6.2/../../../../arm-none-eabi/lib/armv6-m/libcr_c.a(_cr_assert.o)
                              ./src/i2c_main.o (__assertion_failed)
/Applications/lpcxpresso_5.1.2_2065/lpcxpresso/tools/bin/../lib/gcc/arm-none-eabi/4.6.2/../../../../arm-none-eabi/lib/armv6-m/libcr_c.a(_deferredlazyseek.o)
                              /Applications/lpcxpresso_5.1.2_2065/lpcxpresso/tools/bin/../lib/gcc/arm-none-eabi/4.6.2/../../../../arm-none-eabi/lib/armv6-m/libcr_c.a(_cr_assert.o) (__flsbuf)
/Applications/lpcxpresso_5.1.2_2065/lpcxpresso/tools/bin/../lib/gcc/arm-none-eabi/4.6.2/../../../../arm-none-eabi/lib/armv6-m/libcr_c.a(_fflush.o)
                              /Applications/lpcxpresso_5.1.2_2065/lpcxpresso/tools/bin/../lib/gcc/arm-none-eabi/4.6.2/../../../../arm-none-eabi/lib/armv6-m/libcr_c.a(_deferredlazyseek.o) (_fflush)
/Applications/lpcxpresso_5.1.2_2065/lpcxpresso/tools/bin/../lib/gcc/arm-none-eabi/4.6.2/../../../../arm-none-eabi/lib/armv6-m/libcr_c.a(_writebuf.o)
                              /Applications/lpcxpresso_5.1.2_2065/lpcxpresso/tools/bin/../lib/gcc/arm-none-eabi/4.6.2/../../../../arm-none-eabi/lib/armv6-m/libcr_c.a(_deferredlazyseek.o) (_Cwritebuf)
/Applications/lpcxpresso_5.1.2_2065/lpcxpresso/tools/bin/../lib/gcc/arm-none-eabi/4.6.2/../../../../arm-none-eabi/lib/armv6-m/libcr_c.a(alloc.o)
                              /Applications/lpcxpresso_5.1.2_2065/lpcxpresso/tools/bin/../lib/gcc/arm-none-eabi/4.6.2/../../../../arm-none-eabi/lib/armv6-m/libcr_c.a(_deferredlazyseek.o) (_Csys_alloc)
/Applications/lpcxpresso_5.1.2_2065/lpcxpresso/tools/bin/../lib/gcc/arm-none-eabi/4.6.2/../../../../arm-none-eabi/lib/armv6-m/libcr_c.a(fpprintf.o)
                              ./src/i2c_main.o (sprintf)
/Applications/lpcxpresso_5.1.2_2065/lpcxpresso/tools/bin/../lib/gcc/arm-none-eabi/4.6.2/../../../../arm-none-eabi/lib/armv6-m/libcr_c.a(fputs.o)
                              /Applications/lpcxpresso_5.1.2_2065/lpcxpresso/tools/bin/../lib/gcc/arm-none-eabi/4.6.2/../../../../arm-none-eabi/lib/armv6-m/libcr_c.a(_cr_assert.o) (fputs)
/Applications/lpcxpresso_5.1.2_2065/lpcxpresso/tools/bin/../lib/gcc/arm-none-eabi/4.6.2/../../../../arm-none-eabi/lib/armv6-m/libcr_c.a(fseek.o)
                              /Applications/lpcxpresso_5.1.2_2065/lpcxpresso/tools/bin/../lib/gcc/arm-none-eabi/4.6.2/../../../../arm-none-eabi/lib/armv6-m/libcr_c.a(_deferredlazyseek.o) (fseek)
/Applications/lpcxpresso_5.1.2_2065/lpcxpresso/tools/bin/../lib/gcc/arm-none-eabi/4.6.2/../../../../arm-none-eabi/lib/armv6-m/libcr_c.a(ftell.o)
                              /Applications/lpcxpresso_5.1.2_2065/lpcxpresso/tools/bin/../lib/gcc/arm-none-eabi/4.6.2/../../../../arm-none-eabi/lib/armv6-m/libcr_c.a(fseek.o) (ftell)
/Applications/lpcxpresso_5.1.2_2065/lpcxpresso/tools/bin/../lib/gcc/arm-none-eabi/4.6.2/../../../../arm-none-eabi/lib/armv6-m/libcr_c.a(initio.o)
                              /Applications/lpcxpresso_5.1.2_2065/lpcxpresso/tools/bin/../lib/gcc/arm-none-eabi/4.6.2/../../../../arm-none-eabi/lib/armv6-m/libcr_semihost.a(_cr__main.o) (_initio)
/Applications/lpcxpresso_5.1.2_2065/lpcxpresso/tools/bin/../lib/gcc/arm-none-eabi/4.6.2/../../../../arm-none-eabi/lib/armv6-m/libcr_c.a(printf.o)
                              /Applications/lpcxpresso_5.1.2_2065/lpcxpresso/tools/bin/../lib/gcc/arm-none-eabi/4.6.2/../../../../arm-none-eabi/lib/armv6-m/libcr_c.a(fpprintf.o) (__vfprintf)
/Applications/lpcxpresso_5.1.2_2065/lpcxpresso/tools/bin/../lib/gcc/arm-none-eabi/4.6.2/../../../../arm-none-eabi/lib/armv6-m/libcr_c.a(setvbuf.o)
                              /Applications/lpcxpresso_5.1.2_2065/lpcxpresso/tools/bin/../lib/gcc/arm-none-eabi/4.6.2/../../../../arm-none-eabi/lib/armv6-m/libcr_c.a(initio.o) (setvbuf)
/Applications/lpcxpresso_5.1.2_2065/lpcxpresso/tools/bin/../lib/gcc/arm-none-eabi/4.6.2/../../../../arm-none-eabi/lib/armv6-m/libcr_c.a(stdio.o)
                              /Applications/lpcxpresso_5.1.2_2065/lpcxpresso/tools/bin/../lib/gcc/arm-none-eabi/4.6.2/../../../../arm-none-eabi/lib/armv6-m/libcr_c.a(_cr_assert.o) (__Ciob)
/Applications/lpcxpresso_5.1.2_2065/lpcxpresso/tools/bin/../lib/gcc/arm-none-eabi/4.6.2/../../../../arm-none-eabi/lib/armv6-m/libcr_c.a(strcpy.o)
                              ./src/screen.o (strcpy)
/Applications/lpcxpresso_5.1.2_2065/lpcxpresso/tools/bin/../lib/gcc/arm-none-eabi/4.6.2/../../../../arm-none-eabi/lib/armv6-m/libcr_c.a(strlen.o)
                              ./src/screen.o (strlen)
/Applications/lpcxpresso_5.1.2_2065/lpcxpresso/tools/bin/../lib/gcc/arm-none-eabi/4.6.2/../../../../arm-none-eabi/lib/armv6-m/libcr_c.a(memcpy.o)
[...]
Memory Configuration

Name             Origin             Length             Attributes
MFlash32         0x0000000000000000 0x0000000000008000 xr
RamLoc8          0x0000000010000000 0x0000000000002000 xrw
*default*        0x0000000000000000 0xffffffffffffffff

Linker script and memory map

LOAD ./startup/cr_startup_lpc11.o
LOAD ./src/globals.o
LOAD ./src/headlines.o
LOAD ./src/i2c_main.o
LOAD ./src/screen.o
LOAD ./src/shared.o
LOAD ./src/snake.o
LOAD ./src/watch.o
LOAD ./src/weather.o
LOAD ./driver/can.o
LOAD ./driver/crp.o
LOAD ./driver/gpio.o
LOAD ./driver/i2c.o
LOAD ./cmsis/core_cm0.o
LOAD ./cmsis/system_LPC11xx.o
START GROUP
LOAD /Applications/lpcxpresso_5.1.2_2065/lpcxpresso/tools/bin/../lib/gcc/arm-none-eabi/4.6.2/../../../../arm-none-eabi/lib/armv6-m/libcr_semihost.a
LOAD /Applications/lpcxpresso_5.1.2_2065/lpcxpresso/tools/bin/../lib/gcc/arm-none-eabi/4.6.2/../../../../arm-none-eabi/lib/armv6-m/libcr_c.a
LOAD /Applications/lpcxpresso_5.1.2_2065/lpcxpresso/tools/bin/../lib/gcc/arm-none-eabi/4.6.2/armv6-m/libcr_eabihelpers.a
END GROUP
                0x0000000000008000                __top_MFlash32 = 0x8000
                0x0000000010002000                __top_RamLoc8 = 0x10002000

.text           0x0000000000000000     0x4590
 FILL mask 0xff
 *(.isr_vector)
 .isr_vector    0x0000000000000000       0xc0 ./startup/cr_startup_lpc11.o
                0x0000000000000000                g_pfnVectors
                0x00000000000000c0                . = ALIGN (0x4)
                0x00000000000000c0                __section_table_start = .
                0x00000000000000c0                __data_section_table = .
                0x00000000000000c0        0x4 LONG 0x4590 LOADADDR (.data)
                0x00000000000000c4        0x4 LONG 0x10000000 ADDR (.data)
                0x00000000000000c8        0x4 LONG 0x4 SIZEOF (.data)
                0x00000000000000cc                __data_section_table_end = .
                0x00000000000000cc                __bss_section_table = .
                0x00000000000000cc        0x4 LONG 0x10000008 ADDR (.bss)
                0x00000000000000d0        0x4 LONG 0x204 SIZEOF (.bss)
                0x00000000000000d4                __bss_section_table_end = .
                0x00000000000000d4                __section_table_end = .
 *(.after_vectors*)
 *(.text*)
 .text.ResetISR
                0x00000000000000d4       0x64 ./startup/cr_startup_lpc11.o
                0x00000000000000d4                ResetISR
 .text.NMI_Handler
                0x0000000000000138        0x8 ./startup/cr_startup_lpc11.o
                0x0000000000000138                NMI_Handler
 .text.HardFault_Handler
                0x0000000000000140        0x8 ./startup/cr_startup_lpc11.o
                0x0000000000000140                HardFault_Handler
 .text.SVCall_Handler
                0x0000000000000148        0x8 ./startup/cr_startup_lpc11.o
                0x0000000000000148                SVCall_Handler
 .text.PendSV_Handler
                0x0000000000000150        0x8 ./startup/cr_startup_lpc11.o
                0x0000000000000150                PendSV_Handler
 .text.SysTick_Handler
                0x0000000000000158        0x8 ./startup/cr_startup_lpc11.o
                0x0000000000000158                SysTick_Handler
 .text.IntDefaultHandler
                0x0000000000000160        0x8 ./startup/cr_startup_lpc11.o
                0x0000000000000160                WDT_IRQHandler
                0x0000000000000160                UART_IRQHandler
                0x0000000000000160                TIMER32_0_IRQHandler
                0x0000000000000160                TIMER32_1_IRQHandler
                0x0000000000000160                IntDefaultHandler
                0x0000000000000160                CAN_IRQHandler
                0x0000000000000160                SSP0_IRQHandler
                0x0000000000000160                TIMER16_1_IRQHandler
                0x0000000000000160                ADC_IRQHandler
                0x0000000000000160                SSP1_IRQHandler
                0x0000000000000160                PIOINT2_IRQHandler
                0x0000000000000160                BOD_IRQHandler
                0x0000000000000160                WAKEUP_IRQHandler
                0x0000000000000160                TIMER16_0_IRQHandler
 .text.main     0x0000000000000168       0x14 ./src/i2c_main.o
                0x0000000000000168                main
 .text.init_mwatch
                0x000000000000017c       0x18 ./src/i2c_main.o
 .text.run_mwatch
                0x0000000000000194       0xdc ./src/i2c_main.o
 .text.init_timer
                0x0000000000000270        0x8 ./src/i2c_main.o
 .text.init_dir
                0x0000000000000278       0x40 ./src/i2c_main.o
                0x0000000000000278                init_dir
 .text.init_gpio
                0x00000000000002b8       0x40 ./src/i2c_main.o
 .text.init_i2c
                0x00000000000002f8        0x8 ./src/i2c_main.o
 .text.initScreen
                0x0000000000000300       0x18 ./src/screen.o
                0x0000000000000300                initScreen
 .text.disableScrolling
                0x0000000000000318       0x60 ./src/screen.o
                0x0000000000000318                disableScrolling
 .text.clearScreen
                0x0000000000000378       0x54 ./src/screen.o
                0x0000000000000378                clearScreen
 .text.mediaInit
                0x00000000000003cc       0x6c ./src/screen.o
                0x00000000000003cc                mediaInit
 .text.media_setSector
                0x0000000000000438       0x94 ./src/screen.o
                0x0000000000000438                media_setSector
 .text.media_display
                0x00000000000004cc       0x84 ./src/screen.o
                0x00000000000004cc                media_display
 .text.wait     0x0000000000000550       0x30 ./src/screen.o
                0x0000000000000550                wait
 .text.gotACK   0x0000000000000580       0x20 ./src/screen.o
                0x0000000000000580                gotACK
 .text.moveCursor
                0x00000000000005a0       0x80 ./src/screen.o
                0x00000000000005a0                moveCursor
 .text.writeString
                0x0000000000000620       0x9c ./src/screen.o
                0x0000000000000620                writeString
 .text.welcomeScreen
                0x00000000000006bc      0x158 ./src/screen.o
                0x00000000000006bc                welcomeScreen
 .text.main_watch
                0x0000000000000814       0x30 ./src/watch.o
                0x0000000000000814                main_watch
 .text.start_watch
                0x0000000000000844        0x8 ./src/watch.o
 .text.run_watch
                0x000000000000084c        0x8 ./src/watch.o
 .text.stop_watch
                0x0000000000000854        0x8 ./src/watch.o
 .text.NVIC_EnableIRQ
                0x000000000000085c       0x2c ./driver/gpio.o
 .text.PIOINT0_IRQHandler
                0x0000000000000888       0x28 ./driver/gpio.o
                0x0000000000000888                PIOINT0_IRQHandler
 .text.PIOINT1_IRQHandler
                0x00000000000008b0       0x5c ./driver/gpio.o
                0x00000000000008b0                PIOINT1_IRQHandler
 .text.PIOINT3_IRQHandler
                0x000000000000090c       0x28 ./driver/gpio.o
                0x000000000000090c                PIOINT3_IRQHandler
 .text.GPIOInit
                0x0000000000000934       0x30 ./driver/gpio.o
                0x0000000000000934                GPIOInit
 .text.GPIOSetInterrupt
                0x0000000000000964      0x334 ./driver/gpio.o
                0x0000000000000964                GPIOSetInterrupt
 .text.GPIOIntEnable
                0x0000000000000c98       0xa8 ./driver/gpio.o
                0x0000000000000c98                GPIOIntEnable
 .text.GPIOIntStatus
                0x0000000000000d40       0xb4 ./driver/gpio.o
                0x0000000000000d40                GPIOIntStatus
 .text.GPIOIntClear
                0x0000000000000df4       0xa8 ./driver/gpio.o
                0x0000000000000df4                GPIOIntClear
 .text.GPIOSetDir
                0x0000000000000e9c       0x74 ./driver/gpio.o
                0x0000000000000e9c                GPIOSetDir
 .text.I2C_IRQHandler
                0x0000000000000f10      0x204 ./driver/i2c.o
                0x0000000000000f10                I2C_IRQHandler
 .text.SystemCoreClockUpdate
                0x0000000000001114       0xac ./cmsis/system_LPC11xx.o
                0x0000000000001114                SystemCoreClockUpdate
 .text.SystemInit
                0x00000000000011c0       0xb0 ./cmsis/system_LPC11xx.o
                0x00000000000011c0                SystemInit
 .text.__main   0x0000000000001270       0x12 /Applications/lpcxpresso_5.1.2_2065/lpcxpresso/tools/bin/../lib/gcc/arm-none-eabi/4.6.2/../../../../arm-none-eabi/lib/armv6-m/libcr_semihost.a(_cr__main.o)
                0x0000000000001270                __main
                0x0000000000001270                __CR_SEMIHOST
 *fill*         0x0000000000001282        0x2 00
 .text.__assertion_failed
                0x0000000000001284       0x48 /Applications/lpcxpresso_5.1.2_2065/lpcxpresso/tools/bin/../lib/gcc/arm-none-eabi/4.6.2/../../../../arm-none-eabi/lib/armv6-m/libcr_c.a(_cr_assert.o)
                0x0000000000001284                __assertion_failed
 .text._deferredlazyseek
                0x00000000000012cc       0x44 /Applications/lpcxpresso_5.1.2_2065/lpcxpresso/tools/bin/../lib/gcc/arm-none-eabi/4.6.2/../../../../arm-none-eabi/lib/armv6-m/libcr_c.a(_deferredlazyseek.o)
                0x00000000000012cc                _deferredlazyseek
 .text.__flsbuf
                0x0000000000001310      0x154 /Applications/lpcxpresso_5.1.2_2065/lpcxpresso/tools/bin/../lib/gcc/arm-none-eabi/4.6.2/../../../../arm-none-eabi/lib/armv6-m/libcr_c.a(_deferredlazyseek.o)
                0x0000000000001310                __flsbuf
 .text._fflush  0x0000000000001464       0x60 /Applications/lpcxpresso_5.1.2_2065/lpcxpresso/tools/bin/../lib/gcc/arm-none-eabi/4.6.2/../../../../arm-none-eabi/lib/armv6-m/libcr_c.a(_fflush.o)
                0x0000000000001464                _fflush
 .text._Cwritebuf
                0x00000000000014c4       0x6c /Applications/lpcxpresso_5.1.2_2065/lpcxpresso/tools/bin/../lib/gcc/arm-none-eabi/4.6.2/../../../../arm-none-eabi/lib/armv6-m/libcr_c.a(_writebuf.o)
                0x00000000000014c4                _Cwritebuf
 .text.malloc   0x0000000000001530       0xbc /Applications/lpcxpresso_5.1.2_2065/lpcxpresso/tools/bin/../lib/gcc/arm-none-eabi/4.6.2/../../../../arm-none-eabi/lib/armv6-m/libcr_c.a(alloc.o)
                0x0000000000001530                malloc
 .text.free     0x00000000000015ec        0xa /Applications/lpcxpresso_5.1.2_2065/lpcxpresso/tools/bin/../lib/gcc/arm-none-eabi/4.6.2/../../../../arm-none-eabi/lib/armv6-m/libcr_c.a(alloc.o)
                0x00000000000015ec                free
 *fill*         0x00000000000015f6        0x2 00
 .text._Csys_alloc
                0x00000000000015f8       0x20 /Applications/lpcxpresso_5.1.2_2065/lpcxpresso/tools/bin/../lib/gcc/arm-none-eabi/4.6.2/../../../../arm-none-eabi/lib/armv6-m/libcr_c.a(alloc.o)
                0x00000000000015f8                _Csys_alloc
 .text.lose_trailing_zeros
                0x0000000000001618       0x22 /Applications/lpcxpresso_5.1.2_2065/lpcxpresso/tools/bin/../lib/gcc/arm-none-eabi/4.6.2/../../../../arm-none-eabi/lib/armv6-m/libcr_c.a(fpprintf.o)
 .text.fp_round
                0x000000000000163a       0x4c /Applications/lpcxpresso_5.1.2_2065/lpcxpresso/tools/bin/../lib/gcc/arm-none-eabi/4.6.2/../../../../arm-none-eabi/lib/armv6-m/libcr_c.a(fpprintf.o)
 .text.pr_dec.constprop.1
                0x0000000000001686       0x2a /Applications/lpcxpresso_5.1.2_2065/lpcxpresso/tools/bin/../lib/gcc/arm-none-eabi/4.6.2/../../../../arm-none-eabi/lib/armv6-m/libcr_c.a(fpprintf.o)
 .text.sprintf  0x00000000000016b0       0x78 /Applications/lpcxpresso_5.1.2_2065/lpcxpresso/tools/bin/../lib/gcc/arm-none-eabi/4.6.2/../../../../arm-none-eabi/lib/armv6-m/libcr_c.a(fpprintf.o)
                0x00000000000016b0                sprintf
 .text.fp_display
                0x0000000000001728      0x978 /Applications/lpcxpresso_5.1.2_2065/lpcxpresso/tools/bin/../lib/gcc/arm-none-eabi/4.6.2/../../../../arm-none-eabi/lib/armv6-m/libcr_c.a(fpprintf.o)
 .text.vsnprintf
                0x00000000000020a0       0x5c /Applications/lpcxpresso_5.1.2_2065/lpcxpresso/tools/bin/../lib/gcc/arm-none-eabi/4.6.2/../../../../arm-none-eabi/lib/armv6-m/libcr_c.a(fpprintf.o)
                0x00000000000020a0                vsnprintf
 .text.printf   0x00000000000020fc       0x50 /Applications/lpcxpresso_5.1.2_2065/lpcxpresso/tools/bin/../lib/gcc/arm-none-eabi/4.6.2/../../../../arm-none-eabi/lib/armv6-m/libcr_c.a(fpprintf.o)
                0x00000000000020fc                printf
 .text.fputs    0x000000000000214c       0x3e /Applications/lpcxpresso_5.1.2_2065/lpcxpresso/tools/bin/../lib/gcc/arm-none-eabi/4.6.2/../../../../arm-none-eabi/lib/armv6-m/libcr_c.a(fputs.o)
                0x000000000000214c                fputs
 *fill*         0x000000000000218a        0x2 00
 .text.fseek    0x000000000000218c       0xf0 /Applications/lpcxpresso_5.1.2_2065/lpcxpresso/tools/bin/../lib/gcc/arm-none-eabi/4.6.2/../../../../arm-none-eabi/lib/armv6-m/libcr_c.a(fseek.o)
                0x000000000000218c                fseek
 .text.ftell    0x000000000000227c       0x4c /Applications/lpcxpresso_5.1.2_2065/lpcxpresso/tools/bin/../lib/gcc/arm-none-eabi/4.6.2/../../../../arm-none-eabi/lib/armv6-m/libcr_c.a(ftell.o)
                0x000000000000227c                ftell
 .text._initio  0x00000000000022c8       0xa0 /Applications/lpcxpresso_5.1.2_2065/lpcxpresso/tools/bin/../lib/gcc/arm-none-eabi/4.6.2/../../../../arm-none-eabi/lib/armv6-m/libcr_c.a(initio.o)
                0x00000000000022c8                _initio
 .text.__vfprintf
                0x0000000000002368      0xe18 /Applications/lpcxpresso_5.1.2_2065/lpcxpresso/tools/bin/../lib/gcc/arm-none-eabi/4.6.2/../../../../arm-none-eabi/lib/armv6-m/libcr_c.a(printf.o)
                0x0000000000002368                __vfprintf
 .text.setvbuf  0x0000000000003180       0x48 /Applications/lpcxpresso_5.1.2_2065/lpcxpresso/tools/bin/../lib/gcc/arm-none-eabi/4.6.2/../../../../arm-none-eabi/lib/armv6-m/libcr_c.a(setvbuf.o)
                0x0000000000003180                setvbuf
 .text.strcpy   0x00000000000031c8       0x48 /Applications/lpcxpresso_5.1.2_2065/lpcxpresso/tools/bin/../lib/gcc/arm-none-eabi/4.6.2/../../../../arm-none-eabi/lib/armv6-m/libcr_c.a(strcpy.o)
                0x00000000000031c8                strcpy
 .text.strlen   0x0000000000003210       0x58 /Applications/lpcxpresso_5.1.2_2065/lpcxpresso/tools/bin/../lib/gcc/arm-none-eabi/4.6.2/../../../../arm-none-eabi/lib/armv6-m/libcr_c.a(strlen.o)
                0x0000000000003210                strlen
 .text.memset   0x0000000000003268        0x8 /Applications/lpcxpresso_5.1.2_2065/lpcxpresso/tools/bin/../lib/gcc/arm-none-eabi/4.6.2/../../../../arm-none-eabi/lib/armv6-m/libcr_c.a(memset.o)
                0x0000000000003268                memset
 .text._fdopen  0x0000000000003270       0x78 /Applications/lpcxpresso_5.1.2_2065/lpcxpresso/tools/bin/../lib/gcc/arm-none-eabi/4.6.2/../../../../arm-none-eabi/lib/armv6-m/libcr_c.a(_fdopen.o)
                0x0000000000003270                _fdopen
 .text._frexpl  0x00000000000032e8       0x88 /Applications/lpcxpresso_5.1.2_2065/lpcxpresso/tools/bin/../lib/gcc/arm-none-eabi/4.6.2/../../../../arm-none-eabi/lib/armv6-m/libcr_c.a(_frexpl.o)
                0x00000000000032e8                _frexpl
 .text._ldexpl  0x0000000000003370       0x68 /Applications/lpcxpresso_5.1.2_2065/lpcxpresso/tools/bin/../lib/gcc/arm-none-eabi/4.6.2/../../../../arm-none-eabi/lib/armv6-m/libcr_c.a(_ldexpl.o)
                0x0000000000003370                _ldexpl
 .text.fclose   0x00000000000033d8       0x70 /Applications/lpcxpresso_5.1.2_2065/lpcxpresso/tools/bin/../lib/gcc/arm-none-eabi/4.6.2/../../../../arm-none-eabi/lib/armv6-m/libcr_c.a(fclose.o)
                0x00000000000033d8                fclose
 .text.fflush   0x0000000000003448       0x38 /Applications/lpcxpresso_5.1.2_2065/lpcxpresso/tools/bin/../lib/gcc/arm-none-eabi/4.6.2/../../../../arm-none-eabi/lib/armv6-m/libcr_c.a(fflush.o)
                0x0000000000003448                fflush
 .text.remove   0x0000000000003480       0x12 /Applications/lpcxpresso_5.1.2_2065/lpcxpresso/tools/bin/../lib/gcc/arm-none-eabi/4.6.2/../../../../arm-none-eabi/lib/armv6-m/libcr_c.a(remove.o)
                0x0000000000003480                remove
 *fill*         0x0000000000003492        0x2 00
 .text._do_fflush
                0x0000000000003494       0x48 /Applications/lpcxpresso_5.1.2_2065/lpcxpresso/tools/bin/../lib/gcc/arm-none-eabi/4.6.2/../../../../arm-none-eabi/lib/armv6-m/libcr_c.a(_do_fflush.o)
                0x0000000000003494                _do_fflush
 .text.__aeabi_division_idivmod
                0x00000000000034dc        0x6 /Applications/lpcxpresso_5.1.2_2065/lpcxpresso/tools/bin/../lib/gcc/arm-none-eabi/4.6.2/armv6-m/libcr_eabihelpers.a(division.o)
                0x00000000000034dc                __aeabi_idiv
                0x00000000000034dc                __aeabi_idivmod
 .text.__aeabi_division_uidivmod
                0x00000000000034e2       0x72 /Applications/lpcxpresso_5.1.2_2065/lpcxpresso/tools/bin/../lib/gcc/arm-none-eabi/4.6.2/armv6-m/libcr_eabihelpers.a(division.o)
                0x00000000000034e2                __aeabi_uidiv
                0x00000000000034e2                __aeabi_uidivmod
 .text.__aeabi_division_idiv0
                0x0000000000003554        0x2 /Applications/lpcxpresso_5.1.2_2065/lpcxpresso/tools/bin/../lib/gcc/arm-none-eabi/4.6.2/armv6-m/libcr_eabihelpers.a(division.o)
                0x0000000000003554                __aeabi_idiv0
 *fill*         0x0000000000003556        0x2 00
 .text.__aeabi_dmul
                0x0000000000003558      0x180 /Applications/lpcxpresso_5.1.2_2065/lpcxpresso/tools/bin/../lib/gcc/arm-none-eabi/4.6.2/armv6-m/libcr_eabihelpers.a(double.o)
                0x0000000000003558                __aeabi_dmul
 .text.__aeabi_ddiv
                0x00000000000036d8      0x178 /Applications/lpcxpresso_5.1.2_2065/lpcxpresso/tools/bin/../lib/gcc/arm-none-eabi/4.6.2/armv6-m/libcr_eabihelpers.a(double.o)
                0x00000000000036d8                __aeabi_ddiv
 .text.__aeabi_dsub
                0x0000000000003850      0x1d8 /Applications/lpcxpresso_5.1.2_2065/lpcxpresso/tools/bin/../lib/gcc/arm-none-eabi/4.6.2/armv6-m/libcr_eabihelpers.a(double.o)
                0x0000000000003850                __aeabi_dsub
 .text.__aeabi_dadd
                0x0000000000003a28      0x140 /Applications/lpcxpresso_5.1.2_2065/lpcxpresso/tools/bin/../lib/gcc/arm-none-eabi/4.6.2/armv6-m/libcr_eabihelpers.a(double.o)
                0x0000000000003a28                __aeabi_dadd
 .text.__aeabi_d2iz
                0x0000000000003b68       0x4c /Applications/lpcxpresso_5.1.2_2065/lpcxpresso/tools/bin/../lib/gcc/arm-none-eabi/4.6.2/armv6-m/libcr_eabihelpers.a(double.o)
                0x0000000000003b68                __aeabi_d2iz
 .text.__bhs_ui2d
                0x0000000000003bb4       0x5e /Applications/lpcxpresso_5.1.2_2065/lpcxpresso/tools/bin/../lib/gcc/arm-none-eabi/4.6.2/armv6-m/libcr_eabihelpers.a(double.o)
                0x0000000000003bb4                __bhs_ui2d
 .text.__aeabi_i2d
                0x0000000000003c12       0x16 /Applications/lpcxpresso_5.1.2_2065/lpcxpresso/tools/bin/../lib/gcc/arm-none-eabi/4.6.2/armv6-m/libcr_eabihelpers.a(double.o)
                0x0000000000003c12                __aeabi_i2d
 .text.__aeabi_dcmpeq
                0x0000000000003c28       0x40 /Applications/lpcxpresso_5.1.2_2065/lpcxpresso/tools/bin/../lib/gcc/arm-none-eabi/4.6.2/armv6-m/libcr_eabihelpers.a(double.o)
                0x0000000000003c28                __aeabi_dcmpeq
 .text.__aeabi_dcmplt
                0x0000000000003c68       0x64 /Applications/lpcxpresso_5.1.2_2065/lpcxpresso/tools/bin/../lib/gcc/arm-none-eabi/4.6.2/armv6-m/libcr_eabihelpers.a(double.o)
                0x0000000000003c68                __aeabi_dcmplt
 .text.__aeabi_dcmple
                0x0000000000003ccc       0x64 /Applications/lpcxpresso_5.1.2_2065/lpcxpresso/tools/bin/../lib/gcc/arm-none-eabi/4.6.2/armv6-m/libcr_eabihelpers.a(double.o)
                0x0000000000003ccc                __aeabi_dcmple
 .text.__aeabi_dcmpge
                0x0000000000003d30       0x64 /Applications/lpcxpresso_5.1.2_2065/lpcxpresso/tools/bin/../lib/gcc/arm-none-eabi/4.6.2/armv6-m/libcr_eabihelpers.a(double.o)
                0x0000000000003d30                __aeabi_dcmpge
 .text.__aeabi_llong_lmul
                0x0000000000003d94       0x2e /Applications/lpcxpresso_5.1.2_2065/lpcxpresso/tools/bin/../lib/gcc/arm-none-eabi/4.6.2/armv6-m/libcr_eabihelpers.a(llong.o)
                0x0000000000003d94                __aeabi_lmul
 .text.__aeabi_memset_lowlevel
                0x0000000000003dc2       0x2a /Applications/lpcxpresso_5.1.2_2065/lpcxpresso/tools/bin/../lib/gcc/arm-none-eabi/4.6.2/armv6-m/libcr_eabihelpers.a(memcpy.o)
                0x0000000000003dc2                __aeabi_lowlevel_memset
 .text.__sys_appexit
                0x0000000000003dec        0xc /Applications/lpcxpresso_5.1.2_2065/lpcxpresso/tools/bin/../lib/gcc/arm-none-eabi/4.6.2/../../../../arm-none-eabi/lib/armv6-m/libcr_semihost.a(__sys_appexit.o)
                0x0000000000003dec                __exit
                0x0000000000003dec                __sys_appexit
 .text.__sys_close
                0x0000000000003df8        0xc /Applications/lpcxpresso_5.1.2_2065/lpcxpresso/tools/bin/../lib/gcc/arm-none-eabi/4.6.2/../../../../arm-none-eabi/lib/armv6-m/libcr_semihost.a(__sys_close.o)
                0x0000000000003df8                __sys_close
 .text.__sys_flen
                0x0000000000003e04        0xc /Applications/lpcxpresso_5.1.2_2065/lpcxpresso/tools/bin/../lib/gcc/arm-none-eabi/4.6.2/../../../../arm-none-eabi/lib/armv6-m/libcr_semihost.a(__sys_flen.o)
                0x0000000000003e04                __sys_flen
 .text.__sys_istty
                0x0000000000003e10        0xc /Applications/lpcxpresso_5.1.2_2065/lpcxpresso/tools/bin/../lib/gcc/arm-none-eabi/4.6.2/../../../../arm-none-eabi/lib/armv6-m/libcr_semihost.a(__sys_istty.o)
                0x0000000000003e10                __sys_istty
 .text.__sys_remove
                0x0000000000003e1c        0xc /Applications/lpcxpresso_5.1.2_2065/lpcxpresso/tools/bin/../lib/gcc/arm-none-eabi/4.6.2/../../../../arm-none-eabi/lib/armv6-m/libcr_semihost.a(__sys_remove.o)
                0x0000000000003e1c                __sys_remove
 .text.__sys_seek
                0x0000000000003e28        0xc /Applications/lpcxpresso_5.1.2_2065/lpcxpresso/tools/bin/../lib/gcc/arm-none-eabi/4.6.2/../../../../arm-none-eabi/lib/armv6-m/libcr_semihost.a(__sys_seek.o)
                0x0000000000003e28                __sys_seek
 .text.__sys_tmpnam
                0x0000000000003e34        0xc /Applications/lpcxpresso_5.1.2_2065/lpcxpresso/tools/bin/../lib/gcc/arm-none-eabi/4.6.2/../../../../arm-none-eabi/lib/armv6-m/libcr_semihost.a(__sys_tmpnam.o)
                0x0000000000003e34                __sys_tmpnam
 .text.__sys_write
                0x0000000000003e40        0xc /Applications/lpcxpresso_5.1.2_2065/lpcxpresso/tools/bin/../lib/gcc/arm-none-eabi/4.6.2/../../../../arm-none-eabi/lib/armv6-m/libcr_semihost.a(__sys_write.o)
                0x0000000000003e40                __write
                0x0000000000003e40                __sys_write
 .text._sbrk    0x0000000000003e4c       0x40 /Applications/lpcxpresso_5.1.2_2065/lpcxpresso/tools/bin/../lib/gcc/arm-none-eabi/4.6.2/../../../../arm-none-eabi/lib/armv6-m/libcr_semihost.a(_cr_sbrk.o)
                0x0000000000003e4c                _sbrk
 .text.__check_heap_overflow
                0x0000000000003e8c       0x2c /Applications/lpcxpresso_5.1.2_2065/lpcxpresso/tools/bin/../lib/gcc/arm-none-eabi/4.6.2/../../../../arm-none-eabi/lib/armv6-m/libcr_semihost.a(_cr_check_heap.o)
                0x0000000000003e8c                __check_heap_overflow
 *(.rodata .rodata.*)
 .rodata        0x0000000000003eb8      0x1d0 ./src/i2c_main.o
 .rodata        0x0000000000004088      0x2d4 ./src/screen.o
 .rodata.LPC_GPIO
                0x000000000000435c       0x10 ./driver/gpio.o
 .rodata.I2C_IRQHandler
                0x000000000000436c      0x144 ./driver/i2c.o
 .rodata.CSWTCH.7
                0x00000000000044b0       0x40 ./cmsis/system_LPC11xx.o
 .rodata.str1.1
                0x00000000000044f0       0x15 /Applications/lpcxpresso_5.1.2_2065/lpcxpresso/tools/bin/../lib/gcc/arm-none-eabi/4.6.2/../../../../arm-none-eabi/lib/armv6-m/libcr_c.a(_cr_assert.o)
 .rodata.str1.1
                0x0000000000004505       0x18 /Applications/lpcxpresso_5.1.2_2065/lpcxpresso/tools/bin/../lib/gcc/arm-none-eabi/4.6.2/../../../../arm-none-eabi/lib/armv6-m/libcr_c.a(alloc.o)
 .rodata.str1.1
                0x000000000000451d       0x32 /Applications/lpcxpresso_5.1.2_2065/lpcxpresso/tools/bin/../lib/gcc/arm-none-eabi/4.6.2/../../../../arm-none-eabi/lib/armv6-m/libcr_c.a(fpprintf.o)
                                         0x35 (size before relaxing)
 .rodata.str1.1
                0x000000000000454f        0x4 /Applications/lpcxpresso_5.1.2_2065/lpcxpresso/tools/bin/../lib/gcc/arm-none-eabi/4.6.2/../../../../arm-none-eabi/lib/armv6-m/libcr_c.a(initio.o)
 .rodata.str1.1
                0x0000000000004553       0x31 /Applications/lpcxpresso_5.1.2_2065/lpcxpresso/tools/bin/../lib/gcc/arm-none-eabi/4.6.2/../../../../arm-none-eabi/lib/armv6-m/libcr_c.a(printf.o)
                                         0x38 (size before relaxing)
 *fill*         0x0000000000004584        0x4 00
 .rodata.__huge_vall
                0x0000000000004588        0x8 /Applications/lpcxpresso_5.1.2_2065/lpcxpresso/tools/bin/../lib/gcc/arm-none-eabi/4.6.2/../../../../arm-none-eabi/lib/armv6-m/libcr_c.a(_hugeval.o)
                0x0000000000004588                __huge_vall
                0x0000000000004590                . = ALIGN (0x4)

.glue_7         0x0000000000004590        0x0
 .glue_7        0x0000000000000000        0x0 linker stubs

.glue_7t        0x0000000000004590        0x0
 .glue_7t       0x0000000000000000        0x0 linker stubs

.vfp11_veneer   0x0000000000004590        0x0
 .vfp11_veneer  0x0000000000000000        0x0 linker stubs

.v4_bx          0x0000000000004590        0x0
 .v4_bx         0x0000000000000000        0x0 linker stubs

.ARM.extab
 *(.ARM.extab* .gnu.linkonce.armextab.*)
                0x0000000000004590                __exidx_start = .

.ARM.exidx
 *(.ARM.exidx* .gnu.linkonce.armexidx.*)
                0x0000000000004590                __exidx_end = .
                0x0000000000004590                _etext = .

.uninit_RESERVED
                0x0000000010000000        0x0
 *(.bss.$RESERVED*)
                0x0000000010000000                . = ALIGN (0x4)
                0x0000000010000000                _end_uninit_RESERVED = .

.data           0x0000000010000000        0x4 load address 0x0000000000004590
 FILL mask 0xff
                0x0000000010000000                _data = .
 *(vtable)
 *(.data*)
 .data.SystemCoreClock
                0x0000000010000000        0x4 ./cmsis/system_LPC11xx.o
                0x0000000010000000                SystemCoreClock
                0x0000000010000004                . = ALIGN (0x4)
                0x0000000010000004                _edata = .

.bss            0x0000000010000008      0x204 load address 0x0000000000004598
                0x0000000010000008                _bss = .
 *(.bss*)
 .bss.I2CMasterState
                0x0000000010000008        0x4 ./driver/i2c.o
                0x0000000010000008                I2CMasterState
 .bss.timeout   0x000000001000000c        0x4 ./driver/i2c.o
                0x000000001000000c                timeout
 .bss.RdIndex   0x0000000010000010        0x4 ./driver/i2c.o
                0x0000000010000010                RdIndex
 .bss.WrIndex   0x0000000010000014        0x4 ./driver/i2c.o
                0x0000000010000014                WrIndex
 .bss.errno     0x0000000010000018        0x4 /Applications/lpcxpresso_5.1.2_2065/lpcxpresso/tools/bin/../lib/gcc/arm-none-eabi/4.6.2/../../../../arm-none-eabi/lib/armv6-m/libcr_c.a(errno.o)
                0x0000000010000018                errno
 *(COMMON)
 *fill*         0x000000001000001c        0x4 00
 COMMON         0x0000000010000020       0x12 ./src/globals.o
                0x0000000010000020                current_state
                0x0000000010000021                next_state
                0x0000000010000028                unixtime
                0x0000000010000030                run_state
                0x0000000010000031                joystick_dir
 *fill*         0x0000000010000032        0x2 00
 COMMON         0x0000000010000034       0x8c ./driver/i2c.o
                0x0000000010000034                I2CReadLength
                0x0000000010000038                I2CSlaveBuffer
                0x0000000010000078                I2CMode
                0x000000001000007c                I2CMasterBuffer
                0x00000000100000bc                I2CWriteLength
 COMMON         0x00000000100000c0        0x4 /Applications/lpcxpresso_5.1.2_2065/lpcxpresso/tools/bin/../lib/gcc/arm-none-eabi/4.6.2/../../../../arm-none-eabi/lib/armv6-m/libcr_c.a(initio.o)
                0x00000000100000c0                _extra
 COMMON         0x00000000100000c4      0x140 /Applications/lpcxpresso_5.1.2_2065/lpcxpresso/tools/bin/../lib/gcc/arm-none-eabi/4.6.2/../../../../arm-none-eabi/lib/armv6-m/libcr_c.a(stdio.o)
                0x00000000100000c4                __Ciob
 COMMON         0x0000000010000204        0x8 /Applications/lpcxpresso_5.1.2_2065/lpcxpresso/tools/bin/../lib/gcc/arm-none-eabi/4.6.2/../../../../arm-none-eabi/lib/armv6-m/libcr_c.a(__init_alloc.o)
                0x0000000010000204                __heaps
                0x0000000010000208                __end_of_heap
                0x000000001000020c                . = ALIGN (0x4)
                0x000000001000020c                _ebss = .
                0x000000001000020c                PROVIDE (end, .)

.noinit         0x000000001000020c        0x0 load address 0x0000000000004594
                0x000000001000020c                _noinit = .
 *(.noinit*)
                0x000000001000020c                . = ALIGN (0x4)
                0x000000001000020c                _end_noinit = .
                0x000000001000020c                PROVIDE (_pvHeapStart, .)
                0x0000000010002000                PROVIDE (_vStackTop, (__top_RamLoc8 - 0x0))
OUTPUT(i2c.axf elf32-littlearm)

.debug_info     0x0000000000000000     0x386a
 .debug_info    0x0000000000000000      0x1ec ./startup/cr_startup_lpc11.o
 .debug_info    0x00000000000001ec      0x2a6 ./src/globals.o
 .debug_info    0x0000000000000492      0x1a6 ./src/headlines.o
 .debug_info    0x0000000000000638      0x710 ./src/i2c_main.o
 .debug_info    0x0000000000000d48      0x4a0 ./src/screen.o
 .debug_info    0x00000000000011e8       0x29 ./src/shared.o
 .debug_info    0x0000000000001211      0x1a6 ./src/snake.o
 .debug_info    0x00000000000013b7      0x1a6 ./src/watch.o
 .debug_info    0x000000000000155d      0x1a6 ./src/weather.o
 .debug_info    0x0000000000001703       0x70 ./driver/can.o
 .debug_info    0x0000000000001773       0x92 ./driver/crp.o
 .debug_info    0x0000000000001805      0xb93 ./driver/gpio.o
 .debug_info    0x0000000000002398      0xc9c ./driver/i2c.o
 .debug_info    0x0000000000003034      0x2ae ./cmsis/core_cm0.o
 .debug_info    0x00000000000032e2      0x588 ./cmsis/system_LPC11xx.o

.debug_abbrev   0x0000000000000000      0xe1c
 .debug_abbrev  0x0000000000000000       0xb4 ./startup/cr_startup_lpc11.o
 .debug_abbrev  0x00000000000000b4      0x10e ./src/globals.o
 .debug_abbrev  0x00000000000001c2       0xa2 ./src/headlines.o
 .debug_abbrev  0x0000000000000264      0x24e ./src/i2c_main.o
 .debug_abbrev  0x00000000000004b2      0x167 ./src/screen.o
 .debug_abbrev  0x0000000000000619       0x16 ./src/shared.o
 .debug_abbrev  0x000000000000062f       0xa2 ./src/snake.o
 .debug_abbrev  0x00000000000006d1       0xa2 ./src/watch.o
 .debug_abbrev  0x0000000000000773       0xa2 ./src/weather.o
 .debug_abbrev  0x0000000000000815       0x2c ./driver/can.o
 .debug_abbrev  0x0000000000000841       0x51 ./driver/crp.o
 .debug_abbrev  0x0000000000000892      0x1f9 ./driver/gpio.o
 .debug_abbrev  0x0000000000000a8b      0x1a5 ./driver/i2c.o
 .debug_abbrev  0x0000000000000c30       0xaf ./cmsis/core_cm0.o
 .debug_abbrev  0x0000000000000cdf      0x13d ./cmsis/system_LPC11xx.o

.debug_loc      0x0000000000000000     0x101e
 .debug_loc     0x0000000000000000      0x140 ./startup/cr_startup_lpc11.o
 .debug_loc     0x0000000000000140       0xb0 ./src/headlines.o
 .debug_loc     0x00000000000001f0      0x36c ./src/i2c_main.o
 .debug_loc     0x000000000000055c      0x360 ./src/screen.o
 .debug_loc     0x00000000000008bc       0xb0 ./src/snake.o
 .debug_loc     0x000000000000096c       0xb0 ./src/watch.o
 .debug_loc     0x0000000000000a1c       0xb0 ./src/weather.o
 .debug_loc     0x0000000000000acc      0x270 ./driver/gpio.o
 .debug_loc     0x0000000000000d3c      0x138 ./driver/i2c.o
 .debug_loc     0x0000000000000e74      0x112 ./cmsis/core_cm0.o
 .debug_loc     0x0000000000000f86       0x98 ./cmsis/system_LPC11xx.o

.debug_aranges  0x0000000000000000      0x3d0
 .debug_aranges
                0x0000000000000000       0x50 ./startup/cr_startup_lpc11.o
 .debug_aranges
                0x0000000000000050       0x38 ./src/headlines.o
 .debug_aranges
                0x0000000000000088       0xa8 ./src/i2c_main.o
 .debug_aranges
                0x0000000000000130       0xa0 ./src/screen.o
 .debug_aranges
                0x00000000000001d0       0x38 ./src/snake.o
 .debug_aranges
                0x0000000000000208       0x38 ./src/watch.o
 .debug_aranges
                0x0000000000000240       0x38 ./src/weather.o
 .debug_aranges
                0x0000000000000278       0x78 ./driver/gpio.o
 .debug_aranges
                0x00000000000002f0       0x48 ./driver/i2c.o
 .debug_aranges
                0x0000000000000338       0x70 ./cmsis/core_cm0.o
 .debug_aranges
                0x00000000000003a8       0x28 ./cmsis/system_LPC11xx.o

.debug_ranges   0x0000000000000000      0x320
 .debug_ranges  0x0000000000000000       0x40 ./startup/cr_startup_lpc11.o
 .debug_ranges  0x0000000000000040       0x28 ./src/headlines.o
 .debug_ranges  0x0000000000000068       0x98 ./src/i2c_main.o
 .debug_ranges  0x0000000000000100       0x90 ./src/screen.o
 .debug_ranges  0x0000000000000190       0x28 ./src/snake.o
 .debug_ranges  0x00000000000001b8       0x28 ./src/watch.o
 .debug_ranges  0x00000000000001e0       0x28 ./src/weather.o
 .debug_ranges  0x0000000000000208       0x68 ./driver/gpio.o
 .debug_ranges  0x0000000000000270       0x38 ./driver/i2c.o
 .debug_ranges  0x00000000000002a8       0x60 ./cmsis/core_cm0.o
 .debug_ranges  0x0000000000000308       0x18 ./cmsis/system_LPC11xx.o

.debug_line     0x0000000000000000     0x3a99
 .debug_line    0x0000000000000000      0x3fd ./startup/cr_startup_lpc11.o
 .debug_line    0x00000000000003fd      0x395 ./src/globals.o
 .debug_line    0x0000000000000792      0x384 ./src/headlines.o
 .debug_line    0x0000000000000b16      0x5e1 ./src/i2c_main.o
 .debug_line    0x00000000000010f7      0x65e ./src/screen.o
 .debug_line    0x0000000000001755       0x3c ./src/shared.o
 .debug_line    0x0000000000001791      0x37c ./src/snake.o
 .debug_line    0x0000000000001b0d      0x37c ./src/watch.o
 .debug_line    0x0000000000001e89      0x380 ./src/weather.o
 .debug_line    0x0000000000002209      0x373 ./driver/can.o
 .debug_line    0x000000000000257c      0x37c ./driver/crp.o
 .debug_line    0x00000000000028f8      0x55d ./driver/gpio.o
 .debug_line    0x0000000000002e55      0x465 ./driver/i2c.o
 .debug_line    0x00000000000032ba      0x3f0 ./cmsis/core_cm0.o
 .debug_line    0x00000000000036aa      0x3ef ./cmsis/system_LPC11xx.o

.debug_macinfo  0x0000000000000000    0x4af66
 .debug_macinfo
                0x0000000000000000     0x3e81 ./startup/cr_startup_lpc11.o
 .debug_macinfo
                0x0000000000003e81     0x5f55 ./src/globals.o
 .debug_macinfo
                0x0000000000009dd6     0x3cb8 ./src/headlines.o
 .debug_macinfo
                0x000000000000da8e     0x6eaa ./src/i2c_main.o
 .debug_macinfo
                0x0000000000014938     0x6612 ./src/screen.o
 .debug_macinfo
                0x000000000001af4a     0x250b ./src/shared.o
 .debug_macinfo
                0x000000000001d455     0x3cb5 ./src/snake.o
 .debug_macinfo
                0x000000000002110a     0x3cb5 ./src/watch.o
 .debug_macinfo
                0x0000000000024dbf     0x3cb7 ./src/weather.o
 .debug_macinfo
                0x0000000000028a76     0x5e93 ./driver/can.o
 .debug_macinfo
                0x000000000002e909     0x60e6 ./driver/crp.o
 .debug_macinfo
                0x00000000000349ef     0x6879 ./driver/gpio.o
 .debug_macinfo
                0x000000000003b268     0x61c1 ./driver/i2c.o
 .debug_macinfo
                0x0000000000041429     0x3c50 ./cmsis/core_cm0.o
 .debug_macinfo
                0x0000000000045079     0x5eed ./cmsis/system_LPC11xx.o

.debug_str      0x0000000000000000     0x102b
 .debug_str     0x0000000000000000      0x1a5 ./startup/cr_startup_lpc11.o
                                        0x1df (size before relaxing)
 .debug_str     0x00000000000001a5       0xec ./src/globals.o
                                        0x1f9 (size before relaxing)
 .debug_str     0x0000000000000291       0x4f ./src/headlines.o
                                        0x1ed (size before relaxing)
 .debug_str     0x00000000000002e0      0x1c1 ./src/i2c_main.o
                                        0x3ca (size before relaxing)
 .debug_str     0x00000000000004a1      0x13b ./src/screen.o
                                        0x30a (size before relaxing)
 .debug_str     0x00000000000005dc       0x10 ./src/shared.o
                                         0xa4 (size before relaxing)
 .debug_str     0x00000000000005ec       0x3b ./src/snake.o
                                        0x1d9 (size before relaxing)
 .debug_str     0x0000000000000627       0x3b ./src/watch.o
                                        0x1d9 (size before relaxing)
 .debug_str     0x0000000000000662       0x45 ./src/weather.o
                                        0x1e3 (size before relaxing)
 .debug_str     0x00000000000006a7       0x10 ./driver/can.o
                                        0x11d (size before relaxing)
 .debug_str     0x00000000000006b7       0x19 ./driver/crp.o
                                        0x12f (size before relaxing)
 .debug_str     0x00000000000006d0      0x5d3 ./driver/gpio.o
                                        0x7d2 (size before relaxing)
 .debug_str     0x0000000000000ca3      0x270 ./driver/i2c.o
                                        0x894 (size before relaxing)
 .debug_str     0x0000000000000f13       0xbf ./cmsis/core_cm0.o
                                        0x1f4 (size before relaxing)
 .debug_str     0x0000000000000fd2       0x59 ./cmsis/system_LPC11xx.o
                                        0x41b (size before relaxing)

.comment        0x0000000000000000       0xe0
 .comment       0x0000000000000000       0x70 ./startup/cr_startup_lpc11.o
                                         0x71 (size before relaxing)
 .comment       0x0000000000000000       0x71 ./src/globals.o
 .comment       0x0000000000000000       0x71 ./src/headlines.o
 .comment       0x0000000000000000       0x71 ./src/i2c_main.o
 .comment       0x0000000000000000       0x71 ./src/screen.o
 .comment       0x0000000000000000       0x71 ./src/shared.o
 .comment       0x0000000000000000       0x71 ./src/snake.o
 .comment       0x0000000000000000       0x71 ./src/watch.o
 .comment       0x0000000000000000       0x71 ./src/weather.o
 .comment       0x0000000000000000       0x71 ./driver/can.o
 .comment       0x0000000000000000       0x71 ./driver/crp.o
 .comment       0x0000000000000000       0x71 ./driver/gpio.o
 .comment       0x0000000000000000       0x71 ./driver/i2c.o
 .comment       0x0000000000000000       0x71 ./cmsis/core_cm0.o
 .comment       0x0000000000000000       0x71 ./cmsis/system_LPC11xx.o
 .comment       0x0000000000000070       0x70 /Applications/lpcxpresso_5.1.2_2065/lpcxpresso/tools/bin/../lib/gcc/arm-none-eabi/4.6.2/../../../../arm-none-eabi/lib/armv6-m/libcr_semihost.a(_cr__main.o)
                                         0x71 (size before relaxing)
 .comment       0x0000000000000000       0x71 /Applications/lpcxpresso_5.1.2_2065/lpcxpresso/tools/bin/../lib/gcc/arm-none-eabi/4.6.2/../../../../arm-none-eabi/lib/armv6-m/libcr_c.a(_cr_assert.o)
 .comment       0x0000000000000000       0x71 /Applications/lpcxpresso_5.1.2_2065/lpcxpresso/tools/bin/../lib/gcc/arm-none-eabi/4.6.2/../../../../arm-none-eabi/lib/armv6-m/libcr_c.a(_deferredlazyseek.o)
 .comment       0x0000000000000000       0x71 /Applications/lpcxpresso_5.1.2_2065/lpcxpresso/tools/bin/../lib/gcc/arm-none-eabi/4.6.2/../../../../arm-none-eabi/lib/armv6-m/libcr_c.a(_fflush.o)
 .comment       0x0000000000000000       0x71 /Applications/lpcxpresso_5.1.2_2065/lpcxpresso/tools/bin/../lib/gcc/arm-none-eabi/4.6.2/../../../../arm-none-eabi/lib/armv6-m/libcr_c.a(_writebuf.o)
 .comment       0x0000000000000000       0x71 /Applications/lpcxpresso_5.1.2_2065/lpcxpresso/tools/bin/../lib/gcc/arm-none-eabi/4.6.2/../../../../arm-none-eabi/lib/armv6-m/libcr_c.a(alloc.o)
 .comment       0x0000000000000000       0x71 /Applications/lpcxpresso_5.1.2_2065/lpcxpresso/tools/bin/../lib/gcc/arm-none-eabi/4.6.2/../../../../arm-none-eabi/lib/armv6-m/libcr_c.a(fpprintf.o)
 .comment       0x0000000000000000       0x71 /Applications/lpcxpresso_5.1.2_2065/lpcxpresso/tools/bin/../lib/gcc/arm-none-eabi/4.6.2/../../../../arm-none-eabi/lib/armv6-m/libcr_c.a(fputs.o)
 .comment       0x0000000000000000       0x71 /Applications/lpcxpresso_5.1.2_2065/lpcxpresso/tools/bin/../lib/gcc/arm-none-eabi/4.6.2/../../../../arm-none-eabi/lib/armv6-m/libcr_c.a(fseek.o)
 .comment       0x0000000000000000       0x71 /Applications/lpcxpresso_5.1.2_2065/lpcxpresso/tools/bin/../lib/gcc/arm-none-eabi/4.6.2/../../../../arm-none-eabi/lib/armv6-m/libcr_c.a(ftell.o)
 .comment       0x0000000000000000       0x71 /Applications/lpcxpresso_5.1.2_2065/lpcxpresso/tools/bin/../lib/gcc/arm-none-eabi/4.6.2/../../../../arm-none-eabi/lib/armv6-m/libcr_c.a(initio.o)
 .comment       0x0000000000000000       0x71 /Applications/lpcxpresso_5.1.2_2065/lpcxpresso/tools/bin/../lib/gcc/arm-none-eabi/4.6.2/../../../../arm-none-eabi/lib/armv6-m/libcr_c.a(printf.o)
 .comment       0x0000000000000000       0x71 /Applications/lpcxpresso_5.1.2_2065/lpcxpresso/tools/bin/../lib/gcc/arm-none-eabi/4.6.2/../../../../arm-none-eabi/lib/armv6-m/libcr_c.a(setvbuf.o)
 .comment       0x0000000000000000       0x71 /Applications/lpcxpresso_5.1.2_2065/lpcxpresso/tools/bin/../lib/gcc/arm-none-eabi/4.6.2/../../../../arm-none-eabi/lib/armv6-m/libcr_c.a(stdio.o)
 .comment       0x0000000000000000       0x71 /Applications/lpcxpresso_5.1.2_2065/lpcxpresso/tools/bin/../lib/gcc/arm-none-eabi/4.6.2/../../../../arm-none-eabi/lib/armv6-m/libcr_c.a(strcpy.o)
 .comment       0x0000000000000000       0x71 /Applications/lpcxpresso_5.1.2_2065/lpcxpresso/tools/bin/../lib/gcc/arm-none-eabi/4.6.2/../../../../arm-none-eabi/lib/armv6-m/libcr_c.a(strlen.o)
 .comment       0x0000000000000000       0x71 /Applications/lpcxpresso_5.1.2_2065/lpcxpresso/tools/bin/../lib/gcc/arm-none-eabi/4.6.2/../../../../arm-none-eabi/lib/armv6-m/libcr_c.a(memcpy.o)
 .comment       0x0000000000000000       0x71 /Applications/lpcxpresso_5.1.2_2065/lpcxpresso/tools/bin/../lib/gcc/arm-none-eabi/4.6.2/../../../../arm-none-eabi/lib/armv6-m/libcr_c.a(memset.o)
 .comment       0x0000000000000000       0x71 /Applications/lpcxpresso_5.1.2_2065/lpcxpresso/tools/bin/../lib/gcc/arm-none-eabi/4.6.2/../../../../arm-none-eabi/lib/armv6-m/libcr_c.a(__fillbuf.o)
 .comment       0x0000000000000000       0x71 /Applications/lpcxpresso_5.1.2_2065/lpcxpresso/tools/bin/../lib/gcc/arm-none-eabi/4.6.2/../../../../arm-none-eabi/lib/armv6-m/libcr_c.a(__init_alloc.o)
 .comment       0x0000000000000000       0x71 /Applications/lpcxpresso_5.1.2_2065/lpcxpresso/tools/bin/../lib/gcc/arm-none-eabi/4.6.2/../../../../arm-none-eabi/lib/armv6-m/libcr_c.a(_fdopen.o)
 .comment       0x0000000000000000       0x71 /Applications/lpcxpresso_5.1.2_2065/lpcxpresso/tools/bin/../lib/gcc/arm-none-eabi/4.6.2/../../../../arm-none-eabi/lib/armv6-m/libcr_c.a(_frexpl.o)
 .comment       0x0000000000000000       0x71 /Applications/lpcxpresso_5.1.2_2065/lpcxpresso/tools/bin/../lib/gcc/arm-none-eabi/4.6.2/../../../../arm-none-eabi/lib/armv6-m/libcr_c.a(_ldexpl.o)
 .comment       0x0000000000000000       0x71 /Applications/lpcxpresso_5.1.2_2065/lpcxpresso/tools/bin/../lib/gcc/arm-none-eabi/4.6.2/../../../../arm-none-eabi/lib/armv6-m/libcr_c.a(errno.o)
 .comment       0x0000000000000000       0x71 /Applications/lpcxpresso_5.1.2_2065/lpcxpresso/tools/bin/../lib/gcc/arm-none-eabi/4.6.2/../../../../arm-none-eabi/lib/armv6-m/libcr_c.a(fclose.o)
 .comment       0x0000000000000000       0x71 /Applications/lpcxpresso_5.1.2_2065/lpcxpresso/tools/bin/../lib/gcc/arm-none-eabi/4.6.2/../../../../arm-none-eabi/lib/armv6-m/libcr_c.a(fflush.o)
 .comment       0x0000000000000000       0x71 /Applications/lpcxpresso_5.1.2_2065/lpcxpresso/tools/bin/../lib/gcc/arm-none-eabi/4.6.2/../../../../arm-none-eabi/lib/armv6-m/libcr_c.a(remove.o)
 .comment       0x0000000000000000       0x71 /Applications/lpcxpresso_5.1.2_2065/lpcxpresso/tools/bin/../lib/gcc/arm-none-eabi/4.6.2/../../../../arm-none-eabi/lib/armv6-m/libcr_c.a(_do_fflush.o)
 .comment       0x0000000000000000       0x71 /Applications/lpcxpresso_5.1.2_2065/lpcxpresso/tools/bin/../lib/gcc/arm-none-eabi/4.6.2/../../../../arm-none-eabi/lib/armv6-m/libcr_c.a(_hugeval.o)
 .comment       0x0000000000000000       0x71 /Applications/lpcxpresso_5.1.2_2065/lpcxpresso/tools/bin/../lib/gcc/arm-none-eabi/4.6.2/armv6-m/libcr_eabihelpers.a(double.o)
 .comment       0x0000000000000000       0x71 /Applications/lpcxpresso_5.1.2_2065/lpcxpresso/tools/bin/../lib/gcc/arm-none-eabi/4.6.2/../../../../arm-none-eabi/lib/armv6-m/libcr_semihost.a(_cr_sbrk.o)
 .comment       0x0000000000000000       0x71 /Applications/lpcxpresso_5.1.2_2065/lpcxpresso/tools/bin/../lib/gcc/arm-none-eabi/4.6.2/../../../../arm-none-eabi/lib/armv6-m/libcr_semihost.a(_cr_check_heap.o)

.ARM.attributes
                0x0000000000000000       0x2f
 .ARM.attributes
                0x0000000000000000       0x31 ./startup/cr_startup_lpc11.o
 .ARM.attributes
                0x0000000000000031       0x31 ./src/globals.o
 .ARM.attributes
                0x0000000000000062       0x31 ./src/headlines.o
 .ARM.attributes
                0x0000000000000093       0x31 ./src/i2c_main.o
 .ARM.attributes
                0x00000000000000c4       0x31 ./src/screen.o
 .ARM.attributes
                0x00000000000000f5       0x31 ./src/shared.o
 .ARM.attributes
                0x0000000000000126       0x31 ./src/snake.o
 .ARM.attributes
                0x0000000000000157       0x31 ./src/watch.o
 .ARM.attributes
                0x0000000000000188       0x31 ./src/weather.o
 .ARM.attributes
                0x00000000000001b9       0x31 ./driver/can.o
 .ARM.attributes
                0x00000000000001ea       0x31 ./driver/crp.o
 .ARM.attributes
                0x000000000000021b       0x31 ./driver/gpio.o
 .ARM.attributes
                0x000000000000024c       0x31 ./driver/i2c.o
 .ARM.attributes
                0x000000000000027d       0x31 ./cmsis/core_cm0.o
 .ARM.attributes
                0x00000000000002ae       0x31 ./cmsis/system_LPC11xx.o
 .ARM.attributes
                0x00000000000002df       0x31 /Applications/lpcxpresso_5.1.2_2065/lpcxpresso/tools/bin/../lib/gcc/arm-none-eabi/4.6.2/../../../../arm-none-eabi/lib/armv6-m/libcr_semihost.a(_cr__main.o)
 .ARM.attributes
                0x0000000000000310       0x31 /Applications/lpcxpresso_5.1.2_2065/lpcxpresso/tools/bin/../lib/gcc/arm-none-eabi/4.6.2/../../../../arm-none-eabi/lib/armv6-m/libcr_c.a(_cr_assert.o)
 .ARM.attributes
                0x0000000000000341       0x31 /Applications/lpcxpresso_5.1.2_2065/lpcxpresso/tools/bin/../lib/gcc/arm-none-eabi/4.6.2/../../../../arm-none-eabi/lib/armv6-m/libcr_c.a(_deferredlazyseek.o)
 .ARM.attributes
                0x0000000000000372       0x31 /Applications/lpcxpresso_5.1.2_2065/lpcxpresso/tools/bin/../lib/gcc/arm-none-eabi/4.6.2/../../../../arm-none-eabi/lib/armv6-m/libcr_c.a(_fflush.o)
 .ARM.attributes
                0x00000000000003a3       0x31 /Applications/lpcxpresso_5.1.2_2065/lpcxpresso/tools/bin/../lib/gcc/arm-none-eabi/4.6.2/../../../../arm-none-eabi/lib/armv6-m/libcr_c.a(_writebuf.o)
 .ARM.attributes
                0x00000000000003d4       0x31 /Applications/lpcxpresso_5.1.2_2065/lpcxpresso/tools/bin/../lib/gcc/arm-none-eabi/4.6.2/../../../../arm-none-eabi/lib/armv6-m/libcr_c.a(alloc.o)
 .ARM.attributes
                0x0000000000000405       0x31 /Applications/lpcxpresso_5.1.2_2065/lpcxpresso/tools/bin/../lib/gcc/arm-none-eabi/4.6.2/../../../../arm-none-eabi/lib/armv6-m/libcr_c.a(fpprintf.o)
 .ARM.attributes
                0x0000000000000436       0x31 /Applications/lpcxpresso_5.1.2_2065/lpcxpresso/tools/bin/../lib/gcc/arm-none-eabi/4.6.2/../../../../arm-none-eabi/lib/armv6-m/libcr_c.a(fputs.o)
 .ARM.attributes
                0x0000000000000467       0x31 /Applications/lpcxpresso_5.1.2_2065/lpcxpresso/tools/bin/../lib/gcc/arm-none-eabi/4.6.2/../../../../arm-none-eabi/lib/armv6-m/libcr_c.a(fseek.o)
 .ARM.attributes
                0x0000000000000498       0x31 /Applications/lpcxpresso_5.1.2_2065/lpcxpresso/tools/bin/../lib/gcc/arm-none-eabi/4.6.2/../../../../arm-none-eabi/lib/armv6-m/libcr_c.a(ftell.o)
 .ARM.attributes
                0x00000000000004c9       0x31 /Applications/lpcxpresso_5.1.2_2065/lpcxpresso/tools/bin/../lib/gcc/arm-none-eabi/4.6.2/../../../../arm-none-eabi/lib/armv6-m/libcr_c.a(initio.o)
 .ARM.attributes
                0x00000000000004fa       0x31 /Applications/lpcxpresso_5.1.2_2065/lpcxpresso/tools/bin/../lib/gcc/arm-none-eabi/4.6.2/../../../../arm-none-eabi/lib/armv6-m/libcr_c.a(printf.o)
 .ARM.attributes
                0x000000000000052b       0x31 /Applications/lpcxpresso_5.1.2_2065/lpcxpresso/tools/bin/../lib/gcc/arm-none-eabi/4.6.2/../../../../arm-none-eabi/lib/armv6-m/libcr_c.a(setvbuf.o)
 .ARM.attributes
                0x000000000000055c       0x31 /Applications/lpcxpresso_5.1.2_2065/lpcxpresso/tools/bin/../lib/gcc/arm-none-eabi/4.6.2/../../../../arm-none-eabi/lib/armv6-m/libcr_c.a(stdio.o)
 .ARM.attributes
                0x000000000000058d       0x31 /Applications/lpcxpresso_5.1.2_2065/lpcxpresso/tools/bin/../lib/gcc/arm-none-eabi/4.6.2/../../../../arm-none-eabi/lib/armv6-m/libcr_c.a(strcpy.o)
 .ARM.attributes
                0x00000000000005be       0x31 /Applications/lpcxpresso_5.1.2_2065/lpcxpresso/tools/bin/../lib/gcc/arm-none-eabi/4.6.2/../../../../arm-none-eabi/lib/armv6-m/libcr_c.a(strlen.o)
 .ARM.attributes
                0x00000000000005ef       0x31 /Applications/lpcxpresso_5.1.2_2065/lpcxpresso/tools/bin/../lib/gcc/arm-none-eabi/4.6.2/../../../../arm-none-eabi/lib/armv6-m/libcr_c.a(memcpy.o)
 .ARM.attributes
                0x0000000000000620       0x31 /Applications/lpcxpresso_5.1.2_2065/lpcxpresso/tools/bin/../lib/gcc/arm-none-eabi/4.6.2/../../../../arm-none-eabi/lib/armv6-m/libcr_c.a(memset.o)
 .ARM.attributes
                0x0000000000000651       0x31 /Applications/lpcxpresso_5.1.2_2065/lpcxpresso/tools/bin/../lib/gcc/arm-none-eabi/4.6.2/../../../../arm-none-eabi/lib/armv6-m/libcr_c.a(__fillbuf.o)
 .ARM.attributes
                0x0000000000000682       0x31 /Applications/lpcxpresso_5.1.2_2065/lpcxpresso/tools/bin/../lib/gcc/arm-none-eabi/4.6.2/../../../../arm-none-eabi/lib/armv6-m/libcr_c.a(__init_alloc.o)
 .ARM.attributes
                0x00000000000006b3       0x31 /Applications/lpcxpresso_5.1.2_2065/lpcxpresso/tools/bin/../lib/gcc/arm-none-eabi/4.6.2/../../../../arm-none-eabi/lib/armv6-m/libcr_c.a(_fdopen.o)
 .ARM.attributes
                0x00000000000006e4       0x31 /Applications/lpcxpresso_5.1.2_2065/lpcxpresso/tools/bin/../lib/gcc/arm-none-eabi/4.6.2/../../../../arm-none-eabi/lib/armv6-m/libcr_c.a(_frexpl.o)
 .ARM.attributes
                0x0000000000000715       0x31 /Applications/lpcxpresso_5.1.2_2065/lpcxpresso/tools/bin/../lib/gcc/arm-none-eabi/4.6.2/../../../../arm-none-eabi/lib/armv6-m/libcr_c.a(_ldexpl.o)
 .ARM.attributes
                0x0000000000000746       0x31 /Applications/lpcxpresso_5.1.2_2065/lpcxpresso/tools/bin/../lib/gcc/arm-none-eabi/4.6.2/../../../../arm-none-eabi/lib/armv6-m/libcr_c.a(errno.o)
 .ARM.attributes
                0x0000000000000777       0x31 /Applications/lpcxpresso_5.1.2_2065/lpcxpresso/tools/bin/../lib/gcc/arm-none-eabi/4.6.2/../../../../arm-none-eabi/lib/armv6-m/libcr_c.a(fclose.o)
 .ARM.attributes
                0x00000000000007a8       0x31 /Applications/lpcxpresso_5.1.2_2065/lpcxpresso/tools/bin/../lib/gcc/arm-none-eabi/4.6.2/../../../../arm-none-eabi/lib/armv6-m/libcr_c.a(fflush.o)
 .ARM.attributes
                0x00000000000007d9       0x31 /Applications/lpcxpresso_5.1.2_2065/lpcxpresso/tools/bin/../lib/gcc/arm-none-eabi/4.6.2/../../../../arm-none-eabi/lib/armv6-m/libcr_c.a(remove.o)
 .ARM.attributes
                0x000000000000080a       0x31 /Applications/lpcxpresso_5.1.2_2065/lpcxpresso/tools/bin/../lib/gcc/arm-none-eabi/4.6.2/../../../../arm-none-eabi/lib/armv6-m/libcr_c.a(_do_fflush.o)
 .ARM.attributes
                0x000000000000083b       0x31 /Applications/lpcxpresso_5.1.2_2065/lpcxpresso/tools/bin/../lib/gcc/arm-none-eabi/4.6.2/../../../../arm-none-eabi/lib/armv6-m/libcr_c.a(_hugeval.o)
 .ARM.attributes
                0x000000000000086c       0x21 /Applications/lpcxpresso_5.1.2_2065/lpcxpresso/tools/bin/../lib/gcc/arm-none-eabi/4.6.2/armv6-m/libcr_eabihelpers.a(division.o)
 .ARM.attributes
                0x000000000000088d       0x31 /Applications/lpcxpresso_5.1.2_2065/lpcxpresso/tools/bin/../lib/gcc/arm-none-eabi/4.6.2/armv6-m/libcr_eabihelpers.a(double.o)
 .ARM.attributes
                0x00000000000008be       0x21 /Applications/lpcxpresso_5.1.2_2065/lpcxpresso/tools/bin/../lib/gcc/arm-none-eabi/4.6.2/armv6-m/libcr_eabihelpers.a(llong.o)
 .ARM.attributes
                0x00000000000008df       0x21 /Applications/lpcxpresso_5.1.2_2065/lpcxpresso/tools/bin/../lib/gcc/arm-none-eabi/4.6.2/armv6-m/libcr_eabihelpers.a(memcpy.o)
 .ARM.attributes
                0x0000000000000900       0x21 /Applications/lpcxpresso_5.1.2_2065/lpcxpresso/tools/bin/../lib/gcc/arm-none-eabi/4.6.2/../../../../arm-none-eabi/lib/armv6-m/libcr_semihost.a(__sys_appexit.o)
 .ARM.attributes
                0x0000000000000921       0x21 /Applications/lpcxpresso_5.1.2_2065/lpcxpresso/tools/bin/../lib/gcc/arm-none-eabi/4.6.2/../../../../arm-none-eabi/lib/armv6-m/libcr_semihost.a(__sys_close.o)
 .ARM.attributes
                0x0000000000000942       0x21 /Applications/lpcxpresso_5.1.2_2065/lpcxpresso/tools/bin/../lib/gcc/arm-none-eabi/4.6.2/../../../../arm-none-eabi/lib/armv6-m/libcr_semihost.a(__sys_flen.o)
 .ARM.attributes
                0x0000000000000963       0x21 /Applications/lpcxpresso_5.1.2_2065/lpcxpresso/tools/bin/../lib/gcc/arm-none-eabi/4.6.2/../../../../arm-none-eabi/lib/armv6-m/libcr_semihost.a(__sys_istty.o)
 .ARM.attributes
                0x0000000000000984       0x21 /Applications/lpcxpresso_5.1.2_2065/lpcxpresso/tools/bin/../lib/gcc/arm-none-eabi/4.6.2/../../../../arm-none-eabi/lib/armv6-m/libcr_semihost.a(__sys_read.o)
 .ARM.attributes
                0x00000000000009a5       0x21 /Applications/lpcxpresso_5.1.2_2065/lpcxpresso/tools/bin/../lib/gcc/arm-none-eabi/4.6.2/../../../../arm-none-eabi/lib/armv6-m/libcr_semihost.a(__sys_readc.o)
 .ARM.attributes
                0x00000000000009c6       0x21 /Applications/lpcxpresso_5.1.2_2065/lpcxpresso/tools/bin/../lib/gcc/arm-none-eabi/4.6.2/../../../../arm-none-eabi/lib/armv6-m/libcr_semihost.a(__sys_remove.o)
 .ARM.attributes
                0x00000000000009e7       0x21 /Applications/lpcxpresso_5.1.2_2065/lpcxpresso/tools/bin/../lib/gcc/arm-none-eabi/4.6.2/../../../../arm-none-eabi/lib/armv6-m/libcr_semihost.a(__sys_rename.o)
 .ARM.attributes
                0x0000000000000a08       0x21 /Applications/lpcxpresso_5.1.2_2065/lpcxpresso/tools/bin/../lib/gcc/arm-none-eabi/4.6.2/../../../../arm-none-eabi/lib/armv6-m/libcr_semihost.a(__sys_seek.o)
 .ARM.attributes
                0x0000000000000a29       0x21 /Applications/lpcxpresso_5.1.2_2065/lpcxpresso/tools/bin/../lib/gcc/arm-none-eabi/4.6.2/../../../../arm-none-eabi/lib/armv6-m/libcr_semihost.a(__sys_tmpnam.o)
 .ARM.attributes
                0x0000000000000a4a       0x21 /Applications/lpcxpresso_5.1.2_2065/lpcxpresso/tools/bin/../lib/gcc/arm-none-eabi/4.6.2/../../../../arm-none-eabi/lib/armv6-m/libcr_semihost.a(__sys_write.o)
 .ARM.attributes
                0x0000000000000a6b       0x31 /Applications/lpcxpresso_5.1.2_2065/lpcxpresso/tools/bin/../lib/gcc/arm-none-eabi/4.6.2/../../../../arm-none-eabi/lib/armv6-m/libcr_semihost.a(_cr_sbrk.o)
 .ARM.attributes
                0x0000000000000a9c       0x31 /Applications/lpcxpresso_5.1.2_2065/lpcxpresso/tools/bin/../lib/gcc/arm-none-eabi/4.6.2/../../../../arm-none-eabi/lib/armv6-m/libcr_semihost.a(_cr_check_heap.o)

.debug_frame    0x0000000000000000      0xa60
 .debug_frame   0x0000000000000000       0xd8 ./startup/cr_startup_lpc11.o
 .debug_frame   0x00000000000000d8       0x80 ./src/headlines.o
 .debug_frame   0x0000000000000158      0x228 ./src/i2c_main.o
 .debug_frame   0x0000000000000380      0x210 ./src/screen.o
 .debug_frame   0x0000000000000590       0x80 ./src/snake.o
 .debug_frame   0x0000000000000610       0x80 ./src/watch.o
 .debug_frame   0x0000000000000690       0x80 ./src/weather.o
 .debug_frame   0x0000000000000710      0x180 ./driver/gpio.o
 .debug_frame   0x0000000000000890       0xc8 ./driver/i2c.o
 .debug_frame   0x0000000000000958       0xc0 ./cmsis/core_cm0.o
 .debug_frame   0x0000000000000a18       0x48 ./cmsis/system_LPC11xx.o
