Archive member included because of file (symbol)

c:/nxp/lpcxpresso_5.1.2_2065/lpcxpresso/tools/bin/../lib/gcc/arm-none-eabi/4.6.2/../../../../arm-none-eabi/lib/armv6-m\libcr_c.a(__weak__main.o)
                              ./startup/cr_startup_lpc11.o (__main)
c:/nxp/lpcxpresso_5.1.2_2065/lpcxpresso/tools/bin/../lib/gcc/arm-none-eabi/4.6.2/../../../../arm-none-eabi/lib/armv6-m\libcr_c.a(alloc.o)
                              ./src/screens/snake.o (malloc)
c:/nxp/lpcxpresso_5.1.2_2065/lpcxpresso/tools/bin/../lib/gcc/arm-none-eabi/4.6.2/../../../../arm-none-eabi/lib/armv6-m\libcr_c.a(fpprintf.o)
                              ./src/screens/debug.o (sprintf)
c:/nxp/lpcxpresso_5.1.2_2065/lpcxpresso/tools/bin/../lib/gcc/arm-none-eabi/4.6.2/../../../../arm-none-eabi/lib/armv6-m\libcr_c.a(itoa.o)
                              ./src/screens/music.o (itoa)
c:/nxp/lpcxpresso_5.1.2_2065/lpcxpresso/tools/bin/../lib/gcc/arm-none-eabi/4.6.2/../../../../arm-none-eabi/lib/armv6-m\libcr_c.a(printf.o)
                              c:/nxp/lpcxpresso_5.1.2_2065/lpcxpresso/tools/bin/../lib/gcc/arm-none-eabi/4.6.2/../../../../arm-none-eabi/lib/armv6-m\libcr_c.a(fpprintf.o) (__vfprintf)
c:/nxp/lpcxpresso_5.1.2_2065/lpcxpresso/tools/bin/../lib/gcc/arm-none-eabi/4.6.2/../../../../arm-none-eabi/lib/armv6-m\libcr_c.a(scanf.o)
                              ./src/screens/watch.o (atol)
c:/nxp/lpcxpresso_5.1.2_2065/lpcxpresso/tools/bin/../lib/gcc/arm-none-eabi/4.6.2/../../../../arm-none-eabi/lib/armv6-m\libcr_c.a(stdio.o)
                              c:/nxp/lpcxpresso_5.1.2_2065/lpcxpresso/tools/bin/../lib/gcc/arm-none-eabi/4.6.2/../../../../arm-none-eabi/lib/armv6-m\libcr_c.a(fpprintf.o) (__Ciob)
c:/nxp/lpcxpresso_5.1.2_2065/lpcxpresso/tools/bin/../lib/gcc/arm-none-eabi/4.6.2/../../../../arm-none-eabi/lib/armv6-m\libcr_c.a(strcpy.o)
                              ./src/devices/screen.o (strcpy)
c:/nxp/lpcxpresso_5.1.2_2065/lpcxpresso/tools/bin/../lib/gcc/arm-none-eabi/4.6.2/../../../../arm-none-eabi/lib/armv6-m\libcr_c.a(strlen.o)
                              ./src/devices/screen.o (strlen)
c:/nxp/lpcxpresso_5.1.2_2065/lpcxpresso/tools/bin/../lib/gcc/arm-none-eabi/4.6.2/../../../../arm-none-eabi/lib/armv6-m\libcr_c.a(ungetc.o)
                              c:/nxp/lpcxpresso_5.1.2_2065/lpcxpresso/tools/bin/../lib/gcc/arm-none-eabi/4.6.2/../../../../arm-none-eabi/lib/armv6-m\libcr_c.a(scanf.o) (ungetc)
c:/nxp/lpcxpresso_5.1.2_2065/lpcxpresso/tools/bin/../lib/gcc/arm-none-eabi/4.6.2/../../../../arm-none-eabi/lib/armv6-m\libcr_c.a(memcpy.o)
                              c:/nxp/lpcxpresso_5.1.2_2065/lpcxpresso/tools/bin/../lib/gcc/arm-none-eabi/4.6.2/../../../../arm-none-eabi/lib/armv6-m\libcr_c.a(alloc.o) (memcpy)
c:/nxp/lpcxpresso_5.1.2_2065/lpcxpresso/tools/bin/../lib/gcc/arm-none-eabi/4.6.2/../../../../arm-none-eabi/lib/armv6-m\libcr_c.a(memset.o)
                              c:/nxp/lpcxpresso_5.1.2_2065/lpcxpresso/tools/bin/../lib/gcc/arm-none-eabi/4.6.2/../../../../arm-none-eabi/lib/armv6-m\libcr_c.a(alloc.o) (memset)
c:/nxp/lpcxpresso_5.1.2_2065/lpcxpresso/tools/bin/../lib/gcc/arm-none-eabi/4.6.2/../../../../arm-none-eabi/lib/armv6-m\libcr_c.a(__fillbuf.o)
                              c:/nxp/lpcxpresso_5.1.2_2065/lpcxpresso/tools/bin/../lib/gcc/arm-none-eabi/4.6.2/../../../../arm-none-eabi/lib/armv6-m\libcr_c.a(scanf.o) (__filbuf)
c:/nxp/lpcxpresso_5.1.2_2065/lpcxpresso/tools/bin/../lib/gcc/arm-none-eabi/4.6.2/../../../../arm-none-eabi/lib/armv6-m\libcr_c.a(__init_alloc.o)
                              c:/nxp/lpcxpresso_5.1.2_2065/lpcxpresso/tools/bin/../lib/gcc/arm-none-eabi/4.6.2/../../../../arm-none-eabi/lib/armv6-m\libcr_c.a(alloc.o) (__heaps)
c:/nxp/lpcxpresso_5.1.2_2065/lpcxpresso/tools/bin/../lib/gcc/arm-none-eabi/4.6.2/../../../../arm-none-eabi/lib/armv6-m\libcr_c.a(_deferredlazyseek.o)
                              c:/nxp/lpcxpresso_5.1.2_2065/lpcxpresso/tools/bin/../lib/gcc/arm-none-eabi/4.6.2/../../../../arm-none-eabi/lib/armv6-m\libcr_c.a(__fillbuf.o) (_deferredlazyseek)
c:/nxp/lpcxpresso_5.1.2_2065/lpcxpresso/tools/bin/../lib/gcc/arm-none-eabi/4.6.2/../../../../arm-none-eabi/lib/armv6-m\libcr_c.a(_fflush.o)
                              c:/nxp/lpcxpresso_5.1.2_2065/lpcxpresso/tools/bin/../lib/gcc/arm-none-eabi/4.6.2/../../../../arm-none-eabi/lib/armv6-m\libcr_c.a(__fillbuf.o) (_fflush)
c:/nxp/lpcxpresso_5.1.2_2065/lpcxpresso/tools/bin/../lib/gcc/arm-none-eabi/4.6.2/../../../../arm-none-eabi/lib/armv6-m\libcr_c.a(_frexpl.o)
                              c:/nxp/lpcxpresso_5.1.2_2065/lpcxpresso/tools/bin/../lib/gcc/arm-none-eabi/4.6.2/../../../../arm-none-eabi/lib/armv6-m\libcr_c.a(fpprintf.o) (_frexpl)
c:/nxp/lpcxpresso_5.1.2_2065/lpcxpresso/tools/bin/../lib/gcc/arm-none-eabi/4.6.2/../../../../arm-none-eabi/lib/armv6-m\libcr_c.a(_hugeval.o)
[...]
Memory Configuration

Name             Origin             Length             Attributes
MFlash32         0x00000000         0x00008000         xr
RamLoc8          0x10000000         0x00002000         xrw
*default*        0x00000000         0xffffffff

Linker script and memory map

LOAD ./startup/cr_startup_lpc11.o
LOAD ./src/screens/debug.o
LOAD ./src/screens/headlines.o
LOAD ./src/screens/music.o
LOAD ./src/screens/snake.o
LOAD ./src/screens/watch.o
LOAD ./src/screens/weather.o
LOAD ./src/devices/accelerometer.o
LOAD ./src/devices/bluetooth.o
LOAD ./src/devices/fuel_gauge.o
LOAD ./src/devices/i2c_com.o
LOAD ./src/devices/joystick.o
LOAD ./src/devices/screen.o
LOAD ./src/devices/vibrator.o
LOAD ./src/globals.o
LOAD ./src/i2c_main.o
LOAD ./driver/can.o
LOAD ./driver/crp.o
LOAD ./driver/gpio.o
LOAD ./driver/i2c.o
LOAD ./driver/uart.o
LOAD ./cmsis/core_cm0.o
LOAD ./cmsis/system_LPC11xx.o
START GROUP
LOAD c:/nxp/lpcxpresso_5.1.2_2065/lpcxpresso/tools/bin/../lib/gcc/arm-none-eabi/4.6.2/../../../../arm-none-eabi/lib/armv6-m\libcr_c.a
LOAD c:/nxp/lpcxpresso_5.1.2_2065/lpcxpresso/tools/bin/../lib/gcc/arm-none-eabi/4.6.2/../../../../arm-none-eabi/lib/armv6-m\libcr_semihost.a
LOAD c:/nxp/lpcxpresso_5.1.2_2065/lpcxpresso/tools/bin/../lib/gcc/arm-none-eabi/4.6.2/armv6-m\libcr_eabihelpers.a
END GROUP
                0x00008000                __top_MFlash32 = 0x8000
                0x10002000                __top_RamLoc8 = 0x10002000

.text           0x00000000     0x4c28
 FILL mask 0xff
 *(.isr_vector)
 .isr_vector    0x00000000       0xc0 ./startup/cr_startup_lpc11.o
                0x00000000                g_pfnVectors
 *(.text.Reset_Handler .text.SystemInit)
 .text.SystemInit
                0x000000c0       0xb0 ./cmsis/system_LPC11xx.o
                0x000000c0                SystemInit
                0x000002fc                . = 0x2fc
 *fill*         0x00000170      0x18c ff
 *(.crp)
 .crp           0x000002fc        0x4 ./driver/crp.o
                0x000002fc                CRP_WORD
 *(.text*)
 .text.NMI_Handler
                0x00000300        0x4 ./startup/cr_startup_lpc11.o
                0x00000300                NMI_Handler
 .text.HardFault_Handler
                0x00000304        0x4 ./startup/cr_startup_lpc11.o
                0x00000304                HardFault_Handler
 .text.SVCall_Handler
                0x00000308        0x4 ./startup/cr_startup_lpc11.o
                0x00000308                SVCall_Handler
 .text.PendSV_Handler
                0x0000030c        0x4 ./startup/cr_startup_lpc11.o
                0x0000030c                PendSV_Handler
 .text.ResetISR
                0x00000310       0x44 ./startup/cr_startup_lpc11.o
                0x00000310                ResetISR
 .text.IntDefaultHandler
                0x00000354        0x4 ./startup/cr_startup_lpc11.o
                0x00000354                TIMER16_0_IRQHandler
                0x00000354                TIMER32_0_IRQHandler
                0x00000354                TIMER32_1_IRQHandler
                0x00000354                IntDefaultHandler
                0x00000354                CAN_IRQHandler
                0x00000354                SSP0_IRQHandler
                0x00000354                TIMER16_1_IRQHandler
                0x00000354                ADC_IRQHandler
                0x00000354                SSP1_IRQHandler
                0x00000354                PIOINT2_IRQHandler
                0x00000354                BOD_IRQHandler
                0x00000354                WAKEUP_IRQHandler
                0x00000354                WDT_IRQHandler
 .text.main_debug
                0x00000358       0xa8 ./src/screens/debug.o
                0x00000358                main_debug
 .text.get_headline
                0x00000400       0x24 ./src/screens/headlines.o
 .text.main_headlines
                0x00000424       0x4c ./src/screens/headlines.o
                0x00000424                main_headlines
 .text.main_music
                0x00000470      0x1ac ./src/screens/music.o
                0x00000470                main_music
 .text.draw_snake_square.isra.0
                0x0000061c       0x14 ./src/screens/snake.o
 .text.add_snake_square
                0x00000630       0xf8 ./src/screens/snake.o
                0x00000630                add_snake_square
 .text.main_snake
                0x00000728      0x12c ./src/screens/snake.o
                0x00000728                main_snake
 *fill*         0x00000854        0x4 00
 .text.get_time
                0x00000858       0x50 ./src/screens/watch.o
 .text.print_time
                0x000008a8       0xb8 ./src/screens/watch.o
 .text.main_watch
                0x00000960       0x8c ./src/screens/watch.o
                0x00000960                main_watch
 .text.get_weather
                0x000009ec       0x20 ./src/screens/weather.o
 .text.print_weather
                0x00000a0c       0x30 ./src/screens/weather.o
 .text.main_weather
                0x00000a3c       0x74 ./src/screens/weather.o
                0x00000a3c                main_weather
 .text.init_accel
                0x00000ab0       0x3c ./src/devices/accelerometer.o
                0x00000ab0                init_accel
 .text.get_acc_direction
                0x00000aec       0x24 ./src/devices/accelerometer.o
                0x00000aec                get_acc_direction
 .text.update_acc_data
                0x00000b10       0x38 ./src/devices/accelerometer.o
                0x00000b10                update_acc_data
 .text.get_current_orientation
                0x00000b48       0x3c ./src/devices/accelerometer.o
                0x00000b48                get_current_orientation
 .text.init_bl  0x00000b84       0x4a ./src/devices/bluetooth.o
                0x00000b84                init_bl
 *fill*         0x00000bce        0x2 00
 .text.send_bl_message
                0x00000bd0       0x1c ./src/devices/bluetooth.o
                0x00000bd0                send_bl_message
 .text.is_bl_message_available
                0x00000bec       0x12 ./src/devices/bluetooth.o
                0x00000bec                is_bl_message_available
 *fill*         0x00000bfe        0x2 00
 .text.set_bl_opcode
                0x00000c00       0x24 ./src/devices/bluetooth.o
                0x00000c00                set_bl_opcode
 .text.receive_bl_message
                0x00000c24       0x8c ./src/devices/bluetooth.o
                0x00000c24                receive_bl_message
 .text.get_bl_msg_and_process
                0x00000cb0       0x1c ./src/devices/bluetooth.o
                0x00000cb0                get_bl_msg_and_process
 .text.send_i2c_msg
                0x00000ccc       0x28 ./src/devices/i2c_com.o
                0x00000ccc                send_i2c_msg
 .text.write_i2c_register
                0x00000cf4       0x14 ./src/devices/i2c_com.o
                0x00000cf4                write_i2c_register
 .text.read_i2c_register
                0x00000d08       0x30 ./src/devices/i2c_com.o
                0x00000d08                read_i2c_register
 .text.getJoyDirection
                0x00000d38       0x10 ./src/devices/joystick.o
                0x00000d38                getJoyDirection
 .text.send     0x00000d48       0x18 ./src/devices/screen.o
 .text.wait     0x00000d60       0x14 ./src/devices/screen.o
                0x00000d60                wait
 .text.media_display
                0x00000d74       0x34 ./src/devices/screen.o
                0x00000d74                media_display
 .text.media_setSector
                0x00000da8       0x3c ./src/devices/screen.o
                0x00000da8                media_setSector
 .text.mediaInit
                0x00000de4       0x2c ./src/devices/screen.o
                0x00000de4                mediaInit
 .text.clearScreen
                0x00000e10       0x2c ./src/devices/screen.o
                0x00000e10                clearScreen
 .text.disableScrolling
                0x00000e3c       0x2c ./src/devices/screen.o
                0x00000e3c                disableScrolling
 .text.textSize
                0x00000e68       0x58 ./src/devices/screen.o
                0x00000e68                textSize
 .text.moveCursor
                0x00000ec0       0x34 ./src/devices/screen.o
                0x00000ec0                moveCursor
 .text.writeString
                0x00000ef4       0x48 ./src/devices/screen.o
                0x00000ef4                writeString
 .text.drawSquare
                0x00000f3c       0x58 ./src/devices/screen.o
                0x00000f3c                drawSquare
 .text.drawFillSquare
                0x00000f94       0x58 ./src/devices/screen.o
                0x00000f94                drawFillSquare
 .text.welcomeScreen
                0x00000fec       0xd0 ./src/devices/screen.o
                0x00000fec                welcomeScreen
 .text.initScreen
                0x000010bc       0x14 ./src/devices/screen.o
                0x000010bc                initScreen
 .text.weatherScreen
                0x000010d0       0xac ./src/devices/screen.o
                0x000010d0                weatherScreen
 .text.newsScreen
                0x0000117c       0x7c ./src/devices/screen.o
                0x0000117c                newsScreen
 .text.debugScreen
                0x000011f8       0x70 ./src/devices/screen.o
                0x000011f8                debugScreen
 .text.timeScreen
                0x00001268      0x108 ./src/devices/screen.o
                0x00001268                timeScreen
 .text.musicScreen
                0x00001370       0xe8 ./src/devices/screen.o
                0x00001370                musicScreen
 .text.get_pixel
                0x00001458       0x44 ./src/devices/screen.o
                0x00001458                get_pixel
 .text.vibrate  0x0000149c       0x38 ./src/devices/vibrator.o
                0x0000149c                vibrate
 .text.SysTick_Handler
                0x000014d4       0x78 ./src/i2c_main.o
                0x000014d4                SysTick_Handler
 .text.init_dir
                0x0000154c       0x26 ./src/i2c_main.o
                0x0000154c                init_dir
 *fill*         0x00001572        0x2 00
 .text.startup.main
                0x00001574      0x17c ./src/i2c_main.o
                0x00001574                main
 .text.GPIOInit
                0x000016f0       0x28 ./driver/gpio.o
                0x000016f0                GPIOInit
 .text.GPIOSetInterrupt
                0x00001718       0xdc ./driver/gpio.o
                0x00001718                GPIOSetInterrupt
 .text.GPIOIntEnable
                0x000017f4       0x40 ./driver/gpio.o
                0x000017f4                GPIOIntEnable
 .text.GPIOIntStatus
                0x00001834       0x48 ./driver/gpio.o
                0x00001834                GPIOIntStatus
 .text.GPIOIntClear
                0x0000187c       0x40 ./driver/gpio.o
                0x0000187c                GPIOIntClear
 .text.PIOINT3_IRQHandler
                0x000018bc       0x24 ./driver/gpio.o
                0x000018bc                PIOINT3_IRQHandler
 .text.PIOINT1_IRQHandler
                0x000018e0       0x54 ./driver/gpio.o
                0x000018e0                PIOINT1_IRQHandler
 .text.PIOINT0_IRQHandler
                0x00001934       0x24 ./driver/gpio.o
                0x00001934                PIOINT0_IRQHandler
 .text.GPIOSetValue
                0x00001958       0x14 ./driver/gpio.o
                0x00001958                GPIOSetValue
 .text.GPIOSetDir
                0x0000196c       0x30 ./driver/gpio.o
                0x0000196c                GPIOSetDir
 .text.I2C_IRQHandler
                0x0000199c      0x134 ./driver/i2c.o
                0x0000199c                I2C_IRQHandler
 .text.I2CInit  0x00001ad0       0x6c ./driver/i2c.o
                0x00001ad0                I2CInit
 .text.I2CEngine
                0x00001b3c       0x5c ./driver/i2c.o
                0x00001b3c                I2CEngine
 .text.UART_IRQHandler
                0x00001b98       0x9c ./driver/uart.o
                0x00001b98                UART_IRQHandler
 .text.UARTInit
                0x00001c34       0xcc ./driver/uart.o
                0x00001c34                UARTInit
 .text.UARTSend
                0x00001d00       0x24 ./driver/uart.o
                0x00001d00                UARTSend
 .text.SystemCoreClockUpdate
                0x00001d24       0xac ./cmsis/system_LPC11xx.o
                0x00001d24                SystemCoreClockUpdate
 .text.__weak_main
                0x00001dd0        0x8 c:/nxp/lpcxpresso_5.1.2_2065/lpcxpresso/tools/bin/../lib/gcc/arm-none-eabi/4.6.2/../../../../arm-none-eabi/lib/armv6-m\libcr_c.a(__weak__main.o)
                0x00001dd0                __weak_main
                0x00001dd0                __main
 .text.malloc   0x00001dd8       0xbc c:/nxp/lpcxpresso_5.1.2_2065/lpcxpresso/tools/bin/../lib/gcc/arm-none-eabi/4.6.2/../../../../arm-none-eabi/lib/armv6-m\libcr_c.a(alloc.o)
                0x00001dd8                malloc
 .text.free     0x00001e94        0xa c:/nxp/lpcxpresso_5.1.2_2065/lpcxpresso/tools/bin/../lib/gcc/arm-none-eabi/4.6.2/../../../../arm-none-eabi/lib/armv6-m\libcr_c.a(alloc.o)
                0x00001e94                free
 *fill*         0x00001e9e        0x2 00
 .text._Csys_alloc
                0x00001ea0       0x20 c:/nxp/lpcxpresso_5.1.2_2065/lpcxpresso/tools/bin/../lib/gcc/arm-none-eabi/4.6.2/../../../../arm-none-eabi/lib/armv6-m\libcr_c.a(alloc.o)
                0x00001ea0                _Csys_alloc
 .text.lose_trailing_zeros
                0x00001ec0       0x22 c:/nxp/lpcxpresso_5.1.2_2065/lpcxpresso/tools/bin/../lib/gcc/arm-none-eabi/4.6.2/../../../../arm-none-eabi/lib/armv6-m\libcr_c.a(fpprintf.o)
 .text.fp_round
                0x00001ee2       0x4c c:/nxp/lpcxpresso_5.1.2_2065/lpcxpresso/tools/bin/../lib/gcc/arm-none-eabi/4.6.2/../../../../arm-none-eabi/lib/armv6-m\libcr_c.a(fpprintf.o)
 .text.pr_dec.constprop.1
                0x00001f2e       0x2a c:/nxp/lpcxpresso_5.1.2_2065/lpcxpresso/tools/bin/../lib/gcc/arm-none-eabi/4.6.2/../../../../arm-none-eabi/lib/armv6-m\libcr_c.a(fpprintf.o)
 .text.sprintf  0x00001f58       0x78 c:/nxp/lpcxpresso_5.1.2_2065/lpcxpresso/tools/bin/../lib/gcc/arm-none-eabi/4.6.2/../../../../arm-none-eabi/lib/armv6-m\libcr_c.a(fpprintf.o)
                0x00001f58                sprintf
 .text.fp_display
                0x00001fd0      0x978 c:/nxp/lpcxpresso_5.1.2_2065/lpcxpresso/tools/bin/../lib/gcc/arm-none-eabi/4.6.2/../../../../arm-none-eabi/lib/armv6-m\libcr_c.a(fpprintf.o)
 .text.itoa     0x00002948       0x68 c:/nxp/lpcxpresso_5.1.2_2065/lpcxpresso/tools/bin/../lib/gcc/arm-none-eabi/4.6.2/../../../../arm-none-eabi/lib/armv6-m\libcr_c.a(itoa.o)
                0x00002948                itoa
 .text.__vfprintf
                0x000029b0      0xe18 c:/nxp/lpcxpresso_5.1.2_2065/lpcxpresso/tools/bin/../lib/gcc/arm-none-eabi/4.6.2/../../../../arm-none-eabi/lib/armv6-m\libcr_c.a(printf.o)
                0x000029b0                __vfprintf
 .text.ch_val   0x000037c8       0x34 c:/nxp/lpcxpresso_5.1.2_2065/lpcxpresso/tools/bin/../lib/gcc/arm-none-eabi/4.6.2/../../../../arm-none-eabi/lib/armv6-m\libcr_c.a(scanf.o)
 .text._strtoul
                0x000037fc       0xd0 c:/nxp/lpcxpresso_5.1.2_2065/lpcxpresso/tools/bin/../lib/gcc/arm-none-eabi/4.6.2/../../../../arm-none-eabi/lib/armv6-m\libcr_c.a(scanf.o)
 .text.strtol   0x000038cc       0x80 c:/nxp/lpcxpresso_5.1.2_2065/lpcxpresso/tools/bin/../lib/gcc/arm-none-eabi/4.6.2/../../../../arm-none-eabi/lib/armv6-m\libcr_c.a(scanf.o)
                0x000038cc                strtol
 .text.atol     0x0000394c       0x18 c:/nxp/lpcxpresso_5.1.2_2065/lpcxpresso/tools/bin/../lib/gcc/arm-none-eabi/4.6.2/../../../../arm-none-eabi/lib/armv6-m\libcr_c.a(scanf.o)
                0x0000394c                atol
 .text.strcpy   0x00003964       0x48 c:/nxp/lpcxpresso_5.1.2_2065/lpcxpresso/tools/bin/../lib/gcc/arm-none-eabi/4.6.2/../../../../arm-none-eabi/lib/armv6-m\libcr_c.a(strcpy.o)
                0x00003964                strcpy
 .text.strlen   0x000039ac       0x58 c:/nxp/lpcxpresso_5.1.2_2065/lpcxpresso/tools/bin/../lib/gcc/arm-none-eabi/4.6.2/../../../../arm-none-eabi/lib/armv6-m\libcr_c.a(strlen.o)
                0x000039ac                strlen
 .text.memset   0x00003a04        0x8 c:/nxp/lpcxpresso_5.1.2_2065/lpcxpresso/tools/bin/../lib/gcc/arm-none-eabi/4.6.2/../../../../arm-none-eabi/lib/armv6-m\libcr_c.a(memset.o)
                0x00003a04                memset
 .text._deferredlazyseek
                0x00003a0c       0x44 c:/nxp/lpcxpresso_5.1.2_2065/lpcxpresso/tools/bin/../lib/gcc/arm-none-eabi/4.6.2/../../../../arm-none-eabi/lib/armv6-m\libcr_c.a(_deferredlazyseek.o)
                0x00003a0c                _deferredlazyseek
 .text.__flsbuf
                0x00003a50      0x154 c:/nxp/lpcxpresso_5.1.2_2065/lpcxpresso/tools/bin/../lib/gcc/arm-none-eabi/4.6.2/../../../../arm-none-eabi/lib/armv6-m\libcr_c.a(_deferredlazyseek.o)
                0x00003a50                __flsbuf
 .text._fflush  0x00003ba4       0x60 c:/nxp/lpcxpresso_5.1.2_2065/lpcxpresso/tools/bin/../lib/gcc/arm-none-eabi/4.6.2/../../../../arm-none-eabi/lib/armv6-m\libcr_c.a(_fflush.o)
                0x00003ba4                _fflush
 *fill*         0x00003c04        0x4 00
 .text._frexpl  0x00003c08       0x88 c:/nxp/lpcxpresso_5.1.2_2065/lpcxpresso/tools/bin/../lib/gcc/arm-none-eabi/4.6.2/../../../../arm-none-eabi/lib/armv6-m\libcr_c.a(_frexpl.o)
                0x00003c08                _frexpl
 .text._ldexpl  0x00003c90       0x68 c:/nxp/lpcxpresso_5.1.2_2065/lpcxpresso/tools/bin/../lib/gcc/arm-none-eabi/4.6.2/../../../../arm-none-eabi/lib/armv6-m\libcr_c.a(_ldexpl.o)
                0x00003c90                _ldexpl
 .text._Cwritebuf
                0x00003cf8       0x6c c:/nxp/lpcxpresso_5.1.2_2065/lpcxpresso/tools/bin/../lib/gcc/arm-none-eabi/4.6.2/../../../../arm-none-eabi/lib/armv6-m\libcr_c.a(_writebuf.o)
                0x00003cf8                _Cwritebuf
 .text.fseek    0x00003d64       0xf0 c:/nxp/lpcxpresso_5.1.2_2065/lpcxpresso/tools/bin/../lib/gcc/arm-none-eabi/4.6.2/../../../../arm-none-eabi/lib/armv6-m\libcr_c.a(fseek.o)
                0x00003d64                fseek
 .text.ftell    0x00003e54       0x4c c:/nxp/lpcxpresso_5.1.2_2065/lpcxpresso/tools/bin/../lib/gcc/arm-none-eabi/4.6.2/../../../../arm-none-eabi/lib/armv6-m\libcr_c.a(ftell.o)
                0x00003e54                ftell
 .text.__sys_appexit
                0x00003ea0        0xc c:/nxp/lpcxpresso_5.1.2_2065/lpcxpresso/tools/bin/../lib/gcc/arm-none-eabi/4.6.2/../../../../arm-none-eabi/lib/armv6-m\libcr_semihost.a(__sys_appexit.o)
                0x00003ea0                __sys_appexit
                0x00003ea0                __exit
 .text.__sys_flen
                0x00003eac        0xc c:/nxp/lpcxpresso_5.1.2_2065/lpcxpresso/tools/bin/../lib/gcc/arm-none-eabi/4.6.2/../../../../arm-none-eabi/lib/armv6-m\libcr_semihost.a(__sys_flen.o)
                0x00003eac                __sys_flen
 .text.__sys_istty
                0x00003eb8        0xc c:/nxp/lpcxpresso_5.1.2_2065/lpcxpresso/tools/bin/../lib/gcc/arm-none-eabi/4.6.2/../../../../arm-none-eabi/lib/armv6-m\libcr_semihost.a(__sys_istty.o)
                0x00003eb8                __sys_istty
 .text.__sys_seek
                0x00003ec4        0xc c:/nxp/lpcxpresso_5.1.2_2065/lpcxpresso/tools/bin/../lib/gcc/arm-none-eabi/4.6.2/../../../../arm-none-eabi/lib/armv6-m\libcr_semihost.a(__sys_seek.o)
                0x00003ec4                __sys_seek
 .text.__sys_write
                0x00003ed0        0xc c:/nxp/lpcxpresso_5.1.2_2065/lpcxpresso/tools/bin/../lib/gcc/arm-none-eabi/4.6.2/../../../../arm-none-eabi/lib/armv6-m\libcr_semihost.a(__sys_write.o)
                0x00003ed0                __sys_write
                0x00003ed0                __write
 .text._sbrk    0x00003edc       0x40 c:/nxp/lpcxpresso_5.1.2_2065/lpcxpresso/tools/bin/../lib/gcc/arm-none-eabi/4.6.2/../../../../arm-none-eabi/lib/armv6-m\libcr_semihost.a(_cr_sbrk.o)
                0x00003edc                _sbrk
 .text.__check_heap_overflow
                0x00003f1c       0x2c c:/nxp/lpcxpresso_5.1.2_2065/lpcxpresso/tools/bin/../lib/gcc/arm-none-eabi/4.6.2/../../../../arm-none-eabi/lib/armv6-m\libcr_semihost.a(_cr_check_heap.o)
                0x00003f1c                __check_heap_overflow
 .text.__aeabi_division_idivmod
                0x00003f48        0x6 c:/nxp/lpcxpresso_5.1.2_2065/lpcxpresso/tools/bin/../lib/gcc/arm-none-eabi/4.6.2/armv6-m\libcr_eabihelpers.a(division.o)
                0x00003f48                __aeabi_idivmod
                0x00003f48                __aeabi_idiv
 .text.__aeabi_division_uidivmod
                0x00003f4e       0x72 c:/nxp/lpcxpresso_5.1.2_2065/lpcxpresso/tools/bin/../lib/gcc/arm-none-eabi/4.6.2/armv6-m\libcr_eabihelpers.a(division.o)
                0x00003f4e                __aeabi_uidivmod
                0x00003f4e                __aeabi_uidiv
 .text.__aeabi_division_uldivmod
                0x00003fc0       0x5a c:/nxp/lpcxpresso_5.1.2_2065/lpcxpresso/tools/bin/../lib/gcc/arm-none-eabi/4.6.2/armv6-m\libcr_eabihelpers.a(division.o)
                0x00003fc0                __aeabi_uldivmod
 .text.__aeabi_division_idiv0
                0x0000401a        0x2 c:/nxp/lpcxpresso_5.1.2_2065/lpcxpresso/tools/bin/../lib/gcc/arm-none-eabi/4.6.2/armv6-m\libcr_eabihelpers.a(division.o)
                0x0000401a                __aeabi_idiv0
 *fill*         0x0000401c        0x4 00
 .text.__aeabi_dmul
                0x00004020      0x180 c:/nxp/lpcxpresso_5.1.2_2065/lpcxpresso/tools/bin/../lib/gcc/arm-none-eabi/4.6.2/armv6-m\libcr_eabihelpers.a(double.o)
                0x00004020                __aeabi_dmul
 .text.__aeabi_ddiv
                0x000041a0      0x178 c:/nxp/lpcxpresso_5.1.2_2065/lpcxpresso/tools/bin/../lib/gcc/arm-none-eabi/4.6.2/armv6-m\libcr_eabihelpers.a(double.o)
                0x000041a0                __aeabi_ddiv
 .text.__aeabi_dsub
                0x00004318      0x1d8 c:/nxp/lpcxpresso_5.1.2_2065/lpcxpresso/tools/bin/../lib/gcc/arm-none-eabi/4.6.2/armv6-m\libcr_eabihelpers.a(double.o)
                0x00004318                __aeabi_dsub
 .text.__aeabi_dadd
                0x000044f0      0x140 c:/nxp/lpcxpresso_5.1.2_2065/lpcxpresso/tools/bin/../lib/gcc/arm-none-eabi/4.6.2/armv6-m\libcr_eabihelpers.a(double.o)
                0x000044f0                __aeabi_dadd
 .text.__aeabi_d2iz
                0x00004630       0x4c c:/nxp/lpcxpresso_5.1.2_2065/lpcxpresso/tools/bin/../lib/gcc/arm-none-eabi/4.6.2/armv6-m\libcr_eabihelpers.a(double.o)
                0x00004630                __aeabi_d2iz
 .text.__bhs_ui2d
                0x0000467c       0x5e c:/nxp/lpcxpresso_5.1.2_2065/lpcxpresso/tools/bin/../lib/gcc/arm-none-eabi/4.6.2/armv6-m\libcr_eabihelpers.a(double.o)
                0x0000467c                __bhs_ui2d
 .text.__aeabi_i2d
                0x000046da       0x16 c:/nxp/lpcxpresso_5.1.2_2065/lpcxpresso/tools/bin/../lib/gcc/arm-none-eabi/4.6.2/armv6-m\libcr_eabihelpers.a(double.o)
                0x000046da                __aeabi_i2d
 .text.__aeabi_dcmpeq
                0x000046f0       0x40 c:/nxp/lpcxpresso_5.1.2_2065/lpcxpresso/tools/bin/../lib/gcc/arm-none-eabi/4.6.2/armv6-m\libcr_eabihelpers.a(double.o)
                0x000046f0                __aeabi_dcmpeq
 .text.__aeabi_dcmplt
                0x00004730       0x64 c:/nxp/lpcxpresso_5.1.2_2065/lpcxpresso/tools/bin/../lib/gcc/arm-none-eabi/4.6.2/armv6-m\libcr_eabihelpers.a(double.o)
                0x00004730                __aeabi_dcmplt
 .text.__aeabi_dcmple
                0x00004794       0x64 c:/nxp/lpcxpresso_5.1.2_2065/lpcxpresso/tools/bin/../lib/gcc/arm-none-eabi/4.6.2/armv6-m\libcr_eabihelpers.a(double.o)
                0x00004794                __aeabi_dcmple
 .text.__aeabi_dcmpge
                0x000047f8       0x64 c:/nxp/lpcxpresso_5.1.2_2065/lpcxpresso/tools/bin/../lib/gcc/arm-none-eabi/4.6.2/armv6-m\libcr_eabihelpers.a(double.o)
                0x000047f8                __aeabi_dcmpge
 .text.__aeabi_llong_lmul
                0x0000485c       0x2e c:/nxp/lpcxpresso_5.1.2_2065/lpcxpresso/tools/bin/../lib/gcc/arm-none-eabi/4.6.2/armv6-m\libcr_eabihelpers.a(llong.o)
                0x0000485c                __aeabi_lmul
 .text.__aeabi_memset_lowlevel
                0x0000488a       0x2a c:/nxp/lpcxpresso_5.1.2_2065/lpcxpresso/tools/bin/../lib/gcc/arm-none-eabi/4.6.2/armv6-m\libcr_eabihelpers.a(memcpy.o)
                0x0000488a                __aeabi_lowlevel_memset
 .text.__gnu_thumb1_case_uqi
                0x000048b4       0x10 c:/nxp/lpcxpresso_5.1.2_2065/lpcxpresso/tools/bin/../lib/gcc/arm-none-eabi/4.6.2/armv6-m\libcr_eabihelpers.a(thumb1_switch_helpers.o)
                0x000048b4                __gnu_thumb1_case_uqi
 *(.rodata*)
 .rodata.str1.1
                0x000048c4       0x49 ./src/screens/debug.o
 .rodata.str1.1
                0x0000490d        0xb ./src/screens/music.o
 .rodata.str1.1
                0x00004918        0xd ./src/screens/snake.o
 .rodata.str1.1
                0x00004925       0x38 ./src/screens/weather.o
 *fill*         0x0000495d        0x3 00
 .rodata.bl_send
                0x00004960        0x4 ./src/devices/bluetooth.o
                0x00004960                bl_send
 .rodata.str1.1
                0x00004964       0x55 ./src/devices/screen.o
 *fill*         0x000049b9        0x3 00
 .rodata.LPC_GPIO
                0x000049bc       0x10 ./driver/gpio.o
 .rodata.CSWTCH.7
                0x000049cc       0x40 ./cmsis/system_LPC11xx.o
 .rodata.str1.1
                0x00004a0c       0x18 c:/nxp/lpcxpresso_5.1.2_2065/lpcxpresso/tools/bin/../lib/gcc/arm-none-eabi/4.6.2/../../../../arm-none-eabi/lib/armv6-m\libcr_c.a(alloc.o)
 .rodata.str1.1
                0x00004a24       0x34 c:/nxp/lpcxpresso_5.1.2_2065/lpcxpresso/tools/bin/../lib/gcc/arm-none-eabi/4.6.2/../../../../arm-none-eabi/lib/armv6-m\libcr_c.a(fpprintf.o)
                                 0x35 (size before relaxing)
 .rodata.digits
                0x00004a58       0x11 c:/nxp/lpcxpresso_5.1.2_2065/lpcxpresso/tools/bin/../lib/gcc/arm-none-eabi/4.6.2/../../../../arm-none-eabi/lib/armv6-m\libcr_c.a(itoa.o)
 .rodata.str1.1
                0x00004a69       0x31 c:/nxp/lpcxpresso_5.1.2_2065/lpcxpresso/tools/bin/../lib/gcc/arm-none-eabi/4.6.2/../../../../arm-none-eabi/lib/armv6-m\libcr_c.a(printf.o)
                                 0x38 (size before relaxing)
 *fill*         0x00004a9a        0x6 00
 .rodata.__huge_vall
                0x00004aa0        0x8 c:/nxp/lpcxpresso_5.1.2_2065/lpcxpresso/tools/bin/../lib/gcc/arm-none-eabi/4.6.2/../../../../arm-none-eabi/lib/armv6-m\libcr_c.a(_hugeval.o)
                0x00004aa0                __huge_vall
 .rodata.__ctype
                0x00004aa8      0x180 c:/nxp/lpcxpresso_5.1.2_2065/lpcxpresso/tools/bin/../lib/gcc/arm-none-eabi/4.6.2/../../../../arm-none-eabi/lib/armv6-m\libcr_c.a(ctype.o)
                0x00004aa8                __ctype

.glue_7         0x00004c28        0x0
 .glue_7        0x00000000        0x0 linker stubs

.glue_7t        0x00004c28        0x0
 .glue_7t       0x00000000        0x0 linker stubs

.vfp11_veneer   0x00004c28        0x0
 .vfp11_veneer  0x00000000        0x0 linker stubs

.v4_bx          0x00004c28        0x0
 .v4_bx         0x00000000        0x0 linker stubs

.ARM.extab
 *(.ARM.extab* .gnu.linkonce.armextab.*)
                0x00004c28                __exidx_start = .

.ARM.exidx
 *(.ARM.exidx* .gnu.linkonce.armexidx.*)
                0x00004c28                __exidx_end = .
                0x00004c28                _etext = .

.data           0x10000000        0x8 load address 0x00004c28
                0x10000000                _data = .
 *(vtable)
 *(.data*)
 .data.UARTTxEmpty
                0x10000000        0x1 ./driver/uart.o
                0x10000000                UARTTxEmpty
 *fill*         0x10000001        0x3 00
 .data.SystemCoreClock
                0x10000004        0x4 ./cmsis/system_LPC11xx.o
                0x10000004                SystemCoreClock
                0x10000008                _edata = .

.bss            0x10000008      0x3d0 load address 0x00004c30
                0x10000008                _bss = .
 *(.bss*)
 .bss.time_image
                0x10000008        0x4 ./src/devices/screen.o
                0x10000008                time_image
 .bss.music_image
                0x1000000c        0x4 ./src/devices/screen.o
                0x1000000c                music_image
 .bss.milli.4628
                0x10000010        0x8 ./src/i2c_main.o
 .bss.RdIndex   0x10000018        0x4 ./driver/i2c.o
                0x10000018                RdIndex
 .bss.I2CMasterState
                0x1000001c        0x4 ./driver/i2c.o
                0x1000001c                I2CMasterState
 .bss.WrIndex   0x10000020        0x4 ./driver/i2c.o
                0x10000020                WrIndex
 .bss.timeout   0x10000024        0x4 ./driver/i2c.o
                0x10000024                timeout
 .bss.UARTCount
                0x10000028        0x4 ./driver/uart.o
                0x10000028                UARTCount
 .bss.errno     0x1000002c        0x4 c:/nxp/lpcxpresso_5.1.2_2065/lpcxpresso/tools/bin/../lib/gcc/arm-none-eabi/4.6.2/../../../../arm-none-eabi/lib/armv6-m\libcr_c.a(errno.o)
                0x1000002c                errno
 *(COMMON)
 COMMON         0x10000030      0x12c ./src/screens/debug.o
                0x10000030                current_state
                0x10000031                next_state
                0x10000032                unixtime_str
                0x10000040                unixtime
                0x10000048                run_state
                0x10000049                bl_receive
                0x10000149                joystick_dir
                0x1000014a                tick
                0x1000014c                x_g
                0x10000150                last_bl_time_update
                0x10000158                z_g
                0x1000015a                y_g
 *fill*         0x1000015c        0x4 00
 COMMON         0x10000160       0x20 ./src/screens/snake.o
                0x10000160                back
                0x10000164                s_dir
                0x10000168                front
                0x1000016c                s_tick
                0x10000170                vib_start_time
                0x10000178                vib_duration
                0x1000017c                snake_timer
 COMMON         0x10000180      0x20c ./driver/i2c.o
                0x10000180                I2CReadLength
                0x10000184                I2CSlaveBuffer
                0x10000284                I2CMode
                0x10000288                I2CMasterBuffer
                0x10000388                I2CWriteLength
 COMMON         0x1000038c       0x44 ./driver/uart.o
                0x1000038c                UARTBuffer
                0x100003cc                UARTStatus
 COMMON         0x100003d0        0x8 c:/nxp/lpcxpresso_5.1.2_2065/lpcxpresso/tools/bin/../lib/gcc/arm-none-eabi/4.6.2/../../../../arm-none-eabi/lib/armv6-m\libcr_c.a(__init_alloc.o)
                0x100003d0                __heaps
                0x100003d4                __end_of_heap
                0x100003d8                _ebss = .

.cr_heap        0x100003d8        0x0 load address 0x00004c30
                0x100003d8                end = .
                0x100003d8                _pvHeapStart = .
                0x10002000                _vRamTop = __top_RamLoc8
                0x10002000                _vStackTop = _vRamTop
OUTPUT(i2c.axf elf32-littlearm)

.debug_info     0x00000000     0x6ad6
 .debug_info    0x00000000      0x1ea ./startup/cr_startup_lpc11.o
 .debug_info    0x000001ea      0x407 ./src/screens/debug.o
 .debug_info    0x000005f1      0x2e1 ./src/screens/headlines.o
 .debug_info    0x000008d2      0x48f ./src/screens/music.o
 .debug_info    0x00000d61      0x50f ./src/screens/snake.o
 .debug_info    0x00001270      0x4d2 ./src/screens/watch.o
 .debug_info    0x00001742      0x4d6 ./src/screens/weather.o
 .debug_info    0x00001c18      0x260 ./src/devices/accelerometer.o
 .debug_info    0x00001e78      0x33b ./src/devices/bluetooth.o
 .debug_info    0x000021b3       0xce ./src/devices/fuel_gauge.o
 .debug_info    0x00002281      0x1f0 ./src/devices/i2c_com.o
 .debug_info    0x00002471       0xa1 ./src/devices/joystick.o
 .debug_info    0x00002512      0x653 ./src/devices/screen.o
 .debug_info    0x00002b65      0x384 ./src/devices/vibrator.o
 .debug_info    0x00002ee9      0x2ee ./src/globals.o
 .debug_info    0x000031d7      0x94d ./src/i2c_main.o
 .debug_info    0x00003b24       0x6c ./driver/can.o
 .debug_info    0x00003b90       0x8e ./driver/crp.o
 .debug_info    0x00003c1e      0xd0a ./driver/gpio.o
 .debug_info    0x00004928      0xca5 ./driver/i2c.o
 .debug_info    0x000055cd      0xcdb ./driver/uart.o
 .debug_info    0x000062a8      0x2aa ./cmsis/core_cm0.o
 .debug_info    0x00006552      0x584 ./cmsis/system_LPC11xx.o

.debug_abbrev   0x00000000     0x1df3
 .debug_abbrev  0x00000000       0xb2 ./startup/cr_startup_lpc11.o
 .debug_abbrev  0x000000b2      0x172 ./src/screens/debug.o
 .debug_abbrev  0x00000224      0x150 ./src/screens/headlines.o
 .debug_abbrev  0x00000374      0x191 ./src/screens/music.o
 .debug_abbrev  0x00000505      0x1cb ./src/screens/snake.o
 .debug_abbrev  0x000006d0      0x1b3 ./src/screens/watch.o
 .debug_abbrev  0x00000883      0x1d1 ./src/screens/weather.o
 .debug_abbrev  0x00000a54       0xef ./src/devices/accelerometer.o
 .debug_abbrev  0x00000b43      0x150 ./src/devices/bluetooth.o
 .debug_abbrev  0x00000c93       0x4e ./src/devices/fuel_gauge.o
 .debug_abbrev  0x00000ce1       0xb1 ./src/devices/i2c_com.o
 .debug_abbrev  0x00000d92       0x7f ./src/devices/joystick.o
 .debug_abbrev  0x00000e11      0x200 ./src/devices/screen.o
 .debug_abbrev  0x00001011      0x167 ./src/devices/vibrator.o
 .debug_abbrev  0x00001178      0x11b ./src/globals.o
 .debug_abbrev  0x00001293      0x294 ./src/i2c_main.o
 .debug_abbrev  0x00001527       0x2a ./driver/can.o
 .debug_abbrev  0x00001551       0x4f ./driver/crp.o
 .debug_abbrev  0x000015a0      0x2da ./driver/gpio.o
 .debug_abbrev  0x0000187a      0x1b5 ./driver/i2c.o
 .debug_abbrev  0x00001a2f      0x1dc ./driver/uart.o
 .debug_abbrev  0x00001c0b       0xad ./cmsis/core_cm0.o
 .debug_abbrev  0x00001cb8      0x13b ./cmsis/system_LPC11xx.o

.debug_loc      0x00000000     0x1725
 .debug_loc     0x00000000      0x129 ./startup/cr_startup_lpc11.o
 .debug_loc     0x00000129       0x3f ./src/screens/debug.o
 .debug_loc     0x00000168       0x7c ./src/screens/headlines.o
 .debug_loc     0x000001e4       0xbf ./src/screens/music.o
 .debug_loc     0x000002a3      0x15f ./src/screens/snake.o
 .debug_loc     0x00000402      0x130 ./src/screens/watch.o
 .debug_loc     0x00000532       0xfa ./src/screens/weather.o
 .debug_loc     0x0000062c       0x93 ./src/devices/accelerometer.o
 .debug_loc     0x000006bf      0x171 ./src/devices/bluetooth.o
 .debug_loc     0x00000830       0x60 ./src/devices/fuel_gauge.o
 .debug_loc     0x00000890      0x117 ./src/devices/i2c_com.o
 .debug_loc     0x000009a7      0x494 ./src/devices/screen.o
 .debug_loc     0x00000e3b       0x33 ./src/devices/vibrator.o
 .debug_loc     0x00000e6e      0x129 ./src/i2c_main.o
 .debug_loc     0x00000f97      0x3c6 ./driver/gpio.o
 .debug_loc     0x0000135d       0xf9 ./driver/i2c.o
 .debug_loc     0x00001456      0x125 ./driver/uart.o
 .debug_loc     0x0000157b      0x112 ./cmsis/core_cm0.o
 .debug_loc     0x0000168d       0x98 ./cmsis/system_LPC11xx.o

.debug_aranges  0x00000000      0x4f0
 .debug_aranges
                0x00000000       0x50 ./startup/cr_startup_lpc11.o
 .debug_aranges
                0x00000050       0x20 ./src/screens/debug.o
 .debug_aranges
                0x00000070       0x28 ./src/screens/headlines.o
 .debug_aranges
                0x00000098       0x20 ./src/screens/music.o
 .debug_aranges
                0x000000b8       0x30 ./src/screens/snake.o
 .debug_aranges
                0x000000e8       0x30 ./src/screens/watch.o
 .debug_aranges
                0x00000118       0x30 ./src/screens/weather.o
 .debug_aranges
                0x00000148       0x38 ./src/devices/accelerometer.o
 .debug_aranges
                0x00000180       0x48 ./src/devices/bluetooth.o
 .debug_aranges
                0x000001c8       0x30 ./src/devices/fuel_gauge.o
 .debug_aranges
                0x000001f8       0x30 ./src/devices/i2c_com.o
 .debug_aranges
                0x00000228       0x20 ./src/devices/joystick.o
 .debug_aranges
                0x00000248       0xd0 ./src/devices/screen.o
 .debug_aranges
                0x00000318       0x28 ./src/devices/vibrator.o
 .debug_aranges
                0x00000340       0x30 ./src/i2c_main.o
 .debug_aranges
                0x00000370       0x70 ./driver/gpio.o
 .debug_aranges
                0x000003e0       0x40 ./driver/i2c.o
 .debug_aranges
                0x00000420       0x38 ./driver/uart.o
 .debug_aranges
                0x00000458       0x70 ./cmsis/core_cm0.o
 .debug_aranges
                0x000004c8       0x28 ./cmsis/system_LPC11xx.o

.debug_ranges   0x00000000      0x3e0
 .debug_ranges  0x00000000       0x40 ./startup/cr_startup_lpc11.o
 .debug_ranges  0x00000040       0x10 ./src/screens/debug.o
 .debug_ranges  0x00000050       0x18 ./src/screens/headlines.o
 .debug_ranges  0x00000068       0x10 ./src/screens/music.o
 .debug_ranges  0x00000078       0x38 ./src/screens/snake.o
 .debug_ranges  0x000000b0       0x20 ./src/screens/watch.o
 .debug_ranges  0x000000d0       0x20 ./src/screens/weather.o
 .debug_ranges  0x000000f0       0x28 ./src/devices/accelerometer.o
 .debug_ranges  0x00000118       0x38 ./src/devices/bluetooth.o
 .debug_ranges  0x00000150       0x20 ./src/devices/fuel_gauge.o
 .debug_ranges  0x00000170       0x20 ./src/devices/i2c_com.o
 .debug_ranges  0x00000190       0x10 ./src/devices/joystick.o
 .debug_ranges  0x000001a0       0xc0 ./src/devices/screen.o
 .debug_ranges  0x00000260       0x18 ./src/devices/vibrator.o
 .debug_ranges  0x00000278       0x38 ./src/i2c_main.o
 .debug_ranges  0x000002b0       0x60 ./driver/gpio.o
 .debug_ranges  0x00000310       0x30 ./driver/i2c.o
 .debug_ranges  0x00000340       0x28 ./driver/uart.o
 .debug_ranges  0x00000368       0x60 ./cmsis/core_cm0.o
 .debug_ranges  0x000003c8       0x18 ./cmsis/system_LPC11xx.o

.debug_line     0x00000000     0x220a
 .debug_line    0x00000000       0xd3 ./startup/cr_startup_lpc11.o
 .debug_line    0x000000d3      0x177 ./src/screens/debug.o
 .debug_line    0x0000024a      0x14e ./src/screens/headlines.o
 .debug_line    0x00000398      0x198 ./src/screens/music.o
 .debug_line    0x00000530      0x1d3 ./src/screens/snake.o
 .debug_line    0x00000703      0x1c9 ./src/screens/watch.o
 .debug_line    0x000008cc      0x19e ./src/screens/weather.o
 .debug_line    0x00000a6a      0x15b ./src/devices/accelerometer.o
 .debug_line    0x00000bc5      0x19f ./src/devices/bluetooth.o
 .debug_line    0x00000d64       0xfb ./src/devices/fuel_gauge.o
 .debug_line    0x00000e5f      0x118 ./src/devices/i2c_com.o
 .debug_line    0x00000f77       0x5d ./src/devices/joystick.o
 .debug_line    0x00000fd4      0x475 ./src/devices/screen.o
 .debug_line    0x00001449      0x13f ./src/devices/vibrator.o
 .debug_line    0x00001588       0xe1 ./src/globals.o
 .debug_line    0x00001669      0x1f9 ./src/i2c_main.o
 .debug_line    0x00001862       0x1d ./driver/can.o
 .debug_line    0x0000187f       0xb6 ./driver/crp.o
 .debug_line    0x00001935      0x261 ./driver/gpio.o
 .debug_line    0x00001b96      0x19d ./driver/i2c.o
 .debug_line    0x00001d33      0x1c8 ./driver/uart.o
 .debug_line    0x00001efb      0x188 ./cmsis/core_cm0.o
 .debug_line    0x00002083      0x187 ./cmsis/system_LPC11xx.o

.debug_str      0x00000000     0x1562
 .debug_str     0x00000000      0x1af ./startup/cr_startup_lpc11.o
                                0x1e9 (size before relaxing)
 .debug_str     0x000001af      0x148 ./src/screens/debug.o
                                0x293 (size before relaxing)
 .debug_str     0x000002f7       0x64 ./src/screens/headlines.o
                                0x270 (size before relaxing)
 .debug_str     0x0000035b       0x5b ./src/screens/music.o
                                0x2b8 (size before relaxing)
 .debug_str     0x000003b6      0x133 ./src/screens/snake.o
                                0x34e (size before relaxing)
 .debug_str     0x000004e9       0x83 ./src/screens/watch.o
                                0x2f6 (size before relaxing)
 .debug_str     0x0000056c       0xb0 ./src/screens/weather.o
                                0x325 (size before relaxing)
 .debug_str     0x0000061c       0x64 ./src/devices/accelerometer.o
                                0x26b (size before relaxing)
 .debug_str     0x00000680       0xc0 ./src/devices/bluetooth.o
                                0x2b5 (size before relaxing)
 .debug_str     0x00000740       0x5a ./src/devices/fuel_gauge.o
                                0x182 (size before relaxing)
 .debug_str     0x0000079a       0x92 ./src/devices/i2c_com.o
                                0x1ca (size before relaxing)
 .debug_str     0x0000082c       0x36 ./src/devices/joystick.o
                                0x103 (size before relaxing)
 .debug_str     0x00000862      0x171 ./src/devices/screen.o
                                0x389 (size before relaxing)
 .debug_str     0x000009d3       0x30 ./src/devices/vibrator.o
                                0x263 (size before relaxing)
 .debug_str     0x00000a03       0x11 ./src/globals.o
                                0x216 (size before relaxing)
 .debug_str     0x00000a14      0x31a ./src/i2c_main.o
                                0x5d4 (size before relaxing)
 .debug_str     0x00000d2e       0x10 ./driver/can.o
                                0x127 (size before relaxing)
 .debug_str     0x00000d3e       0x19 ./driver/crp.o
                                0x139 (size before relaxing)
 .debug_str     0x00000d57      0x3b2 ./driver/gpio.o
                                0x832 (size before relaxing)
 .debug_str     0x00001109      0x27f ./driver/i2c.o
                                0x89e (size before relaxing)
 .debug_str     0x00001388       0xd9 ./driver/uart.o
                                0x851 (size before relaxing)
 .debug_str     0x00001461       0xb8 ./cmsis/core_cm0.o
                                0x1fe (size before relaxing)
 .debug_str     0x00001519       0x49 ./cmsis/system_LPC11xx.o
                                0x425 (size before relaxing)

.comment        0x00000000       0xe0
 .comment       0x00000000       0x70 ./startup/cr_startup_lpc11.o
                                 0x71 (size before relaxing)
 .comment       0x00000000       0x71 ./src/screens/debug.o
 .comment       0x00000000       0x71 ./src/screens/headlines.o
 .comment       0x00000000       0x71 ./src/screens/music.o
 .comment       0x00000000       0x71 ./src/screens/snake.o
 .comment       0x00000000       0x71 ./src/screens/watch.o
 .comment       0x00000000       0x71 ./src/screens/weather.o
 .comment       0x00000000       0x71 ./src/devices/accelerometer.o
 .comment       0x00000000       0x71 ./src/devices/bluetooth.o
 .comment       0x00000000       0x71 ./src/devices/fuel_gauge.o
 .comment       0x00000000       0x71 ./src/devices/i2c_com.o
 .comment       0x00000000       0x71 ./src/devices/joystick.o
 .comment       0x00000000       0x71 ./src/devices/screen.o
 .comment       0x00000000       0x71 ./src/devices/vibrator.o
 .comment       0x00000000       0x71 ./src/globals.o
 .comment       0x00000000       0x71 ./src/i2c_main.o
 .comment       0x00000000       0x71 ./driver/can.o
 .comment       0x00000000       0x71 ./driver/crp.o
 .comment       0x00000000       0x71 ./driver/gpio.o
 .comment       0x00000000       0x71 ./driver/i2c.o
 .comment       0x00000000       0x71 ./driver/uart.o
 .comment       0x00000000       0x71 ./cmsis/core_cm0.o
 .comment       0x00000000       0x71 ./cmsis/system_LPC11xx.o
 .comment       0x00000070       0x70 c:/nxp/lpcxpresso_5.1.2_2065/lpcxpresso/tools/bin/../lib/gcc/arm-none-eabi/4.6.2/../../../../arm-none-eabi/lib/armv6-m\libcr_c.a(__weak__main.o)
                                 0x71 (size before relaxing)
 .comment       0x00000000       0x71 c:/nxp/lpcxpresso_5.1.2_2065/lpcxpresso/tools/bin/../lib/gcc/arm-none-eabi/4.6.2/../../../../arm-none-eabi/lib/armv6-m\libcr_c.a(alloc.o)
 .comment       0x00000000       0x71 c:/nxp/lpcxpresso_5.1.2_2065/lpcxpresso/tools/bin/../lib/gcc/arm-none-eabi/4.6.2/../../../../arm-none-eabi/lib/armv6-m\libcr_c.a(fpprintf.o)
 .comment       0x00000000       0x71 c:/nxp/lpcxpresso_5.1.2_2065/lpcxpresso/tools/bin/../lib/gcc/arm-none-eabi/4.6.2/../../../../arm-none-eabi/lib/armv6-m\libcr_c.a(itoa.o)
 .comment       0x00000000       0x71 c:/nxp/lpcxpresso_5.1.2_2065/lpcxpresso/tools/bin/../lib/gcc/arm-none-eabi/4.6.2/../../../../arm-none-eabi/lib/armv6-m\libcr_c.a(printf.o)
 .comment       0x00000000       0x71 c:/nxp/lpcxpresso_5.1.2_2065/lpcxpresso/tools/bin/../lib/gcc/arm-none-eabi/4.6.2/../../../../arm-none-eabi/lib/armv6-m\libcr_c.a(scanf.o)
 .comment       0x00000000       0x71 c:/nxp/lpcxpresso_5.1.2_2065/lpcxpresso/tools/bin/../lib/gcc/arm-none-eabi/4.6.2/../../../../arm-none-eabi/lib/armv6-m\libcr_c.a(stdio.o)
 .comment       0x00000000       0x71 c:/nxp/lpcxpresso_5.1.2_2065/lpcxpresso/tools/bin/../lib/gcc/arm-none-eabi/4.6.2/../../../../arm-none-eabi/lib/armv6-m\libcr_c.a(strcpy.o)
 .comment       0x00000000       0x71 c:/nxp/lpcxpresso_5.1.2_2065/lpcxpresso/tools/bin/../lib/gcc/arm-none-eabi/4.6.2/../../../../arm-none-eabi/lib/armv6-m\libcr_c.a(strlen.o)
 .comment       0x00000000       0x71 c:/nxp/lpcxpresso_5.1.2_2065/lpcxpresso/tools/bin/../lib/gcc/arm-none-eabi/4.6.2/../../../../arm-none-eabi/lib/armv6-m\libcr_c.a(ungetc.o)
 .comment       0x00000000       0x71 c:/nxp/lpcxpresso_5.1.2_2065/lpcxpresso/tools/bin/../lib/gcc/arm-none-eabi/4.6.2/../../../../arm-none-eabi/lib/armv6-m\libcr_c.a(memcpy.o)
 .comment       0x00000000       0x71 c:/nxp/lpcxpresso_5.1.2_2065/lpcxpresso/tools/bin/../lib/gcc/arm-none-eabi/4.6.2/../../../../arm-none-eabi/lib/armv6-m\libcr_c.a(memset.o)
 .comment       0x00000000       0x71 c:/nxp/lpcxpresso_5.1.2_2065/lpcxpresso/tools/bin/../lib/gcc/arm-none-eabi/4.6.2/../../../../arm-none-eabi/lib/armv6-m\libcr_c.a(__fillbuf.o)
 .comment       0x00000000       0x71 c:/nxp/lpcxpresso_5.1.2_2065/lpcxpresso/tools/bin/../lib/gcc/arm-none-eabi/4.6.2/../../../../arm-none-eabi/lib/armv6-m\libcr_c.a(__init_alloc.o)
 .comment       0x00000000       0x71 c:/nxp/lpcxpresso_5.1.2_2065/lpcxpresso/tools/bin/../lib/gcc/arm-none-eabi/4.6.2/../../../../arm-none-eabi/lib/armv6-m\libcr_c.a(_deferredlazyseek.o)
 .comment       0x00000000       0x71 c:/nxp/lpcxpresso_5.1.2_2065/lpcxpresso/tools/bin/../lib/gcc/arm-none-eabi/4.6.2/../../../../arm-none-eabi/lib/armv6-m\libcr_c.a(_fflush.o)
 .comment       0x00000000       0x71 c:/nxp/lpcxpresso_5.1.2_2065/lpcxpresso/tools/bin/../lib/gcc/arm-none-eabi/4.6.2/../../../../arm-none-eabi/lib/armv6-m\libcr_c.a(_frexpl.o)
 .comment       0x00000000       0x71 c:/nxp/lpcxpresso_5.1.2_2065/lpcxpresso/tools/bin/../lib/gcc/arm-none-eabi/4.6.2/../../../../arm-none-eabi/lib/armv6-m\libcr_c.a(_hugeval.o)
 .comment       0x00000000       0x71 c:/nxp/lpcxpresso_5.1.2_2065/lpcxpresso/tools/bin/../lib/gcc/arm-none-eabi/4.6.2/../../../../arm-none-eabi/lib/armv6-m\libcr_c.a(_ldexpl.o)
 .comment       0x00000000       0x71 c:/nxp/lpcxpresso_5.1.2_2065/lpcxpresso/tools/bin/../lib/gcc/arm-none-eabi/4.6.2/../../../../arm-none-eabi/lib/armv6-m\libcr_c.a(_writebuf.o)
 .comment       0x00000000       0x71 c:/nxp/lpcxpresso_5.1.2_2065/lpcxpresso/tools/bin/../lib/gcc/arm-none-eabi/4.6.2/../../../../arm-none-eabi/lib/armv6-m\libcr_c.a(ctype.o)
 .comment       0x00000000       0x71 c:/nxp/lpcxpresso_5.1.2_2065/lpcxpresso/tools/bin/../lib/gcc/arm-none-eabi/4.6.2/../../../../arm-none-eabi/lib/armv6-m\libcr_c.a(errno.o)
 .comment       0x00000000       0x71 c:/nxp/lpcxpresso_5.1.2_2065/lpcxpresso/tools/bin/../lib/gcc/arm-none-eabi/4.6.2/../../../../arm-none-eabi/lib/armv6-m\libcr_c.a(fseek.o)
 .comment       0x00000000       0x71 c:/nxp/lpcxpresso_5.1.2_2065/lpcxpresso/tools/bin/../lib/gcc/arm-none-eabi/4.6.2/../../../../arm-none-eabi/lib/armv6-m\libcr_c.a(ftell.o)
 .comment       0x00000000       0x71 c:/nxp/lpcxpresso_5.1.2_2065/lpcxpresso/tools/bin/../lib/gcc/arm-none-eabi/4.6.2/../../../../arm-none-eabi/lib/armv6-m\libcr_semihost.a(_cr_sbrk.o)
 .comment       0x00000000       0x71 c:/nxp/lpcxpresso_5.1.2_2065/lpcxpresso/tools/bin/../lib/gcc/arm-none-eabi/4.6.2/../../../../arm-none-eabi/lib/armv6-m\libcr_semihost.a(_cr_check_heap.o)
 .comment       0x00000000       0x71 c:/nxp/lpcxpresso_5.1.2_2065/lpcxpresso/tools/bin/../lib/gcc/arm-none-eabi/4.6.2/armv6-m\libcr_eabihelpers.a(double.o)

.ARM.attributes
                0x00000000       0x2f
 .ARM.attributes
                0x00000000       0x31 ./startup/cr_startup_lpc11.o
 .ARM.attributes
                0x00000031       0x31 ./src/screens/debug.o
 .ARM.attributes
                0x00000062       0x31 ./src/screens/headlines.o
 .ARM.attributes
                0x00000093       0x31 ./src/screens/music.o
 .ARM.attributes
                0x000000c4       0x31 ./src/screens/snake.o
 .ARM.attributes
                0x000000f5       0x31 ./src/screens/watch.o
 .ARM.attributes
                0x00000126       0x31 ./src/screens/weather.o
 .ARM.attributes
                0x00000157       0x31 ./src/devices/accelerometer.o
 .ARM.attributes
                0x00000188       0x31 ./src/devices/bluetooth.o
 .ARM.attributes
                0x000001b9       0x31 ./src/devices/fuel_gauge.o
 .ARM.attributes
                0x000001ea       0x31 ./src/devices/i2c_com.o
 .ARM.attributes
                0x0000021b       0x31 ./src/devices/joystick.o
 .ARM.attributes
                0x0000024c       0x31 ./src/devices/screen.o
 .ARM.attributes
                0x0000027d       0x31 ./src/devices/vibrator.o
 .ARM.attributes
                0x000002ae       0x31 ./src/globals.o
 .ARM.attributes
                0x000002df       0x31 ./src/i2c_main.o
 .ARM.attributes
                0x00000310       0x31 ./driver/can.o
 .ARM.attributes
                0x00000341       0x31 ./driver/crp.o
 .ARM.attributes
                0x00000372       0x31 ./driver/gpio.o
 .ARM.attributes
                0x000003a3       0x31 ./driver/i2c.o
 .ARM.attributes
                0x000003d4       0x31 ./driver/uart.o
 .ARM.attributes
                0x00000405       0x31 ./cmsis/core_cm0.o
 .ARM.attributes
                0x00000436       0x31 ./cmsis/system_LPC11xx.o
 .ARM.attributes
                0x00000467       0x31 c:/nxp/lpcxpresso_5.1.2_2065/lpcxpresso/tools/bin/../lib/gcc/arm-none-eabi/4.6.2/../../../../arm-none-eabi/lib/armv6-m\libcr_c.a(__weak__main.o)
 .ARM.attributes
                0x00000498       0x31 c:/nxp/lpcxpresso_5.1.2_2065/lpcxpresso/tools/bin/../lib/gcc/arm-none-eabi/4.6.2/../../../../arm-none-eabi/lib/armv6-m\libcr_c.a(alloc.o)
 .ARM.attributes
                0x000004c9       0x31 c:/nxp/lpcxpresso_5.1.2_2065/lpcxpresso/tools/bin/../lib/gcc/arm-none-eabi/4.6.2/../../../../arm-none-eabi/lib/armv6-m\libcr_c.a(fpprintf.o)
 .ARM.attributes
                0x000004fa       0x31 c:/nxp/lpcxpresso_5.1.2_2065/lpcxpresso/tools/bin/../lib/gcc/arm-none-eabi/4.6.2/../../../../arm-none-eabi/lib/armv6-m\libcr_c.a(itoa.o)
 .ARM.attributes
                0x0000052b       0x31 c:/nxp/lpcxpresso_5.1.2_2065/lpcxpresso/tools/bin/../lib/gcc/arm-none-eabi/4.6.2/../../../../arm-none-eabi/lib/armv6-m\libcr_c.a(printf.o)
 .ARM.attributes
                0x0000055c       0x31 c:/nxp/lpcxpresso_5.1.2_2065/lpcxpresso/tools/bin/../lib/gcc/arm-none-eabi/4.6.2/../../../../arm-none-eabi/lib/armv6-m\libcr_c.a(scanf.o)
 .ARM.attributes
                0x0000058d       0x31 c:/nxp/lpcxpresso_5.1.2_2065/lpcxpresso/tools/bin/../lib/gcc/arm-none-eabi/4.6.2/../../../../arm-none-eabi/lib/armv6-m\libcr_c.a(stdio.o)
 .ARM.attributes
                0x000005be       0x31 c:/nxp/lpcxpresso_5.1.2_2065/lpcxpresso/tools/bin/../lib/gcc/arm-none-eabi/4.6.2/../../../../arm-none-eabi/lib/armv6-m\libcr_c.a(strcpy.o)
 .ARM.attributes
                0x000005ef       0x31 c:/nxp/lpcxpresso_5.1.2_2065/lpcxpresso/tools/bin/../lib/gcc/arm-none-eabi/4.6.2/../../../../arm-none-eabi/lib/armv6-m\libcr_c.a(strlen.o)
 .ARM.attributes
                0x00000620       0x31 c:/nxp/lpcxpresso_5.1.2_2065/lpcxpresso/tools/bin/../lib/gcc/arm-none-eabi/4.6.2/../../../../arm-none-eabi/lib/armv6-m\libcr_c.a(ungetc.o)
 .ARM.attributes
                0x00000651       0x31 c:/nxp/lpcxpresso_5.1.2_2065/lpcxpresso/tools/bin/../lib/gcc/arm-none-eabi/4.6.2/../../../../arm-none-eabi/lib/armv6-m\libcr_c.a(memcpy.o)
 .ARM.attributes
                0x00000682       0x31 c:/nxp/lpcxpresso_5.1.2_2065/lpcxpresso/tools/bin/../lib/gcc/arm-none-eabi/4.6.2/../../../../arm-none-eabi/lib/armv6-m\libcr_c.a(memset.o)
 .ARM.attributes
                0x000006b3       0x31 c:/nxp/lpcxpresso_5.1.2_2065/lpcxpresso/tools/bin/../lib/gcc/arm-none-eabi/4.6.2/../../../../arm-none-eabi/lib/armv6-m\libcr_c.a(__fillbuf.o)
 .ARM.attributes
                0x000006e4       0x31 c:/nxp/lpcxpresso_5.1.2_2065/lpcxpresso/tools/bin/../lib/gcc/arm-none-eabi/4.6.2/../../../../arm-none-eabi/lib/armv6-m\libcr_c.a(__init_alloc.o)
 .ARM.attributes
                0x00000715       0x31 c:/nxp/lpcxpresso_5.1.2_2065/lpcxpresso/tools/bin/../lib/gcc/arm-none-eabi/4.6.2/../../../../arm-none-eabi/lib/armv6-m\libcr_c.a(_deferredlazyseek.o)
 .ARM.attributes
                0x00000746       0x31 c:/nxp/lpcxpresso_5.1.2_2065/lpcxpresso/tools/bin/../lib/gcc/arm-none-eabi/4.6.2/../../../../arm-none-eabi/lib/armv6-m\libcr_c.a(_fflush.o)
 .ARM.attributes
                0x00000777       0x31 c:/nxp/lpcxpresso_5.1.2_2065/lpcxpresso/tools/bin/../lib/gcc/arm-none-eabi/4.6.2/../../../../arm-none-eabi/lib/armv6-m\libcr_c.a(_frexpl.o)
 .ARM.attributes
                0x000007a8       0x31 c:/nxp/lpcxpresso_5.1.2_2065/lpcxpresso/tools/bin/../lib/gcc/arm-none-eabi/4.6.2/../../../../arm-none-eabi/lib/armv6-m\libcr_c.a(_hugeval.o)
 .ARM.attributes
                0x000007d9       0x31 c:/nxp/lpcxpresso_5.1.2_2065/lpcxpresso/tools/bin/../lib/gcc/arm-none-eabi/4.6.2/../../../../arm-none-eabi/lib/armv6-m\libcr_c.a(_ldexpl.o)
 .ARM.attributes
                0x0000080a       0x31 c:/nxp/lpcxpresso_5.1.2_2065/lpcxpresso/tools/bin/../lib/gcc/arm-none-eabi/4.6.2/../../../../arm-none-eabi/lib/armv6-m\libcr_c.a(_writebuf.o)
 .ARM.attributes
                0x0000083b       0x31 c:/nxp/lpcxpresso_5.1.2_2065/lpcxpresso/tools/bin/../lib/gcc/arm-none-eabi/4.6.2/../../../../arm-none-eabi/lib/armv6-m\libcr_c.a(ctype.o)
 .ARM.attributes
                0x0000086c       0x31 c:/nxp/lpcxpresso_5.1.2_2065/lpcxpresso/tools/bin/../lib/gcc/arm-none-eabi/4.6.2/../../../../arm-none-eabi/lib/armv6-m\libcr_c.a(errno.o)
 .ARM.attributes
                0x0000089d       0x31 c:/nxp/lpcxpresso_5.1.2_2065/lpcxpresso/tools/bin/../lib/gcc/arm-none-eabi/4.6.2/../../../../arm-none-eabi/lib/armv6-m\libcr_c.a(fseek.o)
 .ARM.attributes
                0x000008ce       0x31 c:/nxp/lpcxpresso_5.1.2_2065/lpcxpresso/tools/bin/../lib/gcc/arm-none-eabi/4.6.2/../../../../arm-none-eabi/lib/armv6-m\libcr_c.a(ftell.o)
 .ARM.attributes
                0x000008ff       0x21 c:/nxp/lpcxpresso_5.1.2_2065/lpcxpresso/tools/bin/../lib/gcc/arm-none-eabi/4.6.2/../../../../arm-none-eabi/lib/armv6-m\libcr_semihost.a(__sys_appexit.o)
 .ARM.attributes
                0x00000920       0x21 c:/nxp/lpcxpresso_5.1.2_2065/lpcxpresso/tools/bin/../lib/gcc/arm-none-eabi/4.6.2/../../../../arm-none-eabi/lib/armv6-m\libcr_semihost.a(__sys_flen.o)
 .ARM.attributes
                0x00000941       0x21 c:/nxp/lpcxpresso_5.1.2_2065/lpcxpresso/tools/bin/../lib/gcc/arm-none-eabi/4.6.2/../../../../arm-none-eabi/lib/armv6-m\libcr_semihost.a(__sys_istty.o)
 .ARM.attributes
                0x00000962       0x21 c:/nxp/lpcxpresso_5.1.2_2065/lpcxpresso/tools/bin/../lib/gcc/arm-none-eabi/4.6.2/../../../../arm-none-eabi/lib/armv6-m\libcr_semihost.a(__sys_read.o)
 .ARM.attributes
                0x00000983       0x21 c:/nxp/lpcxpresso_5.1.2_2065/lpcxpresso/tools/bin/../lib/gcc/arm-none-eabi/4.6.2/../../../../arm-none-eabi/lib/armv6-m\libcr_semihost.a(__sys_readc.o)
 .ARM.attributes
                0x000009a4       0x21 c:/nxp/lpcxpresso_5.1.2_2065/lpcxpresso/tools/bin/../lib/gcc/arm-none-eabi/4.6.2/../../../../arm-none-eabi/lib/armv6-m\libcr_semihost.a(__sys_seek.o)
 .ARM.attributes
                0x000009c5       0x21 c:/nxp/lpcxpresso_5.1.2_2065/lpcxpresso/tools/bin/../lib/gcc/arm-none-eabi/4.6.2/../../../../arm-none-eabi/lib/armv6-m\libcr_semihost.a(__sys_write.o)
 .ARM.attributes
                0x000009e6       0x31 c:/nxp/lpcxpresso_5.1.2_2065/lpcxpresso/tools/bin/../lib/gcc/arm-none-eabi/4.6.2/../../../../arm-none-eabi/lib/armv6-m\libcr_semihost.a(_cr_sbrk.o)
 .ARM.attributes
                0x00000a17       0x31 c:/nxp/lpcxpresso_5.1.2_2065/lpcxpresso/tools/bin/../lib/gcc/arm-none-eabi/4.6.2/../../../../arm-none-eabi/lib/armv6-m\libcr_semihost.a(_cr_check_heap.o)
 .ARM.attributes
                0x00000a48       0x21 c:/nxp/lpcxpresso_5.1.2_2065/lpcxpresso/tools/bin/../lib/gcc/arm-none-eabi/4.6.2/armv6-m\libcr_eabihelpers.a(division.o)
 .ARM.attributes
                0x00000a69       0x31 c:/nxp/lpcxpresso_5.1.2_2065/lpcxpresso/tools/bin/../lib/gcc/arm-none-eabi/4.6.2/armv6-m\libcr_eabihelpers.a(double.o)
 .ARM.attributes
                0x00000a9a       0x21 c:/nxp/lpcxpresso_5.1.2_2065/lpcxpresso/tools/bin/../lib/gcc/arm-none-eabi/4.6.2/armv6-m\libcr_eabihelpers.a(llong.o)
 .ARM.attributes
                0x00000abb       0x21 c:/nxp/lpcxpresso_5.1.2_2065/lpcxpresso/tools/bin/../lib/gcc/arm-none-eabi/4.6.2/armv6-m\libcr_eabihelpers.a(memcpy.o)
 .ARM.attributes
                0x00000adc       0x21 c:/nxp/lpcxpresso_5.1.2_2065/lpcxpresso/tools/bin/../lib/gcc/arm-none-eabi/4.6.2/armv6-m\libcr_eabihelpers.a(thumb1_switch_helpers.o)

.debug_frame    0x00000000      0xacc
 .debug_frame   0x00000000       0xb8 ./startup/cr_startup_lpc11.o
 .debug_frame   0x000000b8       0x2c ./src/screens/debug.o
 .debug_frame   0x000000e4       0x40 ./src/screens/headlines.o
 .debug_frame   0x00000124       0x2c ./src/screens/music.o
 .debug_frame   0x00000150       0x70 ./src/screens/snake.o
 .debug_frame   0x000001c0       0x64 ./src/screens/watch.o
 .debug_frame   0x00000224       0x5c ./src/screens/weather.o
 .debug_frame   0x00000280       0x74 ./src/devices/accelerometer.o
 .debug_frame   0x000002f4       0xac ./src/devices/bluetooth.o
 .debug_frame   0x000003a0       0x58 ./src/devices/fuel_gauge.o
 .debug_frame   0x000003f8       0x58 ./src/devices/i2c_com.o
 .debug_frame   0x00000450       0x20 ./src/devices/joystick.o
 .debug_frame   0x00000470      0x298 ./src/devices/screen.o
 .debug_frame   0x00000708       0x38 ./src/devices/vibrator.o
 .debug_frame   0x00000740       0x70 ./src/i2c_main.o
 .debug_frame   0x000007b0      0x114 ./driver/gpio.o
 .debug_frame   0x000008c4       0x88 ./driver/i2c.o
 .debug_frame   0x0000094c       0x78 ./driver/uart.o
 .debug_frame   0x000009c4       0xc0 ./cmsis/core_cm0.o
 .debug_frame   0x00000a84       0x48 ./cmsis/system_LPC11xx.o
