Archive member included because of file (symbol)

c:/nxp/lpcxpresso_5.1.2_2065/lpcxpresso/tools/bin/../lib/gcc/arm-none-eabi/4.6.2/../../../../arm-none-eabi/lib/armv6-m\libcr_c.a(__weak__main.o)
                              ./startup/cr_startup_lpc11.o (__main)
c:/nxp/lpcxpresso_5.1.2_2065/lpcxpresso/tools/bin/../lib/gcc/arm-none-eabi/4.6.2/armv6-m\libcr_eabihelpers.a(division.o)
                              ./driver/timer16.o (__aeabi_uidiv)

Discarded input sections

 .text          0x00000000        0x0 ./startup/cr_startup_lpc11.o
 .data          0x00000000        0x0 ./startup/cr_startup_lpc11.o
 .bss           0x00000000        0x0 ./startup/cr_startup_lpc11.o
 .text.SysTick_Handler
                0x00000000        0x8 ./startup/cr_startup_lpc11.o
 .text          0x00000000        0x0 ./src/main.o
 .data          0x00000000        0x0 ./src/main.o
 .bss           0x00000000        0x0 ./src/main.o
 .text.MeasureWDO
                0x00000000       0xbc ./src/main.o
 .bss.WDO_clocks.4155
                0x00000000        0x4 ./src/main.o
 .text          0x00000000        0x0 ./driver/crp.o
 .data          0x00000000        0x0 ./driver/crp.o
 .bss           0x00000000        0x0 ./driver/crp.o
 .text          0x00000000        0x0 ./driver/gpio.o
 .data          0x00000000        0x0 ./driver/gpio.o
 .bss           0x00000000        0x0 ./driver/gpio.o
 .text          0x00000000        0x0 ./driver/timer16.o
 .data          0x00000000        0x0 ./driver/timer16.o
 .bss           0x00000000        0x0 ./driver/timer16.o
 .text.NVIC_EnableIRQ
                0x00000000       0x2c ./driver/timer16.o
 .bss.timer16_0_period
                0x00000000        0x4 ./driver/timer16.o
 .bss.timer16_1_period
                0x00000000        0x4 ./driver/timer16.o
 .text.delayMs  0x00000000       0xc8 ./driver/timer16.o
 .text.enable_timer16
                0x00000000       0x30 ./driver/timer16.o
 .text.disable_timer16
                0x00000000       0x30 ./driver/timer16.o
 .text.reset_timer16
                0x00000000       0x4c ./driver/timer16.o
 .text.init_timer16
                0x00000000      0x174 ./driver/timer16.o
 .text.init_timer16PWM
                0x00000000      0x218 ./driver/timer16.o
 .text.setMatch_timer16PWM
                0x00000000       0xa4 ./driver/timer16.o
 .text          0x00000000        0x0 ./cmsis/core_cm0.o
 .data          0x00000000        0x0 ./cmsis/core_cm0.o
 .bss           0x00000000        0x0 ./cmsis/core_cm0.o
 .text.__get_PSP
                0x00000000       0x10 ./cmsis/core_cm0.o
 .text.__set_PSP
                0x00000000        0x8 ./cmsis/core_cm0.o
 .text.__get_MSP
                0x00000000       0x10 ./cmsis/core_cm0.o
 .text.__set_MSP
                0x00000000        0x8 ./cmsis/core_cm0.o
 .text.__get_PRIMASK
                0x00000000       0x1c ./cmsis/core_cm0.o
 .text.__set_PRIMASK
                0x00000000       0x14 ./cmsis/core_cm0.o
 .text.__get_CONTROL
                0x00000000       0x1c ./cmsis/core_cm0.o
 .text.__set_CONTROL
                0x00000000       0x14 ./cmsis/core_cm0.o
 .text.__REV    0x00000000       0x1c ./cmsis/core_cm0.o
 .text.__REV16  0x00000000       0x24 ./cmsis/core_cm0.o
 .text.__REVSH  0x00000000       0x24 ./cmsis/core_cm0.o
 .text          0x00000000        0x0 ./cmsis/system_LPC11xx.o
 .data          0x00000000        0x0 ./cmsis/system_LPC11xx.o
 .bss           0x00000000        0x0 ./cmsis/system_LPC11xx.o
 .text.SystemCoreClockUpdate
                0x00000000       0xac ./cmsis/system_LPC11xx.o
 .text.SystemInit
                0x00000000       0xb0 ./cmsis/system_LPC11xx.o
 .rodata.CSWTCH.7
                0x00000000       0x40 ./cmsis/system_LPC11xx.o
 .data.SystemCoreClock
                0x00000000        0x4 ./cmsis/system_LPC11xx.o
 .text          0x00000000        0x0 c:/nxp/lpcxpresso_5.1.2_2065/lpcxpresso/tools/bin/../lib/gcc/arm-none-eabi/4.6.2/../../../../arm-none-eabi/lib/armv6-m\libcr_c.a(__weak__main.o)
 .data          0x00000000        0x0 c:/nxp/lpcxpresso_5.1.2_2065/lpcxpresso/tools/bin/../lib/gcc/arm-none-eabi/4.6.2/../../../../arm-none-eabi/lib/armv6-m\libcr_c.a(__weak__main.o)
 .bss           0x00000000        0x0 c:/nxp/lpcxpresso_5.1.2_2065/lpcxpresso/tools/bin/../lib/gcc/arm-none-eabi/4.6.2/../../../../arm-none-eabi/lib/armv6-m\libcr_c.a(__weak__main.o)
 .text          0x00000000        0x0 c:/nxp/lpcxpresso_5.1.2_2065/lpcxpresso/tools/bin/../lib/gcc/arm-none-eabi/4.6.2/armv6-m\libcr_eabihelpers.a(division.o)
 .data          0x00000000        0x0 c:/nxp/lpcxpresso_5.1.2_2065/lpcxpresso/tools/bin/../lib/gcc/arm-none-eabi/4.6.2/armv6-m\libcr_eabihelpers.a(division.o)
 .bss           0x00000000        0x0 c:/nxp/lpcxpresso_5.1.2_2065/lpcxpresso/tools/bin/../lib/gcc/arm-none-eabi/4.6.2/armv6-m\libcr_eabihelpers.a(division.o)
 .text.__aeabi_division_idivmod
                0x00000000        0x6 c:/nxp/lpcxpresso_5.1.2_2065/lpcxpresso/tools/bin/../lib/gcc/arm-none-eabi/4.6.2/armv6-m\libcr_eabihelpers.a(division.o)
 .text.__aeabi_division_uidivmod
                0x00000000       0x72 c:/nxp/lpcxpresso_5.1.2_2065/lpcxpresso/tools/bin/../lib/gcc/arm-none-eabi/4.6.2/armv6-m\libcr_eabihelpers.a(division.o)
 .text.__aeabi_division_uldivmod
                0x00000000       0x5a c:/nxp/lpcxpresso_5.1.2_2065/lpcxpresso/tools/bin/../lib/gcc/arm-none-eabi/4.6.2/armv6-m\libcr_eabihelpers.a(division.o)
 .text.__aeabi_division_ldivmod
                0x00000000       0x32 c:/nxp/lpcxpresso_5.1.2_2065/lpcxpresso/tools/bin/../lib/gcc/arm-none-eabi/4.6.2/armv6-m\libcr_eabihelpers.a(division.o)
 .text.__aeabi_division_idiv0
                0x00000000        0x2 c:/nxp/lpcxpresso_5.1.2_2065/lpcxpresso/tools/bin/../lib/gcc/arm-none-eabi/4.6.2/armv6-m\libcr_eabihelpers.a(division.o)
 .text.__aeabi_division_ldiv0
                0x00000000        0x2 c:/nxp/lpcxpresso_5.1.2_2065/lpcxpresso/tools/bin/../lib/gcc/arm-none-eabi/4.6.2/armv6-m\libcr_eabihelpers.a(division.o)
 .text.__aeabi_division_idivq31+15
                0x00000000      0x188 c:/nxp/lpcxpresso_5.1.2_2065/lpcxpresso/tools/bin/../lib/gcc/arm-none-eabi/4.6.2/armv6-m\libcr_eabihelpers.a(division.o)

Memory Configuration

Name             Origin             Length             Attributes
MFlash32         0x00000000         0x00008000         xr
RamLoc8          0x10000000         0x00002000         xrw
*default*        0x00000000         0xffffffff

Linker script and memory map

LOAD ./startup/cr_startup_lpc11.o
LOAD ./src/main.o
LOAD ./driver/crp.o
LOAD ./driver/gpio.o
LOAD ./driver/timer16.o
LOAD ./cmsis/core_cm0.o
LOAD ./cmsis/system_LPC11xx.o
START GROUP
LOAD c:/nxp/lpcxpresso_5.1.2_2065/lpcxpresso/tools/bin/../lib/gcc/arm-none-eabi/4.6.2/../../../../arm-none-eabi/lib/armv6-m\libcr_c.a
LOAD c:/nxp/lpcxpresso_5.1.2_2065/lpcxpresso/tools/bin/../lib/gcc/arm-none-eabi/4.6.2/../../../../arm-none-eabi/lib/armv6-m\libcr_semihost.a
LOAD c:/nxp/lpcxpresso_5.1.2_2065/lpcxpresso/tools/bin/../lib/gcc/arm-none-eabi/4.6.2/armv6-m\libcr_eabihelpers.a
END GROUP
                0x00008000                __top_MFlash32 = 0x8000
                0x10002000                __top_RamLoc8 = 0x10002000

.text           0x00000000      0x7a4
 FILL mask 0xff
 *(.isr_vector)
 .isr_vector    0x00000000       0xc0 ./startup/cr_startup_lpc11.o
                0x00000000                g_pfnVectors
 *(.text.Reset_Handler .text.SystemInit)
                0x000002fc                . = 0x2fc
 *fill*         0x000000c0      0x23c ff
 *(.crp)
 .crp           0x000002fc        0x4 ./driver/crp.o
                0x000002fc                CRP_WORD
 *(.text*)
 .text.ResetISR
                0x00000300       0x60 ./startup/cr_startup_lpc11.o
                0x00000300                ResetISR
 .text.NMI_Handler
                0x00000360        0x8 ./startup/cr_startup_lpc11.o
                0x00000360                NMI_Handler
 .text.HardFault_Handler
                0x00000368        0x8 ./startup/cr_startup_lpc11.o
                0x00000368                HardFault_Handler
 .text.SVCall_Handler
                0x00000370        0x8 ./startup/cr_startup_lpc11.o
                0x00000370                SVCall_Handler
 .text.PendSV_Handler
                0x00000378        0x8 ./startup/cr_startup_lpc11.o
                0x00000378                PendSV_Handler
 .text.IntDefaultHandler
                0x00000380        0x8 ./startup/cr_startup_lpc11.o
                0x00000380                UART_IRQHandler
                0x00000380                TIMER32_0_IRQHandler
                0x00000380                TIMER32_1_IRQHandler
                0x00000380                IntDefaultHandler
                0x00000380                PIOINT1_IRQHandler
                0x00000380                CAN_IRQHandler
                0x00000380                SSP0_IRQHandler
                0x00000380                ADC_IRQHandler
                0x00000380                SSP1_IRQHandler
                0x00000380                PIOINT2_IRQHandler
                0x00000380                BOD_IRQHandler
                0x00000380                PIOINT0_IRQHandler
                0x00000380                I2C_IRQHandler
                0x00000380                WDT_IRQHandler
                0x00000380                PIOINT3_IRQHandler
 .text.__WFI    0x00000388        0xc ./src/main.o
 .text.NVIC_EnableIRQ
                0x00000394       0x2c ./src/main.o
 .text.main     0x000003c0       0x4c ./src/main.o
                0x000003c0                main
 .text.EnterDeepSleep
                0x0000040c       0x30 ./src/main.o
                0x0000040c                EnterDeepSleep
 .text.WAKEUP_IRQHandler
                0x0000043c       0x50 ./src/main.o
                0x0000043c                WAKEUP_IRQHandler
 .text.SysTick_Handler
                0x0000048c        0x8 ./src/main.o
                0x0000048c                SysTick_Handler
 .text.Wait1mS  0x00000494       0x3c ./src/main.o
                0x00000494                Wait1mS
 .text.InitDeepSleep
                0x000004d0       0xbc ./src/main.o
                0x000004d0                InitDeepSleep
 .text.InitGPIOForSleep
                0x0000058c      0x170 ./src/main.o
                0x0000058c                InitGPIOForSleep
 .text.TIMER16_0_IRQHandler
                0x000006fc       0x50 ./driver/timer16.o
                0x000006fc                TIMER16_0_IRQHandler
 .text.TIMER16_1_IRQHandler
                0x0000074c       0x50 ./driver/timer16.o
                0x0000074c                TIMER16_1_IRQHandler
 .text.__weak_main
                0x0000079c        0x8 c:/nxp/lpcxpresso_5.1.2_2065/lpcxpresso/tools/bin/../lib/gcc/arm-none-eabi/4.6.2/../../../../arm-none-eabi/lib/armv6-m\libcr_c.a(__weak__main.o)
                0x0000079c                __weak_main
                0x0000079c                __main
 *(.rodata*)

.glue_7         0x000007a4        0x0
 .glue_7        0x00000000        0x0 linker stubs

.glue_7t        0x000007a4        0x0
 .glue_7t       0x00000000        0x0 linker stubs

.vfp11_veneer   0x000007a4        0x0
 .vfp11_veneer  0x00000000        0x0 linker stubs

.v4_bx          0x000007a4        0x0
 .v4_bx         0x00000000        0x0 linker stubs

.ARM.extab
 *(.ARM.extab* .gnu.linkonce.armextab.*)
                0x000007a4                __exidx_start = .

.ARM.exidx
 *(.ARM.exidx* .gnu.linkonce.armexidx.*)
                0x000007a4                __exidx_end = .
                0x000007a4                _etext = .

.data           0x10000000        0x0 load address 0x000007a4
                0x10000000                _data = .
 *(vtable)
 *(.data*)
                0x10000000                _edata = .

.bss            0x10000000       0x10 load address 0x000007a4
                0x10000000                _bss = .
 *(.bss*)
 .bss.timer16_0_counter
                0x10000000        0x4 ./driver/timer16.o
                0x10000000                timer16_0_counter
 .bss.timer16_1_counter
                0x10000004        0x4 ./driver/timer16.o
                0x10000004                timer16_1_counter
 .bss.timer16_0_capture
                0x10000008        0x4 ./driver/timer16.o
                0x10000008                timer16_0_capture
 .bss.timer16_1_capture
                0x1000000c        0x4 ./driver/timer16.o
                0x1000000c                timer16_1_capture
 *(COMMON)
                0x10000010                _ebss = .

.cr_heap        0x10000010        0x0 load address 0x000007a4
                0x10000010                end = .
                0x10000010                _pvHeapStart = .
                0x10002000                _vRamTop = __top_RamLoc8
                0x10002000                _vStackTop = _vRamTop
OUTPUT(timedwakeup.axf elf32-littlearm)

.debug_info     0x00000000     0x2793
 .debug_info    0x00000000      0x1b4 ./startup/cr_startup_lpc11.o
 .debug_info    0x000001b4      0xe4a ./src/main.o
 .debug_info    0x00000ffe       0x92 ./driver/crp.o
 .debug_info    0x00001090       0x70 ./driver/gpio.o
 .debug_info    0x00001100      0xe60 ./driver/timer16.o
 .debug_info    0x00001f60      0x2ab ./cmsis/core_cm0.o
 .debug_info    0x0000220b      0x588 ./cmsis/system_LPC11xx.o

.debug_abbrev   0x00000000      0x6f3
 .debug_abbrev  0x00000000       0xa9 ./startup/cr_startup_lpc11.o
 .debug_abbrev  0x000000a9      0x1f6 ./src/main.o
 .debug_abbrev  0x0000029f       0x51 ./driver/crp.o
 .debug_abbrev  0x000002f0       0x2c ./driver/gpio.o
 .debug_abbrev  0x0000031c      0x1ca ./driver/timer16.o
 .debug_abbrev  0x000004e6       0xd0 ./cmsis/core_cm0.o
 .debug_abbrev  0x000005b6      0x13d ./cmsis/system_LPC11xx.o

.debug_loc      0x00000000      0x754
 .debug_loc     0x00000000      0x140 ./startup/cr_startup_lpc11.o
 .debug_loc     0x00000140      0x1dc ./src/main.o
 .debug_loc     0x0000031c      0x218 ./driver/timer16.o
 .debug_loc     0x00000534      0x188 ./cmsis/core_cm0.o
 .debug_loc     0x000006bc       0x98 ./cmsis/system_LPC11xx.o

.debug_aranges  0x00000000      0x1b8
 .debug_aranges
                0x00000000       0x50 ./startup/cr_startup_lpc11.o
 .debug_aranges
                0x00000050       0x68 ./src/main.o
 .debug_aranges
                0x000000b8       0x68 ./driver/timer16.o
 .debug_aranges
                0x00000120       0x70 ./cmsis/core_cm0.o
 .debug_aranges
                0x00000190       0x28 ./cmsis/system_LPC11xx.o

.debug_ranges   0x00000000      0x168
 .debug_ranges  0x00000000       0x40 ./startup/cr_startup_lpc11.o
 .debug_ranges  0x00000040       0x58 ./src/main.o
 .debug_ranges  0x00000098       0x58 ./driver/timer16.o
 .debug_ranges  0x000000f0       0x60 ./cmsis/core_cm0.o
 .debug_ranges  0x00000150       0x18 ./cmsis/system_LPC11xx.o

.debug_line     0x00000000     0x18c9
 .debug_line    0x00000000       0xf0 ./startup/cr_startup_lpc11.o
 .debug_line    0x000000f0      0x4d9 ./src/main.o
 .debug_line    0x000005c9      0x359 ./driver/crp.o
 .debug_line    0x00000922      0x351 ./driver/gpio.o
 .debug_line    0x00000c73      0x4b3 ./driver/timer16.o
 .debug_line    0x00001126      0x3d7 ./cmsis/core_cm0.o
 .debug_line    0x000014fd      0x3cc ./cmsis/system_LPC11xx.o

.debug_macinfo  0x00000000    0x23d9e
 .debug_macinfo
                0x00000000     0x2236 ./startup/cr_startup_lpc11.o
 .debug_macinfo
                0x00002236     0x657a ./src/main.o
 .debug_macinfo
                0x000087b0     0x5ee6 ./driver/crp.o
 .debug_macinfo
                0x0000e696     0x5d8b ./driver/gpio.o
 .debug_macinfo
                0x00014421     0x5e75 ./driver/timer16.o
 .debug_macinfo
                0x0001a296     0x3c2b ./cmsis/core_cm0.o
 .debug_macinfo
                0x0001dec1     0x5edd ./cmsis/system_LPC11xx.o

.debug_str      0x00000000      0xbaa
 .debug_str     0x00000000      0x162 ./startup/cr_startup_lpc11.o
                                0x181 (size before relaxing)
 .debug_str     0x00000162      0x79f ./src/main.o
                                0x87d (size before relaxing)
 .debug_str     0x00000901       0x19 ./driver/crp.o
                                0x12f (size before relaxing)
 .debug_str     0x0000091a       0x11 ./driver/gpio.o
                                0x11e (size before relaxing)
 .debug_str     0x0000092b      0x177 ./driver/timer16.o
                                0x908 (size before relaxing)
 .debug_str     0x00000aa2       0xbf ./cmsis/core_cm0.o
                                0x1f4 (size before relaxing)
 .debug_str     0x00000b61       0x49 ./cmsis/system_LPC11xx.o
                                0x41b (size before relaxing)

.comment        0x00000000       0xe0
 .comment       0x00000000       0x70 ./startup/cr_startup_lpc11.o
                                 0x71 (size before relaxing)
 .comment       0x00000000       0x71 ./src/main.o
 .comment       0x00000000       0x71 ./driver/crp.o
 .comment       0x00000000       0x71 ./driver/gpio.o
 .comment       0x00000000       0x71 ./driver/timer16.o
 .comment       0x00000000       0x71 ./cmsis/core_cm0.o
 .comment       0x00000000       0x71 ./cmsis/system_LPC11xx.o
 .comment       0x00000070       0x70 c:/nxp/lpcxpresso_5.1.2_2065/lpcxpresso/tools/bin/../lib/gcc/arm-none-eabi/4.6.2/../../../../arm-none-eabi/lib/armv6-m\libcr_c.a(__weak__main.o)
                                 0x71 (size before relaxing)

.ARM.attributes
                0x00000000       0x2f
 .ARM.attributes
                0x00000000       0x31 ./startup/cr_startup_lpc11.o
 .ARM.attributes
                0x00000031       0x31 ./src/main.o
 .ARM.attributes
                0x00000062       0x31 ./driver/crp.o
 .ARM.attributes
                0x00000093       0x31 ./driver/gpio.o
 .ARM.attributes
                0x000000c4       0x31 ./driver/timer16.o
 .ARM.attributes
                0x000000f5       0x31 ./cmsis/core_cm0.o
 .ARM.attributes
                0x00000126       0x31 ./cmsis/system_LPC11xx.o
 .ARM.attributes
                0x00000157       0x31 c:/nxp/lpcxpresso_5.1.2_2065/lpcxpresso/tools/bin/../lib/gcc/arm-none-eabi/4.6.2/../../../../arm-none-eabi/lib/armv6-m\libcr_c.a(__weak__main.o)
 .ARM.attributes
                0x00000188       0x21 c:/nxp/lpcxpresso_5.1.2_2065/lpcxpresso/tools/bin/../lib/gcc/arm-none-eabi/4.6.2/armv6-m\libcr_eabihelpers.a(division.o)

.debug_frame    0x00000000      0x4cc
 .debug_frame   0x00000000       0xd8 ./startup/cr_startup_lpc11.o
 .debug_frame   0x000000d8      0x134 ./src/main.o
 .debug_frame   0x0000020c      0x148 ./driver/timer16.o
 .debug_frame   0x00000354      0x130 ./cmsis/core_cm0.o
 .debug_frame   0x00000484       0x48 ./cmsis/system_LPC11xx.o
